<html>
<body>
<pre>
<h1>µVision Build Log</h1>
<h2>Project:</h2>
E:\ARM\HelloX_v176_MDK\HXV176.uvproj
Project File Date:  12/14/2014

<h2>Output:</h2>
Build target 'HXOS_V176'
compiling HISCMD .C...
HXOS\shell\HISCMD .C(145): warning:  #1-D: last line of file ends without a newline
linking...
Program Size: Code=156960 RO-data=133352 RW-data=10200 ZI-data=21560  
FromELF: creating hex file...
".\Obj&Lst\HXV176.axf" - 0 Errors, 1 Warning(s).
Build target 'HXOS_V176'
compiling HISCMD .C...
HXOS\shell\HISCMD .C(145): warning:  #1-D: last line of file ends without a newline
linking...
Program Size: Code=156960 RO-data=133352 RW-data=10200 ZI-data=21560  
FromELF: creating hex file...
".\Obj&Lst\HXV176.axf" - 0 Errors, 1 Warning(s).
Build target 'HXOS_V176'
compiling network.c...
HXOS\shell\network.c(80): warning:  #223-D: function "strncpy" declared implicitly
HXOS\shell\network.c(150): warning:  #167-D: argument of type "DWORD (*)(LPSTR)" is incompatible with parameter of type "__SHELL_CMD_HANDLER"
HXOS\shell\network.c(286): error:  #20: identifier "ETH_MSG_SHOWINT" is undefined
HXOS\shell\network.c(289): error:  #20: identifier "g_pWiFiDriverThread" is undefined
HXOS\shell\network.c(298): error:  #20: identifier "__WIFI_ASSOC_INFO" is undefined
HXOS\shell\network.c(298): error:  #20: identifier "pAssocInfo" is undefined
HXOS\shell\network.c(299): error:  #268: declaration may not appear after executable statement in block
HXOS\shell\network.c(303): error:  #29: expected an expression
HXOS\shell\network.c(303): error:  #65: expected a ";"
HXOS\shell\network.c(314): error:  #136: struct "tag__CMD_PARA_OBJ" has no field "pNext"
HXOS\shell\network.c(318): error:  #136: struct "tag__CMD_PARA_OBJ" has no field "byFunctionLabel"
HXOS\shell\network.c(329): error:  #136: struct "tag__CMD_PARA_OBJ" has no field "byFunctionLabel"
HXOS\shell\network.c(331): error:  #136: struct "tag__CMD_PARA_OBJ" has no field "pNext"
HXOS\shell\network.c(336): error:  #136: struct "tag__CMD_PARA_OBJ" has no field "pNext"
HXOS\shell\network.c(345): error:  #136: struct "tag__CMD_PARA_OBJ" has no field "byFunctionLabel"
HXOS\shell\network.c(347): error:  #136: struct "tag__CMD_PARA_OBJ" has no field "pNext"
HXOS\shell\network.c(352): error:  #136: struct "tag__CMD_PARA_OBJ" has no field "pNext"
HXOS\shell\network.c(358): error:  #136: struct "tag__CMD_PARA_OBJ" has no field "pNext"
HXOS\shell\network.c(369): error:  #20: identifier "ETH_MSG_ASSOC" is undefined
HXOS\shell\network.c(372): error:  #20: identifier "g_pWiFiDriverThread" is undefined
HXOS\shell\network.c(387): error:  #20: identifier "ETH_MSG_SCAN" is undefined
HXOS\shell\network.c(390): error:  #20: identifier "g_pWiFiDriverThread" is undefined
HXOS\shell\network.c(281): warning:  #177-D: function "showint" was declared but never referenced
HXOS\shell\network.c(295): warning:  #177-D: function "assoc" was declared but never referenced
HXOS\shell\network.c(382): warning:  #177-D: function "scan" was declared but never referenced
".\Obj&Lst\HXV176.axf" - 20 Errors, 5 Warning(s).
Target not created
Build target 'HXOS_V176'
compiling network.c...
HXOS\shell\network.c(81): warning:  #223-D: function "strncpy" declared implicitly
HXOS\shell\network.c(151): warning:  #167-D: argument of type "DWORD (*)(LPSTR)" is incompatible with parameter of type "__SHELL_CMD_HANDLER"
HXOS\shell\network.c(315): error:  #136: struct "tag__CMD_PARA_OBJ" has no field "pNext"
HXOS\shell\network.c(319): error:  #136: struct "tag__CMD_PARA_OBJ" has no field "byFunctionLabel"
HXOS\shell\network.c(330): error:  #136: struct "tag__CMD_PARA_OBJ" has no field "byFunctionLabel"
HXOS\shell\network.c(332): error:  #136: struct "tag__CMD_PARA_OBJ" has no field "pNext"
HXOS\shell\network.c(337): error:  #136: struct "tag__CMD_PARA_OBJ" has no field "pNext"
HXOS\shell\network.c(346): error:  #136: struct "tag__CMD_PARA_OBJ" has no field "byFunctionLabel"
HXOS\shell\network.c(348): error:  #136: struct "tag__CMD_PARA_OBJ" has no field "pNext"
HXOS\shell\network.c(353): error:  #136: struct "tag__CMD_PARA_OBJ" has no field "pNext"
HXOS\shell\network.c(359): error:  #136: struct "tag__CMD_PARA_OBJ" has no field "pNext"
HXOS\shell\network.c(282): warning:  #177-D: function "showint" was declared but never referenced
HXOS\shell\network.c(296): warning:  #177-D: function "assoc" was declared but never referenced
HXOS\shell\network.c(383): warning:  #177-D: function "scan" was declared but never referenced
".\Obj&Lst\HXV176.axf" - 9 Errors, 5 Warning(s).
Target not created
Build target 'HXOS_V176'
compiling network.c...
HXOS\shell\network.c(87): warning:  #223-D: function "strncpy" declared implicitly
HXOS\shell\network.c(158): warning:  #167-D: argument of type "DWORD (*)(LPSTR)" is incompatible with parameter of type "__SHELL_CMD_HANDLER"
HXOS\shell\network.c(322): error:  #136: struct "tag__CMD_PARA_OBJ" has no field "pNext"
HXOS\shell\network.c(326): error:  #136: struct "tag__CMD_PARA_OBJ" has no field "byFunctionLabel"
HXOS\shell\network.c(337): error:  #136: struct "tag__CMD_PARA_OBJ" has no field "byFunctionLabel"
HXOS\shell\network.c(339): error:  #136: struct "tag__CMD_PARA_OBJ" has no field "pNext"
HXOS\shell\network.c(344): error:  #136: struct "tag__CMD_PARA_OBJ" has no field "pNext"
HXOS\shell\network.c(353): error:  #136: struct "tag__CMD_PARA_OBJ" has no field "byFunctionLabel"
HXOS\shell\network.c(355): error:  #136: struct "tag__CMD_PARA_OBJ" has no field "pNext"
HXOS\shell\network.c(360): error:  #136: struct "tag__CMD_PARA_OBJ" has no field "pNext"
HXOS\shell\network.c(366): error:  #136: struct "tag__CMD_PARA_OBJ" has no field "pNext"
".\Obj&Lst\HXV176.axf" - 9 Errors, 2 Warning(s).
Target not created
Build target 'HXOS_V176'
compiling network.c...
HXOS\shell\network.c(87): warning:  #223-D: function "strncpy" declared implicitly
HXOS\shell\network.c(158): warning:  #167-D: argument of type "DWORD (*)(LPSTR)" is incompatible with parameter of type "__SHELL_CMD_HANDLER"
HXOS\shell\network.c(321): error:  #136: struct "tag__CMD_PARA_OBJ" has no field "pNext"
HXOS\shell\network.c(325): error:  #136: struct "tag__CMD_PARA_OBJ" has no field "byFunctionLabel"
HXOS\shell\network.c(336): error:  #136: struct "tag__CMD_PARA_OBJ" has no field "byFunctionLabel"
HXOS\shell\network.c(338): error:  #136: struct "tag__CMD_PARA_OBJ" has no field "pNext"
HXOS\shell\network.c(343): error:  #136: struct "tag__CMD_PARA_OBJ" has no field "pNext"
HXOS\shell\network.c(352): error:  #136: struct "tag__CMD_PARA_OBJ" has no field "byFunctionLabel"
HXOS\shell\network.c(354): error:  #136: struct "tag__CMD_PARA_OBJ" has no field "pNext"
HXOS\shell\network.c(359): error:  #136: struct "tag__CMD_PARA_OBJ" has no field "pNext"
HXOS\shell\network.c(365): error:  #136: struct "tag__CMD_PARA_OBJ" has no field "pNext"
".\Obj&Lst\HXV176.axf" - 9 Errors, 2 Warning(s).
Target not created
Build target 'HXOS_V176'
compiling network.c...
HXOS\shell\network.c(87): warning:  #223-D: function "strncpy" declared implicitly
HXOS\shell\network.c(96): error:  #147-D: declaration is incompatible with "DWORD CommandParser(LPSTR)" (declared at line 39)
HXOS\shell\network.c(321): error:  #136: struct "tag__CMD_PARA_OBJ" has no field "pNext"
HXOS\shell\network.c(325): error:  #136: struct "tag__CMD_PARA_OBJ" has no field "byFunctionLabel"
HXOS\shell\network.c(336): error:  #136: struct "tag__CMD_PARA_OBJ" has no field "byFunctionLabel"
HXOS\shell\network.c(338): error:  #136: struct "tag__CMD_PARA_OBJ" has no field "pNext"
HXOS\shell\network.c(343): error:  #136: struct "tag__CMD_PARA_OBJ" has no field "pNext"
HXOS\shell\network.c(352): error:  #136: struct "tag__CMD_PARA_OBJ" has no field "byFunctionLabel"
HXOS\shell\network.c(354): error:  #136: struct "tag__CMD_PARA_OBJ" has no field "pNext"
HXOS\shell\network.c(359): error:  #136: struct "tag__CMD_PARA_OBJ" has no field "pNext"
HXOS\shell\network.c(365): error:  #136: struct "tag__CMD_PARA_OBJ" has no field "pNext"
".\Obj&Lst\HXV176.axf" - 10 Errors, 1 Warning(s).
Target not created
Build target 'HXOS_V176'
compiling network.c...
HXOS\shell\network.c(87): warning:  #223-D: function "strncpy" declared implicitly
HXOS\shell\network.c(321): error:  #136: struct "tag__CMD_PARA_OBJ" has no field "pNext"
HXOS\shell\network.c(325): error:  #136: struct "tag__CMD_PARA_OBJ" has no field "byFunctionLabel"
HXOS\shell\network.c(336): error:  #136: struct "tag__CMD_PARA_OBJ" has no field "byFunctionLabel"
HXOS\shell\network.c(338): error:  #136: struct "tag__CMD_PARA_OBJ" has no field "pNext"
HXOS\shell\network.c(343): error:  #136: struct "tag__CMD_PARA_OBJ" has no field "pNext"
HXOS\shell\network.c(352): error:  #136: struct "tag__CMD_PARA_OBJ" has no field "byFunctionLabel"
HXOS\shell\network.c(354): error:  #136: struct "tag__CMD_PARA_OBJ" has no field "pNext"
HXOS\shell\network.c(359): error:  #136: struct "tag__CMD_PARA_OBJ" has no field "pNext"
HXOS\shell\network.c(365): error:  #136: struct "tag__CMD_PARA_OBJ" has no field "pNext"
".\Obj&Lst\HXV176.axf" - 9 Errors, 1 Warning(s).
Target not created
Build target 'HXOS_V176'
compiling network.c...
HXOS\shell\network.c(85): warning:  #223-D: function "strncpy" declared implicitly
linking...
Program Size: Code=157036 RO-data=133532 RW-data=10236 ZI-data=21556  
FromELF: creating hex file...
".\Obj&Lst\HXV176.axf" - 0 Errors, 1 Warning(s).
Build target 'HXOS_V176'
linking...
Program Size: Code=157036 RO-data=133532 RW-data=10236 ZI-data=21556  
FromELF: creating hex file...
".\Obj&Lst\HXV176.axf" - 0 Errors, 0 Warning(s).
Build target 'HXOS_V176'
compiling OS_ENTRY.C...
compiling network.c...
HXOS\shell\network.c(85): warning:  #223-D: function "strncpy" declared implicitly
compiling ethif.c...
compiling rx.c...
.\HXOS\include\lwip/arch.h(142): warning:  #47-D: incompatible redefinition of macro "ETIME" (declared at line 228 of ".\HXOS\drivers\stm32\type.h")
.\HXOS\include\lwip/arch.h(161): warning:  #47-D: incompatible redefinition of macro "ELIBSCN" (declared at line 210 of ".\HXOS\drivers\stm32\type.h")
.\HXOS\include\lwip/arch.h(162): warning:  #47-D: incompatible redefinition of macro "ELIBMAX" (declared at line 209 of ".\HXOS\drivers\stm32\type.h")
.\HXOS\include\lwip/arch.h(164): warning:  #47-D: incompatible redefinition of macro "EILSEQ" (declared at line 208 of ".\HXOS\drivers\stm32\type.h")
.\HXOS\include\lwip/arch.h(181): warning:  #47-D: incompatible redefinition of macro "ENETUNREACH" (declared at line 225 of ".\HXOS\drivers\stm32\type.h")
.\HXOS\include\lwip/arch.h(185): warning:  #47-D: incompatible redefinition of macro "ENOBUFS" (declared at line 226 of ".\HXOS\drivers\stm32\type.h")
.\HXOS\include\lwip/arch.h(190): warning:  #47-D: incompatible redefinition of macro "ETIMEDOUT" (declared at line 227 of ".\HXOS\drivers\stm32\type.h")
.\HXOS\include\lwip/arch.h(204): warning:  #47-D: incompatible redefinition of macro "ENOMEDIUM" (declared at line 212 of ".\HXOS\drivers\stm32\type.h")
.\HXOS\include\lwip/arch.h(205): warning:  #47-D: incompatible redefinition of macro "EMEDIUMTYPE" (declared at line 213 of ".\HXOS\drivers\stm32\type.h")
HXOS\network\nicdrv\rx.c(167): warning:  #174-D: expression has no effect
HXOS\network\nicdrv\rx.c(254): warning:  #174-D: expression has no effect
HXOS\network\nicdrv\rx.c(80): warning:  #177-D: function "DeliveryPacket" was declared but never referenced
compiling marvelif.c...
.\HXOS\drivers\stm32\type.h(208): warning:  #47-D: incompatible redefinition of macro "EILSEQ" (declared at line 164 of ".\HXOS\include\lwip/arch.h")
.\HXOS\drivers\stm32\type.h(209): warning:  #47-D: incompatible redefinition of macro "ELIBMAX" (declared at line 162 of ".\HXOS\include\lwip/arch.h")
.\HXOS\drivers\stm32\type.h(210): warning:  #47-D: incompatible redefinition of macro "ELIBSCN" (declared at line 161 of ".\HXOS\include\lwip/arch.h")
.\HXOS\drivers\stm32\type.h(212): warning:  #47-D: incompatible redefinition of macro "ENOMEDIUM" (declared at line 204 of ".\HXOS\include\lwip/arch.h")
.\HXOS\drivers\stm32\type.h(213): warning:  #47-D: incompatible redefinition of macro "EMEDIUMTYPE" (declared at line 205 of ".\HXOS\include\lwip/arch.h")
.\HXOS\drivers\stm32\type.h(225): warning:  #47-D: incompatible redefinition of macro "ENETUNREACH" (declared at line 181 of ".\HXOS\include\lwip/arch.h")
.\HXOS\drivers\stm32\type.h(226): warning:  #47-D: incompatible redefinition of macro "ENOBUFS" (declared at line 185 of ".\HXOS\include\lwip/arch.h")
.\HXOS\drivers\stm32\type.h(227): warning:  #47-D: incompatible redefinition of macro "ETIMEDOUT" (declared at line 190 of ".\HXOS\include\lwip/arch.h")
.\HXOS\drivers\stm32\type.h(228): warning:  #47-D: incompatible redefinition of macro "ETIME" (declared at line 142 of ".\HXOS\include\lwip/arch.h")
.\HXOS\drivers\stm32\common.h(33): warning:  #47-D: incompatible redefinition of macro "offsetof" (declared at line 76 of "C:\Keil\ARM\ARMCC\bin\..\include\stddef.h")
linking...
Program Size: Code=157040 RO-data=133532 RW-data=10236 ZI-data=21556  
FromELF: creating hex file...
".\Obj&Lst\HXV176.axf" - 0 Errors, 23 Warning(s).
Build target 'HXOS_V176'
compiling network.c...
HXOS\shell\network.c(85): warning:  #223-D: function "strncpy" declared implicitly
linking...
Program Size: Code=157512 RO-data=133532 RW-data=10236 ZI-data=21556  
FromELF: creating hex file...
".\Obj&Lst\HXV176.axf" - 0 Errors, 1 Warning(s).
Build target 'HXOS_V176'
compiling network.c...
HXOS\shell\network.c(85): warning:  #223-D: function "strncpy" declared implicitly
HXOS\shell\network.c(397): error:  #20: identifier "pAssocInof" is undefined
".\Obj&Lst\HXV176.axf" - 1 Errors, 1 Warning(s).
Target not created
Build target 'HXOS_V176'
compiling network.c...
HXOS\shell\network.c(85): warning:  #223-D: function "strncpy" declared implicitly
linking...
Program Size: Code=157524 RO-data=133532 RW-data=10236 ZI-data=21556  
FromELF: creating hex file...
".\Obj&Lst\HXV176.axf" - 0 Errors, 1 Warning(s).
Build target 'HXOS_V176'
compiling network.c...
HXOS\shell\network.c(85): warning:  #223-D: function "strncpy" declared implicitly
linking...
Program Size: Code=157520 RO-data=133532 RW-data=10236 ZI-data=21556  
FromELF: creating hex file...
".\Obj&Lst\HXV176.axf" - 0 Errors, 1 Warning(s).
Build target 'HXOS_V176'
linking...
Program Size: Code=157520 RO-data=133532 RW-data=10236 ZI-data=21556  
FromELF: creating hex file...
".\Obj&Lst\HXV176.axf" - 0 Errors, 0 Warning(s).
Build target 'HXOS_V176'
compiling ethif.c...
linking...
Program Size: Code=157520 RO-data=133532 RW-data=10236 ZI-data=21556  
FromELF: creating hex file...
".\Obj&Lst\HXV176.axf" - 0 Errors, 0 Warning(s).
Build target 'HXOS_V176'
compiling core.c...
HXOS\drivers\stm32\core.c(136): warning:  #174-D: expression has no effect
HXOS\drivers\stm32\core.c(136): warning:  #174-D: expression has no effect
HXOS\drivers\stm32\core.c(136): warning:  #174-D: expression has no effect
HXOS\drivers\stm32\core.c(136): warning:  #174-D: expression has no effect
HXOS\drivers\stm32\core.c(136): warning:  #174-D: expression has no effect
HXOS\drivers\stm32\core.c(136): warning:  #174-D: expression has no effect
HXOS\drivers\stm32\core.c(136): warning:  #174-D: expression has no effect
HXOS\drivers\stm32\core.c(136): warning:  #174-D: expression has no effect
HXOS\drivers\stm32\core.c(136): warning:  #174-D: expression has no effect
HXOS\drivers\stm32\core.c(172): warning:  #174-D: expression has no effect
HXOS\drivers\stm32\core.c(172): warning:  #174-D: expression has no effect
HXOS\drivers\stm32\core.c(172): warning:  #174-D: expression has no effect
HXOS\drivers\stm32\core.c(172): warning:  #174-D: expression has no effect
HXOS\drivers\stm32\core.c(172): warning:  #174-D: expression has no effect
HXOS\drivers\stm32\core.c(172): warning:  #174-D: expression has no effect
HXOS\drivers\stm32\core.c(172): warning:  #174-D: expression has no effect
HXOS\drivers\stm32\core.c(172): warning:  #174-D: expression has no effect
HXOS\drivers\stm32\core.c(178): warning:  #174-D: expression has no effect
HXOS\drivers\stm32\core.c(178): warning:  #174-D: expression has no effect
HXOS\drivers\stm32\core.c(178): warning:  #174-D: expression has no effect
HXOS\drivers\stm32\core.c(178): warning:  #174-D: expression has no effect
HXOS\drivers\stm32\core.c(184): warning:  #174-D: expression has no effect
HXOS\drivers\stm32\core.c(184): warning:  #174-D: expression has no effect
HXOS\drivers\stm32\core.c(184): warning:  #174-D: expression has no effect
HXOS\drivers\stm32\core.c(184): warning:  #174-D: expression has no effect
HXOS\drivers\stm32\core.c(184): warning:  #174-D: expression has no effect
HXOS\drivers\stm32\core.c(184): warning:  #174-D: expression has no effect
HXOS\drivers\stm32\core.c(184): warning:  #174-D: expression has no effect
HXOS\drivers\stm32\core.c(184): warning:  #174-D: expression has no effect
HXOS\drivers\stm32\core.c(327): warning:  #174-D: expression has no effect
HXOS\drivers\stm32\core.c(327): warning:  #174-D: expression has no effect
HXOS\drivers\stm32\core.c(327): warning:  #174-D: expression has no effect
HXOS\drivers\stm32\core.c(327): warning:  #174-D: expression has no effect
HXOS\drivers\stm32\core.c(327): warning:  #174-D: expression has no effect
HXOS\drivers\stm32\core.c(332): warning:  #174-D: expression has no effect
HXOS\drivers\stm32\core.c(332): warning:  #174-D: expression has no effect
HXOS\drivers\stm32\core.c(332): warning:  #174-D: expression has no effect
HXOS\drivers\stm32\core.c(332): warning:  #174-D: expression has no effect
HXOS\drivers\stm32\core.c(332): warning:  #174-D: expression has no effect
HXOS\drivers\stm32\core.c(332): warning:  #174-D: expression has no effect
HXOS\drivers\stm32\core.c(332): warning:  #174-D: expression has no effect
HXOS\drivers\stm32\core.c(341): warning:  #174-D: expression has no effect
HXOS\drivers\stm32\core.c(341): warning:  #174-D: expression has no effect
HXOS\drivers\stm32\core.c(341): warning:  #174-D: expression has no effect
HXOS\drivers\stm32\core.c(341): warning:  #174-D: expression has no effect
HXOS\drivers\stm32\core.c(341): warning:  #174-D: expression has no effect
HXOS\drivers\stm32\core.c(490): warning:  #174-D: expression has no effect
HXOS\drivers\stm32\core.c(490): warning:  #174-D: expression has no effect
HXOS\drivers\stm32\core.c(565): warning:  #174-D: expression has no effect
HXOS\drivers\stm32\core.c(565): warning:  #174-D: expression has no effect
HXOS\drivers\stm32\core.c(568): warning:  #174-D: expression has no effect
HXOS\drivers\stm32\core.c(568): warning:  #174-D: expression has no effect
HXOS\drivers\stm32\core.c(585): warning:  #174-D: expression has no effect
HXOS\drivers\stm32\core.c(587): warning:  #174-D: expression has no effect
HXOS\drivers\stm32\core.c(594): warning:  #174-D: expression has no effect
HXOS\drivers\stm32\core.c(594): warning:  #174-D: expression has no effect
HXOS\drivers\stm32\core.c(599): warning:  #174-D: expression has no effect
HXOS\drivers\stm32\core.c(765): warning:  #174-D: expression has no effect
HXOS\drivers\stm32\core.c(765): warning:  #174-D: expression has no effect
HXOS\drivers\stm32\core.c(793): warning:  #174-D: expression has no effect
HXOS\drivers\stm32\core.c(793): warning:  #174-D: expression has no effect
HXOS\drivers\stm32\core.c(798): warning:  #174-D: expression has no effect
HXOS\drivers\stm32\core.c(798): warning:  #174-D: expression has no effect
HXOS\drivers\stm32\core.c(806): warning:  #174-D: expression has no effect
HXOS\drivers\stm32\core.c(846): warning:  #174-D: expression has no effect
HXOS\drivers\stm32\core.c(846): warning:  #174-D: expression has no effect
HXOS\drivers\stm32\core.c(849): warning:  #174-D: expression has no effect
HXOS\drivers\stm32\core.c(849): warning:  #174-D: expression has no effect
HXOS\drivers\stm32\core.c(894): warning:  #174-D: expression has no effect
HXOS\drivers\stm32\core.c(894): warning:  #174-D: expression has no effect
HXOS\drivers\stm32\core.c(894): warning:  #174-D: expression has no effect
compiling s3cmci.c...
HXOS\drivers\stm32\s3cmci.c(225): warning:  #188-D: enumerated type mixed with another type
HXOS\drivers\stm32\s3cmci.c(227): warning:  #188-D: enumerated type mixed with another type
HXOS\drivers\stm32\s3cmci.c(249): warning:  #188-D: enumerated type mixed with another type
HXOS\drivers\stm32\s3cmci.c(489): warning:  #174-D: expression has no effect
HXOS\drivers\stm32\s3cmci.c(489): warning:  #174-D: expression has no effect
HXOS\drivers\stm32\s3cmci.c(608): warning:  #174-D: expression has no effect
HXOS\drivers\stm32\s3cmci.c(608): warning:  #174-D: expression has no effect
HXOS\drivers\stm32\s3cmci.c(618): warning:  #188-D: enumerated type mixed with another type
HXOS\drivers\stm32\s3cmci.c(637): warning:  #174-D: expression has no effect
HXOS\drivers\stm32\s3cmci.c(637): warning:  #174-D: expression has no effect
HXOS\drivers\stm32\s3cmci.c(727): warning:  #188-D: enumerated type mixed with another type
HXOS\drivers\stm32\s3cmci.c(740): warning:  #174-D: expression has no effect
HXOS\drivers\stm32\s3cmci.c(740): warning:  #174-D: expression has no effect
HXOS\drivers\stm32\s3cmci.c(740): warning:  #174-D: expression has no effect
HXOS\drivers\stm32\s3cmci.c(740): warning:  #174-D: expression has no effect
HXOS\drivers\stm32\s3cmci.c(749): warning:  #188-D: enumerated type mixed with another type
HXOS\drivers\stm32\s3cmci.c(752): warning:  #188-D: enumerated type mixed with another type
HXOS\drivers\stm32\s3cmci.c(763): warning:  #174-D: expression has no effect
HXOS\drivers\stm32\s3cmci.c(769): warning:  #174-D: expression has no effect
HXOS\drivers\stm32\s3cmci.c(769): warning:  #174-D: expression has no effect
HXOS\drivers\stm32\s3cmci.c(856): warning:  #174-D: expression has no effect
HXOS\drivers\stm32\s3cmci.c(856): warning:  #174-D: expression has no effect
HXOS\drivers\stm32\s3cmci.c(856): warning:  #174-D: expression has no effect
HXOS\drivers\stm32\s3cmci.c(859): warning:  #174-D: expression has no effect
HXOS\drivers\stm32\s3cmci.c(888): warning:  #188-D: enumerated type mixed with another type
HXOS\drivers\stm32\s3cmci.c(897): warning:  #188-D: enumerated type mixed with another type
HXOS\drivers\stm32\s3cmci.c(980): warning:  #174-D: expression has no effect
HXOS\drivers\stm32\s3cmci.c(998): warning:  #174-D: expression has no effect
HXOS\drivers\stm32\s3cmci.c(1035): warning:  #174-D: expression has no effect
HXOS\drivers\stm32\s3cmci.c(1042): warning:  #174-D: expression has no effect
HXOS\drivers\stm32\s3cmci.c(1108): warning:  #188-D: enumerated type mixed with another type
HXOS\drivers\stm32\s3cmci.c(1132): warning:  #174-D: expression has no effect
compiling sdio.c...
HXOS\drivers\stm32\sdio.c(216): warning:  #174-D: expression has no effect
HXOS\drivers\stm32\sdio.c(216): warning:  #174-D: expression has no effect
HXOS\drivers\stm32\sdio.c(216): warning:  #174-D: expression has no effect
HXOS\drivers\stm32\sdio.c(578): warning:  #174-D: expression has no effect
HXOS\drivers\stm32\sdio.c(578): warning:  #174-D: expression has no effect
HXOS\drivers\stm32\sdio.c(596): warning:  #174-D: expression has no effect
HXOS\drivers\stm32\sdio.c(619): warning:  #174-D: expression has no effect
HXOS\drivers\stm32\sdio.c(621): warning:  #174-D: expression has no effect
HXOS\drivers\stm32\sdio.c(623): warning:  #174-D: expression has no effect
HXOS\drivers\stm32\sdio.c(623): warning:  #174-D: expression has no effect
HXOS\drivers\stm32\sdio.c(623): warning:  #174-D: expression has no effect
HXOS\drivers\stm32\sdio.c(705): warning:  #174-D: expression has no effect
HXOS\drivers\stm32\sdio.c(705): warning:  #174-D: expression has no effect
HXOS\drivers\stm32\sdio.c(705): warning:  #174-D: expression has no effect
HXOS\drivers\stm32\sdio.c(1080): warning:  #174-D: expression has no effect
HXOS\drivers\stm32\sdio.c(1080): warning:  #174-D: expression has no effect
HXOS\drivers\stm32\sdio.c(1080): warning:  #174-D: expression has no effect
compiling sdio_cis.c...
HXOS\drivers\stm32\sdio_cis.c(61): warning:  #174-D: expression has no effect
HXOS\drivers\stm32\sdio_cis.c(61): warning:  #174-D: expression has no effect
HXOS\drivers\stm32\sdio_cis.c(61): warning:  #174-D: expression has no effect
HXOS\drivers\stm32\sdio_cis.c(63): warning:  #174-D: expression has no effect
HXOS\drivers\stm32\sdio_cis.c(63): warning:  #174-D: expression has no effect
HXOS\drivers\stm32\sdio_cis.c(63): warning:  #174-D: expression has no effect
compiling assoc.c...
HXOS\network\nicdrv\assoc.c(74): warning:  #174-D: expression has no effect
HXOS\network\nicdrv\assoc.c(74): warning:  #174-D: expression has no effect
HXOS\network\nicdrv\assoc.c(113): warning:  #174-D: expression has no effect
HXOS\network\nicdrv\assoc.c(113): warning:  #174-D: expression has no effect
HXOS\network\nicdrv\assoc.c(113): warning:  #174-D: expression has no effect
HXOS\network\nicdrv\assoc.c(139): warning:  #174-D: expression has no effect
HXOS\network\nicdrv\assoc.c(139): warning:  #174-D: expression has no effect
HXOS\network\nicdrv\assoc.c(139): warning:  #174-D: expression has no effect
HXOS\network\nicdrv\assoc.c(159): warning:  #174-D: expression has no effect
HXOS\network\nicdrv\assoc.c(189): warning:  #174-D: expression has no effect
HXOS\network\nicdrv\assoc.c(192): warning:  #174-D: expression has no effect
HXOS\network\nicdrv\assoc.c(196): warning:  #174-D: expression has no effect
HXOS\network\nicdrv\assoc.c(200): warning:  #174-D: expression has no effect
HXOS\network\nicdrv\assoc.c(204): warning:  #174-D: expression has no effect
HXOS\network\nicdrv\assoc.c(204): warning:  #174-D: expression has no effect
HXOS\network\nicdrv\assoc.c(210): warning:  #174-D: expression has no effect
HXOS\network\nicdrv\assoc.c(210): warning:  #174-D: expression has no effect
HXOS\network\nicdrv\assoc.c(215): warning:  #174-D: expression has no effect
HXOS\network\nicdrv\assoc.c(215): warning:  #174-D: expression has no effect
HXOS\network\nicdrv\assoc.c(215): warning:  #174-D: expression has no effect
HXOS\network\nicdrv\assoc.c(306): warning:  #174-D: expression has no effect
HXOS\network\nicdrv\assoc.c(306): warning:  #174-D: expression has no effect
HXOS\network\nicdrv\assoc.c(339): warning:  #174-D: expression has no effect
HXOS\network\nicdrv\assoc.c(339): warning:  #174-D: expression has no effect
HXOS\network\nicdrv\assoc.c(359): warning:  #174-D: expression has no effect
HXOS\network\nicdrv\assoc.c(359): warning:  #174-D: expression has no effect
HXOS\network\nicdrv\assoc.c(359): warning:  #174-D: expression has no effect
HXOS\network\nicdrv\assoc.c(278): warning:  #177-D: variable "rsn" was declared but never referenced
HXOS\network\nicdrv\assoc.c(516): warning:  #174-D: expression has no effect
HXOS\network\nicdrv\assoc.c(516): warning:  #174-D: expression has no effect
HXOS\network\nicdrv\assoc.c(524): warning:  #174-D: expression has no effect
HXOS\network\nicdrv\assoc.c(524): warning:  #174-D: expression has no effect
HXOS\network\nicdrv\assoc.c(632): warning:  #174-D: expression has no effect
HXOS\network\nicdrv\assoc.c(632): warning:  #174-D: expression has no effect
HXOS\network\nicdrv\assoc.c(660): warning:  #174-D: expression has no effect
HXOS\network\nicdrv\assoc.c(665): warning:  #174-D: expression has no effect
HXOS\network\nicdrv\assoc.c(739): warning:  #174-D: expression has no effect
HXOS\network\nicdrv\assoc.c(755): warning:  #174-D: expression has no effect
HXOS\network\nicdrv\assoc.c(755): warning:  #174-D: expression has no effect
HXOS\network\nicdrv\assoc.c(755): warning:  #174-D: expression has no effect
HXOS\network\nicdrv\assoc.c(760): warning:  #174-D: expression has no effect
HXOS\network\nicdrv\assoc.c(767): warning:  #174-D: expression has no effect
HXOS\network\nicdrv\assoc.c(772): warning:  #174-D: expression has no effect
HXOS\network\nicdrv\assoc.c(772): warning:  #174-D: expression has no effect
HXOS\network\nicdrv\assoc.c(870): warning:  #174-D: expression has no effect
HXOS\network\nicdrv\assoc.c(870): warning:  #174-D: expression has no effect
HXOS\network\nicdrv\assoc.c(968): warning:  #174-D: expression has no effect
HXOS\network\nicdrv\assoc.c(968): warning:  #174-D: expression has no effect
HXOS\network\nicdrv\assoc.c(968): warning:  #174-D: expression has no effect
HXOS\network\nicdrv\assoc.c(971): warning:  #174-D: expression has no effect
HXOS\network\nicdrv\assoc.c(971): warning:  #174-D: expression has no effect
HXOS\network\nicdrv\assoc.c(971): warning:  #174-D: expression has no effect
HXOS\network\nicdrv\assoc.c(984): warning:  #174-D: expression has no effect
HXOS\network\nicdrv\assoc.c(1001): warning:  #174-D: expression has no effect
HXOS\network\nicdrv\assoc.c(1009): warning:  #174-D: expression has no effect
HXOS\network\nicdrv\assoc.c(1009): warning:  #174-D: expression has no effect
HXOS\network\nicdrv\assoc.c(1010): warning:  #174-D: expression has no effect
HXOS\network\nicdrv\assoc.c(1010): warning:  #174-D: expression has no effect
HXOS\network\nicdrv\assoc.c(1031): warning:  #174-D: expression has no effect
HXOS\network\nicdrv\assoc.c(1031): warning:  #174-D: expression has no effect
HXOS\network\nicdrv\assoc.c(1031): warning:  #174-D: expression has no effect
HXOS\network\nicdrv\assoc.c(1035): warning:  #174-D: expression has no effect
HXOS\network\nicdrv\assoc.c(1035): warning:  #174-D: expression has no effect
HXOS\network\nicdrv\assoc.c(1035): warning:  #174-D: expression has no effect
HXOS\network\nicdrv\assoc.c(1051): warning:  #174-D: expression has no effect
HXOS\network\nicdrv\assoc.c(1142): warning:  #174-D: expression has no effect
HXOS\network\nicdrv\assoc.c(1156): warning:  #174-D: expression has no effect
HXOS\network\nicdrv\assoc.c(1156): warning:  #174-D: expression has no effect
HXOS\network\nicdrv\assoc.c(1156): warning:  #174-D: expression has no effect
HXOS\network\nicdrv\assoc.c(1183): warning:  #174-D: expression has no effect
HXOS\network\nicdrv\assoc.c(1186): warning:  #174-D: expression has no effect
HXOS\network\nicdrv\assoc.c(1206): warning:  #174-D: expression has no effect
HXOS\network\nicdrv\assoc.c(1206): warning:  #174-D: expression has no effect
HXOS\network\nicdrv\assoc.c(1206): warning:  #174-D: expression has no effect
HXOS\network\nicdrv\assoc.c(1206): warning:  #174-D: expression has no effect
HXOS\network\nicdrv\assoc.c(1206): warning:  #174-D: expression has no effect
HXOS\network\nicdrv\assoc.c(1215): warning:  #174-D: expression has no effect
HXOS\network\nicdrv\assoc.c(1215): warning:  #174-D: expression has no effect
HXOS\network\nicdrv\assoc.c(1215): warning:  #174-D: expression has no effect
HXOS\network\nicdrv\assoc.c(1270): warning:  #174-D: expression has no effect
HXOS\network\nicdrv\assoc.c(1281): warning:  #174-D: expression has no effect
HXOS\network\nicdrv\assoc.c(1281): warning:  #174-D: expression has no effect
HXOS\network\nicdrv\assoc.c(1284): warning:  #174-D: expression has no effect
HXOS\network\nicdrv\assoc.c(1314): warning:  #174-D: expression has no effect
HXOS\network\nicdrv\assoc.c(1314): warning:  #174-D: expression has no effect
HXOS\network\nicdrv\assoc.c(1314): warning:  #174-D: expression has no effect
HXOS\network\nicdrv\assoc.c(1314): warning:  #174-D: expression has no effect
HXOS\network\nicdrv\assoc.c(1427): warning:  #174-D: expression has no effect
HXOS\network\nicdrv\assoc.c(1427): warning:  #174-D: expression has no effect
HXOS\network\nicdrv\assoc.c(1427): warning:  #174-D: expression has no effect
HXOS\network\nicdrv\assoc.c(1427): warning:  #174-D: expression has no effect
HXOS\network\nicdrv\assoc.c(1427): warning:  #174-D: expression has no effect
HXOS\network\nicdrv\assoc.c(1427): warning:  #174-D: expression has no effect
HXOS\network\nicdrv\assoc.c(1427): warning:  #174-D: expression has no effect
HXOS\network\nicdrv\assoc.c(1438): warning:  #174-D: expression has no effect
HXOS\network\nicdrv\assoc.c(1438): warning:  #174-D: expression has no effect
HXOS\network\nicdrv\assoc.c(1438): warning:  #174-D: expression has no effect
HXOS\network\nicdrv\assoc.c(1438): warning:  #174-D: expression has no effect
HXOS\network\nicdrv\assoc.c(1438): warning:  #174-D: expression has no effect
HXOS\network\nicdrv\assoc.c(1438): warning:  #174-D: expression has no effect
HXOS\network\nicdrv\assoc.c(1438): warning:  #174-D: expression has no effect
HXOS\network\nicdrv\assoc.c(1449): warning:  #174-D: expression has no effect
HXOS\network\nicdrv\assoc.c(1449): warning:  #174-D: expression has no effect
HXOS\network\nicdrv\assoc.c(1449): warning:  #174-D: expression has no effect
HXOS\network\nicdrv\assoc.c(1449): warning:  #174-D: expression has no effect
HXOS\network\nicdrv\assoc.c(1457): warning:  #174-D: expression has no effect
HXOS\network\nicdrv\assoc.c(1457): warning:  #174-D: expression has no effect
HXOS\network\nicdrv\assoc.c(1457): warning:  #174-D: expression has no effect
HXOS\network\nicdrv\assoc.c(1457): warning:  #174-D: expression has no effect
HXOS\network\nicdrv\assoc.c(1457): warning:  #174-D: expression has no effect
HXOS\network\nicdrv\assoc.c(1457): warning:  #174-D: expression has no effect
HXOS\network\nicdrv\assoc.c(1457): warning:  #174-D: expression has no effect
HXOS\network\nicdrv\assoc.c(1582): warning:  #174-D: expression has no effect
HXOS\network\nicdrv\assoc.c(1589): warning:  #174-D: expression has no effect
HXOS\network\nicdrv\assoc.c(1596): warning:  #174-D: expression has no effect
HXOS\network\nicdrv\assoc.c(1602): warning:  #174-D: expression has no effect
HXOS\network\nicdrv\assoc.c(1610): warning:  #174-D: expression has no effect
HXOS\network\nicdrv\assoc.c(1660): warning:  #174-D: expression has no effect
HXOS\network\nicdrv\assoc.c(1660): warning:  #174-D: expression has no effect
HXOS\network\nicdrv\assoc.c(1661): warning:  #174-D: expression has no effect
HXOS\network\nicdrv\assoc.c(1661): warning:  #174-D: expression has no effect
HXOS\network\nicdrv\assoc.c(1687): warning:  #174-D: expression has no effect
HXOS\network\nicdrv\assoc.c(1768): warning:  #174-D: expression has no effect
HXOS\network\nicdrv\assoc.c(1790): warning:  #174-D: expression has no effect
HXOS\network\nicdrv\assoc.c(1790): warning:  #174-D: expression has no effect
HXOS\network\nicdrv\assoc.c(1799): warning:  #174-D: expression has no effect
HXOS\network\nicdrv\assoc.c(1799): warning:  #174-D: expression has no effect
HXOS\network\nicdrv\assoc.c(1851): warning:  #174-D: expression has no effect
HXOS\network\nicdrv\assoc.c(1851): warning:  #174-D: expression has no effect
HXOS\network\nicdrv\assoc.c(1857): warning:  #174-D: expression has no effect
HXOS\network\nicdrv\assoc.c(1863): warning:  #174-D: expression has no effect
HXOS\network\nicdrv\assoc.c(1863): warning:  #174-D: expression has no effect
HXOS\network\nicdrv\assoc.c(1863): warning:  #174-D: expression has no effect
HXOS\network\nicdrv\assoc.c(1863): warning:  #174-D: expression has no effect
HXOS\network\nicdrv\assoc.c(1863): warning:  #174-D: expression has no effect
HXOS\network\nicdrv\assoc.c(1863): warning:  #174-D: expression has no effect
HXOS\network\nicdrv\assoc.c(1863): warning:  #174-D: expression has no effect
HXOS\network\nicdrv\assoc.c(1877): warning:  #174-D: expression has no effect
HXOS\network\nicdrv\assoc.c(1877): warning:  #174-D: expression has no effect
compiling if_sdio.c...
HXOS\network\nicdrv\if_sdio.c(121): warning:  #174-D: expression has no effect
HXOS\network\nicdrv\if_sdio.c(121): warning:  #174-D: expression has no effect
HXOS\network\nicdrv\if_sdio.c(143): warning:  #174-D: expression has no effect
HXOS\network\nicdrv\if_sdio.c(143): warning:  #174-D: expression has no effect
HXOS\network\nicdrv\if_sdio.c(209): warning:  #174-D: expression has no effect
HXOS\network\nicdrv\if_sdio.c(209): warning:  #174-D: expression has no effect
HXOS\network\nicdrv\if_sdio.c(242): warning:  #174-D: expression has no effect
HXOS\network\nicdrv\if_sdio.c(242): warning:  #174-D: expression has no effect
HXOS\network\nicdrv\if_sdio.c(242): warning:  #174-D: expression has no effect
HXOS\network\nicdrv\if_sdio.c(246): warning:  #174-D: expression has no effect
HXOS\network\nicdrv\if_sdio.c(246): warning:  #174-D: expression has no effect
HXOS\network\nicdrv\if_sdio.c(246): warning:  #174-D: expression has no effect
HXOS\network\nicdrv\if_sdio.c(253): warning:  #174-D: expression has no effect
HXOS\network\nicdrv\if_sdio.c(253): warning:  #174-D: expression has no effect
HXOS\network\nicdrv\if_sdio.c(253): warning:  #174-D: expression has no effect
HXOS\network\nicdrv\if_sdio.c(287): warning:  #174-D: expression has no effect
HXOS\network\nicdrv\if_sdio.c(289): warning:  #174-D: expression has no effect
HXOS\network\nicdrv\if_sdio.c(289): warning:  #174-D: expression has no effect
HXOS\network\nicdrv\if_sdio.c(324): warning:  #174-D: expression has no effect
HXOS\network\nicdrv\if_sdio.c(410): warning:  #174-D: expression has no effect
HXOS\network\nicdrv\if_sdio.c(410): warning:  #174-D: expression has no effect
HXOS\network\nicdrv\if_sdio.c(525): warning:  #174-D: expression has no effect
HXOS\network\nicdrv\if_sdio.c(553): warning:  #174-D: expression has no effect
HXOS\network\nicdrv\if_sdio.c(553): warning:  #174-D: expression has no effect
HXOS\network\nicdrv\if_sdio.c(567): warning:  #174-D: expression has no effect
HXOS\network\nicdrv\if_sdio.c(584): warning:  #174-D: expression has no effect
HXOS\network\nicdrv\if_sdio.c(584): warning:  #174-D: expression has no effect
HXOS\network\nicdrv\if_sdio.c(598): warning:  #174-D: expression has no effect
HXOS\network\nicdrv\if_sdio.c(599): warning:  #174-D: expression has no effect
HXOS\network\nicdrv\if_sdio.c(601): warning:  #174-D: expression has no effect
HXOS\network\nicdrv\if_sdio.c(630): warning:  #174-D: expression has no effect
HXOS\network\nicdrv\if_sdio.c(630): warning:  #174-D: expression has no effect
HXOS\network\nicdrv\if_sdio.c(656): warning:  #174-D: expression has no effect
HXOS\network\nicdrv\if_sdio.c(656): warning:  #174-D: expression has no effect
HXOS\network\nicdrv\if_sdio.c(658): warning:  #174-D: expression has no effect
HXOS\network\nicdrv\if_sdio.c(664): warning:  #174-D: expression has no effect
HXOS\network\nicdrv\if_sdio.c(676): warning:  #174-D: expression has no effect
HXOS\network\nicdrv\if_sdio.c(676): warning:  #174-D: expression has no effect
HXOS\network\nicdrv\if_sdio.c(676): warning:  #174-D: expression has no effect
HXOS\network\nicdrv\if_sdio.c(689): warning:  #174-D: expression has no effect
HXOS\network\nicdrv\if_sdio.c(699): warning:  #174-D: expression has no effect
HXOS\network\nicdrv\if_sdio.c(713): warning:  #174-D: expression has no effect
HXOS\network\nicdrv\if_sdio.c(714): warning:  #174-D: expression has no effect
HXOS\network\nicdrv\if_sdio.c(716): warning:  #174-D: expression has no effect
HXOS\network\nicdrv\if_sdio.c(730): warning:  #174-D: expression has no effect
HXOS\network\nicdrv\if_sdio.c(730): warning:  #174-D: expression has no effect
HXOS\network\nicdrv\if_sdio.c(733): warning:  #174-D: expression has no effect
HXOS\network\nicdrv\if_sdio.c(739): warning:  #174-D: expression has no effect
HXOS\network\nicdrv\if_sdio.c(744): warning:  #174-D: expression has no effect
HXOS\network\nicdrv\if_sdio.c(769): warning:  #174-D: expression has no effect
HXOS\network\nicdrv\if_sdio.c(769): warning:  #174-D: expression has no effect
HXOS\network\nicdrv\if_sdio.c(769): warning:  #174-D: expression has no effect
HXOS\network\nicdrv\if_sdio.c(781): warning:  #174-D: expression has no effect
HXOS\network\nicdrv\if_sdio.c(824): warning:  #174-D: expression has no effect
HXOS\network\nicdrv\if_sdio.c(824): warning:  #174-D: expression has no effect
HXOS\network\nicdrv\if_sdio.c(824): warning:  #174-D: expression has no effect
HXOS\network\nicdrv\if_sdio.c(824): warning:  #174-D: expression has no effect
HXOS\network\nicdrv\if_sdio.c(824): warning:  #174-D: expression has no effect
HXOS\network\nicdrv\if_sdio.c(824): warning:  #174-D: expression has no effect
HXOS\network\nicdrv\if_sdio.c(846): warning:  #174-D: expression has no effect
HXOS\network\nicdrv\if_sdio.c(850): warning:  #174-D: expression has no effect
HXOS\network\nicdrv\if_sdio.c(850): warning:  #174-D: expression has no effect
HXOS\network\nicdrv\if_sdio.c(852): warning:  #174-D: expression has no effect
HXOS\network\nicdrv\if_sdio.c(853): warning:  #174-D: expression has no effect
HXOS\network\nicdrv\if_sdio.c(858): warning:  #174-D: expression has no effect
HXOS\network\nicdrv\if_sdio.c(864): warning:  #174-D: expression has no effect
HXOS\network\nicdrv\if_sdio.c(864): warning:  #174-D: expression has no effect
HXOS\network\nicdrv\if_sdio.c(865): warning:  #174-D: expression has no effect
HXOS\network\nicdrv\if_sdio.c(889): warning:  #174-D: expression has no effect
compiling marvell_ops.c...
HXOS\network\nicdrv\marvell_ops.c(28): warning:  #174-D: expression has no effect
HXOS\network\nicdrv\marvell_ops.c(34): warning:  #174-D: expression has no effect
HXOS\network\nicdrv\marvell_ops.c(38): warning:  #174-D: expression has no effect
HXOS\network\nicdrv\marvell_ops.c(41): warning:  #174-D: expression has no effect
HXOS\network\nicdrv\marvell_ops.c(88): warning:  #174-D: expression has no effect
compiling scan.c...
HXOS\network\nicdrv\scan.c(324): warning:  #174-D: expression has no effect
HXOS\network\nicdrv\scan.c(324): warning:  #174-D: expression has no effect
HXOS\network\nicdrv\scan.c(345): warning:  #174-D: expression has no effect
HXOS\network\nicdrv\scan.c(345): warning:  #174-D: expression has no effect
HXOS\network\nicdrv\scan.c(345): warning:  #174-D: expression has no effect
HXOS\network\nicdrv\scan.c(345): warning:  #174-D: expression has no effect
HXOS\network\nicdrv\scan.c(345): warning:  #174-D: expression has no effect
HXOS\network\nicdrv\scan.c(345): warning:  #174-D: expression has no effect
HXOS\network\nicdrv\scan.c(345): warning:  #174-D: expression has no effect
HXOS\network\nicdrv\scan.c(352): warning:  #174-D: expression has no effect
HXOS\network\nicdrv\scan.c(364): warning:  #174-D: expression has no effect
HXOS\network\nicdrv\scan.c(364): warning:  #174-D: expression has no effect
HXOS\network\nicdrv\scan.c(376): warning:  #174-D: expression has no effect
HXOS\network\nicdrv\scan.c(376): warning:  #174-D: expression has no effect
HXOS\network\nicdrv\scan.c(380): warning:  #174-D: expression has no effect
HXOS\network\nicdrv\scan.c(382): warning:  #174-D: expression has no effect
HXOS\network\nicdrv\scan.c(385): warning:  #174-D: expression has no effect
HXOS\network\nicdrv\scan.c(390): warning:  #174-D: expression has no effect
HXOS\network\nicdrv\scan.c(394): warning:  #174-D: expression has no effect
HXOS\network\nicdrv\scan.c(394): warning:  #174-D: expression has no effect
HXOS\network\nicdrv\scan.c(400): warning:  #174-D: expression has no effect
HXOS\network\nicdrv\scan.c(409): warning:  #174-D: expression has no effect
HXOS\network\nicdrv\scan.c(409): warning:  #174-D: expression has no effect
HXOS\network\nicdrv\scan.c(409): warning:  #174-D: expression has no effect
HXOS\network\nicdrv\scan.c(419): warning:  #174-D: expression has no effect
HXOS\network\nicdrv\scan.c(425): warning:  #174-D: expression has no effect
HXOS\network\nicdrv\scan.c(432): warning:  #174-D: expression has no effect
HXOS\network\nicdrv\scan.c(432): warning:  #174-D: expression has no effect
HXOS\network\nicdrv\scan.c(438): warning:  #174-D: expression has no effect
HXOS\network\nicdrv\scan.c(445): warning:  #174-D: expression has no effect
HXOS\network\nicdrv\scan.c(450): warning:  #174-D: expression has no effect
HXOS\network\nicdrv\scan.c(453): warning:  #174-D: expression has no effect
HXOS\network\nicdrv\scan.c(453): warning:  #174-D: expression has no effect
HXOS\network\nicdrv\scan.c(453): warning:  #174-D: expression has no effect
HXOS\network\nicdrv\scan.c(453): warning:  #174-D: expression has no effect
HXOS\network\nicdrv\scan.c(473): warning:  #174-D: expression has no effect
HXOS\network\nicdrv\scan.c(475): warning:  #174-D: expression has no effect
HXOS\network\nicdrv\scan.c(493): warning:  #174-D: expression has no effect
HXOS\network\nicdrv\scan.c(499): warning:  #174-D: expression has no effect
HXOS\network\nicdrv\scan.c(502): warning:  #174-D: expression has no effect
HXOS\network\nicdrv\scan.c(502): warning:  #174-D: expression has no effect
HXOS\network\nicdrv\scan.c(502): warning:  #174-D: expression has no effect
HXOS\network\nicdrv\scan.c(502): warning:  #174-D: expression has no effect
HXOS\network\nicdrv\scan.c(502): warning:  #174-D: expression has no effect
HXOS\network\nicdrv\scan.c(502): warning:  #174-D: expression has no effect
HXOS\network\nicdrv\scan.c(510): warning:  #174-D: expression has no effect
HXOS\network\nicdrv\scan.c(518): warning:  #174-D: expression has no effect
HXOS\network\nicdrv\scan.c(518): warning:  #174-D: expression has no effect
HXOS\network\nicdrv\scan.c(518): warning:  #174-D: expression has no effect
HXOS\network\nicdrv\scan.c(600): warning:  #174-D: expression has no effect
HXOS\network\nicdrv\scan.c(600): warning:  #174-D: expression has no effect
HXOS\network\nicdrv\scan.c(600): warning:  #174-D: expression has no effect
HXOS\network\nicdrv\scan.c(607): warning:  #174-D: expression has no effect
HXOS\network\nicdrv\scan.c(607): warning:  #174-D: expression has no effect
HXOS\network\nicdrv\scan.c(610): warning:  #174-D: expression has no effect
HXOS\network\nicdrv\scan.c(610): warning:  #174-D: expression has no effect
HXOS\network\nicdrv\scan.c(640): warning:  #174-D: expression has no effect
HXOS\network\nicdrv\scan.c(640): warning:  #174-D: expression has no effect
HXOS\network\nicdrv\scan.c(673): warning:  #174-D: expression has no effect
HXOS\network\nicdrv\scan.c(673): warning:  #174-D: expression has no effect
HXOS\network\nicdrv\scan.c(673): warning:  #174-D: expression has no effect
HXOS\network\nicdrv\scan.c(673): warning:  #174-D: expression has no effect
HXOS\network\nicdrv\scan.c(673): warning:  #174-D: expression has no effect
HXOS\network\nicdrv\scan.c(673): warning:  #174-D: expression has no effect
HXOS\network\nicdrv\scan.c(673): warning:  #174-D: expression has no effect
HXOS\network\nicdrv\scan.c(707): warning:  #174-D: expression has no effect
HXOS\network\nicdrv\scan.c(707): warning:  #174-D: expression has no effect
HXOS\network\nicdrv\scan.c(707): warning:  #174-D: expression has no effect
HXOS\network\nicdrv\scan.c(707): warning:  #174-D: expression has no effect
HXOS\network\nicdrv\scan.c(838): warning:  #174-D: expression has no effect
HXOS\network\nicdrv\scan.c(838): warning:  #174-D: expression has no effect
HXOS\network\nicdrv\scan.c(838): warning:  #174-D: expression has no effect
HXOS\network\nicdrv\scan.c(867): warning:  #174-D: expression has no effect
HXOS\network\nicdrv\scan.c(867): warning:  #174-D: expression has no effect
HXOS\network\nicdrv\scan.c(867): warning:  #174-D: expression has no effect
HXOS\network\nicdrv\scan.c(883): warning:  #174-D: expression has no effect
HXOS\network\nicdrv\scan.c(883): warning:  #174-D: expression has no effect
HXOS\network\nicdrv\scan.c(883): warning:  #174-D: expression has no effect
HXOS\network\nicdrv\scan.c(888): warning:  #174-D: expression has no effect
HXOS\network\nicdrv\scan.c(917): warning:  #174-D: expression has no effect
HXOS\network\nicdrv\scan.c(919): warning:  #174-D: expression has no effect
compiling marvel_main.c...
HXOS\network\nicdrv\marvel_main.c(242): warning:  #9-D: nested comment is not allowed
HXOS\network\nicdrv\marvel_main.c(244): warning:  #174-D: expression has no effect
HXOS\network\nicdrv\marvel_main.c(272): warning:  #174-D: expression has no effect
HXOS\network\nicdrv\marvel_main.c(276): warning:  #174-D: expression has no effect
HXOS\network\nicdrv\marvel_main.c(281): warning:  #174-D: expression has no effect
HXOS\network\nicdrv\marvel_main.c(286): warning:  #174-D: expression has no effect
HXOS\network\nicdrv\marvel_main.c(291): warning:  #174-D: expression has no effect
HXOS\network\nicdrv\marvel_main.c(295): warning:  #174-D: expression has no effect
HXOS\network\nicdrv\marvel_main.c(305): warning:  #174-D: expression has no effect
HXOS\network\nicdrv\marvel_main.c(310): warning:  #174-D: expression has no effect
HXOS\network\nicdrv\marvel_main.c(313): warning:  #174-D: expression has no effect
HXOS\network\nicdrv\marvel_main.c(327): warning:  #174-D: expression has no effect
HXOS\network\nicdrv\marvel_main.c(333): warning:  #174-D: expression has no effect
HXOS\network\nicdrv\marvel_main.c(338): warning:  #174-D: expression has no effect
HXOS\network\nicdrv\marvel_main.c(343): warning:  #174-D: expression has no effect
HXOS\network\nicdrv\marvel_main.c(346): warning:  #174-D: expression has no effect
HXOS\network\nicdrv\marvel_main.c(349): warning:  #174-D: expression has no effect
HXOS\network\nicdrv\marvel_main.c(352): warning:  #174-D: expression has no effect
HXOS\network\nicdrv\marvel_main.c(355): warning:  #174-D: expression has no effect
HXOS\network\nicdrv\marvel_main.c(358): warning:  #174-D: expression has no effect
HXOS\network\nicdrv\marvel_main.c(361): warning:  #174-D: expression has no effect
HXOS\network\nicdrv\marvel_main.c(364): warning:  #174-D: expression has no effect
HXOS\network\nicdrv\marvel_main.c(385): warning:  #174-D: expression has no effect
HXOS\network\nicdrv\marvel_main.c(385): warning:  #174-D: expression has no effect
HXOS\network\nicdrv\marvel_main.c(639): warning:  #174-D: expression has no effect
compiling rx.c...
.\HXOS\include\lwip/arch.h(142): warning:  #47-D: incompatible redefinition of macro "ETIME" (declared at line 228 of ".\HXOS\drivers\stm32\type.h")
.\HXOS\include\lwip/arch.h(161): warning:  #47-D: incompatible redefinition of macro "ELIBSCN" (declared at line 210 of ".\HXOS\drivers\stm32\type.h")
.\HXOS\include\lwip/arch.h(162): warning:  #47-D: incompatible redefinition of macro "ELIBMAX" (declared at line 209 of ".\HXOS\drivers\stm32\type.h")
.\HXOS\include\lwip/arch.h(164): warning:  #47-D: incompatible redefinition of macro "EILSEQ" (declared at line 208 of ".\HXOS\drivers\stm32\type.h")
.\HXOS\include\lwip/arch.h(181): warning:  #47-D: incompatible redefinition of macro "ENETUNREACH" (declared at line 225 of ".\HXOS\drivers\stm32\type.h")
.\HXOS\include\lwip/arch.h(185): warning:  #47-D: incompatible redefinition of macro "ENOBUFS" (declared at line 226 of ".\HXOS\drivers\stm32\type.h")
.\HXOS\include\lwip/arch.h(190): warning:  #47-D: incompatible redefinition of macro "ETIMEDOUT" (declared at line 227 of ".\HXOS\drivers\stm32\type.h")
.\HXOS\include\lwip/arch.h(204): warning:  #47-D: incompatible redefinition of macro "ENOMEDIUM" (declared at line 212 of ".\HXOS\drivers\stm32\type.h")
.\HXOS\include\lwip/arch.h(205): warning:  #47-D: incompatible redefinition of macro "EMEDIUMTYPE" (declared at line 213 of ".\HXOS\drivers\stm32\type.h")
HXOS\network\nicdrv\rx.c(167): warning:  #174-D: expression has no effect
HXOS\network\nicdrv\rx.c(254): warning:  #174-D: expression has no effect
HXOS\network\nicdrv\rx.c(80): warning:  #177-D: function "DeliveryPacket" was declared but never referenced
compiling cmd.c...
HXOS\network\nicdrv\cmd.c(404): warning:  #223-D: function "memmove" declared implicitly
HXOS\network\nicdrv\cmd.c(508): warning:  #174-D: expression has no effect
HXOS\network\nicdrv\cmd.c(529): warning:  #174-D: expression has no effect
HXOS\network\nicdrv\cmd.c(529): warning:  #174-D: expression has no effect
HXOS\network\nicdrv\cmd.c(529): warning:  #174-D: expression has no effect
HXOS\network\nicdrv\cmd.c(555): warning:  #174-D: expression has no effect
HXOS\network\nicdrv\cmd.c(733): warning:  #223-D: function "memmove" declared implicitly
HXOS\network\nicdrv\cmd.c(748): warning:  #174-D: expression has no effect
HXOS\network\nicdrv\cmd.c(793): warning:  #174-D: expression has no effect
HXOS\network\nicdrv\cmd.c(793): warning:  #174-D: expression has no effect
HXOS\network\nicdrv\cmd.c(1046): warning:  #174-D: expression has no effect
HXOS\network\nicdrv\cmd.c(1492): warning:  #223-D: function "memmove" declared implicitly
HXOS\network\nicdrv\cmd.c(1556): warning:  #174-D: expression has no effect
HXOS\network\nicdrv\cmd.c(1556): warning:  #174-D: expression has no effect
HXOS\network\nicdrv\cmd.c(1584): warning:  #174-D: expression has no effect
HXOS\network\nicdrv\cmd.c(1727): warning:  #223-D: function "memmove" declared implicitly
compiling 11d.c...
HXOS\network\nicdrv\11d.c(48): warning:  #223-D: function "toupper" declared implicitly
compiling marvelif.c...
.\HXOS\drivers\stm32\type.h(208): warning:  #47-D: incompatible redefinition of macro "EILSEQ" (declared at line 164 of ".\HXOS\include\lwip/arch.h")
.\HXOS\drivers\stm32\type.h(209): warning:  #47-D: incompatible redefinition of macro "ELIBMAX" (declared at line 162 of ".\HXOS\include\lwip/arch.h")
.\HXOS\drivers\stm32\type.h(210): warning:  #47-D: incompatible redefinition of macro "ELIBSCN" (declared at line 161 of ".\HXOS\include\lwip/arch.h")
.\HXOS\drivers\stm32\type.h(212): warning:  #47-D: incompatible redefinition of macro "ENOMEDIUM" (declared at line 204 of ".\HXOS\include\lwip/arch.h")
.\HXOS\drivers\stm32\type.h(213): warning:  #47-D: incompatible redefinition of macro "EMEDIUMTYPE" (declared at line 205 of ".\HXOS\include\lwip/arch.h")
.\HXOS\drivers\stm32\type.h(225): warning:  #47-D: incompatible redefinition of macro "ENETUNREACH" (declared at line 181 of ".\HXOS\include\lwip/arch.h")
.\HXOS\drivers\stm32\type.h(226): warning:  #47-D: incompatible redefinition of macro "ENOBUFS" (declared at line 185 of ".\HXOS\include\lwip/arch.h")
.\HXOS\drivers\stm32\type.h(227): warning:  #47-D: incompatible redefinition of macro "ETIMEDOUT" (declared at line 190 of ".\HXOS\include\lwip/arch.h")
.\HXOS\drivers\stm32\type.h(228): warning:  #47-D: incompatible redefinition of macro "ETIME" (declared at line 142 of ".\HXOS\include\lwip/arch.h")
.\HXOS\drivers\stm32\common.h(33): warning:  #47-D: incompatible redefinition of macro "offsetof" (declared at line 76 of "C:\Keil\ARM\ARMCC\bin\..\include\stddef.h")
linking...
Program Size: Code=157632 RO-data=133532 RW-data=10236 ZI-data=21556  
FromELF: creating hex file...
".\Obj&Lst\HXV176.axf" - 0 Errors, 484 Warning(s).
Build target 'HXOS_V176'
compiling assoc.c...
HXOS\network\nicdrv\assoc.c(74): warning:  #174-D: expression has no effect
HXOS\network\nicdrv\assoc.c(74): warning:  #174-D: expression has no effect
HXOS\network\nicdrv\assoc.c(113): warning:  #174-D: expression has no effect
HXOS\network\nicdrv\assoc.c(113): warning:  #174-D: expression has no effect
HXOS\network\nicdrv\assoc.c(113): warning:  #174-D: expression has no effect
HXOS\network\nicdrv\assoc.c(139): warning:  #174-D: expression has no effect
HXOS\network\nicdrv\assoc.c(139): warning:  #174-D: expression has no effect
HXOS\network\nicdrv\assoc.c(139): warning:  #174-D: expression has no effect
HXOS\network\nicdrv\assoc.c(159): warning:  #174-D: expression has no effect
HXOS\network\nicdrv\assoc.c(189): warning:  #174-D: expression has no effect
HXOS\network\nicdrv\assoc.c(192): warning:  #174-D: expression has no effect
HXOS\network\nicdrv\assoc.c(196): warning:  #174-D: expression has no effect
HXOS\network\nicdrv\assoc.c(200): warning:  #174-D: expression has no effect
HXOS\network\nicdrv\assoc.c(204): warning:  #174-D: expression has no effect
HXOS\network\nicdrv\assoc.c(204): warning:  #174-D: expression has no effect
HXOS\network\nicdrv\assoc.c(210): warning:  #174-D: expression has no effect
HXOS\network\nicdrv\assoc.c(210): warning:  #174-D: expression has no effect
HXOS\network\nicdrv\assoc.c(215): warning:  #174-D: expression has no effect
HXOS\network\nicdrv\assoc.c(215): warning:  #174-D: expression has no effect
HXOS\network\nicdrv\assoc.c(215): warning:  #174-D: expression has no effect
HXOS\network\nicdrv\assoc.c(306): warning:  #174-D: expression has no effect
HXOS\network\nicdrv\assoc.c(306): warning:  #174-D: expression has no effect
HXOS\network\nicdrv\assoc.c(339): warning:  #174-D: expression has no effect
HXOS\network\nicdrv\assoc.c(339): warning:  #174-D: expression has no effect
HXOS\network\nicdrv\assoc.c(359): warning:  #174-D: expression has no effect
HXOS\network\nicdrv\assoc.c(359): warning:  #174-D: expression has no effect
HXOS\network\nicdrv\assoc.c(359): warning:  #174-D: expression has no effect
HXOS\network\nicdrv\assoc.c(278): warning:  #177-D: variable "rsn" was declared but never referenced
HXOS\network\nicdrv\assoc.c(515): warning:  #174-D: expression has no effect
HXOS\network\nicdrv\assoc.c(515): warning:  #174-D: expression has no effect
HXOS\network\nicdrv\assoc.c(523): warning:  #174-D: expression has no effect
HXOS\network\nicdrv\assoc.c(523): warning:  #174-D: expression has no effect
HXOS\network\nicdrv\assoc.c(631): warning:  #174-D: expression has no effect
HXOS\network\nicdrv\assoc.c(631): warning:  #174-D: expression has no effect
HXOS\network\nicdrv\assoc.c(659): warning:  #174-D: expression has no effect
HXOS\network\nicdrv\assoc.c(664): warning:  #174-D: expression has no effect
HXOS\network\nicdrv\assoc.c(738): warning:  #174-D: expression has no effect
HXOS\network\nicdrv\assoc.c(754): warning:  #174-D: expression has no effect
HXOS\network\nicdrv\assoc.c(754): warning:  #174-D: expression has no effect
HXOS\network\nicdrv\assoc.c(754): warning:  #174-D: expression has no effect
HXOS\network\nicdrv\assoc.c(759): warning:  #174-D: expression has no effect
HXOS\network\nicdrv\assoc.c(766): warning:  #174-D: expression has no effect
HXOS\network\nicdrv\assoc.c(771): warning:  #174-D: expression has no effect
HXOS\network\nicdrv\assoc.c(771): warning:  #174-D: expression has no effect
HXOS\network\nicdrv\assoc.c(869): warning:  #174-D: expression has no effect
HXOS\network\nicdrv\assoc.c(869): warning:  #174-D: expression has no effect
HXOS\network\nicdrv\assoc.c(967): warning:  #174-D: expression has no effect
HXOS\network\nicdrv\assoc.c(967): warning:  #174-D: expression has no effect
HXOS\network\nicdrv\assoc.c(967): warning:  #174-D: expression has no effect
HXOS\network\nicdrv\assoc.c(970): warning:  #174-D: expression has no effect
HXOS\network\nicdrv\assoc.c(970): warning:  #174-D: expression has no effect
HXOS\network\nicdrv\assoc.c(970): warning:  #174-D: expression has no effect
HXOS\network\nicdrv\assoc.c(983): warning:  #174-D: expression has no effect
HXOS\network\nicdrv\assoc.c(1000): warning:  #174-D: expression has no effect
HXOS\network\nicdrv\assoc.c(1008): warning:  #174-D: expression has no effect
HXOS\network\nicdrv\assoc.c(1008): warning:  #174-D: expression has no effect
HXOS\network\nicdrv\assoc.c(1009): warning:  #174-D: expression has no effect
HXOS\network\nicdrv\assoc.c(1009): warning:  #174-D: expression has no effect
HXOS\network\nicdrv\assoc.c(1030): warning:  #174-D: expression has no effect
HXOS\network\nicdrv\assoc.c(1030): warning:  #174-D: expression has no effect
HXOS\network\nicdrv\assoc.c(1030): warning:  #174-D: expression has no effect
HXOS\network\nicdrv\assoc.c(1034): warning:  #174-D: expression has no effect
HXOS\network\nicdrv\assoc.c(1034): warning:  #174-D: expression has no effect
HXOS\network\nicdrv\assoc.c(1034): warning:  #174-D: expression has no effect
HXOS\network\nicdrv\assoc.c(1050): warning:  #174-D: expression has no effect
HXOS\network\nicdrv\assoc.c(1141): warning:  #174-D: expression has no effect
HXOS\network\nicdrv\assoc.c(1155): warning:  #174-D: expression has no effect
HXOS\network\nicdrv\assoc.c(1155): warning:  #174-D: expression has no effect
HXOS\network\nicdrv\assoc.c(1155): warning:  #174-D: expression has no effect
HXOS\network\nicdrv\assoc.c(1182): warning:  #174-D: expression has no effect
HXOS\network\nicdrv\assoc.c(1185): warning:  #174-D: expression has no effect
HXOS\network\nicdrv\assoc.c(1205): warning:  #174-D: expression has no effect
HXOS\network\nicdrv\assoc.c(1205): warning:  #174-D: expression has no effect
HXOS\network\nicdrv\assoc.c(1205): warning:  #174-D: expression has no effect
HXOS\network\nicdrv\assoc.c(1205): warning:  #174-D: expression has no effect
HXOS\network\nicdrv\assoc.c(1205): warning:  #174-D: expression has no effect
HXOS\network\nicdrv\assoc.c(1214): warning:  #174-D: expression has no effect
HXOS\network\nicdrv\assoc.c(1214): warning:  #174-D: expression has no effect
HXOS\network\nicdrv\assoc.c(1214): warning:  #174-D: expression has no effect
HXOS\network\nicdrv\assoc.c(1269): warning:  #174-D: expression has no effect
HXOS\network\nicdrv\assoc.c(1280): warning:  #174-D: expression has no effect
HXOS\network\nicdrv\assoc.c(1280): warning:  #174-D: expression has no effect
HXOS\network\nicdrv\assoc.c(1283): warning:  #174-D: expression has no effect
HXOS\network\nicdrv\assoc.c(1313): warning:  #174-D: expression has no effect
HXOS\network\nicdrv\assoc.c(1313): warning:  #174-D: expression has no effect
HXOS\network\nicdrv\assoc.c(1313): warning:  #174-D: expression has no effect
HXOS\network\nicdrv\assoc.c(1313): warning:  #174-D: expression has no effect
HXOS\network\nicdrv\assoc.c(1426): warning:  #174-D: expression has no effect
HXOS\network\nicdrv\assoc.c(1426): warning:  #174-D: expression has no effect
HXOS\network\nicdrv\assoc.c(1426): warning:  #174-D: expression has no effect
HXOS\network\nicdrv\assoc.c(1426): warning:  #174-D: expression has no effect
HXOS\network\nicdrv\assoc.c(1426): warning:  #174-D: expression has no effect
HXOS\network\nicdrv\assoc.c(1426): warning:  #174-D: expression has no effect
HXOS\network\nicdrv\assoc.c(1426): warning:  #174-D: expression has no effect
HXOS\network\nicdrv\assoc.c(1437): warning:  #174-D: expression has no effect
HXOS\network\nicdrv\assoc.c(1437): warning:  #174-D: expression has no effect
HXOS\network\nicdrv\assoc.c(1437): warning:  #174-D: expression has no effect
HXOS\network\nicdrv\assoc.c(1437): warning:  #174-D: expression has no effect
HXOS\network\nicdrv\assoc.c(1437): warning:  #174-D: expression has no effect
HXOS\network\nicdrv\assoc.c(1437): warning:  #174-D: expression has no effect
HXOS\network\nicdrv\assoc.c(1437): warning:  #174-D: expression has no effect
HXOS\network\nicdrv\assoc.c(1448): warning:  #174-D: expression has no effect
HXOS\network\nicdrv\assoc.c(1448): warning:  #174-D: expression has no effect
HXOS\network\nicdrv\assoc.c(1448): warning:  #174-D: expression has no effect
HXOS\network\nicdrv\assoc.c(1448): warning:  #174-D: expression has no effect
HXOS\network\nicdrv\assoc.c(1456): warning:  #174-D: expression has no effect
HXOS\network\nicdrv\assoc.c(1456): warning:  #174-D: expression has no effect
HXOS\network\nicdrv\assoc.c(1456): warning:  #174-D: expression has no effect
HXOS\network\nicdrv\assoc.c(1456): warning:  #174-D: expression has no effect
HXOS\network\nicdrv\assoc.c(1456): warning:  #174-D: expression has no effect
HXOS\network\nicdrv\assoc.c(1456): warning:  #174-D: expression has no effect
HXOS\network\nicdrv\assoc.c(1456): warning:  #174-D: expression has no effect
HXOS\network\nicdrv\assoc.c(1581): warning:  #174-D: expression has no effect
HXOS\network\nicdrv\assoc.c(1588): warning:  #174-D: expression has no effect
HXOS\network\nicdrv\assoc.c(1595): warning:  #174-D: expression has no effect
HXOS\network\nicdrv\assoc.c(1601): warning:  #174-D: expression has no effect
HXOS\network\nicdrv\assoc.c(1609): warning:  #174-D: expression has no effect
HXOS\network\nicdrv\assoc.c(1659): warning:  #174-D: expression has no effect
HXOS\network\nicdrv\assoc.c(1659): warning:  #174-D: expression has no effect
HXOS\network\nicdrv\assoc.c(1660): warning:  #174-D: expression has no effect
HXOS\network\nicdrv\assoc.c(1660): warning:  #174-D: expression has no effect
HXOS\network\nicdrv\assoc.c(1686): warning:  #174-D: expression has no effect
HXOS\network\nicdrv\assoc.c(1767): warning:  #174-D: expression has no effect
HXOS\network\nicdrv\assoc.c(1789): warning:  #174-D: expression has no effect
HXOS\network\nicdrv\assoc.c(1789): warning:  #174-D: expression has no effect
HXOS\network\nicdrv\assoc.c(1798): warning:  #174-D: expression has no effect
HXOS\network\nicdrv\assoc.c(1798): warning:  #174-D: expression has no effect
HXOS\network\nicdrv\assoc.c(1850): warning:  #174-D: expression has no effect
HXOS\network\nicdrv\assoc.c(1850): warning:  #174-D: expression has no effect
HXOS\network\nicdrv\assoc.c(1856): warning:  #174-D: expression has no effect
HXOS\network\nicdrv\assoc.c(1862): warning:  #174-D: expression has no effect
HXOS\network\nicdrv\assoc.c(1862): warning:  #174-D: expression has no effect
HXOS\network\nicdrv\assoc.c(1862): warning:  #174-D: expression has no effect
HXOS\network\nicdrv\assoc.c(1862): warning:  #174-D: expression has no effect
HXOS\network\nicdrv\assoc.c(1862): warning:  #174-D: expression has no effect
HXOS\network\nicdrv\assoc.c(1862): warning:  #174-D: expression has no effect
HXOS\network\nicdrv\assoc.c(1862): warning:  #174-D: expression has no effect
HXOS\network\nicdrv\assoc.c(1876): warning:  #174-D: expression has no effect
HXOS\network\nicdrv\assoc.c(1876): warning:  #174-D: expression has no effect
linking...
Program Size: Code=157632 RO-data=133532 RW-data=10236 ZI-data=21556  
FromELF: creating hex file...
".\Obj&Lst\HXV176.axf" - 0 Errors, 139 Warning(s).
Build target 'HXOS_V176'
linking...
Program Size: Code=157632 RO-data=133532 RW-data=10236 ZI-data=21556  
FromELF: creating hex file...
".\Obj&Lst\HXV176.axf" - 0 Errors, 0 Warning(s).
Build target 'HXOS_V176'
linking...
Program Size: Code=157632 RO-data=133532 RW-data=10236 ZI-data=21556  
FromELF: creating hex file...
".\Obj&Lst\HXV176.axf" - 0 Errors, 0 Warning(s).
Build target 'HXOS_V176'
compiling assoc.c...
HXOS\network\nicdrv\assoc.c(74): warning:  #174-D: expression has no effect
HXOS\network\nicdrv\assoc.c(74): warning:  #174-D: expression has no effect
HXOS\network\nicdrv\assoc.c(113): warning:  #174-D: expression has no effect
HXOS\network\nicdrv\assoc.c(113): warning:  #174-D: expression has no effect
HXOS\network\nicdrv\assoc.c(113): warning:  #174-D: expression has no effect
HXOS\network\nicdrv\assoc.c(139): warning:  #174-D: expression has no effect
HXOS\network\nicdrv\assoc.c(139): warning:  #174-D: expression has no effect
HXOS\network\nicdrv\assoc.c(139): warning:  #174-D: expression has no effect
HXOS\network\nicdrv\assoc.c(159): warning:  #174-D: expression has no effect
HXOS\network\nicdrv\assoc.c(189): warning:  #174-D: expression has no effect
HXOS\network\nicdrv\assoc.c(192): warning:  #174-D: expression has no effect
HXOS\network\nicdrv\assoc.c(196): warning:  #174-D: expression has no effect
HXOS\network\nicdrv\assoc.c(200): warning:  #174-D: expression has no effect
HXOS\network\nicdrv\assoc.c(204): warning:  #174-D: expression has no effect
HXOS\network\nicdrv\assoc.c(204): warning:  #174-D: expression has no effect
HXOS\network\nicdrv\assoc.c(210): warning:  #174-D: expression has no effect
HXOS\network\nicdrv\assoc.c(210): warning:  #174-D: expression has no effect
HXOS\network\nicdrv\assoc.c(215): warning:  #174-D: expression has no effect
HXOS\network\nicdrv\assoc.c(215): warning:  #174-D: expression has no effect
HXOS\network\nicdrv\assoc.c(215): warning:  #174-D: expression has no effect
HXOS\network\nicdrv\assoc.c(306): warning:  #174-D: expression has no effect
HXOS\network\nicdrv\assoc.c(306): warning:  #174-D: expression has no effect
HXOS\network\nicdrv\assoc.c(339): warning:  #174-D: expression has no effect
HXOS\network\nicdrv\assoc.c(339): warning:  #174-D: expression has no effect
HXOS\network\nicdrv\assoc.c(359): warning:  #174-D: expression has no effect
HXOS\network\nicdrv\assoc.c(359): warning:  #174-D: expression has no effect
HXOS\network\nicdrv\assoc.c(359): warning:  #174-D: expression has no effect
HXOS\network\nicdrv\assoc.c(278): warning:  #177-D: variable "rsn" was declared but never referenced
HXOS\network\nicdrv\assoc.c(515): warning:  #174-D: expression has no effect
HXOS\network\nicdrv\assoc.c(515): warning:  #174-D: expression has no effect
HXOS\network\nicdrv\assoc.c(523): warning:  #174-D: expression has no effect
HXOS\network\nicdrv\assoc.c(523): warning:  #174-D: expression has no effect
HXOS\network\nicdrv\assoc.c(631): warning:  #174-D: expression has no effect
HXOS\network\nicdrv\assoc.c(631): warning:  #174-D: expression has no effect
HXOS\network\nicdrv\assoc.c(660): warning:  #174-D: expression has no effect
HXOS\network\nicdrv\assoc.c(665): warning:  #174-D: expression has no effect
HXOS\network\nicdrv\assoc.c(739): warning:  #174-D: expression has no effect
HXOS\network\nicdrv\assoc.c(755): warning:  #174-D: expression has no effect
HXOS\network\nicdrv\assoc.c(755): warning:  #174-D: expression has no effect
HXOS\network\nicdrv\assoc.c(755): warning:  #174-D: expression has no effect
HXOS\network\nicdrv\assoc.c(760): warning:  #174-D: expression has no effect
HXOS\network\nicdrv\assoc.c(767): warning:  #174-D: expression has no effect
HXOS\network\nicdrv\assoc.c(772): warning:  #174-D: expression has no effect
HXOS\network\nicdrv\assoc.c(772): warning:  #174-D: expression has no effect
HXOS\network\nicdrv\assoc.c(870): warning:  #174-D: expression has no effect
HXOS\network\nicdrv\assoc.c(870): warning:  #174-D: expression has no effect
HXOS\network\nicdrv\assoc.c(968): warning:  #174-D: expression has no effect
HXOS\network\nicdrv\assoc.c(968): warning:  #174-D: expression has no effect
HXOS\network\nicdrv\assoc.c(968): warning:  #174-D: expression has no effect
HXOS\network\nicdrv\assoc.c(971): warning:  #174-D: expression has no effect
HXOS\network\nicdrv\assoc.c(971): warning:  #174-D: expression has no effect
HXOS\network\nicdrv\assoc.c(971): warning:  #174-D: expression has no effect
HXOS\network\nicdrv\assoc.c(984): warning:  #174-D: expression has no effect
HXOS\network\nicdrv\assoc.c(1001): warning:  #174-D: expression has no effect
HXOS\network\nicdrv\assoc.c(1009): warning:  #174-D: expression has no effect
HXOS\network\nicdrv\assoc.c(1009): warning:  #174-D: expression has no effect
HXOS\network\nicdrv\assoc.c(1010): warning:  #174-D: expression has no effect
HXOS\network\nicdrv\assoc.c(1010): warning:  #174-D: expression has no effect
HXOS\network\nicdrv\assoc.c(1031): warning:  #174-D: expression has no effect
HXOS\network\nicdrv\assoc.c(1031): warning:  #174-D: expression has no effect
HXOS\network\nicdrv\assoc.c(1031): warning:  #174-D: expression has no effect
HXOS\network\nicdrv\assoc.c(1035): warning:  #174-D: expression has no effect
HXOS\network\nicdrv\assoc.c(1035): warning:  #174-D: expression has no effect
HXOS\network\nicdrv\assoc.c(1035): warning:  #174-D: expression has no effect
HXOS\network\nicdrv\assoc.c(1051): warning:  #174-D: expression has no effect
HXOS\network\nicdrv\assoc.c(1142): warning:  #174-D: expression has no effect
HXOS\network\nicdrv\assoc.c(1156): warning:  #174-D: expression has no effect
HXOS\network\nicdrv\assoc.c(1156): warning:  #174-D: expression has no effect
HXOS\network\nicdrv\assoc.c(1156): warning:  #174-D: expression has no effect
HXOS\network\nicdrv\assoc.c(1183): warning:  #174-D: expression has no effect
HXOS\network\nicdrv\assoc.c(1186): warning:  #174-D: expression has no effect
HXOS\network\nicdrv\assoc.c(1206): warning:  #174-D: expression has no effect
HXOS\network\nicdrv\assoc.c(1206): warning:  #174-D: expression has no effect
HXOS\network\nicdrv\assoc.c(1206): warning:  #174-D: expression has no effect
HXOS\network\nicdrv\assoc.c(1206): warning:  #174-D: expression has no effect
HXOS\network\nicdrv\assoc.c(1206): warning:  #174-D: expression has no effect
HXOS\network\nicdrv\assoc.c(1215): warning:  #174-D: expression has no effect
HXOS\network\nicdrv\assoc.c(1215): warning:  #174-D: expression has no effect
HXOS\network\nicdrv\assoc.c(1215): warning:  #174-D: expression has no effect
HXOS\network\nicdrv\assoc.c(1270): warning:  #174-D: expression has no effect
HXOS\network\nicdrv\assoc.c(1281): warning:  #174-D: expression has no effect
HXOS\network\nicdrv\assoc.c(1281): warning:  #174-D: expression has no effect
HXOS\network\nicdrv\assoc.c(1284): warning:  #174-D: expression has no effect
HXOS\network\nicdrv\assoc.c(1314): warning:  #174-D: expression has no effect
HXOS\network\nicdrv\assoc.c(1314): warning:  #174-D: expression has no effect
HXOS\network\nicdrv\assoc.c(1314): warning:  #174-D: expression has no effect
HXOS\network\nicdrv\assoc.c(1314): warning:  #174-D: expression has no effect
HXOS\network\nicdrv\assoc.c(1427): warning:  #174-D: expression has no effect
HXOS\network\nicdrv\assoc.c(1427): warning:  #174-D: expression has no effect
HXOS\network\nicdrv\assoc.c(1427): warning:  #174-D: expression has no effect
HXOS\network\nicdrv\assoc.c(1427): warning:  #174-D: expression has no effect
HXOS\network\nicdrv\assoc.c(1427): warning:  #174-D: expression has no effect
HXOS\network\nicdrv\assoc.c(1427): warning:  #174-D: expression has no effect
HXOS\network\nicdrv\assoc.c(1427): warning:  #174-D: expression has no effect
HXOS\network\nicdrv\assoc.c(1438): warning:  #174-D: expression has no effect
HXOS\network\nicdrv\assoc.c(1438): warning:  #174-D: expression has no effect
HXOS\network\nicdrv\assoc.c(1438): warning:  #174-D: expression has no effect
HXOS\network\nicdrv\assoc.c(1438): warning:  #174-D: expression has no effect
HXOS\network\nicdrv\assoc.c(1438): warning:  #174-D: expression has no effect
HXOS\network\nicdrv\assoc.c(1438): warning:  #174-D: expression has no effect
HXOS\network\nicdrv\assoc.c(1438): warning:  #174-D: expression has no effect
HXOS\network\nicdrv\assoc.c(1449): warning:  #174-D: expression has no effect
HXOS\network\nicdrv\assoc.c(1449): warning:  #174-D: expression has no effect
HXOS\network\nicdrv\assoc.c(1449): warning:  #174-D: expression has no effect
HXOS\network\nicdrv\assoc.c(1449): warning:  #174-D: expression has no effect
HXOS\network\nicdrv\assoc.c(1457): warning:  #174-D: expression has no effect
HXOS\network\nicdrv\assoc.c(1457): warning:  #174-D: expression has no effect
HXOS\network\nicdrv\assoc.c(1457): warning:  #174-D: expression has no effect
HXOS\network\nicdrv\assoc.c(1457): warning:  #174-D: expression has no effect
HXOS\network\nicdrv\assoc.c(1457): warning:  #174-D: expression has no effect
HXOS\network\nicdrv\assoc.c(1457): warning:  #174-D: expression has no effect
HXOS\network\nicdrv\assoc.c(1457): warning:  #174-D: expression has no effect
HXOS\network\nicdrv\assoc.c(1582): warning:  #174-D: expression has no effect
HXOS\network\nicdrv\assoc.c(1589): warning:  #174-D: expression has no effect
HXOS\network\nicdrv\assoc.c(1596): warning:  #174-D: expression has no effect
HXOS\network\nicdrv\assoc.c(1602): warning:  #174-D: expression has no effect
HXOS\network\nicdrv\assoc.c(1610): warning:  #174-D: expression has no effect
HXOS\network\nicdrv\assoc.c(1660): warning:  #174-D: expression has no effect
HXOS\network\nicdrv\assoc.c(1660): warning:  #174-D: expression has no effect
HXOS\network\nicdrv\assoc.c(1661): warning:  #174-D: expression has no effect
HXOS\network\nicdrv\assoc.c(1661): warning:  #174-D: expression has no effect
HXOS\network\nicdrv\assoc.c(1687): warning:  #174-D: expression has no effect
HXOS\network\nicdrv\assoc.c(1768): warning:  #174-D: expression has no effect
HXOS\network\nicdrv\assoc.c(1790): warning:  #174-D: expression has no effect
HXOS\network\nicdrv\assoc.c(1790): warning:  #174-D: expression has no effect
HXOS\network\nicdrv\assoc.c(1799): warning:  #174-D: expression has no effect
HXOS\network\nicdrv\assoc.c(1799): warning:  #174-D: expression has no effect
HXOS\network\nicdrv\assoc.c(1851): warning:  #174-D: expression has no effect
HXOS\network\nicdrv\assoc.c(1851): warning:  #174-D: expression has no effect
HXOS\network\nicdrv\assoc.c(1857): warning:  #174-D: expression has no effect
HXOS\network\nicdrv\assoc.c(1863): warning:  #174-D: expression has no effect
HXOS\network\nicdrv\assoc.c(1863): warning:  #174-D: expression has no effect
HXOS\network\nicdrv\assoc.c(1863): warning:  #174-D: expression has no effect
HXOS\network\nicdrv\assoc.c(1863): warning:  #174-D: expression has no effect
HXOS\network\nicdrv\assoc.c(1863): warning:  #174-D: expression has no effect
HXOS\network\nicdrv\assoc.c(1863): warning:  #174-D: expression has no effect
HXOS\network\nicdrv\assoc.c(1863): warning:  #174-D: expression has no effect
HXOS\network\nicdrv\assoc.c(1877): warning:  #174-D: expression has no effect
HXOS\network\nicdrv\assoc.c(1877): warning:  #174-D: expression has no effect
linking...
Program Size: Code=157696 RO-data=133532 RW-data=10236 ZI-data=21556  
FromELF: creating hex file...
".\Obj&Lst\HXV176.axf" - 0 Errors, 139 Warning(s).
Build target 'HXOS_V176'
compiling assoc.c...
HXOS\network\nicdrv\assoc.c(74): warning:  #174-D: expression has no effect
HXOS\network\nicdrv\assoc.c(74): warning:  #174-D: expression has no effect
HXOS\network\nicdrv\assoc.c(113): warning:  #174-D: expression has no effect
HXOS\network\nicdrv\assoc.c(113): warning:  #174-D: expression has no effect
HXOS\network\nicdrv\assoc.c(113): warning:  #174-D: expression has no effect
HXOS\network\nicdrv\assoc.c(139): warning:  #174-D: expression has no effect
HXOS\network\nicdrv\assoc.c(139): warning:  #174-D: expression has no effect
HXOS\network\nicdrv\assoc.c(139): warning:  #174-D: expression has no effect
HXOS\network\nicdrv\assoc.c(159): warning:  #174-D: expression has no effect
HXOS\network\nicdrv\assoc.c(189): warning:  #174-D: expression has no effect
HXOS\network\nicdrv\assoc.c(192): warning:  #174-D: expression has no effect
HXOS\network\nicdrv\assoc.c(196): warning:  #174-D: expression has no effect
HXOS\network\nicdrv\assoc.c(200): warning:  #174-D: expression has no effect
HXOS\network\nicdrv\assoc.c(204): warning:  #174-D: expression has no effect
HXOS\network\nicdrv\assoc.c(204): warning:  #174-D: expression has no effect
HXOS\network\nicdrv\assoc.c(210): warning:  #174-D: expression has no effect
HXOS\network\nicdrv\assoc.c(210): warning:  #174-D: expression has no effect
HXOS\network\nicdrv\assoc.c(215): warning:  #174-D: expression has no effect
HXOS\network\nicdrv\assoc.c(215): warning:  #174-D: expression has no effect
HXOS\network\nicdrv\assoc.c(215): warning:  #174-D: expression has no effect
HXOS\network\nicdrv\assoc.c(306): warning:  #174-D: expression has no effect
HXOS\network\nicdrv\assoc.c(306): warning:  #174-D: expression has no effect
HXOS\network\nicdrv\assoc.c(339): warning:  #174-D: expression has no effect
HXOS\network\nicdrv\assoc.c(339): warning:  #174-D: expression has no effect
HXOS\network\nicdrv\assoc.c(359): warning:  #174-D: expression has no effect
HXOS\network\nicdrv\assoc.c(359): warning:  #174-D: expression has no effect
HXOS\network\nicdrv\assoc.c(359): warning:  #174-D: expression has no effect
HXOS\network\nicdrv\assoc.c(278): warning:  #177-D: variable "rsn" was declared but never referenced
HXOS\network\nicdrv\assoc.c(515): warning:  #174-D: expression has no effect
HXOS\network\nicdrv\assoc.c(515): warning:  #174-D: expression has no effect
HXOS\network\nicdrv\assoc.c(523): warning:  #174-D: expression has no effect
HXOS\network\nicdrv\assoc.c(523): warning:  #174-D: expression has no effect
HXOS\network\nicdrv\assoc.c(632): warning:  #174-D: expression has no effect
HXOS\network\nicdrv\assoc.c(632): warning:  #174-D: expression has no effect
HXOS\network\nicdrv\assoc.c(661): warning:  #174-D: expression has no effect
HXOS\network\nicdrv\assoc.c(666): warning:  #174-D: expression has no effect
HXOS\network\nicdrv\assoc.c(740): warning:  #174-D: expression has no effect
HXOS\network\nicdrv\assoc.c(756): warning:  #174-D: expression has no effect
HXOS\network\nicdrv\assoc.c(756): warning:  #174-D: expression has no effect
HXOS\network\nicdrv\assoc.c(756): warning:  #174-D: expression has no effect
HXOS\network\nicdrv\assoc.c(761): warning:  #174-D: expression has no effect
HXOS\network\nicdrv\assoc.c(768): warning:  #174-D: expression has no effect
[...]
HXOS\network\nicdrv\assoc.c(1214): warning:  #174-D: expression has no effect
HXOS\network\nicdrv\assoc.c(1214): warning:  #174-D: expression has no effect
HXOS\network\nicdrv\assoc.c(1214): warning:  #174-D: expression has no effect
HXOS\network\nicdrv\assoc.c(1223): warning:  #174-D: expression has no effect
HXOS\network\nicdrv\assoc.c(1223): warning:  #174-D: expression has no effect
HXOS\network\nicdrv\assoc.c(1223): warning:  #174-D: expression has no effect
HXOS\network\nicdrv\assoc.c(1278): warning:  #174-D: expression has no effect
HXOS\network\nicdrv\assoc.c(1289): warning:  #174-D: expression has no effect
HXOS\network\nicdrv\assoc.c(1289): warning:  #174-D: expression has no effect
HXOS\network\nicdrv\assoc.c(1292): warning:  #174-D: expression has no effect
HXOS\network\nicdrv\assoc.c(1322): warning:  #174-D: expression has no effect
HXOS\network\nicdrv\assoc.c(1322): warning:  #174-D: expression has no effect
HXOS\network\nicdrv\assoc.c(1322): warning:  #174-D: expression has no effect
HXOS\network\nicdrv\assoc.c(1322): warning:  #174-D: expression has no effect
HXOS\network\nicdrv\assoc.c(1590): warning:  #174-D: expression has no effect
HXOS\network\nicdrv\assoc.c(1597): warning:  #174-D: expression has no effect
HXOS\network\nicdrv\assoc.c(1604): warning:  #174-D: expression has no effect
HXOS\network\nicdrv\assoc.c(1610): warning:  #174-D: expression has no effect
HXOS\network\nicdrv\assoc.c(1618): warning:  #174-D: expression has no effect
HXOS\network\nicdrv\assoc.c(1668): warning:  #174-D: expression has no effect
HXOS\network\nicdrv\assoc.c(1668): warning:  #174-D: expression has no effect
HXOS\network\nicdrv\assoc.c(1669): warning:  #174-D: expression has no effect
HXOS\network\nicdrv\assoc.c(1669): warning:  #174-D: expression has no effect
HXOS\network\nicdrv\assoc.c(1697): warning:  #174-D: expression has no effect
HXOS\network\nicdrv\assoc.c(1778): warning:  #174-D: expression has no effect
HXOS\network\nicdrv\assoc.c(1800): warning:  #174-D: expression has no effect
HXOS\network\nicdrv\assoc.c(1800): warning:  #174-D: expression has no effect
HXOS\network\nicdrv\assoc.c(1809): warning:  #174-D: expression has no effect
HXOS\network\nicdrv\assoc.c(1809): warning:  #174-D: expression has no effect
HXOS\network\nicdrv\assoc.c(1861): warning:  #174-D: expression has no effect
HXOS\network\nicdrv\assoc.c(1861): warning:  #174-D: expression has no effect
HXOS\network\nicdrv\assoc.c(1867): warning:  #174-D: expression has no effect
HXOS\network\nicdrv\assoc.c(1873): warning:  #174-D: expression has no effect
HXOS\network\nicdrv\assoc.c(1873): warning:  #174-D: expression has no effect
HXOS\network\nicdrv\assoc.c(1873): warning:  #174-D: expression has no effect
HXOS\network\nicdrv\assoc.c(1873): warning:  #174-D: expression has no effect
HXOS\network\nicdrv\assoc.c(1873): warning:  #174-D: expression has no effect
HXOS\network\nicdrv\assoc.c(1873): warning:  #174-D: expression has no effect
HXOS\network\nicdrv\assoc.c(1873): warning:  #174-D: expression has no effect
HXOS\network\nicdrv\assoc.c(1887): warning:  #174-D: expression has no effect
HXOS\network\nicdrv\assoc.c(1887): warning:  #174-D: expression has no effect
linking...
Program Size: Code=159432 RO-data=133888 RW-data=10236 ZI-data=21556  
FromELF: creating hex file...
".\Obj&Lst\HXV176.axf" - 0 Errors, 114 Warning(s).
Build target 'HXOS_V176'
compiling OS_ENTRY.C...
compiling network.c...
HXOS\shell\network.c(85): warning:  #223-D: function "strncpy" declared implicitly
compiling ethif.c...
compiling rx.c...
.\HXOS\include\lwip/arch.h(142): warning:  #47-D: incompatible redefinition of macro "ETIME" (declared at line 228 of ".\HXOS\drivers\stm32\type.h")
.\HXOS\include\lwip/arch.h(161): warning:  #47-D: incompatible redefinition of macro "ELIBSCN" (declared at line 210 of ".\HXOS\drivers\stm32\type.h")
.\HXOS\include\lwip/arch.h(162): warning:  #47-D: incompatible redefinition of macro "ELIBMAX" (declared at line 209 of ".\HXOS\drivers\stm32\type.h")
.\HXOS\include\lwip/arch.h(164): warning:  #47-D: incompatible redefinition of macro "EILSEQ" (declared at line 208 of ".\HXOS\drivers\stm32\type.h")
.\HXOS\include\lwip/arch.h(181): warning:  #47-D: incompatible redefinition of macro "ENETUNREACH" (declared at line 225 of ".\HXOS\drivers\stm32\type.h")
.\HXOS\include\lwip/arch.h(185): warning:  #47-D: incompatible redefinition of macro "ENOBUFS" (declared at line 226 of ".\HXOS\drivers\stm32\type.h")
.\HXOS\include\lwip/arch.h(190): warning:  #47-D: incompatible redefinition of macro "ETIMEDOUT" (declared at line 227 of ".\HXOS\drivers\stm32\type.h")
.\HXOS\include\lwip/arch.h(204): warning:  #47-D: incompatible redefinition of macro "ENOMEDIUM" (declared at line 212 of ".\HXOS\drivers\stm32\type.h")
.\HXOS\include\lwip/arch.h(205): warning:  #47-D: incompatible redefinition of macro "EMEDIUMTYPE" (declared at line 213 of ".\HXOS\drivers\stm32\type.h")
HXOS\network\nicdrv\rx.c(167): warning:  #174-D: expression has no effect
HXOS\network\nicdrv\rx.c(254): warning:  #174-D: expression has no effect
HXOS\network\nicdrv\rx.c(80): warning:  #177-D: function "DeliveryPacket" was declared but never referenced
compiling marvelif.c...
.\HXOS\drivers\stm32\type.h(208): warning:  #47-D: incompatible redefinition of macro "EILSEQ" (declared at line 164 of ".\HXOS\include\lwip/arch.h")
.\HXOS\drivers\stm32\type.h(209): warning:  #47-D: incompatible redefinition of macro "ELIBMAX" (declared at line 162 of ".\HXOS\include\lwip/arch.h")
.\HXOS\drivers\stm32\type.h(210): warning:  #47-D: incompatible redefinition of macro "ELIBSCN" (declared at line 161 of ".\HXOS\include\lwip/arch.h")
.\HXOS\drivers\stm32\type.h(212): warning:  #47-D: incompatible redefinition of macro "ENOMEDIUM" (declared at line 204 of ".\HXOS\include\lwip/arch.h")
.\HXOS\drivers\stm32\type.h(213): warning:  #47-D: incompatible redefinition of macro "EMEDIUMTYPE" (declared at line 205 of ".\HXOS\include\lwip/arch.h")
.\HXOS\drivers\stm32\type.h(225): warning:  #47-D: incompatible redefinition of macro "ENETUNREACH" (declared at line 181 of ".\HXOS\include\lwip/arch.h")
.\HXOS\drivers\stm32\type.h(226): warning:  #47-D: incompatible redefinition of macro "ENOBUFS" (declared at line 185 of ".\HXOS\include\lwip/arch.h")
.\HXOS\drivers\stm32\type.h(227): warning:  #47-D: incompatible redefinition of macro "ETIMEDOUT" (declared at line 190 of ".\HXOS\include\lwip/arch.h")
.\HXOS\drivers\stm32\type.h(228): warning:  #47-D: incompatible redefinition of macro "ETIME" (declared at line 142 of ".\HXOS\include\lwip/arch.h")
.\HXOS\drivers\stm32\common.h(33): warning:  #47-D: incompatible redefinition of macro "offsetof" (declared at line 76 of "C:\Keil\ARM\ARMCC\bin\..\include\stddef.h")
linking...
Program Size: Code=159424 RO-data=133888 RW-data=10236 ZI-data=21556  
FromELF: creating hex file...
".\Obj&Lst\HXV176.axf" - 0 Errors, 23 Warning(s).
Build target 'HXOS_V176'
compiling OS_ENTRY.C...
compiling network.c...
HXOS\shell\network.c(85): warning:  #223-D: function "strncpy" declared implicitly
compiling ethif.c...
compiling assoc.c...
HXOS\network\nicdrv\assoc.c(74): warning:  #174-D: expression has no effect
HXOS\network\nicdrv\assoc.c(74): warning:  #174-D: expression has no effect
HXOS\network\nicdrv\assoc.c(113): warning:  #174-D: expression has no effect
HXOS\network\nicdrv\assoc.c(113): warning:  #174-D: expression has no effect
HXOS\network\nicdrv\assoc.c(113): warning:  #174-D: expression has no effect
HXOS\network\nicdrv\assoc.c(139): warning:  #174-D: expression has no effect
HXOS\network\nicdrv\assoc.c(139): warning:  #174-D: expression has no effect
HXOS\network\nicdrv\assoc.c(139): warning:  #174-D: expression has no effect
HXOS\network\nicdrv\assoc.c(159): warning:  #174-D: expression has no effect
HXOS\network\nicdrv\assoc.c(189): warning:  #174-D: expression has no effect
HXOS\network\nicdrv\assoc.c(192): warning:  #174-D: expression has no effect
HXOS\network\nicdrv\assoc.c(196): warning:  #174-D: expression has no effect
HXOS\network\nicdrv\assoc.c(200): warning:  #174-D: expression has no effect
HXOS\network\nicdrv\assoc.c(204): warning:  #174-D: expression has no effect
HXOS\network\nicdrv\assoc.c(204): warning:  #174-D: expression has no effect
HXOS\network\nicdrv\assoc.c(210): warning:  #174-D: expression has no effect
HXOS\network\nicdrv\assoc.c(210): warning:  #174-D: expression has no effect
HXOS\network\nicdrv\assoc.c(215): warning:  #174-D: expression has no effect
HXOS\network\nicdrv\assoc.c(215): warning:  #174-D: expression has no effect
HXOS\network\nicdrv\assoc.c(215): warning:  #174-D: expression has no effect
HXOS\network\nicdrv\assoc.c(306): warning:  #174-D: expression has no effect
HXOS\network\nicdrv\assoc.c(306): warning:  #174-D: expression has no effect
HXOS\network\nicdrv\assoc.c(339): warning:  #174-D: expression has no effect
HXOS\network\nicdrv\assoc.c(339): warning:  #174-D: expression has no effect
HXOS\network\nicdrv\assoc.c(359): warning:  #174-D: expression has no effect
HXOS\network\nicdrv\assoc.c(359): warning:  #174-D: expression has no effect
HXOS\network\nicdrv\assoc.c(359): warning:  #174-D: expression has no effect
HXOS\network\nicdrv\assoc.c(278): warning:  #177-D: variable "rsn" was declared but never referenced
HXOS\network\nicdrv\assoc.c(515): warning:  #174-D: expression has no effect
HXOS\network\nicdrv\assoc.c(515): warning:  #174-D: expression has no effect
HXOS\network\nicdrv\assoc.c(523): warning:  #174-D: expression has no effect
HXOS\network\nicdrv\assoc.c(523): warning:  #174-D: expression has no effect
HXOS\network\nicdrv\assoc.c(639): warning:  #174-D: expression has no effect
HXOS\network\nicdrv\assoc.c(639): warning:  #174-D: expression has no effect
HXOS\network\nicdrv\assoc.c(668): warning:  #174-D: expression has no effect
HXOS\network\nicdrv\assoc.c(673): warning:  #174-D: expression has no effect
HXOS\network\nicdrv\assoc.c(747): warning:  #174-D: expression has no effect
HXOS\network\nicdrv\assoc.c(763): warning:  #174-D: expression has no effect
HXOS\network\nicdrv\assoc.c(763): warning:  #174-D: expression has no effect
HXOS\network\nicdrv\assoc.c(763): warning:  #174-D: expression has no effect
HXOS\network\nicdrv\assoc.c(768): warning:  #174-D: expression has no effect
HXOS\network\nicdrv\assoc.c(775): warning:  #174-D: expression has no effect
HXOS\network\nicdrv\assoc.c(780): warning:  #174-D: expression has no effect
HXOS\network\nicdrv\assoc.c(780): warning:  #174-D: expression has no effect
HXOS\network\nicdrv\assoc.c(878): warning:  #174-D: expression has no effect
HXOS\network\nicdrv\assoc.c(878): warning:  #174-D: expression has no effect
HXOS\network\nicdrv\assoc.c(976): warning:  #174-D: expression has no effect
HXOS\network\nicdrv\assoc.c(976): warning:  #174-D: expression has no effect
HXOS\network\nicdrv\assoc.c(976): warning:  #174-D: expression has no effect
HXOS\network\nicdrv\assoc.c(979): warning:  #174-D: expression has no effect
HXOS\network\nicdrv\assoc.c(979): warning:  #174-D: expression has no effect
HXOS\network\nicdrv\assoc.c(979): warning:  #174-D: expression has no effect
HXOS\network\nicdrv\assoc.c(992): warning:  #174-D: expression has no effect
HXOS\network\nicdrv\assoc.c(1009): warning:  #174-D: expression has no effect
HXOS\network\nicdrv\assoc.c(1017): warning:  #174-D: expression has no effect
HXOS\network\nicdrv\assoc.c(1017): warning:  #174-D: expression has no effect
HXOS\network\nicdrv\assoc.c(1018): warning:  #174-D: expression has no effect
HXOS\network\nicdrv\assoc.c(1018): warning:  #174-D: expression has no effect
HXOS\network\nicdrv\assoc.c(1039): warning:  #174-D: expression has no effect
HXOS\network\nicdrv\assoc.c(1039): warning:  #174-D: expression has no effect
HXOS\network\nicdrv\assoc.c(1039): warning:  #174-D: expression has no effect
HXOS\network\nicdrv\assoc.c(1043): warning:  #174-D: expression has no effect
HXOS\network\nicdrv\assoc.c(1043): warning:  #174-D: expression has no effect
HXOS\network\nicdrv\assoc.c(1043): warning:  #174-D: expression has no effect
HXOS\network\nicdrv\assoc.c(1059): warning:  #174-D: expression has no effect
HXOS\network\nicdrv\assoc.c(1150): warning:  #174-D: expression has no effect
HXOS\network\nicdrv\assoc.c(1164): warning:  #174-D: expression has no effect
HXOS\network\nicdrv\assoc.c(1164): warning:  #174-D: expression has no effect
HXOS\network\nicdrv\assoc.c(1164): warning:  #174-D: expression has no effect
HXOS\network\nicdrv\assoc.c(1191): warning:  #174-D: expression has no effect
HXOS\network\nicdrv\assoc.c(1194): warning:  #174-D: expression has no effect
HXOS\network\nicdrv\assoc.c(1214): warning:  #174-D: expression has no effect
HXOS\network\nicdrv\assoc.c(1214): warning:  #174-D: expression has no effect
HXOS\network\nicdrv\assoc.c(1214): warning:  #174-D: expression has no effect
HXOS\network\nicdrv\assoc.c(1214): warning:  #174-D: expression has no effect
HXOS\network\nicdrv\assoc.c(1214): warning:  #174-D: expression has no effect
HXOS\network\nicdrv\assoc.c(1223): warning:  #174-D: expression has no effect
HXOS\network\nicdrv\assoc.c(1223): warning:  #174-D: expression has no effect
HXOS\network\nicdrv\assoc.c(1223): warning:  #174-D: expression has no effect
HXOS\network\nicdrv\assoc.c(1278): warning:  #174-D: expression has no effect
HXOS\network\nicdrv\assoc.c(1289): warning:  #174-D: expression has no effect
HXOS\network\nicdrv\assoc.c(1289): warning:  #174-D: expression has no effect
HXOS\network\nicdrv\assoc.c(1292): warning:  #174-D: expression has no effect
HXOS\network\nicdrv\assoc.c(1322): warning:  #174-D: expression has no effect
HXOS\network\nicdrv\assoc.c(1322): warning:  #174-D: expression has no effect
HXOS\network\nicdrv\assoc.c(1322): warning:  #174-D: expression has no effect
HXOS\network\nicdrv\assoc.c(1322): warning:  #174-D: expression has no effect
HXOS\network\nicdrv\assoc.c(1590): warning:  #174-D: expression has no effect
HXOS\network\nicdrv\assoc.c(1597): warning:  #174-D: expression has no effect
HXOS\network\nicdrv\assoc.c(1604): warning:  #174-D: expression has no effect
HXOS\network\nicdrv\assoc.c(1610): warning:  #174-D: expression has no effect
HXOS\network\nicdrv\assoc.c(1618): warning:  #174-D: expression has no effect
HXOS\network\nicdrv\assoc.c(1668): warning:  #174-D: expression has no effect
HXOS\network\nicdrv\assoc.c(1668): warning:  #174-D: expression has no effect
HXOS\network\nicdrv\assoc.c(1669): warning:  #174-D: expression has no effect
HXOS\network\nicdrv\assoc.c(1669): warning:  #174-D: expression has no effect
HXOS\network\nicdrv\assoc.c(1696): warning:  #174-D: expression has no effect
HXOS\network\nicdrv\assoc.c(1777): warning:  #174-D: expression has no effect
HXOS\network\nicdrv\assoc.c(1799): warning:  #174-D: expression has no effect
HXOS\network\nicdrv\assoc.c(1799): warning:  #174-D: expression has no effect
HXOS\network\nicdrv\assoc.c(1808): warning:  #174-D: expression has no effect
HXOS\network\nicdrv\assoc.c(1808): warning:  #174-D: expression has no effect
HXOS\network\nicdrv\assoc.c(1860): warning:  #174-D: expression has no effect
HXOS\network\nicdrv\assoc.c(1860): warning:  #174-D: expression has no effect
HXOS\network\nicdrv\assoc.c(1866): warning:  #174-D: expression has no effect
HXOS\network\nicdrv\assoc.c(1872): warning:  #174-D: expression has no effect
HXOS\network\nicdrv\assoc.c(1872): warning:  #174-D: expression has no effect
HXOS\network\nicdrv\assoc.c(1872): warning:  #174-D: expression has no effect
HXOS\network\nicdrv\assoc.c(1872): warning:  #174-D: expression has no effect
HXOS\network\nicdrv\assoc.c(1872): warning:  #174-D: expression has no effect
HXOS\network\nicdrv\assoc.c(1872): warning:  #174-D: expression has no effect
HXOS\network\nicdrv\assoc.c(1872): warning:  #174-D: expression has no effect
HXOS\network\nicdrv\assoc.c(1886): warning:  #174-D: expression has no effect
HXOS\network\nicdrv\assoc.c(1886): warning:  #174-D: expression has no effect
compiling rx.c...
.\HXOS\include\lwip/arch.h(142): warning:  #47-D: incompatible redefinition of macro "ETIME" (declared at line 228 of ".\HXOS\drivers\stm32\type.h")
.\HXOS\include\lwip/arch.h(161): warning:  #47-D: incompatible redefinition of macro "ELIBSCN" (declared at line 210 of ".\HXOS\drivers\stm32\type.h")
.\HXOS\include\lwip/arch.h(162): warning:  #47-D: incompatible redefinition of macro "ELIBMAX" (declared at line 209 of ".\HXOS\drivers\stm32\type.h")
.\HXOS\include\lwip/arch.h(164): warning:  #47-D: incompatible redefinition of macro "EILSEQ" (declared at line 208 of ".\HXOS\drivers\stm32\type.h")
.\HXOS\include\lwip/arch.h(181): warning:  #47-D: incompatible redefinition of macro "ENETUNREACH" (declared at line 225 of ".\HXOS\drivers\stm32\type.h")
.\HXOS\include\lwip/arch.h(185): warning:  #47-D: incompatible redefinition of macro "ENOBUFS" (declared at line 226 of ".\HXOS\drivers\stm32\type.h")
.\HXOS\include\lwip/arch.h(190): warning:  #47-D: incompatible redefinition of macro "ETIMEDOUT" (declared at line 227 of ".\HXOS\drivers\stm32\type.h")
.\HXOS\include\lwip/arch.h(204): warning:  #47-D: incompatible redefinition of macro "ENOMEDIUM" (declared at line 212 of ".\HXOS\drivers\stm32\type.h")
.\HXOS\include\lwip/arch.h(205): warning:  #47-D: incompatible redefinition of macro "EMEDIUMTYPE" (declared at line 213 of ".\HXOS\drivers\stm32\type.h")
HXOS\network\nicdrv\rx.c(167): warning:  #174-D: expression has no effect
HXOS\network\nicdrv\rx.c(254): warning:  #174-D: expression has no effect
HXOS\network\nicdrv\rx.c(80): warning:  #177-D: function "DeliveryPacket" was declared but never referenced
compiling marvelif.c...
.\HXOS\drivers\stm32\type.h(208): warning:  #47-D: incompatible redefinition of macro "EILSEQ" (declared at line 164 of ".\HXOS\include\lwip/arch.h")
.\HXOS\drivers\stm32\type.h(209): warning:  #47-D: incompatible redefinition of macro "ELIBMAX" (declared at line 162 of ".\HXOS\include\lwip/arch.h")
.\HXOS\drivers\stm32\type.h(210): warning:  #47-D: incompatible redefinition of macro "ELIBSCN" (declared at line 161 of ".\HXOS\include\lwip/arch.h")
.\HXOS\drivers\stm32\type.h(212): warning:  #47-D: incompatible redefinition of macro "ENOMEDIUM" (declared at line 204 of ".\HXOS\include\lwip/arch.h")
.\HXOS\drivers\stm32\type.h(213): warning:  #47-D: incompatible redefinition of macro "EMEDIUMTYPE" (declared at line 205 of ".\HXOS\include\lwip/arch.h")
.\HXOS\drivers\stm32\type.h(225): warning:  #47-D: incompatible redefinition of macro "ENETUNREACH" (declared at line 181 of ".\HXOS\include\lwip/arch.h")
.\HXOS\drivers\stm32\type.h(226): warning:  #47-D: incompatible redefinition of macro "ENOBUFS" (declared at line 185 of ".\HXOS\include\lwip/arch.h")
.\HXOS\drivers\stm32\type.h(227): warning:  #47-D: incompatible redefinition of macro "ETIMEDOUT" (declared at line 190 of ".\HXOS\include\lwip/arch.h")
.\HXOS\drivers\stm32\type.h(228): warning:  #47-D: incompatible redefinition of macro "ETIME" (declared at line 142 of ".\HXOS\include\lwip/arch.h")
.\HXOS\drivers\stm32\common.h(33): warning:  #47-D: incompatible redefinition of macro "offsetof" (declared at line 76 of "C:\Keil\ARM\ARMCC\bin\..\include\stddef.h")
linking...
Program Size: Code=159424 RO-data=133888 RW-data=10236 ZI-data=21556  
FromELF: creating hex file...
".\Obj&Lst\HXV176.axf" - 0 Errors, 137 Warning(s).
Build target 'HXOS_V176'
compiling ethif.c...
linking...
Program Size: Code=159424 RO-data=133888 RW-data=10236 ZI-data=21556  
FromELF: creating hex file...
".\Obj&Lst\HXV176.axf" - 0 Errors, 0 Warning(s).
Build target 'HXOS_V176'
linking...
Program Size: Code=159424 RO-data=133888 RW-data=10236 ZI-data=21556  
FromELF: creating hex file...
".\Obj&Lst\HXV176.axf" - 0 Errors, 0 Warning(s).
Build target 'HXOS_V176'
compiling ethif.c...
linking...
Program Size: Code=159424 RO-data=133888 RW-data=10236 ZI-data=21556  
FromELF: creating hex file...
".\Obj&Lst\HXV176.axf" - 0 Errors, 0 Warning(s).
