<!doctype html public "-//w3c//dtd html 4.0 transitional//en">
<html><head>
<title>Static Call Graph - [.\Obj&Lst\HXV176.axf]</title></head>
<body><HR>
<H1>Static Call Graph for image .\Obj&Lst\HXV176.axf</H1><HR>
<BR><P>#&#060CALLGRAPH&#062# ARM Linker, 5.03 [Build 76]: Last Updated: Sat Dec 20 23:04:10 2014
<BR><P>
<H3>Maximum Stack Usage =       1288 bytes + Unknown(Functions without stacksize, Cycles, Untraceable Function Pointers)</H3><H3>
Call chain for Maximum Stack Depth:</H3>
format &rArr; Fat32Format &rArr; InitFat_Root &rArr; WriteDeviceSector &rArr; KMemFree &rArr; _4kFree &rArr; UpdateMaxBlock
<P>
<H3>
Functions with no stack information
</H3><UL>
 <LI><a href="#[53d]">__user_initial_stackheap</a>
</UL>
</UL>
<P>
<H3>
Mutually Recursive functions
</H3> <LI><a href="#[28f]">netconn_drain</a>&nbsp;&nbsp;&nbsp;&rArr;&nbsp;&nbsp;&nbsp;<a href="#[28f]">netconn_drain</a><BR>
 <LI><a href="#[dc]">NMI_Handler</a>&nbsp;&nbsp;&nbsp;&rArr;&nbsp;&nbsp;&nbsp;<a href="#[dc]">NMI_Handler</a><BR>
 <LI><a href="#[e1]">SVC_Handler</a>&nbsp;&nbsp;&nbsp;&rArr;&nbsp;&nbsp;&nbsp;<a href="#[e1]">SVC_Handler</a><BR>
 <LI><a href="#[e2]">DebugMon_Handler</a>&nbsp;&nbsp;&nbsp;&rArr;&nbsp;&nbsp;&nbsp;<a href="#[e2]">DebugMon_Handler</a><BR>
 <LI><a href="#[2b9]">lwip_send</a>&nbsp;&nbsp;&nbsp;&rArr;&nbsp;&nbsp;&nbsp;<a href="#[2b8]">lwip_sendto</a><BR>
</UL>
<P>
<H3>
Function Pointers
</H3><UL>
 <LI><a href="#[f7]">ADC1_2_IRQHandler</a> from startup_stm32f10x_md.o(.text) referenced from startup_stm32f10x_md.o(RESET)
 <LI><a href="#[114]">ADC3_IRQHandler</a> from startup_stm32f10x_md.o(.text) referenced from startup_stm32f10x_md.o(RESET)
 <LI><a href="#[2e]">AddFileSystem</a> from iomgr.o(.text) referenced 2 times from iomgr.o(.data)
 <LI><a href="#[33]">AddReadyKernelThread</a> from ktmgr2.o(.text) referenced 2 times from ktmgr.o(.data)
 <LI><a href="#[55]">Allocate</a> from mem_fbl.o(.text) referenced 2 times from mem_fbl.o(.data)
 <LI><a href="#[54]">AppendBuffer</a> from mem_fbl.o(.text) referenced 2 times from mem_fbl.o(.data)
 <LI><a href="#[10]">AppendDevice</a> from devmgr.o(.text) referenced 2 times from devmgr.o(.data)
 <LI><a href="#[78]">BeginInitialize</a> from system.o(.text) referenced 2 times from system.o(.data)
 <LI><a href="#[df]">BusFault_Handler</a> from arch_stm.o(.text) referenced from startup_stm32f10x_md.o(RESET)
 <LI><a href="#[fa]">CAN1_RX1_IRQHandler</a> from startup_stm32f10x_md.o(.text) referenced from startup_stm32f10x_md.o(RESET)
 <LI><a href="#[fb]">CAN1_SCE_IRQHandler</a> from startup_stm32f10x_md.o(.text) referenced from startup_stm32f10x_md.o(RESET)
 <LI><a href="#[388]">CalculateThread</a> from fibonacci.o(.text) referenced from fibonacci.o(.text)
 <LI><a href="#[31]">CallThreadHook</a> from ktmgr2.o(.text) referenced 2 times from ktmgr.o(.data)
 <LI><a href="#[40]">CancelSleep</a> from ktmgr.o(.text) referenced 2 times from ktmgr.o(.data)
 <LI><a href="#[83]">CancelTimer</a> from system.o(.text) referenced 2 times from system.o(.data)
 <LI><a href="#[12]">CheckPortRegion</a> from devmgr.o(.text) referenced 2 times from devmgr.o(.data)
 <LI><a href="#[9c]">ClsHandler</a> from shell.o(.text) referenced 2 times from shell.o(.data)
 <LI><a href="#[9b]">ComDebug</a> from shell.o(.text) referenced 2 times from shell.o(.data)
 <LI><a href="#[17b]">ComIntHandler</a> from hypertrm.o(.text) referenced from hypertrm.o(.text)
 <LI><a href="#[144]">CommandParser</a> from shell.o(.text) referenced 6 times from shell.o(.text)
 <LI><a href="#[9]">ConChangeLine</a> from console.o(.text) referenced 2 times from console.o(.data)
 <LI><a href="#[6]">ConClearScreen</a> from console.o(.text) referenced 2 times from console.o(.data)
 <LI><a href="#[8]">ConGotoHome</a> from console.o(.text) referenced 2 times from console.o(.data)
 <LI><a href="#[a]">ConGotoPrev</a> from console.o(.text) referenced 2 times from console.o(.data)
 <LI><a href="#[3]">ConInitialize</a> from console.o(.text) referenced 2 times from console.o(.data)
 <LI><a href="#[7]">ConPrintCh</a> from console.o(.text) referenced 2 times from console.o(.data)
 <LI><a href="#[b]">ConPrintLine</a> from console.o(.text) referenced 2 times from console.o(.data)
 <LI><a href="#[5]">ConPrintStr</a> from console.o(.text) referenced 2 times from console.o(.data)
 <LI><a href="#[12c]">ConReadThread</a> from console.o(.text) referenced from console.o(.text)
 <LI><a href="#[4]">ConUninitialize</a> from console.o(.text) referenced 2 times from console.o(.data)
 <LI><a href="#[80]">ConnectInterrupt</a> from system.o(.text) referenced 2 times from system.o(.data)
 <LI><a href="#[92]">CpuHandler</a> from shell.o(.text) referenced 2 times from shell.o(.data)
 <LI><a href="#[52]">CreateBuffer1</a> from mem_fbl.o(.text) referenced 2 times from mem_fbl.o(.data)
 <LI><a href="#[53]">CreateBuffer2</a> from mem_fbl.o(.text) referenced 2 times from mem_fbl.o(.data)
 <LI><a href="#[2a]">CreateDevice</a> from iomgr.o(.text) referenced 2 times from iomgr.o(.data)
 <LI><a href="#[35]">CreateKernelThread</a> from ktmgr.o(.text) referenced 2 times from ktmgr.o(.data)
 <LI><a href="#[74]">CreateObject</a> from objmgr.o(.text) referenced 2 times from objmgr.o(.data)
 <LI><a href="#[f0]">DMA1_Channel1_IRQHandler</a> from startup_stm32f10x_md.o(.text) referenced from startup_stm32f10x_md.o(RESET)
 <LI><a href="#[f1]">DMA1_Channel2_IRQHandler</a> from startup_stm32f10x_md.o(.text) referenced from startup_stm32f10x_md.o(RESET)
 <LI><a href="#[f2]">DMA1_Channel3_IRQHandler</a> from startup_stm32f10x_md.o(.text) referenced from startup_stm32f10x_md.o(RESET)
 <LI><a href="#[f3]">DMA1_Channel4_IRQHandler</a> from startup_stm32f10x_md.o(.text) referenced from startup_stm32f10x_md.o(RESET)
 <LI><a href="#[f4]">DMA1_Channel5_IRQHandler</a> from startup_stm32f10x_md.o(.text) referenced from startup_stm32f10x_md.o(RESET)
 <LI><a href="#[f5]">DMA1_Channel6_IRQHandler</a> from startup_stm32f10x_md.o(.text) referenced from startup_stm32f10x_md.o(RESET)
 <LI><a href="#[f6]">DMA1_Channel7_IRQHandler</a> from startup_stm32f10x_md.o(.text) referenced from startup_stm32f10x_md.o(RESET)
 <LI><a href="#[11d]">DMA2_Channel1_IRQHandler</a> from startup_stm32f10x_md.o(.text) referenced from startup_stm32f10x_md.o(RESET)
 <LI><a href="#[11e]">DMA2_Channel2_IRQHandler</a> from startup_stm32f10x_md.o(.text) referenced from startup_stm32f10x_md.o(RESET)
 <LI><a href="#[11f]">DMA2_Channel3_IRQHandler</a> from startup_stm32f10x_md.o(.text) referenced from startup_stm32f10x_md.o(RESET)
 <LI><a href="#[120]">DMA2_Channel4_5_IRQHandler</a> from startup_stm32f10x_md.o(.text) referenced from startup_stm32f10x_md.o(RESET)
 <LI><a href="#[9d]">DebugHandler</a> from shell.o(.text) referenced 2 times from shell.o(.data)
 <LI><a href="#[e2]">DebugMon_Handler</a> from startup_stm32f10x_md.o(.text) referenced from startup_stm32f10x_md.o(RESET)
 <LI><a href="#[12d]">DefaultDrvDispatch</a> from iomgr.o(.text) referenced from iomgr.o(.text)
 <LI><a href="#[12e]">DefaultOpen</a> from iomgr.o(.text) referenced from iomgr.o(.text)
 <LI><a href="#[11]">DeleteDevice</a> from devmgr.o(.text) referenced 2 times from devmgr.o(.data)
 <LI><a href="#[132]">DeleteFromQueue</a> from objqueue.o(.text) referenced from objqueue.o(.text)
 <LI><a href="#[59]">DestroyBuffer</a> from mem_fbl.o(.text) referenced 2 times from mem_fbl.o(.data)
 <LI><a href="#[2b]">DestroyDevice</a> from iomgr.o(.text) referenced 2 times from iomgr.o(.data)
 <LI><a href="#[36]">DestroyKernelThread</a> from ktmgr.o(.text) referenced 2 times from ktmgr.o(.data)
 <LI><a href="#[77]">DestroyObject</a> from objmgr.o(.text) referenced 2 times from objmgr.o(.data)
 <LI><a href="#[e]">DevMgrInitialize</a> from devmgr.o(.text) referenced 2 times from devmgr.o(.data)
 <LI><a href="#[6c]">DevObjInitialize</a> from iomgr2.o(.text) referenced 2 times from objmgr.o(.data)
 <LI><a href="#[6d]">DevObjUninitialize</a> from iomgr2.o(.text) referenced 2 times from objmgr.o(.data)
 <LI><a href="#[18]">DimInitialize</a> from dim.o(.text) referenced 2 times from dim.o(.data)
 <LI><a href="#[81]">DisconnectInterrupt</a> from system.o(.text) referenced 2 times from system.o(.data)
 <LI><a href="#[7f]">DispatchException</a> from system.o(.text) referenced 2 times from system.o(.data)
 <LI><a href="#[7e]">DispatchInterrupt</a> from system.o(.text) referenced 2 times from system.o(.data)
 <LI><a href="#[6e]">DrcbInitialize</a> from iomgr2.o(.text) referenced 2 times from objmgr.o(.data)
 <LI><a href="#[6f]">DrcbUninitialize</a> from iomgr2.o(.text) referenced 2 times from objmgr.o(.data)
 <LI><a href="#[6a]">DrvObjInitialize</a> from iomgr2.o(.text) referenced 2 times from objmgr.o(.data)
 <LI><a href="#[6b]">DrvObjUninitialize</a> from iomgr2.o(.text) referenced 2 times from objmgr.o(.data)
 <LI><a href="#[eb]">EXTI0_IRQHandler</a> from startup_stm32f10x_md.o(.text) referenced from startup_stm32f10x_md.o(RESET)
 <LI><a href="#[10d]">EXTI15_10_IRQHandler</a> from startup_stm32f10x_md.o(.text) referenced from startup_stm32f10x_md.o(RESET)
 <LI><a href="#[ec]">EXTI1_IRQHandler</a> from startup_stm32f10x_md.o(.text) referenced from startup_stm32f10x_md.o(RESET)
 <LI><a href="#[ed]">EXTI2_IRQHandler</a> from startup_stm32f10x_md.o(.text) referenced from startup_stm32f10x_md.o(RESET)
 <LI><a href="#[ee]">EXTI3_IRQHandler</a> from startup_stm32f10x_md.o(.text) referenced from startup_stm32f10x_md.o(RESET)
 <LI><a href="#[ef]">EXTI4_IRQHandler</a> from startup_stm32f10x_md.o(.text) referenced from startup_stm32f10x_md.o(RESET)
 <LI><a href="#[fc]">EXTI9_5_IRQHandler</a> from startup_stm32f10x_md.o(.text) referenced from startup_stm32f10x_md.o(RESET)
 <LI><a href="#[79]">EndInitialize</a> from system.o(.text) referenced 2 times from system.o(.data)
 <LI><a href="#[62]">EventInitialize</a> from synobj.o(.text) referenced 2 times from objmgr.o(.data)
 <LI><a href="#[63]">EventUninitialize</a> from synobj.o(.text) referenced 2 times from objmgr.o(.data)
 <LI><a href="#[e9]">FLASH_IRQHandler</a> from startup_stm32f10x_md.o(.text) referenced from startup_stm32f10x_md.o(RESET)
 <LI><a href="#[115]">FSMC_IRQHandler</a> from startup_stm32f10x_md.o(.text) referenced from startup_stm32f10x_md.o(RESET)
 <LI><a href="#[89]">Fibonacci</a> from fibonacci.o(.text) referenced 2 times from extcmd.o(.data)
 <LI><a href="#[56]">Free</a> from mem_fbl.o(.text) referenced 2 times from mem_fbl.o(.data)
 <LI><a href="#[98]">GUIHandler</a> from shell1.o(.text) referenced 2 times from shell.o(.data)
 <LI><a href="#[121]">GeneralIntHandler</a> from system.o(.text) referenced from osadapt.o(.text)
 <LI><a href="#[57]">GetBufferFlag</a> from mem_fbl.o(.text) referenced 2 times from mem_fbl.o(.data)
 <LI><a href="#[7b]">GetClockTickCounter</a> from system.o(.text) referenced 2 times from system.o(.data)
 <LI><a href="#[4f]">GetControlBlockFlag</a> from mem_fbl.o(.text) referenced 2 times from mem_fbl.o(.data)
 <LI><a href="#[4f]">GetControlBlockFlag</a> from mem_fbl.o(.text) referenced from mem_fbl.o(.text)
 <LI><a href="#[42]">GetCurrentIRQL</a> from ktmgr.o(.text) referenced 2 times from ktmgr.o(.data)
 <LI><a href="#[f]">GetDevice</a> from devmgr.o(.text) referenced 2 times from devmgr.o(.data)
 <LI><a href="#[76]">GetFirstObjectByType</a> from objmgr.o(.text) referenced 2 times from objmgr.o(.data)
 <LI><a href="#[133]">GetHeaderElement</a> from objqueue.o(.text) referenced from objqueue.o(.text)
 <LI><a href="#[43]">GetLastError</a> from ktmgr.o(.text) referenced 2 times from ktmgr.o(.data)
 <LI><a href="#[14c]">GetMail</a> from synobj2.o(.text) referenced from synobj2.o(.text)
 <LI><a href="#[75]">GetObjectByID</a> from objmgr.o(.text) referenced 2 times from objmgr.o(.data)
 <LI><a href="#[7d]">GetPhysicalMemorySize</a> from system.o(.text) referenced 2 times from system.o(.data)
 <LI><a href="#[32]">GetScheduleKernelThread</a> from ktmgr2.o(.text) referenced 2 times from ktmgr.o(.data)
 <LI><a href="#[7c]">GetSysTick</a> from system.o(.text) referenced 2 times from system.o(.data)
 <LI><a href="#[45]">GetThreadID</a> from ktmgr.o(.text) referenced 2 times from ktmgr.o(.data)
 <LI><a href="#[3d]">GetThreadPriority</a> from ktmgr.o(.text) referenced 2 times from ktmgr.o(.data)
 <LI><a href="#[46]">GetThreadStatus</a> from ktmgr.o(.text) referenced 2 times from ktmgr.o(.data)
 <LI><a href="#[dd]">HardFault_Handler</a> from arch_stm.o(.text) referenced from startup_stm32f10x_md.o(RESET)
 <LI><a href="#[91]">HlpHandler</a> from shell1.o(.text) referenced 2 times from shell.o(.data)
 <LI><a href="#[8a]">Hypertrm</a> from hypertrm.o(.text) referenced 2 times from extcmd.o(.data)
 <LI><a href="#[8b]">Hyptrm2</a> from hypertrm.o(.text) referenced 2 times from extcmd.o(.data)
 <LI><a href="#[105]">I2C1_ER_IRQHandler</a> from startup_stm32f10x_md.o(.text) referenced from startup_stm32f10x_md.o(RESET)
 <LI><a href="#[104]">I2C1_EV_IRQHandler</a> from startup_stm32f10x_md.o(.text) referenced from startup_stm32f10x_md.o(RESET)
 <LI><a href="#[107]">I2C2_ER_IRQHandler</a> from startup_stm32f10x_md.o(.text) referenced from startup_stm32f10x_md.o(RESET)
 <LI><a href="#[106]">I2C2_EV_IRQHandler</a> from startup_stm32f10x_md.o(.text) referenced from startup_stm32f10x_md.o(RESET)
 <LI><a href="#[27]">IOControl</a> from iomgr.o(.text) referenced 2 times from iomgr.o(.data)
 <LI><a href="#[19]">IOManagerInitialize</a> from iomgr.o(.text) referenced 2 times from iomgr.o(.data)
 <LI><a href="#[51]">InitBufferMgr</a> from mem_fbl.o(.text) referenced 2 times from mem_fbl.o(.data)
 <LI><a href="#[5b]">InitModule</a> from modmgr.o(.text) referenced 2 times from modmgr.o(.data)
 <LI><a href="#[50]">Initialize</a> from mem_fbl.o(.text) referenced 2 times from mem_fbl.o(.data)
 <LI><a href="#[131]">InsertIntoQueue</a> from objqueue.o(.text) referenced from objqueue.o(.text)
 <LI><a href="#[17d]">IntRecv</a> from hypertrm.o(.text) referenced from hypertrm.o(.text)
 <LI><a href="#[17c]">IntSend</a> from hypertrm.o(.text) referenced from hypertrm.o(.text)
 <LI><a href="#[125]">Int_Entry_Wrapper</a> from osadapt.o(.text) referenced 2 times from osadapt.o(.text)
 <LI><a href="#[68]">InterruptInitialize</a> from system.o(.text) referenced 2 times from objmgr.o(.data)
 <LI><a href="#[69]">InterruptUninitialize</a> from system.o(.text) referenced 2 times from objmgr.o(.data)
 <LI><a href="#[95]">IoCtrlApp</a> from shell.o(.text) referenced 2 times from shell.o(.data)
 <LI><a href="#[141]">IoCtrlStart</a> from ioctrl_s.o(.text) referenced from shell.o(.text)
 <LI><a href="#[60]">KernelThreadInitialize</a> from ktmgr.o(.text) referenced 2 times from objmgr.o(.data)
 <LI><a href="#[34]">KernelThreadMgrInit</a> from ktmgr.o(.text) referenced 2 times from ktmgr.o(.data)
 <LI><a href="#[61]">KernelThreadUninitialize</a> from ktmgr.o(.text) referenced 2 times from objmgr.o(.data)
 <LI><a href="#[130]">KernelThreadWrapper</a> from ktmgr2.o(.text) referenced from ktmgr.o(.text)
 <LI><a href="#[2d]">LoadDriver</a> from iomgr.o(.text) referenced 2 times from iomgr.o(.data)
 <LI><a href="#[5d]">LoadExternalMod</a> from modmgr.o(.text) referenced 2 times from modmgr.o(.data)
 <LI><a href="#[97]">LoadappHandler</a> from shell1.o(.text) referenced 2 times from shell.o(.data)
 <LI><a href="#[4d]">LockKernelThread</a> from ktmgr.o(.text) referenced 2 times from ktmgr.o(.data)
 <LI><a href="#[70]">MailboxInitialize</a> from synobj2.o(.text) referenced 2 times from objmgr.o(.data)
 <LI><a href="#[71]">MailboxUninitialize</a> from synobj2.o(.text) referenced 2 times from objmgr.o(.data)
 <LI><a href="#[8e]">MemHandler</a> from shell1.o(.text) referenced 2 times from shell.o(.data)
 <LI><a href="#[de]">MemManage_Handler</a> from arch_stm.o(.text) referenced from startup_stm32f10x_md.o(RESET)
 <LI><a href="#[49]">MgrGetMessage</a> from ktmgr.o(.text) referenced 2 times from ktmgr.o(.data)
 <LI><a href="#[4a]">MgrPeekMessage</a> from ktmgr.o(.text) referenced 2 times from ktmgr.o(.data)
 <LI><a href="#[48]">MgrSendMessage</a> from ktmgr.o(.text) referenced 2 times from ktmgr.o(.data)
 <LI><a href="#[5a]">ModMgrInit</a> from modmgr.o(.text) referenced 2 times from modmgr.o(.data)
 <LI><a href="#[4c]">MsgQueueEmpty</a> from ktmgr.o(.text) referenced 2 times from ktmgr.o(.data)
 <LI><a href="#[4b]">MsgQueueFull</a> from ktmgr.o(.text) referenced 2 times from ktmgr.o(.data)
 <LI><a href="#[13c]">MultiWaitTimerHandler</a> from synobj.o(.text) referenced from synobj.o(.text)
 <LI><a href="#[64]">MutexInitialize</a> from synobj.o(.text) referenced 2 times from objmgr.o(.data)
 <LI><a href="#[65]">MutexUninitialize</a> from synobj.o(.text) referenced 2 times from objmgr.o(.data)
 <LI><a href="#[dc]">NMI_Handler</a> from startup_stm32f10x_md.o(.text) referenced from startup_stm32f10x_md.o(RESET)
 <LI><a href="#[1de]">OnCancel</a> from iomgr2.o(.text) referenced from iomgr2.o(.text)
 <LI><a href="#[1dd]">OnCompletion</a> from iomgr2.o(.text) referenced from iomgr2.o(.text)
 <LI><a href="#[e6]">PVD_IRQHandler</a> from startup_stm32f10x_md.o(.text) referenced from startup_stm32f10x_md.o(RESET)
 <LI><a href="#[e3]">PendSV_Handler</a> from osadapt.o(.text) referenced from startup_stm32f10x_md.o(RESET)
 <LI><a href="#[17a]">PollRecv</a> from hypertrm.o(.text) referenced from hypertrm.o(.text)
 <LI><a href="#[179]">PollSend</a> from hypertrm.o(.text) referenced from hypertrm.o(.text)
 <LI><a href="#[9a]">Poweroff</a> from shell.o(.text) referenced 2 times from shell.o(.data)
 <LI><a href="#[5e]">PriQueueInitialize</a> from objqueue.o(.text) referenced 2 times from objmgr.o(.data)
 <LI><a href="#[5f]">PriQueueUninitialize</a> from objqueue.o(.text) referenced 2 times from objmgr.o(.data)
 <LI><a href="#[143]">QueryCmdName</a> from shell.o(.text) referenced 6 times from shell.o(.text)
 <LI><a href="#[ea]">RCC_IRQHandler</a> from startup_stm32f10x_md.o(.text) referenced from startup_stm32f10x_md.o(RESET)
 <LI><a href="#[10e]">RTCAlarm_IRQHandler</a> from startup_stm32f10x_md.o(.text) referenced from startup_stm32f10x_md.o(RESET)
 <LI><a href="#[e8]">RTC_IRQHandler</a> from startup_stm32f10x_md.o(.text) referenced from startup_stm32f10x_md.o(RESET)
 <LI><a href="#[99]">Reboot</a> from shell.o(.text) referenced 2 times from shell.o(.data)
 <LI><a href="#[2f]">RegisterFileSystem</a> from iomgr.o(.text) referenced 2 times from iomgr.o(.data)
 <LI><a href="#[13a]">ReleaseMutex</a> from synobj.o(.text) referenced from synobj.o(.text)
 <LI><a href="#[14]">ReleasePortRegion</a> from devmgr.o(.text) referenced 2 times from devmgr.o(.data)
 <LI><a href="#[148]">ReleaseSemaphore</a> from synobj2.o(.text) referenced from synobj2.o(.text)
 <LI><a href="#[5c]">ReplaceShell</a> from modmgr.o(.text) referenced 2 times from modmgr.o(.data)
 <LI><a href="#[13]">ReservePortRegion</a> from devmgr.o(.text) referenced 2 times from devmgr.o(.data)
 <LI><a href="#[2c]">ReserveResource</a> from iomgr.o(.text) referenced 2 times from iomgr.o(.data)
 <LI><a href="#[136]">ResetEvent</a> from synobj.o(.text) referenced from synobj.o(.text)
 <LI><a href="#[db]">Reset_Handler</a> from osadapt.o(.text) referenced from startup_stm32f10x_md.o(RESET)
 <LI><a href="#[38]">ResumeKernelThread</a> from ktmgr.o(.text) referenced 2 times from ktmgr.o(.data)
 <LI><a href="#[94]">RunTimeHandler</a> from shell.o(.text) referenced 2 times from shell.o(.data)
 <LI><a href="#[85]">SDIODriverEntry</a> from sdio_drv.o(.text) referenced 2 times from drventry.o(.data)
 <LI><a href="#[18e]">SDIOIntHandler</a> from sdio_drv.o(.text) referenced from sdio_drv.o(.text)
 <LI><a href="#[116]">SDIO_IRQHandler</a> from startup_stm32f10x_md.o(.text) referenced from startup_stm32f10x_md.o(RESET)
 <LI><a href="#[108]">SPI1_IRQHandler</a> from startup_stm32f10x_md.o(.text) referenced from startup_stm32f10x_md.o(RESET)
 <LI><a href="#[109]">SPI2_IRQHandler</a> from startup_stm32f10x_md.o(.text) referenced from startup_stm32f10x_md.o(RESET)
 <LI><a href="#[118]">SPI3_IRQHandler</a> from startup_stm32f10x_md.o(.text) referenced from startup_stm32f10x_md.o(RESET)
 <LI><a href="#[e1]">SVC_Handler</a> from startup_stm32f10x_md.o(.text) referenced from startup_stm32f10x_md.o(RESET)
 <LI><a href="#[3a]">ScheduleFromInt</a> from osadapt.o(.text) referenced 2 times from ktmgr.o(.data)
 <LI><a href="#[39]">ScheduleFromProc</a> from osadapt.o(.text) referenced 2 times from ktmgr.o(.data)
 <LI><a href="#[72]">SemInitialize</a> from synobj2.o(.text) referenced 2 times from objmgr.o(.data)
 <LI><a href="#[73]">SemUninitialize</a> from synobj2.o(.text) referenced 2 times from objmgr.o(.data)
 <LI><a href="#[15]">SendDeviceMessage</a> from dim.o(.text) referenced 2 times from dim.o(.data)
 <LI><a href="#[14b]">SendMail</a> from synobj2.o(.text) referenced from synobj2.o(.text)
 <LI><a href="#[58]">SetBufferFlag</a> from mem_fbl.o(.text) referenced 2 times from mem_fbl.o(.data)
 <LI><a href="#[41]">SetCurrentIRQL</a> from ktmgr.o(.text) referenced 2 times from ktmgr.o(.data)
 <LI><a href="#[135]">SetEvent</a> from synobj.o(.text) referenced from synobj.o(.text)
 <LI><a href="#[16]">SetFocusThread</a> from dim.o(.text) referenced 2 times from dim.o(.data)
 <LI><a href="#[44]">SetLastError</a> from ktmgr.o(.text) referenced 2 times from ktmgr.o(.data)
 <LI><a href="#[14a]">SetMailboxSize</a> from synobj2.o(.text) referenced from synobj2.o(.text)
 <LI><a href="#[147]">SetSemaphoreCount</a> from synobj2.o(.text) referenced from synobj2.o(.text)
 <LI><a href="#[17]">SetShellThread</a> from dim.o(.text) referenced 2 times from dim.o(.data)
 <LI><a href="#[30]">SetThreadHook</a> from ktmgr2.o(.text) referenced 2 times from ktmgr.o(.data)
 <LI><a href="#[3c]">SetThreadPriority</a> from ktmgr.o(.text) referenced 2 times from ktmgr.o(.data)
 <LI><a href="#[47]">SetThreadStatus</a> from ktmgr.o(.text) referenced 2 times from ktmgr.o(.data)
 <LI><a href="#[82]">SetTimer</a> from system.o(.text) referenced 2 times from system.o(.data)
 <LI><a href="#[140]">ShellEntryPoint</a> from shell.o(.text) referenced from os_entry.o(.text)
 <LI><a href="#[3f]">Sleep</a> from ktmgr.o(.text) referenced 2 times from ktmgr.o(.data)
 <LI><a href="#[93]">SptHandler</a> from shell.o(.text) referenced 2 times from shell.o(.data)
 <LI><a href="#[37]">SuspendKernelThread</a> from ktmgr.o(.text) referenced 2 times from ktmgr.o(.data)
 <LI><a href="#[96]">SysDiagApp</a> from shell.o(.text) referenced 2 times from shell.o(.data)
 <LI><a href="#[142]">SysDiagStart</a> from sysd_s.o(.text) referenced from shell.o(.text)
 <LI><a href="#[8f]">SysInfoHandler</a> from shell1.o(.text) referenced 2 times from shell.o(.data)
 <LI><a href="#[90]">SysNameHandler</a> from shell.o(.text) referenced 2 times from shell.o(.data)
 <LI><a href="#[e4]">SysTick_Handler</a> from osadapt.o(.text) referenced from startup_stm32f10x_md.o(RESET)
 <LI><a href="#[13e]">SyscallHandler</a> from syscall.o(.text) referenced from system.o(.text)
 <LI><a href="#[13f]">SystemIdle</a> from idle.o(.text) referenced from os_entry.o(.text)
 <LI><a href="#[122]">SystemInit</a> from system_stm32f10x.o(.text) referenced 2 times from osadapt.o(.text)
 <LI><a href="#[7a]">SystemInitialize</a> from system.o(.text) referenced 2 times from system.o(.data)
 <LI><a href="#[123]">System_Hard_Init</a> from osadapt.o(.text) referenced from osadapt.o(.text)
 <LI><a href="#[e7]">TAMPER_IRQHandler</a> from startup_stm32f10x_md.o(.text) referenced from startup_stm32f10x_md.o(RESET)
 <LI><a href="#[fd]">TIM1_BRK_IRQHandler</a> from startup_stm32f10x_md.o(.text) referenced from startup_stm32f10x_md.o(RESET)
 <LI><a href="#[100]">TIM1_CC_IRQHandler</a> from startup_stm32f10x_md.o(.text) referenced from startup_stm32f10x_md.o(RESET)
 <LI><a href="#[ff]">TIM1_TRG_COM_IRQHandler</a> from startup_stm32f10x_md.o(.text) referenced from startup_stm32f10x_md.o(RESET)
 <LI><a href="#[fe]">TIM1_UP_IRQHandler</a> from startup_stm32f10x_md.o(.text) referenced from startup_stm32f10x_md.o(RESET)
 <LI><a href="#[101]">TIM2_IRQHandler</a> from startup_stm32f10x_md.o(.text) referenced from startup_stm32f10x_md.o(RESET)
 <LI><a href="#[102]">TIM3_IRQHandler</a> from startup_stm32f10x_md.o(.text) referenced from startup_stm32f10x_md.o(RESET)
 <LI><a href="#[103]">TIM4_IRQHandler</a> from startup_stm32f10x_md.o(.text) referenced from startup_stm32f10x_md.o(RESET)
 <LI><a href="#[117]">TIM5_IRQHandler</a> from startup_stm32f10x_md.o(.text) referenced from startup_stm32f10x_md.o(RESET)
 <LI><a href="#[11b]">TIM6_IRQHandler</a> from startup_stm32f10x_md.o(.text) referenced from startup_stm32f10x_md.o(RESET)
 <LI><a href="#[11c]">TIM7_IRQHandler</a> from startup_stm32f10x_md.o(.text) referenced from startup_stm32f10x_md.o(RESET)
 <LI><a href="#[110]">TIM8_BRK_IRQHandler</a> from startup_stm32f10x_md.o(.text) referenced from startup_stm32f10x_md.o(RESET)
 <LI><a href="#[113]">TIM8_CC_IRQHandler</a> from startup_stm32f10x_md.o(.text) referenced from startup_stm32f10x_md.o(RESET)
 <LI><a href="#[112]">TIM8_TRG_COM_IRQHandler</a> from startup_stm32f10x_md.o(.text) referenced from startup_stm32f10x_md.o(RESET)
 <LI><a href="#[111]">TIM8_UP_IRQHandler</a> from startup_stm32f10x_md.o(.text) referenced from startup_stm32f10x_md.o(RESET)
 <LI><a href="#[3e]">TerminalKernelThread</a> from ktmgr.o(.text) referenced 2 times from ktmgr.o(.data)
 <LI><a href="#[66]">TimerInitialize</a> from system.o(.text) referenced 2 times from objmgr.o(.data)
 <LI><a href="#[13d]">TimerInterruptHandler</a> from system.o(.text) referenced from system.o(.text)
 <LI><a href="#[67]">TimerUninitialize</a> from system.o(.text) referenced 2 times from objmgr.o(.data)
 <LI><a href="#[119]">UART4_IRQHandler</a> from startup_stm32f10x_md.o(.text) referenced from startup_stm32f10x_md.o(RESET)
 <LI><a href="#[11a]">UART5_IRQHandler</a> from startup_stm32f10x_md.o(.text) referenced from startup_stm32f10x_md.o(RESET)
 <LI><a href="#[10a]">USART1_IRQHandler</a> from startup_stm32f10x_md.o(.text) referenced from startup_stm32f10x_md.o(RESET)
 <LI><a href="#[10b]">USART2_IRQHandler</a> from startup_stm32f10x_md.o(.text) referenced from startup_stm32f10x_md.o(RESET)
 <LI><a href="#[10c]">USART3_IRQHandler</a> from startup_stm32f10x_md.o(.text) referenced from startup_stm32f10x_md.o(RESET)
 <LI><a href="#[10f]">USBWakeUp_IRQHandler</a> from startup_stm32f10x_md.o(.text) referenced from startup_stm32f10x_md.o(RESET)
 <LI><a href="#[f8]">USB_HP_CAN1_TX_IRQHandler</a> from startup_stm32f10x_md.o(.text) referenced from startup_stm32f10x_md.o(RESET)
 <LI><a href="#[f9]">USB_LP_CAN1_RX0_IRQHandler</a> from startup_stm32f10x_md.o(.text) referenced from startup_stm32f10x_md.o(RESET)
 <LI><a href="#[3b]">UniSchedule</a> from ktmgr.o(.text) referenced 2 times from ktmgr.o(.data)
 <LI><a href="#[3b]">UniSchedule</a> from ktmgr.o(.text) referenced from osadapt.o(.text)
 <LI><a href="#[4e]">UnlockKernelThread</a> from ktmgr.o(.text) referenced 2 times from ktmgr.o(.data)
 <LI><a href="#[e0]">UsageFault_Handler</a> from arch_stm.o(.text) referenced from startup_stm32f10x_md.o(RESET)
 <LI><a href="#[127]">UsartDestroy</a> from usart.o(.text) referenced from usart.o(.text)
 <LI><a href="#[12b]">UsartDeviceClose</a> from usart.o(.text) referenced from usart.o(.text)
 <LI><a href="#[12a]">UsartDeviceOpen</a> from usart.o(.text) referenced from usart.o(.text)
 <LI><a href="#[129]">UsartDeviceRead</a> from usart.o(.text) referenced from usart.o(.text)
 <LI><a href="#[128]">UsartDeviceWrite</a> from usart.o(.text) referenced from usart.o(.text)
 <LI><a href="#[84]">UsartDrvEntry</a> from usart.o(.text) referenced 2 times from drventry.o(.data)
 <LI><a href="#[126]">UsartIntHandler</a> from usart.o(.text) referenced from usart.o(.text)
 <LI><a href="#[8d]">VerHandler</a> from shell1.o(.text) referenced 2 times from shell.o(.data)
 <LI><a href="#[e5]">WWDG_IRQHandler</a> from startup_stm32f10x_md.o(.text) referenced from startup_stm32f10x_md.o(RESET)
 <LI><a href="#[1dc]">WaitForCompletion</a> from iomgr2.o(.text) referenced from iomgr2.o(.text)
 <LI><a href="#[138]">WaitForEventObject</a> from synobj.o(.text) referenced from synobj.o(.text)
 <LI><a href="#[137]">WaitForEventObjectEx</a> from synobj.o(.text) referenced from synobj.o(.text)
 <LI><a href="#[12f]">WaitForKernelThreadObject</a> from ktmgr2.o(.text) referenced from ktmgr.o(.text)
 <LI><a href="#[149]">WaitForMailboxObject</a> from synobj2.o(.text) referenced from synobj2.o(.text)
 <LI><a href="#[139]">WaitForMutexObject</a> from synobj.o(.text) referenced from synobj.o(.text)
 <LI><a href="#[13b]">WaitForMutexObjectEx</a> from synobj.o(.text) referenced from synobj.o(.text)
 <LI><a href="#[145]">WaitForSemObject</a> from synobj2.o(.text) referenced from synobj2.o(.text)
 <LI><a href="#[146]">WaitForSemObjectEx</a> from synobj2.o(.text) referenced from synobj2.o(.text)
 <LI><a href="#[134]">WaitingTimerHandler</a> from synobj.o(.text) referenced from synobj.o(.text)
 <LI><a href="#[187]">WiFiDriverThreadEntry</a> from ethif.o(.text) referenced from ethif.o(.text)
 <LI><a href="#[1d]">_CloseFile</a> from iomgr2.o(.text) referenced 2 times from iomgr.o(.data)
 <LI><a href="#[1e]">_CreateDirectory</a> from iomgr.o(.text) referenced 2 times from iomgr.o(.data)
 <LI><a href="#[1a]">_CreateFile</a> from iomgr.o(.text) referenced 2 times from iomgr.o(.data)
 <LI><a href="#[1f]">_DeleteFile</a> from iomgr2.o(.text) referenced 2 times from iomgr.o(.data)
 <LI><a href="#[20]">_FindClose</a> from iomgr.o(.text) referenced 2 times from iomgr.o(.data)
 <LI><a href="#[21]">_FindFirstFile</a> from iomgr.o(.text) referenced 2 times from iomgr.o(.data)
 <LI><a href="#[22]">_FindNextFile</a> from iomgr.o(.text) referenced 2 times from iomgr.o(.data)
 <LI><a href="#[29]">_FlushFileBuffers</a> from iomgr.o(.text) referenced 2 times from iomgr.o(.data)
 <LI><a href="#[23]">_GetFileAttributes</a> from iomgr.o(.text) referenced 2 times from iomgr.o(.data)
 <LI><a href="#[24]">_GetFileSize</a> from iomgr.o(.text) referenced 2 times from iomgr.o(.data)
 <LI><a href="#[1b]">_ReadFile</a> from iomgr2.o(.text) referenced 2 times from iomgr.o(.data)
 <LI><a href="#[25]">_RemoveDirectory</a> from iomgr2.o(.text) referenced 2 times from iomgr.o(.data)
 <LI><a href="#[26]">_SetEndOfFile</a> from iomgr2.o(.text) referenced 2 times from iomgr.o(.data)
 <LI><a href="#[28]">_SetFilePointer</a> from iomgr.o(.text) referenced 2 times from iomgr.o(.data)
 <LI><a href="#[1c]">_WriteFile</a> from iomgr2.o(.text) referenced 2 times from iomgr.o(.data)
 <LI><a href="#[199]">__main</a> from __main.o(!!!main) referenced 2 times from osadapt.o(.text)
 <LI><a href="#[193]">_get_lc_ctype</a> from lc_ctype_c.o(locale$$code) referenced from rt_ctype_table.o(.text)
 <LI><a href="#[167]">_hx_free</a> from sysmem.o(.text) referenced from tcpip.o(.text)
 <LI><a href="#[194]">_printf_input_char</a> from _printf_char_common.o(.text) referenced from _printf_char_common.o(.text)
 <LI><a href="#[192]">_snputc</a> from _snputc.o(.text) referenced from __2snprintf.o(.text)
 <LI><a href="#[160]">accept_function</a> from api_msg.o(.text) referenced from api_msg.o(.text)
 <LI><a href="#[171]">arp_timer</a> from timers.o(.text) referenced from timers.o(.text)
 <LI><a href="#[cf]">assoc</a> from network.o(.text) referenced 2 times from network.o(.data)
 <LI><a href="#[d2]">beep</a> from sysd_s.o(.text) referenced 2 times from sysd_s.o(.data)
 <LI><a href="#[a9]">cd</a> from fs.o(.text) referenced 2 times from fs.o(.data)
 <LI><a href="#[d4]">cintperf</a> from sysd_s.o(.text) referenced 2 times from sysd_s.o(.data)
 <LI><a href="#[198]">cistpl_funce</a> from sdio_cis.o(.text) referenced from sdio_cis.o(.constdata)
 <LI><a href="#[197]">cistpl_manfid</a> from sdio_cis.o(.text) referenced from sdio_cis.o(.constdata)
 <LI><a href="#[196]">cistpl_vers_1</a> from sdio_cis.o(.text) referenced from sdio_cis.o(.constdata)
 <LI><a href="#[b1]">copy</a> from fs.o(.text) referenced 2 times from fs.o(.data)
 <LI><a href="#[d7]">cpuload</a> from sysd_s.o(.text) referenced 2 times from sysd_s.o(.data)
 <LI><a href="#[ad]">del</a> from fs.o(.text) referenced 2 times from fs.o(.data)
 <LI><a href="#[d6]">devinfo</a> from sysd_s.o(.text) referenced 2 times from sysd_s.o(.data)
 <LI><a href="#[d8]">devlist</a> from sysd_s.o(.text) referenced 2 times from sysd_s.o(.data)
 <LI><a href="#[168]">dhcp_recv</a> from dhcp.o(.text) referenced from dhcp.o(.text)
 <LI><a href="#[172]">dhcp_timer_coarse</a> from timers.o(.text) referenced from timers.o(.text)
 <LI><a href="#[173]">dhcp_timer_fine</a> from timers.o(.text) referenced from timers.o(.text)
 <LI><a href="#[a8]">dir</a> from fs.o(.text) referenced 2 times from fs.o(.data)
 <LI><a href="#[9e]">disklist</a> from fdisk.o(.text) referenced 2 times from fdisk.o(.data)
 <LI><a href="#[169]">dns_recv</a> from dns.o(.text) referenced from dns.o(.text)
 <LI><a href="#[174]">dns_timer</a> from timers.o(.text) referenced from timers.o(.text)
 <LI><a href="#[150]">do_bind</a> from api_msg.o(.text) referenced from api_lib.o(.text)
 <LI><a href="#[157]">do_close</a> from api_msg.o(.text) referenced from api_lib.o(.text)
 <LI><a href="#[151]">do_connect</a> from api_msg.o(.text) referenced from api_lib.o(.text)
 <LI><a href="#[15f]">do_connected</a> from api_msg.o(.text) referenced from api_msg.o(.text)
 <LI><a href="#[14e]">do_delconn</a> from api_msg.o(.text) referenced from api_lib.o(.text)
 <LI><a href="#[152]">do_disconnect</a> from api_msg.o(.text) referenced from api_lib.o(.text)
 <LI><a href="#[161]">do_dns_found</a> from api_msg.o(.text) referenced from api_msg.o(.text)
 <LI><a href="#[14f]">do_getaddr</a> from api_msg.o(.text) referenced from api_lib.o(.text)
 <LI><a href="#[158]">do_gethostbyname</a> from api_msg.o(.text) referenced from api_lib.o(.text)
 <LI><a href="#[153]">do_listen</a> from api_msg.o(.text) referenced from api_lib.o(.text)
 <LI><a href="#[14d]">do_newconn</a> from api_msg.o(.text) referenced from api_lib.o(.text)
 <LI><a href="#[154]">do_recv</a> from api_msg.o(.text) referenced from api_lib.o(.text)
 <LI><a href="#[155]">do_send</a> from api_msg.o(.text) referenced from api_lib.o(.text)
 <LI><a href="#[156]">do_write</a> from api_msg.o(.text) referenced from api_lib.o(.text)
 <LI><a href="#[15b]">err_tcp</a> from api_msg.o(.text) referenced from api_msg.o(.text)
 <LI><a href="#[184]">etharp_output</a> from etharp.o(.text) referenced from ethif.o(.text)
 <LI><a href="#[186]">ethernetif_init</a> from ethif.o(.text) referenced from ethif.o(.text)
 <LI><a href="#[162]">event_callback</a> from sockets.o(.text) referenced 2 times from sockets.o(.text)
 <LI><a href="#[a5]">exit</a> from fdisk.o(.text) referenced 10 times from fdisk.o(.data)
 <LI><a href="#[87]">fdiskEntry</a> from fdisk.o(.text) referenced 2 times from extcmd.o(.data)
 <LI><a href="#[a2]">format</a> from fdisk2.o(.text) referenced 2 times from fdisk.o(.data)
 <LI><a href="#[86]">fsEntry</a> from fs.o(.text) referenced 2 times from extcmd.o(.data)
 <LI><a href="#[a7]">fslist</a> from fs.o(.text) referenced 2 times from fs.o(.data)
 <LI><a href="#[c]">getch</a> from console.o(.text) referenced 2 times from console.o(.data)
 <LI><a href="#[d]">getchar</a> from console.o(.text) referenced 2 times from console.o(.data)
 <LI><a href="#[88]">heditEntry</a> from hedit.o(.text) referenced 2 times from extcmd.o(.data)
 <LI><a href="#[a6]">help</a> from fdisk.o(.text) referenced 10 times from fdisk.o(.data)
 <LI><a href="#[18f]">if_sdio_host_to_card</a> from if_sdio.o(.text) referenced from if_sdio.o(.text)
 <LI><a href="#[4bc]">if_sdio_interrupt</a> from if_sdio.o(.text) referenced from if_sdio.o(.text)
 <LI><a href="#[c9]">iflist</a> from network.o(.text) referenced 2 times from network.o(.data)
 <LI><a href="#[b5]">inputb</a> from ioctrl_s.o(.text) referenced 2 times from ioctrl_s.o(.data)
 <LI><a href="#[b7]">inputd</a> from ioctrl_s.o(.text) referenced 2 times from ioctrl_s.o(.data)
 <LI><a href="#[b8]">inputsb</a> from ioctrl_s.o(.text) referenced 2 times from ioctrl_s.o(.data)
 <LI><a href="#[b9]">inputsw</a> from ioctrl_s.o(.text) referenced 2 times from ioctrl_s.o(.data)
 <LI><a href="#[b6]">inputw</a> from ioctrl_s.o(.text) referenced 2 times from ioctrl_s.o(.data)
 <LI><a href="#[170]">ip_reass_timer</a> from timers.o(.text) referenced from timers.o(.text)
 <LI><a href="#[16a]">ipfrag_free_pbuf_custom</a> from ip_frag.o(.text) referenced from ip_frag.o(.text)
 <LI><a href="#[191]">lbs_cmd_async_callback</a> from cmd.o(.text) referenced 2 times from cmd.o(.text)
 <LI><a href="#[195]">lbs_cmd_copyback</a> from cmd.o(.text) referenced from cmd.o(i.lbs_cmd_with_response)
 <LI><a href="#[190]">lbs_ret_80211_scan</a> from scan.o(.text) referenced from scan.o(.text)
 <LI><a href="#[185]">low_level_output</a> from marvelif.o(.text) referenced from ethif.o(.text)
 <LI><a href="#[163]">lwip_getsockopt_internal</a> from sockets.o(.text) referenced from sockets.o(.text)
 <LI><a href="#[164]">lwip_setsockopt_internal</a> from sockets.o(.text) referenced from sockets.o(.text)
 <LI><a href="#[ab]">md</a> from fs.o(.text) referenced 2 times from fs.o(.data)
 <LI><a href="#[c5]">memalloc</a> from ioctrl_s.o(.text) referenced 2 times from ioctrl_s.o(.data)
 <LI><a href="#[d1]">memcheck</a> from sysd_s.o(.text) referenced 2 times from sysd_s.o(.data)
 <LI><a href="#[c2]">memrb</a> from ioctrl_s.o(.text) referenced 2 times from ioctrl_s.o(.data)
 <LI><a href="#[c4]">memrd</a> from ioctrl_s.o(.text) referenced 2 times from ioctrl_s.o(.data)
 <LI><a href="#[c6]">memrels</a> from ioctrl_s.o(.text) referenced 2 times from ioctrl_s.o(.data)
 <LI><a href="#[c3]">memrw</a> from ioctrl_s.o(.text) referenced 2 times from ioctrl_s.o(.data)
 <LI><a href="#[bf]">memwb</a> from ioctrl_s.o(.text) referenced 2 times from ioctrl_s.o(.data)
 <LI><a href="#[c1]">memwd</a> from ioctrl_s.o(.text) referenced 2 times from ioctrl_s.o(.data)
 <LI><a href="#[c0]">memww</a> from ioctrl_s.o(.text) referenced 2 times from ioctrl_s.o(.data)
 <LI><a href="#[ac]">mkdir</a> from fs.o(.text) referenced 2 times from fs.o(.data)
 <LI><a href="#[188]">mmc_wait_done</a> from core.o(.text) referenced from core.o(.text)
 <LI><a href="#[321]">netif_loop_output</a> from netif.o(.text) referenced from netif.o(.text)
 <LI><a href="#[16c]">netif_loopif_init</a> from netif.o(.text) referenced from netif.o(.text)
 <LI><a href="#[332]">netif_poll</a> from netif.o(.text) referenced from netif.o(.text)
 <LI><a href="#[8c]">networkEntry</a> from network.o(.text) referenced 2 times from extcmd.o(.data)
 <LI><a href="#[ba]">outputb</a> from ioctrl_s.o(.text) referenced 2 times from ioctrl_s.o(.data)
 <LI><a href="#[bc]">outputd</a> from ioctrl_s.o(.text) referenced 2 times from ioctrl_s.o(.data)
 <LI><a href="#[bd]">outputsb</a> from ioctrl_s.o(.text) referenced 2 times from ioctrl_s.o(.data)
 <LI><a href="#[be]">outputsw</a> from ioctrl_s.o(.text) referenced 2 times from ioctrl_s.o(.data)
 <LI><a href="#[bb]">outputw</a> from ioctrl_s.o(.text) referenced 2 times from ioctrl_s.o(.data)
 <LI><a href="#[d3]">overload</a> from sysd_s.o(.text) referenced 2 times from sysd_s.o(.data)
 <LI><a href="#[a3]">partadd</a> from fdisk.o(.text) referenced 2 times from fdisk.o(.data)
 <LI><a href="#[a4]">partdel</a> from fdisk.o(.text) referenced 2 times from fdisk.o(.data)
 <LI><a href="#[a0]">partlist</a> from fdisk.o(.text) referenced 2 times from fdisk.o(.data)
 <LI><a href="#[166]">pbuf_free_int</a> from tcpip.o(.text) referenced from tcpip.o(.text)
 <LI><a href="#[16d]">pbuf_free_ooseq</a> from pbuf.o(.text) referenced from pbuf.o(.text)
 <LI><a href="#[d5]">pcilist</a> from sysd_s.o(.text) referenced 2 times from sysd_s.o(.data)
 <LI><a href="#[a1]">pdevlist</a> from fdisk.o(.text) referenced 2 times from fdisk.o(.data)
 <LI><a href="#[ca]">ping</a> from network.o(.text) referenced 2 times from network.o(.data)
 <LI><a href="#[15a]">poll_tcp</a> from api_msg.o(.text) referenced from api_msg.o(.text)
 <LI><a href="#[ae]">rd</a> from fs.o(.text) referenced 2 times from fs.o(.data)
 <LI><a href="#[15d]">recv_raw</a> from api_msg.o(.text) referenced from api_msg.o(.text)
 <LI><a href="#[15c]">recv_tcp</a> from api_msg.o(.text) referenced from api_msg.o(.text)
 <LI><a href="#[15e]">recv_udp</a> from api_msg.o(.text) referenced from api_msg.o(.text)
 <LI><a href="#[af]">ren</a> from fs.o(.text) referenced 2 times from fs.o(.data)
 <LI><a href="#[cb]">route</a> from network.o(.text) referenced 2 times from network.o(.data)
 <LI><a href="#[d0]">scan</a> from network.o(.text) referenced 2 times from network.o(.data)
 <LI><a href="#[159]">sent_tcp</a> from api_msg.o(.text) referenced from api_msg.o(.text)
 <LI><a href="#[ce]">showint</a> from network.o(.text) referenced 2 times from network.o(.data)
 <LI><a href="#[18c]">stm32_card_present</a> from s3cmci.o(.text) referenced from s3cmci.o(.text)
 <LI><a href="#[18d]">stm32_enable_sdio_irq</a> from s3cmci.o(.text) referenced from s3cmci.o(.text)
 <LI><a href="#[18b]">stm32_get_ro</a> from s3cmci.o(.text) referenced from s3cmci.o(.text)
 <LI><a href="#[189]">stm32_request</a> from s3cmci.o(.text) referenced from s3cmci.o(.text)
 <LI><a href="#[18a]">stm32_set_ios</a> from s3cmci.o(.text) referenced from s3cmci.o(.text)
 <LI><a href="#[16e]">tcp_accept_null</a> from tcp.o(.text) referenced from tcp.o(.text)
 <LI><a href="#[34f]">tcp_recv_null</a> from tcp.o(.text) referenced from tcp.o(.text)
 <LI><a href="#[16b]">tcpip_input</a> from tcpip.o(.text) referenced 2 times from netif.o(.text)
 <LI><a href="#[16f]">tcpip_tcp_timer</a> from timers.o(.text) referenced from timers.o(.text)
 <LI><a href="#[165]">tcpip_thread</a> from tcpip.o(.text) referenced from tcpip.o(.text)
 <LI><a href="#[b0]">type</a> from fs.o(.text) referenced 2 times from fs.o(.data)
 <LI><a href="#[9f]">use</a> from fdisk.o(.text) referenced 4 times from fdisk.o(.data)
 <LI><a href="#[aa]">vl</a> from fs.o(.text) referenced 2 times from fs.o(.data)
</UL>
<P>
<H3>
Global Symbols
</H3>
<P><STRONG><a name="[199]"></a>__main</STRONG> (Thumb, 8 bytes, Stack size 0 bytes, __main.o(!!!main))
<BR><BR>[Calls]<UL><LI><a href="#[19a]">&gt;&gt;</a>&nbsp;&nbsp;&nbsp;__scatterload
<LI><a href="#[19b]">&gt;&gt;</a>&nbsp;&nbsp;&nbsp;__rt_entry
</UL>

<P><STRONG><a name="[19a]"></a>__scatterload</STRONG> (Thumb, 0 bytes, Stack size unknown bytes, __scatter.o(!!!scatter))
<BR><BR>[Called By]<UL><LI><a href="#[199]">&gt;&gt;</a>&nbsp;&nbsp;&nbsp;__main
</UL>

<P><STRONG><a name="[19c]"></a>__scatterload_rt2</STRONG> (Thumb, 44 bytes, Stack size unknown bytes, __scatter.o(!!!scatter), UNUSED)
<BR><BR>[Calls]<UL><LI><a href="#[19b]">&gt;&gt;</a>&nbsp;&nbsp;&nbsp;__rt_entry
</UL>

<P><STRONG><a name="[542]"></a>__scatterload_rt2_thumb_only</STRONG> (Thumb, 0 bytes, Stack size unknown bytes, __scatter.o(!!!scatter), UNUSED)

<P><STRONG><a name="[543]"></a>__scatterload_null</STRONG> (Thumb, 0 bytes, Stack size unknown bytes, __scatter.o(!!!scatter), UNUSED)

<P><STRONG><a name="[544]"></a>__decompress</STRONG> (Thumb, 90 bytes, Stack size unknown bytes, __dczerorl2.o(!!dczerorl2), UNUSED)

<P><STRONG><a name="[545]"></a>__decompress1</STRONG> (Thumb, 0 bytes, Stack size unknown bytes, __dczerorl2.o(!!dczerorl2), UNUSED)

<P><STRONG><a name="[546]"></a>__scatterload_zeroinit</STRONG> (Thumb, 28 bytes, Stack size unknown bytes, __scatter_zi.o(!!handler_zi), UNUSED)

<P><STRONG><a name="[19d]"></a>_printf_o</STRONG> (Thumb, 0 bytes, Stack size unknown bytes, _printf_o.o(.ARM.Collect$$_printf_percent$$0000000B))
<BR><BR>[Stack]<UL><LI>Max Depth = 64 + Unknown Stack Size
<LI>Call Chain = _printf_o &rArr; _printf_int_oct &rArr; _printf_int_common &rArr; _printf_post_padding
</UL>
<BR>[Calls]<UL><LI><a href="#[19e]">&gt;&gt;</a>&nbsp;&nbsp;&nbsp;_printf_int_oct
</UL>

<P><STRONG><a name="[532]"></a>_printf_percent</STRONG> (Thumb, 0 bytes, Stack size unknown bytes, _printf_percent.o(.ARM.Collect$$_printf_percent$$00000000))
<BR><BR>[Called By]<UL><LI><a href="#[530]">&gt;&gt;</a>&nbsp;&nbsp;&nbsp;__printf
</UL>

<P><STRONG><a name="[547]"></a>_printf_percent_end</STRONG> (Thumb, 0 bytes, Stack size unknown bytes, _printf_percent_end.o(.ARM.Collect$$_printf_percent$$00000017))

<P><STRONG><a name="[1a5]"></a>__rt_lib_init</STRONG> (Thumb, 0 bytes, Stack size unknown bytes, libinit.o(.ARM.Collect$$libinit$$00000000))
<BR><BR>[Called By]<UL><LI><a href="#[1a4]">&gt;&gt;</a>&nbsp;&nbsp;&nbsp;__rt_entry_li
</UL>

<P><STRONG><a name="[548]"></a>__rt_lib_init_fp_1</STRONG> (Thumb, 0 bytes, Stack size unknown bytes, libinit2.o(.ARM.Collect$$libinit$$00000002))

<P><STRONG><a name="[549]"></a>__rt_lib_init_heap_1</STRONG> (Thumb, 0 bytes, Stack size unknown bytes, libinit2.o(.ARM.Collect$$libinit$$00000008))

<P><STRONG><a name="[19f]"></a>__rt_lib_init_lc_common</STRONG> (Thumb, 0 bytes, Stack size unknown bytes, libinit2.o(.ARM.Collect$$libinit$$0000000D))
<BR><BR>[Calls]<UL><LI><a href="#[1a0]">&gt;&gt;</a>&nbsp;&nbsp;&nbsp;__rt_locale
</UL>

<P><STRONG><a name="[54a]"></a>__rt_lib_init_rand_1</STRONG> (Thumb, 0 bytes, Stack size unknown bytes, libinit2.o(.ARM.Collect$$libinit$$0000000C))

<P><STRONG><a name="[54b]"></a>__rt_lib_init_user_alloc_1</STRONG> (Thumb, 0 bytes, Stack size unknown bytes, libinit2.o(.ARM.Collect$$libinit$$0000000A))

<P><STRONG><a name="[54c]"></a>__rt_lib_init_lc_collate_1</STRONG> (Thumb, 0 bytes, Stack size unknown bytes, libinit2.o(.ARM.Collect$$libinit$$0000000F))

<P><STRONG><a name="[1a1]"></a>__rt_lib_init_lc_ctype_2</STRONG> (Thumb, 0 bytes, Stack size unknown bytes, libinit2.o(.ARM.Collect$$libinit$$00000010))
<BR><BR>[Stack]<UL><LI>Max Depth = 16 + Unknown Stack Size
<LI>Call Chain = __rt_lib_init_lc_ctype_2 &rArr; _get_lc_ctype &rArr; strcmp
</UL>
<BR>[Calls]<UL><LI><a href="#[193]">&gt;&gt;</a>&nbsp;&nbsp;&nbsp;_get_lc_ctype
</UL>

<P><STRONG><a name="[54d]"></a>__rt_lib_init_alloca_1</STRONG> (Thumb, 0 bytes, Stack size unknown bytes, libinit2.o(.ARM.Collect$$libinit$$0000002C))

<P><STRONG><a name="[54e]"></a>__rt_lib_init_argv_1</STRONG> (Thumb, 0 bytes, Stack size unknown bytes, libinit2.o(.ARM.Collect$$libinit$$0000002A))

<P><STRONG><a name="[54f]"></a>__rt_lib_init_atexit_1</STRONG> (Thumb, 0 bytes, Stack size unknown bytes, libinit2.o(.ARM.Collect$$libinit$$00000019))

<P><STRONG><a name="[550]"></a>__rt_lib_init_clock_1</STRONG> (Thumb, 0 bytes, Stack size unknown bytes, libinit2.o(.ARM.Collect$$libinit$$0000001F))

<P><STRONG><a name="[551]"></a>__rt_lib_init_cpp_1</STRONG> (Thumb, 0 bytes, Stack size unknown bytes, libinit2.o(.ARM.Collect$$libinit$$00000030))

<P><STRONG><a name="[552]"></a>__rt_lib_init_exceptions_1</STRONG> (Thumb, 0 bytes, Stack size unknown bytes, libinit2.o(.ARM.Collect$$libinit$$0000002E))

<P><STRONG><a name="[553]"></a>__rt_lib_init_fp_trap_1</STRONG> (Thumb, 0 bytes, Stack size unknown bytes, libinit2.o(.ARM.Collect$$libinit$$0000001D))

<P><STRONG><a name="[554]"></a>__rt_lib_init_getenv_1</STRONG> (Thumb, 0 bytes, Stack size unknown bytes, libinit2.o(.ARM.Collect$$libinit$$00000021))

<P><STRONG><a name="[555]"></a>__rt_lib_init_lc_ctype_1</STRONG> (Thumb, 0 bytes, Stack size unknown bytes, libinit2.o(.ARM.Collect$$libinit$$00000011))

<P><STRONG><a name="[556]"></a>__rt_lib_init_lc_monetary_1</STRONG> (Thumb, 0 bytes, Stack size unknown bytes, libinit2.o(.ARM.Collect$$libinit$$00000013))

<P><STRONG><a name="[557]"></a>__rt_lib_init_lc_numeric_1</STRONG> (Thumb, 0 bytes, Stack size unknown bytes, libinit2.o(.ARM.Collect$$libinit$$00000015))

<P><STRONG><a name="[558]"></a>__rt_lib_init_lc_time_1</STRONG> (Thumb, 0 bytes, Stack size unknown bytes, libinit2.o(.ARM.Collect$$libinit$$00000017))

<P><STRONG><a name="[559]"></a>__rt_lib_init_return</STRONG> (Thumb, 0 bytes, Stack size unknown bytes, libinit2.o(.ARM.Collect$$libinit$$00000031))

<P><STRONG><a name="[55a]"></a>__rt_lib_init_signal_1</STRONG> (Thumb, 0 bytes, Stack size unknown bytes, libinit2.o(.ARM.Collect$$libinit$$0000001B))

<P><STRONG><a name="[55b]"></a>__rt_lib_init_stdio_1</STRONG> (Thumb, 0 bytes, Stack size unknown bytes, libinit2.o(.ARM.Collect$$libinit$$00000023))

<P><STRONG><a name="[1aa]"></a>__rt_lib_shutdown</STRONG> (Thumb, 0 bytes, Stack size unknown bytes, libshutdown.o(.ARM.Collect$$libshutdown$$00000000))
<BR><BR>[Called By]<UL><LI><a href="#[1a9]">&gt;&gt;</a>&nbsp;&nbsp;&nbsp;__rt_exit_ls
</UL>

<P><STRONG><a name="[55c]"></a>__rt_lib_shutdown_fp_trap_1</STRONG> (Thumb, 0 bytes, Stack size unknown bytes, libshutdown2.o(.ARM.Collect$$libshutdown$$00000006))

<P><STRONG><a name="[55d]"></a>__rt_lib_shutdown_heap_1</STRONG> (Thumb, 0 bytes, Stack size unknown bytes, libshutdown2.o(.ARM.Collect$$libshutdown$$0000000E))

<P><STRONG><a name="[55e]"></a>__rt_lib_shutdown_return</STRONG> (Thumb, 0 bytes, Stack size unknown bytes, libshutdown2.o(.ARM.Collect$$libshutdown$$0000000F))

<P><STRONG><a name="[55f]"></a>__rt_lib_shutdown_signal_1</STRONG> (Thumb, 0 bytes, Stack size unknown bytes, libshutdown2.o(.ARM.Collect$$libshutdown$$00000009))

<P><STRONG><a name="[560]"></a>__rt_lib_shutdown_stdio_1</STRONG> (Thumb, 0 bytes, Stack size unknown bytes, libshutdown2.o(.ARM.Collect$$libshutdown$$00000003))

<P><STRONG><a name="[561]"></a>__rt_lib_shutdown_user_alloc_1</STRONG> (Thumb, 0 bytes, Stack size unknown bytes, libshutdown2.o(.ARM.Collect$$libshutdown$$0000000B))

<P><STRONG><a name="[19b]"></a>__rt_entry</STRONG> (Thumb, 0 bytes, Stack size unknown bytes, rtentry.o(.ARM.Collect$$rtentry$$00000000))
<BR><BR>[Called By]<UL><LI><a href="#[19c]">&gt;&gt;</a>&nbsp;&nbsp;&nbsp;__scatterload_rt2
<LI><a href="#[199]">&gt;&gt;</a>&nbsp;&nbsp;&nbsp;__main
</UL>

<P><STRONG><a name="[562]"></a>__rt_entry_presh_1</STRONG> (Thumb, 0 bytes, Stack size unknown bytes, rtentry2.o(.ARM.Collect$$rtentry$$00000002))

<P><STRONG><a name="[1a2]"></a>__rt_entry_sh</STRONG> (Thumb, 0 bytes, Stack size unknown bytes, rtentry4.o(.ARM.Collect$$rtentry$$00000004))
<BR><BR>[Stack]<UL><LI>Max Depth = 8 + Unknown Stack Size
<LI>Call Chain = __rt_entry_sh &rArr; __user_setup_stackheap
</UL>
<BR>[Calls]<UL><LI><a href="#[1a3]">&gt;&gt;</a>&nbsp;&nbsp;&nbsp;__user_setup_stackheap
</UL>

<P><STRONG><a name="[1a4]"></a>__rt_entry_li</STRONG> (Thumb, 0 bytes, Stack size unknown bytes, rtentry2.o(.ARM.Collect$$rtentry$$0000000A))
<BR><BR>[Calls]<UL><LI><a href="#[1a5]">&gt;&gt;</a>&nbsp;&nbsp;&nbsp;__rt_lib_init
</UL>

<P><STRONG><a name="[563]"></a>__rt_entry_postsh_1</STRONG> (Thumb, 0 bytes, Stack size unknown bytes, rtentry2.o(.ARM.Collect$$rtentry$$00000009))

<P><STRONG><a name="[1a6]"></a>__rt_entry_main</STRONG> (Thumb, 0 bytes, Stack size unknown bytes, rtentry2.o(.ARM.Collect$$rtentry$$0000000D))
<BR><BR>[Stack]<UL><LI>Max Depth = 728 + Unknown Stack Size
<LI>Call Chain = __rt_entry_main &rArr; main &rArr; __OS_Entry &rArr; IPv4_Entry &rArr; tcpip_init &rArr; lwip_init &rArr; netif_init &rArr; netif_add &rArr; netif_set_addr &rArr; netif_set_ipaddr &rArr; tcp_abort &rArr; tcp_abandon &rArr; tcp_pcb_remove &rArr; tcp_output &rArr; tcp_output_segment &rArr; ip_output &rArr; ip_output_if &rArr; ip_frag &rArr; pbuf_alloc &rArr; pbuf_pool_is_empty &rArr; tcpip_callback_with_block &rArr; _hx_free &rArr; KMemFree &rArr; _4kFree &rArr; UpdateMaxBlock
</UL>
<BR>[Calls]<UL><LI><a href="#[1a7]">&gt;&gt;</a>&nbsp;&nbsp;&nbsp;main
<LI><a href="#[1a8]">&gt;&gt;</a>&nbsp;&nbsp;&nbsp;exit
</UL>

<P><STRONG><a name="[564]"></a>__rt_entry_postli_1</STRONG> (Thumb, 0 bytes, Stack size unknown bytes, rtentry2.o(.ARM.Collect$$rtentry$$0000000C))

<P><STRONG><a name="[53e]"></a>__rt_exit</STRONG> (Thumb, 0 bytes, Stack size unknown bytes, rtexit.o(.ARM.Collect$$rtexit$$00000000))
<BR><BR>[Called By]<UL><LI><a href="#[1a8]">&gt;&gt;</a>&nbsp;&nbsp;&nbsp;exit
</UL>

<P><STRONG><a name="[1a9]"></a>__rt_exit_ls</STRONG> (Thumb, 0 bytes, Stack size unknown bytes, rtexit2.o(.ARM.Collect$$rtexit$$00000003))
<BR><BR>[Calls]<UL><LI><a href="#[1aa]">&gt;&gt;</a>&nbsp;&nbsp;&nbsp;__rt_lib_shutdown
</UL>

<P><STRONG><a name="[565]"></a>__rt_exit_prels_1</STRONG> (Thumb, 0 bytes, Stack size unknown bytes, rtexit2.o(.ARM.Collect$$rtexit$$00000002))

<P><STRONG><a name="[1ab]"></a>__rt_exit_exit</STRONG> (Thumb, 0 bytes, Stack size unknown bytes, rtexit2.o(.ARM.Collect$$rtexit$$00000004))
<BR><BR>[Calls]<UL><LI><a href="#[1ac]">&gt;&gt;</a>&nbsp;&nbsp;&nbsp;_sys_exit
</UL>

<P><STRONG><a name="[22d]"></a>HardwareInitialize</STRONG> (Thumb, 80 bytes, Stack size 16 bytes, arch_stm.o(.text))
<BR><BR>[Stack]<UL><LI>Max Depth = 16<LI>Call Chain = HardwareInitialize
</UL>
<BR>[Called By]<UL><LI><a href="#[78]">&gt;&gt;</a>&nbsp;&nbsp;&nbsp;BeginInitialize
</UL>

<P><STRONG><a name="[566]"></a>EnableVMM</STRONG> (Thumb, 2 bytes, Stack size 0 bytes, arch_stm.o(.text), UNUSED)

<P><STRONG><a name="[1e6]"></a>InitKernelThreadContext</STRONG> (Thumb, 202 bytes, Stack size 0 bytes, arch_stm.o(.text))
<BR><BR>[Called By]<UL><LI><a href="#[35]">&gt;&gt;</a>&nbsp;&nbsp;&nbsp;CreateKernelThread
</UL>

<P><STRONG><a name="[567]"></a>__GetTsc</STRONG> (Thumb, 2 bytes, Stack size 0 bytes, arch_stm.o(.text), UNUSED)

<P><STRONG><a name="[393]"></a>__MicroDelay</STRONG> (Thumb, 2 bytes, Stack size 0 bytes, arch_stm.o(.text))
<BR><BR>[Called By]<UL><LI><a href="#[394]">&gt;&gt;</a>&nbsp;&nbsp;&nbsp;ComRecvByte
<LI><a href="#[391]">&gt;&gt;</a>&nbsp;&nbsp;&nbsp;ComSendByte
</UL>

<P><STRONG><a name="[568]"></a>__outd</STRONG> (Thumb, 2 bytes, Stack size 0 bytes, arch_stm.o(.text), UNUSED)

<P><STRONG><a name="[569]"></a>__ind</STRONG> (Thumb, 6 bytes, Stack size 0 bytes, arch_stm.o(.text), UNUSED)

<P><STRONG><a name="[390]"></a>__outb</STRONG> (Thumb, 2 bytes, Stack size 0 bytes, arch_stm.o(.text))
<BR><BR>[Called By]<UL><LI><a href="#[d2]">&gt;&gt;</a>&nbsp;&nbsp;&nbsp;beep
<LI><a href="#[ba]">&gt;&gt;</a>&nbsp;&nbsp;&nbsp;outputb
<LI><a href="#[17c]">&gt;&gt;</a>&nbsp;&nbsp;&nbsp;IntSend
<LI><a href="#[396]">&gt;&gt;</a>&nbsp;&nbsp;&nbsp;ComSendByte2
<LI><a href="#[395]">&gt;&gt;</a>&nbsp;&nbsp;&nbsp;InitComPort2
<LI><a href="#[391]">&gt;&gt;</a>&nbsp;&nbsp;&nbsp;ComSendByte
<LI><a href="#[38f]">&gt;&gt;</a>&nbsp;&nbsp;&nbsp;InitComPort
</UL>

<P><STRONG><a name="[392]"></a>__inb</STRONG> (Thumb, 6 bytes, Stack size 0 bytes, arch_stm.o(.text))
<BR><BR>[Called By]<UL><LI><a href="#[d2]">&gt;&gt;</a>&nbsp;&nbsp;&nbsp;beep
<LI><a href="#[b5]">&gt;&gt;</a>&nbsp;&nbsp;&nbsp;inputb
<LI><a href="#[17b]">&gt;&gt;</a>&nbsp;&nbsp;&nbsp;ComIntHandler
<LI><a href="#[397]">&gt;&gt;</a>&nbsp;&nbsp;&nbsp;ComRecvByte2
<LI><a href="#[396]">&gt;&gt;</a>&nbsp;&nbsp;&nbsp;ComSendByte2
<LI><a href="#[395]">&gt;&gt;</a>&nbsp;&nbsp;&nbsp;InitComPort2
<LI><a href="#[394]">&gt;&gt;</a>&nbsp;&nbsp;&nbsp;ComRecvByte
<LI><a href="#[391]">&gt;&gt;</a>&nbsp;&nbsp;&nbsp;ComSendByte
</UL>

<P><STRONG><a name="[39c]"></a>__inw</STRONG> (Thumb, 6 bytes, Stack size 0 bytes, arch_stm.o(.text))
<BR><BR>[Called By]<UL><LI><a href="#[b6]">&gt;&gt;</a>&nbsp;&nbsp;&nbsp;inputw
</UL>

<P><STRONG><a name="[39d]"></a>__outw</STRONG> (Thumb, 2 bytes, Stack size 0 bytes, arch_stm.o(.text))
<BR><BR>[Called By]<UL><LI><a href="#[bb]">&gt;&gt;</a>&nbsp;&nbsp;&nbsp;outputw
</UL>

<P><STRONG><a name="[56a]"></a>__inws</STRONG> (Thumb, 2 bytes, Stack size 0 bytes, arch_stm.o(.text), UNUSED)

<P><STRONG><a name="[56b]"></a>__outws</STRONG> (Thumb, 2 bytes, Stack size 0 bytes, arch_stm.o(.text), UNUSED)

<P><STRONG><a name="[dd]"></a>HardFault_Handler</STRONG> (Thumb, 376 bytes, Stack size 32 bytes, arch_stm.o(.text))
<BR><BR>[Stack]<UL><LI>Max Depth = 240<LI>Call Chain = HardFault_Handler &rArr; _hx_sprintf &rArr; _hx_vsprintf &rArr; number
</UL>
<BR>[Calls]<UL><LI><a href="#[1ae]">&gt;&gt;</a>&nbsp;&nbsp;&nbsp;_hx_sprintf
<LI><a href="#[1ad]">&gt;&gt;</a>&nbsp;&nbsp;&nbsp;SER_PutString
</UL>
<BR>[Address Reference Count : 1]<UL><LI> startup_stm32f10x_md.o(RESET)
</UL>
<P><STRONG><a name="[de]"></a>MemManage_Handler</STRONG> (Thumb, 10 bytes, Stack size 0 bytes, arch_stm.o(.text))
<BR><BR>[Stack]<UL><LI>Max Depth = 4<LI>Call Chain = MemManage_Handler &rArr; SER_PutString
</UL>
<BR>[Calls]<UL><LI><a href="#[1ad]">&gt;&gt;</a>&nbsp;&nbsp;&nbsp;SER_PutString
</UL>
<BR>[Address Reference Count : 1]<UL><LI> startup_stm32f10x_md.o(RESET)
</UL>
<P><STRONG><a name="[df]"></a>BusFault_Handler</STRONG> (Thumb, 10 bytes, Stack size 0 bytes, arch_stm.o(.text))
<BR><BR>[Stack]<UL><LI>Max Depth = 4<LI>Call Chain = BusFault_Handler &rArr; SER_PutString
</UL>
<BR>[Calls]<UL><LI><a href="#[1ad]">&gt;&gt;</a>&nbsp;&nbsp;&nbsp;SER_PutString
</UL>
<BR>[Address Reference Count : 1]<UL><LI> startup_stm32f10x_md.o(RESET)
</UL>
<P><STRONG><a name="[e0]"></a>UsageFault_Handler</STRONG> (Thumb, 10 bytes, Stack size 0 bytes, arch_stm.o(.text))
<BR><BR>[Stack]<UL><LI>Max Depth = 4<LI>Call Chain = UsageFault_Handler &rArr; SER_PutString
</UL>
<BR>[Calls]<UL><LI><a href="#[1ad]">&gt;&gt;</a>&nbsp;&nbsp;&nbsp;SER_PutString
</UL>
<BR>[Address Reference Count : 1]<UL><LI> startup_stm32f10x_md.o(RESET)
</UL>
<P><STRONG><a name="[1af]"></a>CheckESP</STRONG> (Thumb, 82 bytes, Stack size 80 bytes, arch_stm.o(.text), UNUSED)
<BR><BR>[Calls]<UL><LI><a href="#[1ae]">&gt;&gt;</a>&nbsp;&nbsp;&nbsp;_hx_sprintf
<LI><a href="#[1ad]">&gt;&gt;</a>&nbsp;&nbsp;&nbsp;SER_PutString
</UL>

<P><STRONG><a name="[1b6]"></a>ErrorHandler</STRONG> (Thumb, 90 bytes, Stack size 16 bytes, hellocn.o(.text), UNUSED)
<BR><BR>[Calls]<UL><LI><a href="#[1b5]">&gt;&gt;</a>&nbsp;&nbsp;&nbsp;InformErrorHandler
<LI><a href="#[1b4]">&gt;&gt;</a>&nbsp;&nbsp;&nbsp;AlarmErrorHandler
<LI><a href="#[1b3]">&gt;&gt;</a>&nbsp;&nbsp;&nbsp;ImportantErrorHandler
<LI><a href="#[1b2]">&gt;&gt;</a>&nbsp;&nbsp;&nbsp;CriticalErrorHandler
<LI><a href="#[1b0]">&gt;&gt;</a>&nbsp;&nbsp;&nbsp;FatalErrorHandler
</UL>

<P><STRONG><a name="[1b7]"></a>__BUG</STRONG> (Thumb, 52 bytes, Stack size 16 bytes, hellocn.o(.text))
<BR><BR>[Stack]<UL><LI>Max Depth = 48<LI>Call Chain = __BUG &rArr; PrintStr &rArr; CD_PrintString &rArr; CD_ChangeLine
</UL>
<BR>[Calls]<UL><LI><a href="#[1b8]">&gt;&gt;</a>&nbsp;&nbsp;&nbsp;PrintStr
<LI><a href="#[1b1]">&gt;&gt;</a>&nbsp;&nbsp;&nbsp;PrintLine
<LI><a href="#[1b9]">&gt;&gt;</a>&nbsp;&nbsp;&nbsp;Hex2Str
<LI><a href="#[1ba]">&gt;&gt;</a>&nbsp;&nbsp;&nbsp;Enter_Critical_Section
</UL>
<BR>[Called By]<UL><LI><a href="#[3b]">&gt;&gt;</a>&nbsp;&nbsp;&nbsp;UniSchedule
<LI><a href="#[1f4]">&gt;&gt;</a>&nbsp;&nbsp;&nbsp;TimeOutWaiting
<LI><a href="#[1fc]">&gt;&gt;</a>&nbsp;&nbsp;&nbsp;WaitForAll
<LI><a href="#[1fb]">&gt;&gt;</a>&nbsp;&nbsp;&nbsp;MultiTimeOutWaiting
<LI><a href="#[13c]">&gt;&gt;</a>&nbsp;&nbsp;&nbsp;MultiWaitTimerHandler
<LI><a href="#[1fa]">&gt;&gt;</a>&nbsp;&nbsp;&nbsp;CancelWait
<LI><a href="#[1f9]">&gt;&gt;</a>&nbsp;&nbsp;&nbsp;ObtainAllObjects
<LI><a href="#[1f7]">&gt;&gt;</a>&nbsp;&nbsp;&nbsp;WaitThisObject
<LI><a href="#[137]">&gt;&gt;</a>&nbsp;&nbsp;&nbsp;WaitForEventObjectEx
<LI><a href="#[134]">&gt;&gt;</a>&nbsp;&nbsp;&nbsp;WaitingTimerHandler
<LI><a href="#[73]">&gt;&gt;</a>&nbsp;&nbsp;&nbsp;SemUninitialize
<LI><a href="#[65]">&gt;&gt;</a>&nbsp;&nbsp;&nbsp;MutexUninitialize
<LI><a href="#[63]">&gt;&gt;</a>&nbsp;&nbsp;&nbsp;EventUninitialize
<LI><a href="#[55]">&gt;&gt;</a>&nbsp;&nbsp;&nbsp;Allocate
<LI><a href="#[30]">&gt;&gt;</a>&nbsp;&nbsp;&nbsp;SetThreadHook
<LI><a href="#[31]">&gt;&gt;</a>&nbsp;&nbsp;&nbsp;CallThreadHook
<LI><a href="#[33]">&gt;&gt;</a>&nbsp;&nbsp;&nbsp;AddReadyKernelThread
<LI><a href="#[3f]">&gt;&gt;</a>&nbsp;&nbsp;&nbsp;Sleep
<LI><a href="#[2a6]">&gt;&gt;</a>&nbsp;&nbsp;&nbsp;pbuf_cat
<LI><a href="#[2a9]">&gt;&gt;</a>&nbsp;&nbsp;&nbsp;netbuf_first
<LI><a href="#[2a8]">&gt;&gt;</a>&nbsp;&nbsp;&nbsp;netbuf_next
<LI><a href="#[2a7]">&gt;&gt;</a>&nbsp;&nbsp;&nbsp;netbuf_data
<LI><a href="#[2a5]">&gt;&gt;</a>&nbsp;&nbsp;&nbsp;netbuf_chain
<LI><a href="#[2a4]">&gt;&gt;</a>&nbsp;&nbsp;&nbsp;netbuf_ref
<LI><a href="#[2a3]">&gt;&gt;</a>&nbsp;&nbsp;&nbsp;netbuf_free
<LI><a href="#[2a2]">&gt;&gt;</a>&nbsp;&nbsp;&nbsp;netbuf_alloc
<LI><a href="#[295]">&gt;&gt;</a>&nbsp;&nbsp;&nbsp;udp_bind
<LI><a href="#[27a]">&gt;&gt;</a>&nbsp;&nbsp;&nbsp;tcp_write
<LI><a href="#[277]">&gt;&gt;</a>&nbsp;&nbsp;&nbsp;tcp_recved
<LI><a href="#[27b]">&gt;&gt;</a>&nbsp;&nbsp;&nbsp;tcp_output
<LI><a href="#[29b]">&gt;&gt;</a>&nbsp;&nbsp;&nbsp;tcp_listen_with_backlog
<LI><a href="#[299]">&gt;&gt;</a>&nbsp;&nbsp;&nbsp;tcp_connect
<LI><a href="#[296]">&gt;&gt;</a>&nbsp;&nbsp;&nbsp;tcp_bind
<LI><a href="#[29d]">&gt;&gt;</a>&nbsp;&nbsp;&nbsp;raw_sendto
<LI><a href="#[274]">&gt;&gt;</a>&nbsp;&nbsp;&nbsp;pbuf_free
<LI><a href="#[273]">&gt;&gt;</a>&nbsp;&nbsp;&nbsp;pbuf_copy
<LI><a href="#[272]">&gt;&gt;</a>&nbsp;&nbsp;&nbsp;pbuf_alloc
<LI><a href="#[161]">&gt;&gt;</a>&nbsp;&nbsp;&nbsp;do_dns_found
<LI><a href="#[15f]">&gt;&gt;</a>&nbsp;&nbsp;&nbsp;do_connected
<LI><a href="#[28f]">&gt;&gt;</a>&nbsp;&nbsp;&nbsp;netconn_drain
<LI><a href="#[289]">&gt;&gt;</a>&nbsp;&nbsp;&nbsp;pcb_new
<LI><a href="#[15a]">&gt;&gt;</a>&nbsp;&nbsp;&nbsp;poll_tcp
<LI><a href="#[27c]">&gt;&gt;</a>&nbsp;&nbsp;&nbsp;do_close_internal
<LI><a href="#[159]">&gt;&gt;</a>&nbsp;&nbsp;&nbsp;sent_tcp
<LI><a href="#[279]">&gt;&gt;</a>&nbsp;&nbsp;&nbsp;do_writemore
<LI><a href="#[15b]">&gt;&gt;</a>&nbsp;&nbsp;&nbsp;err_tcp
<LI><a href="#[15c]">&gt;&gt;</a>&nbsp;&nbsp;&nbsp;recv_tcp
<LI><a href="#[15e]">&gt;&gt;</a>&nbsp;&nbsp;&nbsp;recv_udp
<LI><a href="#[259]">&gt;&gt;</a>&nbsp;&nbsp;&nbsp;netconn_free
<LI><a href="#[156]">&gt;&gt;</a>&nbsp;&nbsp;&nbsp;do_write
<LI><a href="#[14f]">&gt;&gt;</a>&nbsp;&nbsp;&nbsp;do_getaddr
<LI><a href="#[14e]">&gt;&gt;</a>&nbsp;&nbsp;&nbsp;do_delconn
<LI><a href="#[151]">&gt;&gt;</a>&nbsp;&nbsp;&nbsp;do_connect
<LI><a href="#[157]">&gt;&gt;</a>&nbsp;&nbsp;&nbsp;do_close
<LI><a href="#[26e]">&gt;&gt;</a>&nbsp;&nbsp;&nbsp;netconn_gethostbyname
<LI><a href="#[26a]">&gt;&gt;</a>&nbsp;&nbsp;&nbsp;netconn_write
<LI><a href="#[268]">&gt;&gt;</a>&nbsp;&nbsp;&nbsp;netconn_send
<LI><a href="#[265]">&gt;&gt;</a>&nbsp;&nbsp;&nbsp;netconn_recv
<LI><a href="#[264]">&gt;&gt;</a>&nbsp;&nbsp;&nbsp;netconn_recv_tcp_pbuf
<LI><a href="#[261]">&gt;&gt;</a>&nbsp;&nbsp;&nbsp;netconn_accept
<LI><a href="#[260]">&gt;&gt;</a>&nbsp;&nbsp;&nbsp;netconn_listen_with_backlog
<LI><a href="#[25f]">&gt;&gt;</a>&nbsp;&nbsp;&nbsp;netconn_disconnect
<LI><a href="#[25e]">&gt;&gt;</a>&nbsp;&nbsp;&nbsp;netconn_connect
<LI><a href="#[25d]">&gt;&gt;</a>&nbsp;&nbsp;&nbsp;netconn_bind
<LI><a href="#[25a]">&gt;&gt;</a>&nbsp;&nbsp;&nbsp;netconn_getaddr
<LI><a href="#[251]">&gt;&gt;</a>&nbsp;&nbsp;&nbsp;netconn_new_with_proto_and_callback
<LI><a href="#[26b]">&gt;&gt;</a>&nbsp;&nbsp;&nbsp;netconn_close_shutdown
<LI><a href="#[263]">&gt;&gt;</a>&nbsp;&nbsp;&nbsp;netconn_recv_data
<LI><a href="#[14b]">&gt;&gt;</a>&nbsp;&nbsp;&nbsp;SendMail
<LI><a href="#[14c]">&gt;&gt;</a>&nbsp;&nbsp;&nbsp;GetMail
<LI><a href="#[146]">&gt;&gt;</a>&nbsp;&nbsp;&nbsp;WaitForSemObjectEx
<LI><a href="#[349]">&gt;&gt;</a>&nbsp;&nbsp;&nbsp;tcp_rst
<LI><a href="#[356]">&gt;&gt;</a>&nbsp;&nbsp;&nbsp;tcp_enqueue_flags
<LI><a href="#[352]">&gt;&gt;</a>&nbsp;&nbsp;&nbsp;tcp_abandon
<LI><a href="#[34e]">&gt;&gt;</a>&nbsp;&nbsp;&nbsp;tcp_update_rcv_ann_wnd
<LI><a href="#[34a]">&gt;&gt;</a>&nbsp;&nbsp;&nbsp;tcp_pcb_remove
<LI><a href="#[345]">&gt;&gt;</a>&nbsp;&nbsp;&nbsp;tcp_slowtmr
<LI><a href="#[34b]">&gt;&gt;</a>&nbsp;&nbsp;&nbsp;tcp_close_shutdown
<LI><a href="#[33e]">&gt;&gt;</a>&nbsp;&nbsp;&nbsp;pbuf_coalesce
<LI><a href="#[33d]">&gt;&gt;</a>&nbsp;&nbsp;&nbsp;pbuf_take
<LI><a href="#[33c]">&gt;&gt;</a>&nbsp;&nbsp;&nbsp;pbuf_dechain
<LI><a href="#[335]">&gt;&gt;</a>&nbsp;&nbsp;&nbsp;netif_add
<LI><a href="#[332]">&gt;&gt;</a>&nbsp;&nbsp;&nbsp;netif_poll
<LI><a href="#[330]">&gt;&gt;</a>&nbsp;&nbsp;&nbsp;pbuf_alloced_custom
<LI><a href="#[16a]">&gt;&gt;</a>&nbsp;&nbsp;&nbsp;ipfrag_free_pbuf_custom
<LI><a href="#[32f]">&gt;&gt;</a>&nbsp;&nbsp;&nbsp;ip_frag_free_pbuf_custom_ref
<LI><a href="#[32d]">&gt;&gt;</a>&nbsp;&nbsp;&nbsp;ip_reass_chain_frag_into_datagram_and_validate
<LI><a href="#[329]">&gt;&gt;</a>&nbsp;&nbsp;&nbsp;ip_reass_free_complete_datagram
<LI><a href="#[328]">&gt;&gt;</a>&nbsp;&nbsp;&nbsp;ip_reass_dequeue_datagram
<LI><a href="#[325]">&gt;&gt;</a>&nbsp;&nbsp;&nbsp;ipaddr_aton
<LI><a href="#[31f]">&gt;&gt;</a>&nbsp;&nbsp;&nbsp;udp_input
<LI><a href="#[320]">&gt;&gt;</a>&nbsp;&nbsp;&nbsp;tcp_input
<LI><a href="#[321]">&gt;&gt;</a>&nbsp;&nbsp;&nbsp;netif_loop_output
<LI><a href="#[322]">&gt;&gt;</a>&nbsp;&nbsp;&nbsp;ip_frag
<LI><a href="#[316]">&gt;&gt;</a>&nbsp;&nbsp;&nbsp;inet_chksum_pseudo_partial
<LI><a href="#[30b]">&gt;&gt;</a>&nbsp;&nbsp;&nbsp;pbuf_header
<LI><a href="#[30f]">&gt;&gt;</a>&nbsp;&nbsp;&nbsp;ip_output_if
<LI><a href="#[311]">&gt;&gt;</a>&nbsp;&nbsp;&nbsp;ip_output
<LI><a href="#[30a]">&gt;&gt;</a>&nbsp;&nbsp;&nbsp;icmp_input
<LI><a href="#[310]">&gt;&gt;</a>&nbsp;&nbsp;&nbsp;icmp_send_response
<LI><a href="#[305]">&gt;&gt;</a>&nbsp;&nbsp;&nbsp;dns_check_entry
<LI><a href="#[304]">&gt;&gt;</a>&nbsp;&nbsp;&nbsp;dns_send
<LI><a href="#[2df]">&gt;&gt;</a>&nbsp;&nbsp;&nbsp;udp_sendto_if
<LI><a href="#[2de]">&gt;&gt;</a>&nbsp;&nbsp;&nbsp;pbuf_realloc
<LI><a href="#[2e6]">&gt;&gt;</a>&nbsp;&nbsp;&nbsp;etharp_query
<LI><a href="#[2ff]">&gt;&gt;</a>&nbsp;&nbsp;&nbsp;dhcp_arp_reply
<LI><a href="#[2fc]">&gt;&gt;</a>&nbsp;&nbsp;&nbsp;dhcp_inform
<LI><a href="#[2fb]">&gt;&gt;</a>&nbsp;&nbsp;&nbsp;dhcp_start
<LI><a href="#[2f9]">&gt;&gt;</a>&nbsp;&nbsp;&nbsp;dhcp_stop
<LI><a href="#[2f8]">&gt;&gt;</a>&nbsp;&nbsp;&nbsp;dhcp_cleanup
<LI><a href="#[2f7]">&gt;&gt;</a>&nbsp;&nbsp;&nbsp;dhcp_set_struct
<LI><a href="#[168]">&gt;&gt;</a>&nbsp;&nbsp;&nbsp;dhcp_recv
<LI><a href="#[2fa]">&gt;&gt;</a>&nbsp;&nbsp;&nbsp;dhcp_parse_reply
<LI><a href="#[2f1]">&gt;&gt;</a>&nbsp;&nbsp;&nbsp;dhcp_bind
<LI><a href="#[2e7]">&gt;&gt;</a>&nbsp;&nbsp;&nbsp;dhcp_option_long
<LI><a href="#[2db]">&gt;&gt;</a>&nbsp;&nbsp;&nbsp;dhcp_create_msg
<LI><a href="#[2da]">&gt;&gt;</a>&nbsp;&nbsp;&nbsp;dhcp_option_short
<LI><a href="#[2d9]">&gt;&gt;</a>&nbsp;&nbsp;&nbsp;dhcp_option
<LI><a href="#[2d8]">&gt;&gt;</a>&nbsp;&nbsp;&nbsp;dhcp_option_byte
<LI><a href="#[2d7]">&gt;&gt;</a>&nbsp;&nbsp;&nbsp;dhcp_option_trailer
<LI><a href="#[2d6]">&gt;&gt;</a>&nbsp;&nbsp;&nbsp;dhcp_delete_msg
<LI><a href="#[2ca]">&gt;&gt;</a>&nbsp;&nbsp;&nbsp;sys_timeout
<LI><a href="#[2c8]">&gt;&gt;</a>&nbsp;&nbsp;&nbsp;ethernet_input
<LI><a href="#[2cf]">&gt;&gt;</a>&nbsp;&nbsp;&nbsp;tcpip_init
<LI><a href="#[165]">&gt;&gt;</a>&nbsp;&nbsp;&nbsp;tcpip_thread
<LI><a href="#[2b5]">&gt;&gt;</a>&nbsp;&nbsp;&nbsp;pbuf_copy_partial
<LI><a href="#[2be]">&gt;&gt;</a>&nbsp;&nbsp;&nbsp;lwip_select
<LI><a href="#[2b8]">&gt;&gt;</a>&nbsp;&nbsp;&nbsp;lwip_sendto
<LI><a href="#[2b4]">&gt;&gt;</a>&nbsp;&nbsp;&nbsp;lwip_recvfrom
<LI><a href="#[2b2]">&gt;&gt;</a>&nbsp;&nbsp;&nbsp;lwip_connect
<LI><a href="#[2b1]">&gt;&gt;</a>&nbsp;&nbsp;&nbsp;lwip_close
<LI><a href="#[2af]">&gt;&gt;</a>&nbsp;&nbsp;&nbsp;lwip_bind
<LI><a href="#[2ad]">&gt;&gt;</a>&nbsp;&nbsp;&nbsp;lwip_accept
<LI><a href="#[164]">&gt;&gt;</a>&nbsp;&nbsp;&nbsp;lwip_setsockopt_internal
<LI><a href="#[163]">&gt;&gt;</a>&nbsp;&nbsp;&nbsp;lwip_getsockopt_internal
<LI><a href="#[2bc]">&gt;&gt;</a>&nbsp;&nbsp;&nbsp;lwip_selscan
<LI><a href="#[162]">&gt;&gt;</a>&nbsp;&nbsp;&nbsp;event_callback
<LI><a href="#[186]">&gt;&gt;</a>&nbsp;&nbsp;&nbsp;ethernetif_init
<LI><a href="#[39f]">&gt;&gt;</a>&nbsp;&nbsp;&nbsp;ping_send
<LI><a href="#[17b]">&gt;&gt;</a>&nbsp;&nbsp;&nbsp;ComIntHandler
<LI><a href="#[36e]">&gt;&gt;</a>&nbsp;&nbsp;&nbsp;etharp_find_addr
<LI><a href="#[370]">&gt;&gt;</a>&nbsp;&nbsp;&nbsp;etharp_raw
<LI><a href="#[36f]">&gt;&gt;</a>&nbsp;&nbsp;&nbsp;etharp_arp_input
<LI><a href="#[36d]">&gt;&gt;</a>&nbsp;&nbsp;&nbsp;update_arp_entry
<LI><a href="#[36c]">&gt;&gt;</a>&nbsp;&nbsp;&nbsp;etharp_send_ip
<LI><a href="#[36b]">&gt;&gt;</a>&nbsp;&nbsp;&nbsp;find_entry
<LI><a href="#[367]">&gt;&gt;</a>&nbsp;&nbsp;&nbsp;tcp_write_checks
<LI><a href="#[366]">&gt;&gt;</a>&nbsp;&nbsp;&nbsp;tcp_pbuf_prealloc
<LI><a href="#[364]">&gt;&gt;</a>&nbsp;&nbsp;&nbsp;tcp_output_alloc_header
<LI><a href="#[360]">&gt;&gt;</a>&nbsp;&nbsp;&nbsp;tcp_process
<LI><a href="#[35c]">&gt;&gt;</a>&nbsp;&nbsp;&nbsp;tcp_receive
</UL>

<P><STRONG><a name="[123]"></a>System_Hard_Init</STRONG> (Thumb, 10 bytes, Stack size 0 bytes, osadapt.o(.text))
<BR>[Address Reference Count : 1]<UL><LI> osadapt.o(.text)
</UL>
<P><STRONG><a name="[125]"></a>Int_Entry_Wrapper</STRONG> (Thumb, 16 bytes, Stack size 0 bytes, osadapt.o(.text))
<BR>[Address Reference Count : 2]<UL><LI> osadapt.o(.text)
<LI> startup_stm32f10x_md.o(.text)
</UL>
<P><STRONG><a name="[1ba]"></a>Enter_Critical_Section</STRONG> (Thumb, 8 bytes, Stack size 0 bytes, osadapt.o(.text))
<BR><BR>[Called By]<UL><LI><a href="#[6e]">&gt;&gt;</a>&nbsp;&nbsp;&nbsp;DrcbInitialize
<LI><a href="#[25]">&gt;&gt;</a>&nbsp;&nbsp;&nbsp;_RemoveDirectory
<LI><a href="#[1f]">&gt;&gt;</a>&nbsp;&nbsp;&nbsp;_DeleteFile
<LI><a href="#[1db]">&gt;&gt;</a>&nbsp;&nbsp;&nbsp;CreateNewFile
<LI><a href="#[2e]">&gt;&gt;</a>&nbsp;&nbsp;&nbsp;AddFileSystem
<LI><a href="#[2b]">&gt;&gt;</a>&nbsp;&nbsp;&nbsp;DestroyDevice
<LI><a href="#[2a]">&gt;&gt;</a>&nbsp;&nbsp;&nbsp;CreateDevice
<LI><a href="#[23]">&gt;&gt;</a>&nbsp;&nbsp;&nbsp;_GetFileAttributes
<LI><a href="#[20]">&gt;&gt;</a>&nbsp;&nbsp;&nbsp;_FindClose
<LI><a href="#[22]">&gt;&gt;</a>&nbsp;&nbsp;&nbsp;_FindNextFile
<LI><a href="#[21]">&gt;&gt;</a>&nbsp;&nbsp;&nbsp;_FindFirstFile
<LI><a href="#[1e]">&gt;&gt;</a>&nbsp;&nbsp;&nbsp;_CreateDirectory
<LI><a href="#[27]">&gt;&gt;</a>&nbsp;&nbsp;&nbsp;IOControl
<LI><a href="#[1d6]">&gt;&gt;</a>&nbsp;&nbsp;&nbsp;__OpenDevice
<LI><a href="#[1d5]">&gt;&gt;</a>&nbsp;&nbsp;&nbsp;__OpenFile
<LI><a href="#[2f]">&gt;&gt;</a>&nbsp;&nbsp;&nbsp;RegisterFileSystem
<LI><a href="#[17]">&gt;&gt;</a>&nbsp;&nbsp;&nbsp;SetShellThread
<LI><a href="#[16]">&gt;&gt;</a>&nbsp;&nbsp;&nbsp;SetFocusThread
<LI><a href="#[15]">&gt;&gt;</a>&nbsp;&nbsp;&nbsp;SendDeviceMessage
<LI><a href="#[f]">&gt;&gt;</a>&nbsp;&nbsp;&nbsp;GetDevice
<LI><a href="#[12]">&gt;&gt;</a>&nbsp;&nbsp;&nbsp;CheckPortRegion
<LI><a href="#[14]">&gt;&gt;</a>&nbsp;&nbsp;&nbsp;ReleasePortRegion
<LI><a href="#[13]">&gt;&gt;</a>&nbsp;&nbsp;&nbsp;ReservePortRegion
<LI><a href="#[12b]">&gt;&gt;</a>&nbsp;&nbsp;&nbsp;UsartDeviceClose
<LI><a href="#[12a]">&gt;&gt;</a>&nbsp;&nbsp;&nbsp;UsartDeviceOpen
<LI><a href="#[128]">&gt;&gt;</a>&nbsp;&nbsp;&nbsp;UsartDeviceWrite
<LI><a href="#[129]">&gt;&gt;</a>&nbsp;&nbsp;&nbsp;UsartDeviceRead
<LI><a href="#[1c2]">&gt;&gt;</a>&nbsp;&nbsp;&nbsp;DAIntHandler
<LI><a href="#[3b]">&gt;&gt;</a>&nbsp;&nbsp;&nbsp;UniSchedule
<LI><a href="#[1b7]">&gt;&gt;</a>&nbsp;&nbsp;&nbsp;__BUG
<LI><a href="#[83]">&gt;&gt;</a>&nbsp;&nbsp;&nbsp;CancelTimer
<LI><a href="#[82]">&gt;&gt;</a>&nbsp;&nbsp;&nbsp;SetTimer
<LI><a href="#[7a]">&gt;&gt;</a>&nbsp;&nbsp;&nbsp;SystemInitialize
<LI><a href="#[81]">&gt;&gt;</a>&nbsp;&nbsp;&nbsp;DisconnectInterrupt
<LI><a href="#[80]">&gt;&gt;</a>&nbsp;&nbsp;&nbsp;ConnectInterrupt
<LI><a href="#[13d]">&gt;&gt;</a>&nbsp;&nbsp;&nbsp;TimerInterruptHandler
<LI><a href="#[1fc]">&gt;&gt;</a>&nbsp;&nbsp;&nbsp;WaitForAll
<LI><a href="#[13b]">&gt;&gt;</a>&nbsp;&nbsp;&nbsp;WaitForMutexObjectEx
<LI><a href="#[139]">&gt;&gt;</a>&nbsp;&nbsp;&nbsp;WaitForMutexObject
<LI><a href="#[13a]">&gt;&gt;</a>&nbsp;&nbsp;&nbsp;ReleaseMutex
<LI><a href="#[135]">&gt;&gt;</a>&nbsp;&nbsp;&nbsp;SetEvent
<LI><a href="#[136]">&gt;&gt;</a>&nbsp;&nbsp;&nbsp;ResetEvent
<LI><a href="#[137]">&gt;&gt;</a>&nbsp;&nbsp;&nbsp;WaitForEventObjectEx
<LI><a href="#[138]">&gt;&gt;</a>&nbsp;&nbsp;&nbsp;WaitForEventObject
<LI><a href="#[134]">&gt;&gt;</a>&nbsp;&nbsp;&nbsp;WaitingTimerHandler
<LI><a href="#[133]">&gt;&gt;</a>&nbsp;&nbsp;&nbsp;GetHeaderElement
<LI><a href="#[132]">&gt;&gt;</a>&nbsp;&nbsp;&nbsp;DeleteFromQueue
<LI><a href="#[131]">&gt;&gt;</a>&nbsp;&nbsp;&nbsp;InsertIntoQueue
<LI><a href="#[73]">&gt;&gt;</a>&nbsp;&nbsp;&nbsp;SemUninitialize
<LI><a href="#[65]">&gt;&gt;</a>&nbsp;&nbsp;&nbsp;MutexUninitialize
<LI><a href="#[71]">&gt;&gt;</a>&nbsp;&nbsp;&nbsp;MailboxUninitialize
<LI><a href="#[63]">&gt;&gt;</a>&nbsp;&nbsp;&nbsp;EventUninitialize
<LI><a href="#[77]">&gt;&gt;</a>&nbsp;&nbsp;&nbsp;DestroyObject
<LI><a href="#[74]">&gt;&gt;</a>&nbsp;&nbsp;&nbsp;CreateObject
<LI><a href="#[1e7]">&gt;&gt;</a>&nbsp;&nbsp;&nbsp;ReleaseAndCombine
<LI><a href="#[55]">&gt;&gt;</a>&nbsp;&nbsp;&nbsp;Allocate
<LI><a href="#[12f]">&gt;&gt;</a>&nbsp;&nbsp;&nbsp;WaitForKernelThreadObject
<LI><a href="#[30]">&gt;&gt;</a>&nbsp;&nbsp;&nbsp;SetThreadHook
<LI><a href="#[130]">&gt;&gt;</a>&nbsp;&nbsp;&nbsp;KernelThreadWrapper
<LI><a href="#[4e]">&gt;&gt;</a>&nbsp;&nbsp;&nbsp;UnlockKernelThread
<LI><a href="#[4d]">&gt;&gt;</a>&nbsp;&nbsp;&nbsp;LockKernelThread
<LI><a href="#[4a]">&gt;&gt;</a>&nbsp;&nbsp;&nbsp;MgrPeekMessage
<LI><a href="#[49]">&gt;&gt;</a>&nbsp;&nbsp;&nbsp;MgrGetMessage
<LI><a href="#[48]">&gt;&gt;</a>&nbsp;&nbsp;&nbsp;MgrSendMessage
<LI><a href="#[3f]">&gt;&gt;</a>&nbsp;&nbsp;&nbsp;Sleep
<LI><a href="#[3c]">&gt;&gt;</a>&nbsp;&nbsp;&nbsp;SetThreadPriority
<LI><a href="#[25b]">&gt;&gt;</a>&nbsp;&nbsp;&nbsp;sys_arch_protect
<LI><a href="#[14b]">&gt;&gt;</a>&nbsp;&nbsp;&nbsp;SendMail
<LI><a href="#[14c]">&gt;&gt;</a>&nbsp;&nbsp;&nbsp;GetMail
<LI><a href="#[14a]">&gt;&gt;</a>&nbsp;&nbsp;&nbsp;SetMailboxSize
<LI><a href="#[146]">&gt;&gt;</a>&nbsp;&nbsp;&nbsp;WaitForSemObjectEx
<LI><a href="#[145]">&gt;&gt;</a>&nbsp;&nbsp;&nbsp;WaitForSemObject
<LI><a href="#[148]">&gt;&gt;</a>&nbsp;&nbsp;&nbsp;ReleaseSemaphore
<LI><a href="#[8e]">&gt;&gt;</a>&nbsp;&nbsp;&nbsp;MemHandler
<LI><a href="#[d4]">&gt;&gt;</a>&nbsp;&nbsp;&nbsp;cintperf
<LI><a href="#[397]">&gt;&gt;</a>&nbsp;&nbsp;&nbsp;ComRecvByte2
<LI><a href="#[396]">&gt;&gt;</a>&nbsp;&nbsp;&nbsp;ComSendByte2
</UL>

<P><STRONG><a name="[1c5]"></a>Leave_Critical_Section</STRONG> (Thumb, 6 bytes, Stack size 0 bytes, osadapt.o(.text))
<BR><BR>[Called By]<UL><LI><a href="#[6e]">&gt;&gt;</a>&nbsp;&nbsp;&nbsp;DrcbInitialize
<LI><a href="#[25]">&gt;&gt;</a>&nbsp;&nbsp;&nbsp;_RemoveDirectory
<LI><a href="#[1f]">&gt;&gt;</a>&nbsp;&nbsp;&nbsp;_DeleteFile
<LI><a href="#[1db]">&gt;&gt;</a>&nbsp;&nbsp;&nbsp;CreateNewFile
<LI><a href="#[2e]">&gt;&gt;</a>&nbsp;&nbsp;&nbsp;AddFileSystem
<LI><a href="#[2b]">&gt;&gt;</a>&nbsp;&nbsp;&nbsp;DestroyDevice
<LI><a href="#[2a]">&gt;&gt;</a>&nbsp;&nbsp;&nbsp;CreateDevice
<LI><a href="#[23]">&gt;&gt;</a>&nbsp;&nbsp;&nbsp;_GetFileAttributes
<LI><a href="#[20]">&gt;&gt;</a>&nbsp;&nbsp;&nbsp;_FindClose
<LI><a href="#[22]">&gt;&gt;</a>&nbsp;&nbsp;&nbsp;_FindNextFile
<LI><a href="#[21]">&gt;&gt;</a>&nbsp;&nbsp;&nbsp;_FindFirstFile
<LI><a href="#[1e]">&gt;&gt;</a>&nbsp;&nbsp;&nbsp;_CreateDirectory
<LI><a href="#[27]">&gt;&gt;</a>&nbsp;&nbsp;&nbsp;IOControl
<LI><a href="#[1d6]">&gt;&gt;</a>&nbsp;&nbsp;&nbsp;__OpenDevice
<LI><a href="#[1d5]">&gt;&gt;</a>&nbsp;&nbsp;&nbsp;__OpenFile
<LI><a href="#[2f]">&gt;&gt;</a>&nbsp;&nbsp;&nbsp;RegisterFileSystem
<LI><a href="#[17]">&gt;&gt;</a>&nbsp;&nbsp;&nbsp;SetShellThread
<LI><a href="#[16]">&gt;&gt;</a>&nbsp;&nbsp;&nbsp;SetFocusThread
<LI><a href="#[15]">&gt;&gt;</a>&nbsp;&nbsp;&nbsp;SendDeviceMessage
<LI><a href="#[f]">&gt;&gt;</a>&nbsp;&nbsp;&nbsp;GetDevice
<LI><a href="#[12]">&gt;&gt;</a>&nbsp;&nbsp;&nbsp;CheckPortRegion
<LI><a href="#[14]">&gt;&gt;</a>&nbsp;&nbsp;&nbsp;ReleasePortRegion
<LI><a href="#[13]">&gt;&gt;</a>&nbsp;&nbsp;&nbsp;ReservePortRegion
<LI><a href="#[12b]">&gt;&gt;</a>&nbsp;&nbsp;&nbsp;UsartDeviceClose
<LI><a href="#[12a]">&gt;&gt;</a>&nbsp;&nbsp;&nbsp;UsartDeviceOpen
<LI><a href="#[128]">&gt;&gt;</a>&nbsp;&nbsp;&nbsp;UsartDeviceWrite
<LI><a href="#[129]">&gt;&gt;</a>&nbsp;&nbsp;&nbsp;UsartDeviceRead
<LI><a href="#[1c2]">&gt;&gt;</a>&nbsp;&nbsp;&nbsp;DAIntHandler
<LI><a href="#[3b]">&gt;&gt;</a>&nbsp;&nbsp;&nbsp;UniSchedule
<LI><a href="#[83]">&gt;&gt;</a>&nbsp;&nbsp;&nbsp;CancelTimer
<LI><a href="#[82]">&gt;&gt;</a>&nbsp;&nbsp;&nbsp;SetTimer
<LI><a href="#[7a]">&gt;&gt;</a>&nbsp;&nbsp;&nbsp;SystemInitialize
<LI><a href="#[81]">&gt;&gt;</a>&nbsp;&nbsp;&nbsp;DisconnectInterrupt
<LI><a href="#[80]">&gt;&gt;</a>&nbsp;&nbsp;&nbsp;ConnectInterrupt
<LI><a href="#[13d]">&gt;&gt;</a>&nbsp;&nbsp;&nbsp;TimerInterruptHandler
<LI><a href="#[1fc]">&gt;&gt;</a>&nbsp;&nbsp;&nbsp;WaitForAll
<LI><a href="#[13b]">&gt;&gt;</a>&nbsp;&nbsp;&nbsp;WaitForMutexObjectEx
<LI><a href="#[139]">&gt;&gt;</a>&nbsp;&nbsp;&nbsp;WaitForMutexObject
<LI><a href="#[13a]">&gt;&gt;</a>&nbsp;&nbsp;&nbsp;ReleaseMutex
<LI><a href="#[135]">&gt;&gt;</a>&nbsp;&nbsp;&nbsp;SetEvent
<LI><a href="#[136]">&gt;&gt;</a>&nbsp;&nbsp;&nbsp;ResetEvent
<LI><a href="#[137]">&gt;&gt;</a>&nbsp;&nbsp;&nbsp;WaitForEventObjectEx
<LI><a href="#[138]">&gt;&gt;</a>&nbsp;&nbsp;&nbsp;WaitForEventObject
<LI><a href="#[134]">&gt;&gt;</a>&nbsp;&nbsp;&nbsp;WaitingTimerHandler
<LI><a href="#[133]">&gt;&gt;</a>&nbsp;&nbsp;&nbsp;GetHeaderElement
<LI><a href="#[132]">&gt;&gt;</a>&nbsp;&nbsp;&nbsp;DeleteFromQueue
<LI><a href="#[131]">&gt;&gt;</a>&nbsp;&nbsp;&nbsp;InsertIntoQueue
<LI><a href="#[73]">&gt;&gt;</a>&nbsp;&nbsp;&nbsp;SemUninitialize
<LI><a href="#[65]">&gt;&gt;</a>&nbsp;&nbsp;&nbsp;MutexUninitialize
<LI><a href="#[71]">&gt;&gt;</a>&nbsp;&nbsp;&nbsp;MailboxUninitialize
<LI><a href="#[63]">&gt;&gt;</a>&nbsp;&nbsp;&nbsp;EventUninitialize
<LI><a href="#[77]">&gt;&gt;</a>&nbsp;&nbsp;&nbsp;DestroyObject
<LI><a href="#[74]">&gt;&gt;</a>&nbsp;&nbsp;&nbsp;CreateObject
<LI><a href="#[1e7]">&gt;&gt;</a>&nbsp;&nbsp;&nbsp;ReleaseAndCombine
<LI><a href="#[55]">&gt;&gt;</a>&nbsp;&nbsp;&nbsp;Allocate
<LI><a href="#[12f]">&gt;&gt;</a>&nbsp;&nbsp;&nbsp;WaitForKernelThreadObject
<LI><a href="#[30]">&gt;&gt;</a>&nbsp;&nbsp;&nbsp;SetThreadHook
<LI><a href="#[130]">&gt;&gt;</a>&nbsp;&nbsp;&nbsp;KernelThreadWrapper
<LI><a href="#[4e]">&gt;&gt;</a>&nbsp;&nbsp;&nbsp;UnlockKernelThread
<LI><a href="#[4d]">&gt;&gt;</a>&nbsp;&nbsp;&nbsp;LockKernelThread
<LI><a href="#[4a]">&gt;&gt;</a>&nbsp;&nbsp;&nbsp;MgrPeekMessage
<LI><a href="#[49]">&gt;&gt;</a>&nbsp;&nbsp;&nbsp;MgrGetMessage
<LI><a href="#[48]">&gt;&gt;</a>&nbsp;&nbsp;&nbsp;MgrSendMessage
<LI><a href="#[3f]">&gt;&gt;</a>&nbsp;&nbsp;&nbsp;Sleep
<LI><a href="#[3c]">&gt;&gt;</a>&nbsp;&nbsp;&nbsp;SetThreadPriority
<LI><a href="#[25c]">&gt;&gt;</a>&nbsp;&nbsp;&nbsp;sys_arch_unprotect
<LI><a href="#[14b]">&gt;&gt;</a>&nbsp;&nbsp;&nbsp;SendMail
<LI><a href="#[14c]">&gt;&gt;</a>&nbsp;&nbsp;&nbsp;GetMail
<LI><a href="#[14a]">&gt;&gt;</a>&nbsp;&nbsp;&nbsp;SetMailboxSize
<LI><a href="#[146]">&gt;&gt;</a>&nbsp;&nbsp;&nbsp;WaitForSemObjectEx
<LI><a href="#[145]">&gt;&gt;</a>&nbsp;&nbsp;&nbsp;WaitForSemObject
<LI><a href="#[148]">&gt;&gt;</a>&nbsp;&nbsp;&nbsp;ReleaseSemaphore
<LI><a href="#[8e]">&gt;&gt;</a>&nbsp;&nbsp;&nbsp;MemHandler
<LI><a href="#[d4]">&gt;&gt;</a>&nbsp;&nbsp;&nbsp;cintperf
<LI><a href="#[397]">&gt;&gt;</a>&nbsp;&nbsp;&nbsp;ComRecvByte2
<LI><a href="#[396]">&gt;&gt;</a>&nbsp;&nbsp;&nbsp;ComSendByte2
</UL>

<P><STRONG><a name="[22f]"></a>EnableInterrupt</STRONG> (Thumb, 4 bytes, Stack size 0 bytes, osadapt.o(.text))
<BR><BR>[Called By]<UL><LI><a href="#[79]">&gt;&gt;</a>&nbsp;&nbsp;&nbsp;EndInitialize
</UL>

<P><STRONG><a name="[22e]"></a>DisableInterrupt</STRONG> (Thumb, 4 bytes, Stack size 0 bytes, osadapt.o(.text))
<BR><BR>[Called By]<UL><LI><a href="#[78]">&gt;&gt;</a>&nbsp;&nbsp;&nbsp;BeginInitialize
</UL>

<P><STRONG><a name="[3a]"></a>ScheduleFromInt</STRONG> (Thumb, 16 bytes, Stack size 0 bytes, osadapt.o(.text))
<BR>[Address Reference Count : 1]<UL><LI> ktmgr.o(.data)
</UL>
<P><STRONG><a name="[39]"></a>ScheduleFromProc</STRONG> (Thumb, 14 bytes, Stack size 0 bytes, osadapt.o(.text))
<BR>[Address Reference Count : 1]<UL><LI> ktmgr.o(.data)
</UL>
<P><STRONG><a name="[e3]"></a>PendSV_Handler</STRONG> (Thumb, 30 bytes, Stack size 0 bytes, osadapt.o(.text))
<BR>[Address Reference Count : 1]<UL><LI> startup_stm32f10x_md.o(RESET)
</UL>
<P><STRONG><a name="[db]"></a>Reset_Handler</STRONG> (Thumb, 12 bytes, Stack size 0 bytes, osadapt.o(.text))
<BR>[Address Reference Count : 1]<UL><LI> startup_stm32f10x_md.o(RESET)
</UL>
[...]
</UL>
<BR>[Calls]<UL><LI><a href="#[1d2]">&gt;&gt;</a>&nbsp;&nbsp;&nbsp;KMemFree
<LI><a href="#[1d0]">&gt;&gt;</a>&nbsp;&nbsp;&nbsp;KMemAlloc
<LI><a href="#[237]">&gt;&gt;</a>&nbsp;&nbsp;&nbsp;_hx_printf
<LI><a href="#[4df]">&gt;&gt;</a>&nbsp;&nbsp;&nbsp;__lbs_cmd
<LI><a href="#[4de]">&gt;&gt;</a>&nbsp;&nbsp;&nbsp;lbs_scan_add_rates_tlv
<LI><a href="#[4d8]">&gt;&gt;</a>&nbsp;&nbsp;&nbsp;lbs_scan_add_chanlist_tlv
<LI><a href="#[4d7]">&gt;&gt;</a>&nbsp;&nbsp;&nbsp;lbs_scan_add_ssid_tlv
<LI><a href="#[372]">&gt;&gt;</a>&nbsp;&nbsp;&nbsp;__aeabi_memclr
</UL>
<BR>[Called By]<UL><LI><a href="#[4a9]">&gt;&gt;</a>&nbsp;&nbsp;&nbsp;lbs_scan_networks
</UL>

<P><STRONG><a name="[4e0]"></a>INIT_LIST_HEAD</STRONG> (Thumb, 6 bytes, Stack size 0 bytes, scan.o(.text))
<BR><BR>[Called By]<UL><LI><a href="#[4a9]">&gt;&gt;</a>&nbsp;&nbsp;&nbsp;lbs_scan_networks
</UL>

<P><STRONG><a name="[4dc]"></a>clear_bss_descriptor</STRONG> (Thumb, 16 bytes, Stack size 8 bytes, scan.o(.text))
<BR><BR>[Stack]<UL><LI>Max Depth = 12<LI>Call Chain = clear_bss_descriptor &rArr; __aeabi_memclr4
</UL>
<BR>[Calls]<UL><LI><a href="#[247]">&gt;&gt;</a>&nbsp;&nbsp;&nbsp;__aeabi_memclr4
</UL>
<BR>[Called By]<UL><LI><a href="#[190]">&gt;&gt;</a>&nbsp;&nbsp;&nbsp;lbs_ret_80211_scan
<LI><a href="#[4a9]">&gt;&gt;</a>&nbsp;&nbsp;&nbsp;lbs_scan_networks
</UL>

<P><STRONG><a name="[4db]"></a>is_same_network</STRONG> (Thumb, 100 bytes, Stack size 24 bytes, scan.o(.text))
<BR><BR>[Stack]<UL><LI>Max Depth = 32<LI>Call Chain = is_same_network &rArr; memcmp
</UL>
<BR>[Calls]<UL><LI><a href="#[4e2]">&gt;&gt;</a>&nbsp;&nbsp;&nbsp;memcmp
</UL>
<BR>[Called By]<UL><LI><a href="#[190]">&gt;&gt;</a>&nbsp;&nbsp;&nbsp;lbs_ret_80211_scan
</UL>

<P><STRONG><a name="[4e5]"></a>xdbug_buf</STRONG> (Thumb, 46 bytes, Stack size 24 bytes, marvel_main.o(.text), UNUSED)
<BR><BR>[Calls]<UL><LI><a href="#[237]">&gt;&gt;</a>&nbsp;&nbsp;&nbsp;_hx_printf
</UL>

<P><STRONG><a name="[4e9]"></a>__list_add</STRONG> (Thumb, 10 bytes, Stack size 0 bytes, marvel_main.o(.text))
<BR><BR>[Called By]<UL><LI><a href="#[4ec]">&gt;&gt;</a>&nbsp;&nbsp;&nbsp;lbs_init_adapter
<LI><a href="#[4b6]">&gt;&gt;</a>&nbsp;&nbsp;&nbsp;lbs_thread
</UL>

<P><STRONG><a name="[4e6]"></a>mmc_signal_sdio_irq</STRONG> (Thumb, 22 bytes, Stack size 8 bytes, marvel_main.o(.text), UNUSED)
<BR><BR>[Calls]<UL><LI><a href="#[3cf]">&gt;&gt;</a>&nbsp;&nbsp;&nbsp;sdio_irq_thread
</UL>

<P><STRONG><a name="[4ec]"></a>lbs_init_adapter</STRONG> (Thumb, 212 bytes, Stack size 32 bytes, marvel_main.o(.text))
<BR><BR>[Stack]<UL><LI>Max Depth = 104 + Unknown Stack Size
<LI>Call Chain = lbs_init_adapter &rArr; lbs_allocate_cmd_buffer &rArr; lbs_cleanup_and_insert_cmd &rArr; __lbs_cleanup_and_insert_cmd &rArr; list_add_tail
</UL>
<BR>[Calls]<UL><LI><a href="#[4ef]">&gt;&gt;</a>&nbsp;&nbsp;&nbsp;lbs_allocate_cmd_buffer
<LI><a href="#[4ed]">&gt;&gt;</a>&nbsp;&nbsp;&nbsp;INIT_LIST_HEAD
<LI><a href="#[4e9]">&gt;&gt;</a>&nbsp;&nbsp;&nbsp;__list_add
<LI><a href="#[247]">&gt;&gt;</a>&nbsp;&nbsp;&nbsp;__aeabi_memclr4
<LI><a href="#[4ee]">&gt;&gt;</a>&nbsp;&nbsp;&nbsp;__aeabi_memset
</UL>
<BR>[Called By]<UL><LI><a href="#[4c1]">&gt;&gt;</a>&nbsp;&nbsp;&nbsp;lbs_add_card
</UL>

<P><STRONG><a name="[4f0]"></a>lbs_setup_firmware</STRONG> (Thumb, 144 bytes, Stack size 24 bytes, marvel_main.o(.text))
<BR><BR>[Stack]<UL><LI>Max Depth = 696 + Unknown Stack Size
<LI>Call Chain = lbs_setup_firmware &rArr; lbs_update_hw_spec &rArr; lbs_cmd_with_response &rArr; __lbs_cmd &rArr; if_sdio_interrupt &rArr; if_sdio_card_to_host &rArr; if_sdio_handle_data &rArr; lbs_process_rxed_packet &rArr; lbs_hex &rArr; _hx_printf &rArr; _hx_vsprintf &rArr; number
</UL>
<BR>[Calls]<UL><LI><a href="#[4f1]">&gt;&gt;</a>&nbsp;&nbsp;&nbsp;lbs_update_hw_spec
<LI><a href="#[4f2]">&gt;&gt;</a>&nbsp;&nbsp;&nbsp;lbs_get_tx_power
<LI><a href="#[49f]">&gt;&gt;</a>&nbsp;&nbsp;&nbsp;lbs_set_mac_control
<LI><a href="#[4ee]">&gt;&gt;</a>&nbsp;&nbsp;&nbsp;__aeabi_memset
</UL>
<BR>[Called By]<UL><LI><a href="#[4c2]">&gt;&gt;</a>&nbsp;&nbsp;&nbsp;lbs_start_card
</UL>

<P><STRONG><a name="[4ed]"></a>INIT_LIST_HEAD</STRONG> (Thumb, 6 bytes, Stack size 0 bytes, marvel_main.o(.text))
<BR><BR>[Called By]<UL><LI><a href="#[4ec]">&gt;&gt;</a>&nbsp;&nbsp;&nbsp;lbs_init_adapter
</UL>

<P><STRONG><a name="[4f7]"></a>xdbug_buf</STRONG> (Thumb, 46 bytes, Stack size 24 bytes, rx.o(.text), UNUSED)
<BR><BR>[Calls]<UL><LI><a href="#[237]">&gt;&gt;</a>&nbsp;&nbsp;&nbsp;_hx_printf
</UL>

<P><STRONG><a name="[4f8]"></a>mmc_signal_sdio_irq</STRONG> (Thumb, 22 bytes, Stack size 8 bytes, rx.o(.text), UNUSED)
<BR><BR>[Calls]<UL><LI><a href="#[3cf]">&gt;&gt;</a>&nbsp;&nbsp;&nbsp;sdio_irq_thread
</UL>

<P><STRONG><a name="[4f9]"></a>DeliveryPacket</STRONG> (Thumb, 158 bytes, Stack size 48 bytes, rx.o(.text), UNUSED)
<BR><BR>[Calls]<UL><LI><a href="#[208]">&gt;&gt;</a>&nbsp;&nbsp;&nbsp;SendMessage
<LI><a href="#[1d2]">&gt;&gt;</a>&nbsp;&nbsp;&nbsp;KMemFree
<LI><a href="#[1d0]">&gt;&gt;</a>&nbsp;&nbsp;&nbsp;KMemAlloc
<LI><a href="#[274]">&gt;&gt;</a>&nbsp;&nbsp;&nbsp;pbuf_free
<LI><a href="#[272]">&gt;&gt;</a>&nbsp;&nbsp;&nbsp;pbuf_alloc
<LI><a href="#[1df]">&gt;&gt;</a>&nbsp;&nbsp;&nbsp;__aeabi_memcpy
</UL>

<P><STRONG><a name="[4fa]"></a>xdbug_buf</STRONG> (Thumb, 46 bytes, Stack size 24 bytes, cmd.o(.text), UNUSED)
<BR><BR>[Calls]<UL><LI><a href="#[237]">&gt;&gt;</a>&nbsp;&nbsp;&nbsp;_hx_printf
</UL>

<P><STRONG><a name="[4fb]"></a>mmc_signal_sdio_irq</STRONG> (Thumb, 22 bytes, Stack size 8 bytes, cmd.o(.text), UNUSED)
<BR><BR>[Calls]<UL><LI><a href="#[3cf]">&gt;&gt;</a>&nbsp;&nbsp;&nbsp;sdio_irq_thread
</UL>

<P><STRONG><a name="[503]"></a>__list_add</STRONG> (Thumb, 10 bytes, Stack size 0 bytes, cmd.o(.text))
<BR><BR>[Called By]<UL><LI><a href="#[4fd]">&gt;&gt;</a>&nbsp;&nbsp;&nbsp;list_add_tail
<LI><a href="#[502]">&gt;&gt;</a>&nbsp;&nbsp;&nbsp;lbs_queue_cmd
</UL>

<P><STRONG><a name="[501]"></a>list_del</STRONG> (Thumb, 16 bytes, Stack size 0 bytes, cmd.o(.text))
<BR><BR>[Called By]<UL><LI><a href="#[4ff]">&gt;&gt;</a>&nbsp;&nbsp;&nbsp;lbs_get_cmd_ctrl_node
<LI><a href="#[4ea]">&gt;&gt;</a>&nbsp;&nbsp;&nbsp;lbs_execute_next_command
</UL>

<P><STRONG><a name="[50f]"></a>is_command_allowed_in_ps</STRONG> (Thumb, 18 bytes, Stack size 0 bytes, cmd.o(.text))
<BR><BR>[Called By]<UL><LI><a href="#[4ea]">&gt;&gt;</a>&nbsp;&nbsp;&nbsp;lbs_execute_next_command
</UL>

<P><STRONG><a name="[4fc]"></a>__lbs_cleanup_and_insert_cmd</STRONG> (Thumb, 40 bytes, Stack size 16 bytes, cmd.o(.text))
<BR><BR>[Stack]<UL><LI>Max Depth = 32<LI>Call Chain = __lbs_cleanup_and_insert_cmd &rArr; list_add_tail
</UL>
<BR>[Calls]<UL><LI><a href="#[4fd]">&gt;&gt;</a>&nbsp;&nbsp;&nbsp;list_add_tail
<LI><a href="#[372]">&gt;&gt;</a>&nbsp;&nbsp;&nbsp;__aeabi_memclr
</UL>
<BR>[Called By]<UL><LI><a href="#[4fe]">&gt;&gt;</a>&nbsp;&nbsp;&nbsp;lbs_cleanup_and_insert_cmd
<LI><a href="#[4e8]">&gt;&gt;</a>&nbsp;&nbsp;&nbsp;lbs_complete_command
<LI><a href="#[4df]">&gt;&gt;</a>&nbsp;&nbsp;&nbsp;__lbs_cmd
</UL>

<P><STRONG><a name="[4fe]"></a>lbs_cleanup_and_insert_cmd</STRONG> (Thumb, 16 bytes, Stack size 16 bytes, cmd.o(.text))
<BR><BR>[Stack]<UL><LI>Max Depth = 48<LI>Call Chain = lbs_cleanup_and_insert_cmd &rArr; __lbs_cleanup_and_insert_cmd &rArr; list_add_tail
</UL>
<BR>[Calls]<UL><LI><a href="#[4fc]">&gt;&gt;</a>&nbsp;&nbsp;&nbsp;__lbs_cleanup_and_insert_cmd
</UL>
<BR>[Called By]<UL><LI><a href="#[4ef]">&gt;&gt;</a>&nbsp;&nbsp;&nbsp;lbs_allocate_cmd_buffer
<LI><a href="#[490]">&gt;&gt;</a>&nbsp;&nbsp;&nbsp;lbs_prepare_and_send_command
</UL>

<P><STRONG><a name="[4ff]"></a>lbs_get_cmd_ctrl_node</STRONG> (Thumb, 40 bytes, Stack size 16 bytes, cmd.o(.text))
<BR><BR>[Stack]<UL><LI>Max Depth = 16<LI>Call Chain = lbs_get_cmd_ctrl_node
</UL>
<BR>[Calls]<UL><LI><a href="#[500]">&gt;&gt;</a>&nbsp;&nbsp;&nbsp;list_empty
<LI><a href="#[501]">&gt;&gt;</a>&nbsp;&nbsp;&nbsp;list_del
</UL>
<BR>[Called By]<UL><LI><a href="#[504]">&gt;&gt;</a>&nbsp;&nbsp;&nbsp;__lbs_cmd_async
<LI><a href="#[490]">&gt;&gt;</a>&nbsp;&nbsp;&nbsp;lbs_prepare_and_send_command
</UL>

<P><STRONG><a name="[502]"></a>lbs_queue_cmd</STRONG> (Thumb, 94 bytes, Stack size 24 bytes, cmd.o(.text))
<BR><BR>[Stack]<UL><LI>Max Depth = 40<LI>Call Chain = lbs_queue_cmd &rArr; list_add_tail
</UL>
<BR>[Calls]<UL><LI><a href="#[4fd]">&gt;&gt;</a>&nbsp;&nbsp;&nbsp;list_add_tail
<LI><a href="#[503]">&gt;&gt;</a>&nbsp;&nbsp;&nbsp;__list_add
</UL>
<BR>[Called By]<UL><LI><a href="#[504]">&gt;&gt;</a>&nbsp;&nbsp;&nbsp;__lbs_cmd_async
<LI><a href="#[490]">&gt;&gt;</a>&nbsp;&nbsp;&nbsp;lbs_prepare_and_send_command
</UL>

<P><STRONG><a name="[510]"></a>lbs_submit_command</STRONG> (Thumb, 40 bytes, Stack size 24 bytes, cmd.o(.text))
<BR><BR>[Stack]<UL><LI>Max Depth = 24<LI>Call Chain = lbs_submit_command
</UL>
<BR>[Called By]<UL><LI><a href="#[4ea]">&gt;&gt;</a>&nbsp;&nbsp;&nbsp;lbs_execute_next_command
</UL>

<P><STRONG><a name="[504]"></a>__lbs_cmd_async</STRONG> (Thumb, 134 bytes, Stack size 32 bytes, cmd.o(.text))
<BR><BR>[Stack]<UL><LI>Max Depth = 144<LI>Call Chain = __lbs_cmd_async &rArr; lbs_thread &rArr; lbs_process_command_response &rArr; lbs_complete_command &rArr; __lbs_cleanup_and_insert_cmd &rArr; list_add_tail
</UL>
<BR>[Calls]<UL><LI><a href="#[505]">&gt;&gt;</a>&nbsp;&nbsp;&nbsp;ERR_PTR
<LI><a href="#[502]">&gt;&gt;</a>&nbsp;&nbsp;&nbsp;lbs_queue_cmd
<LI><a href="#[4ff]">&gt;&gt;</a>&nbsp;&nbsp;&nbsp;lbs_get_cmd_ctrl_node
<LI><a href="#[4b6]">&gt;&gt;</a>&nbsp;&nbsp;&nbsp;lbs_thread
<LI><a href="#[1df]">&gt;&gt;</a>&nbsp;&nbsp;&nbsp;__aeabi_memcpy
</UL>
<BR>[Called By]<UL><LI><a href="#[508]">&gt;&gt;</a>&nbsp;&nbsp;&nbsp;lbs_cmd_async
<LI><a href="#[4df]">&gt;&gt;</a>&nbsp;&nbsp;&nbsp;__lbs_cmd
</UL>

<P><STRONG><a name="[191]"></a>lbs_cmd_async_callback</STRONG> (Thumb, 6 bytes, Stack size 0 bytes, cmd.o(.text))
<BR>[Address Reference Count : 1]<UL><LI> cmd.o(.text)
</UL>
<P><STRONG><a name="[50c]"></a>lbs_ret_reg_access</STRONG> (Thumb, 78 bytes, Stack size 16 bytes, cmd.o(.text))
<BR><BR>[Stack]<UL><LI>Max Depth = 16<LI>Call Chain = lbs_ret_reg_access
</UL>
<BR>[Called By]<UL><LI><a href="#[50b]">&gt;&gt;</a>&nbsp;&nbsp;&nbsp;handle_cmd_response
</UL>

<P><STRONG><a name="[50d]"></a>lbs_ret_802_11_rssi</STRONG> (Thumb, 94 bytes, Stack size 12 bytes, cmd.o(.text))
<BR><BR>[Stack]<UL><LI>Max Depth = 12<LI>Call Chain = lbs_ret_802_11_rssi
</UL>
<BR>[Called By]<UL><LI><a href="#[50b]">&gt;&gt;</a>&nbsp;&nbsp;&nbsp;handle_cmd_response
</UL>

<P><STRONG><a name="[50e]"></a>lbs_ret_802_11_bcn_ctrl</STRONG> (Thumb, 28 bytes, Stack size 0 bytes, cmd.o(.text))
<BR><BR>[Called By]<UL><LI><a href="#[50b]">&gt;&gt;</a>&nbsp;&nbsp;&nbsp;handle_cmd_response
</UL>

<P><STRONG><a name="[50b]"></a>handle_cmd_response</STRONG> (Thumb, 292 bytes, Stack size 24 bytes, cmd.o(.text))
<BR><BR>[Stack]<UL><LI>Max Depth = 40<LI>Call Chain = handle_cmd_response &rArr; lbs_ret_reg_access
</UL>
<BR>[Calls]<UL><LI><a href="#[50e]">&gt;&gt;</a>&nbsp;&nbsp;&nbsp;lbs_ret_802_11_bcn_ctrl
<LI><a href="#[50d]">&gt;&gt;</a>&nbsp;&nbsp;&nbsp;lbs_ret_802_11_rssi
<LI><a href="#[50c]">&gt;&gt;</a>&nbsp;&nbsp;&nbsp;lbs_ret_reg_access
<LI><a href="#[509]">&gt;&gt;</a>&nbsp;&nbsp;&nbsp;__aeabi_memmove
<LI><a href="#[1df]">&gt;&gt;</a>&nbsp;&nbsp;&nbsp;__aeabi_memcpy
</UL>
<BR>[Called By]<UL><LI><a href="#[4e7]">&gt;&gt;</a>&nbsp;&nbsp;&nbsp;lbs_process_command_response
</UL>

<P><STRONG><a name="[513]"></a>lbs_cmd_802_11_ps_mode</STRONG> (Thumb, 60 bytes, Stack size 0 bytes, cmd.o(.text))
<BR><BR>[Called By]<UL><LI><a href="#[490]">&gt;&gt;</a>&nbsp;&nbsp;&nbsp;lbs_prepare_and_send_command
</UL>

<P><STRONG><a name="[514]"></a>lbs_cmd_reg_access</STRONG> (Thumb, 92 bytes, Stack size 12 bytes, cmd.o(.text))
<BR><BR>[Stack]<UL><LI>Max Depth = 12<LI>Call Chain = lbs_cmd_reg_access
</UL>
<BR>[Called By]<UL><LI><a href="#[490]">&gt;&gt;</a>&nbsp;&nbsp;&nbsp;lbs_prepare_and_send_command
</UL>

<P><STRONG><a name="[515]"></a>lbs_cmd_802_11_monitor_mode</STRONG> (Thumb, 30 bytes, Stack size 8 bytes, cmd.o(.text))
<BR><BR>[Stack]<UL><LI>Max Depth = 8<LI>Call Chain = lbs_cmd_802_11_monitor_mode
</UL>
<BR>[Called By]<UL><LI><a href="#[490]">&gt;&gt;</a>&nbsp;&nbsp;&nbsp;lbs_prepare_and_send_command
</UL>

<P><STRONG><a name="[516]"></a>lbs_cmd_802_11_rssi</STRONG> (Thumb, 56 bytes, Stack size 0 bytes, cmd.o(.text))
<BR><BR>[Called By]<UL><LI><a href="#[490]">&gt;&gt;</a>&nbsp;&nbsp;&nbsp;lbs_prepare_and_send_command
</UL>

<P><STRONG><a name="[511]"></a>lbs_cmd_bt_access</STRONG> (Thumb, 136 bytes, Stack size 24 bytes, cmd.o(.text))
<BR><BR>[Stack]<UL><LI>Max Depth = 392<LI>Call Chain = lbs_cmd_bt_access &rArr; lbs_hex &rArr; _hx_printf &rArr; _hx_vsprintf &rArr; number
</UL>
<BR>[Calls]<UL><LI><a href="#[3c5]">&gt;&gt;</a>&nbsp;&nbsp;&nbsp;lbs_hex
</UL>
<BR>[Called By]<UL><LI><a href="#[490]">&gt;&gt;</a>&nbsp;&nbsp;&nbsp;lbs_prepare_and_send_command
</UL>

<P><STRONG><a name="[512]"></a>lbs_cmd_fwt_access</STRONG> (Thumb, 56 bytes, Stack size 24 bytes, cmd.o(.text))
<BR><BR>[Stack]<UL><LI>Max Depth = 24<LI>Call Chain = lbs_cmd_fwt_access
</UL>
<BR>[Calls]<UL><LI><a href="#[372]">&gt;&gt;</a>&nbsp;&nbsp;&nbsp;__aeabi_memclr
<LI><a href="#[1df]">&gt;&gt;</a>&nbsp;&nbsp;&nbsp;__aeabi_memcpy
</UL>
<BR>[Called By]<UL><LI><a href="#[490]">&gt;&gt;</a>&nbsp;&nbsp;&nbsp;lbs_prepare_and_send_command
</UL>

<P><STRONG><a name="[517]"></a>lbs_cmd_bcn_ctrl</STRONG> (Thumb, 36 bytes, Stack size 8 bytes, cmd.o(.text))
<BR><BR>[Stack]<UL><LI>Max Depth = 8<LI>Call Chain = lbs_cmd_bcn_ctrl
</UL>
<BR>[Called By]<UL><LI><a href="#[490]">&gt;&gt;</a>&nbsp;&nbsp;&nbsp;lbs_prepare_and_send_command
</UL>

<P><STRONG><a name="[519]"></a>set_one_wpa_key</STRONG> (Thumb, 86 bytes, Stack size 16 bytes, cmd.o(.text))
<BR><BR>[Stack]<UL><LI>Max Depth = 16<LI>Call Chain = set_one_wpa_key
</UL>
<BR>[Calls]<UL><LI><a href="#[1df]">&gt;&gt;</a>&nbsp;&nbsp;&nbsp;__aeabi_memcpy
</UL>
<BR>[Called By]<UL><LI><a href="#[4a4]">&gt;&gt;</a>&nbsp;&nbsp;&nbsp;lbs_cmd_802_11_key_material
</UL>

<P><STRONG><a name="[4fd]"></a>list_add_tail</STRONG> (Thumb, 18 bytes, Stack size 16 bytes, cmd.o(.text))
<BR><BR>[Stack]<UL><LI>Max Depth = 16<LI>Call Chain = list_add_tail
</UL>
<BR>[Calls]<UL><LI><a href="#[503]">&gt;&gt;</a>&nbsp;&nbsp;&nbsp;__list_add
</UL>
<BR>[Called By]<UL><LI><a href="#[502]">&gt;&gt;</a>&nbsp;&nbsp;&nbsp;lbs_queue_cmd
<LI><a href="#[4fc]">&gt;&gt;</a>&nbsp;&nbsp;&nbsp;__lbs_cleanup_and_insert_cmd
</UL>

<P><STRONG><a name="[500]"></a>list_empty</STRONG> (Thumb, 16 bytes, Stack size 0 bytes, cmd.o(.text))
<BR><BR>[Called By]<UL><LI><a href="#[4ff]">&gt;&gt;</a>&nbsp;&nbsp;&nbsp;lbs_get_cmd_ctrl_node
<LI><a href="#[4ea]">&gt;&gt;</a>&nbsp;&nbsp;&nbsp;lbs_execute_next_command
</UL>

<P><STRONG><a name="[51a]"></a>xdbug_buf</STRONG> (Thumb, 46 bytes, Stack size 24 bytes, 11d.o(.text), UNUSED)
<BR><BR>[Calls]<UL><LI><a href="#[237]">&gt;&gt;</a>&nbsp;&nbsp;&nbsp;_hx_printf
</UL>

<P><STRONG><a name="[51b]"></a>mmc_signal_sdio_irq</STRONG> (Thumb, 22 bytes, Stack size 8 bytes, 11d.o(.text), UNUSED)
<BR><BR>[Calls]<UL><LI><a href="#[3cf]">&gt;&gt;</a>&nbsp;&nbsp;&nbsp;sdio_irq_thread
</UL>

<P><STRONG><a name="[51c]"></a>lbs_region_2_code</STRONG> (Thumb, 74 bytes, Stack size 16 bytes, 11d.o(.text))
<BR><BR>[Stack]<UL><LI>Max Depth = 32<LI>Call Chain = lbs_region_2_code &rArr; toupper &rArr; __rt_ctype_table
</UL>
<BR>[Calls]<UL><LI><a href="#[4e2]">&gt;&gt;</a>&nbsp;&nbsp;&nbsp;memcmp
<LI><a href="#[51d]">&gt;&gt;</a>&nbsp;&nbsp;&nbsp;toupper
</UL>
<BR>[Called By]<UL><LI><a href="#[523]">&gt;&gt;</a>&nbsp;&nbsp;&nbsp;parse_domain_info_11d
</UL>

<P><STRONG><a name="[521]"></a>lbs_code_2_region</STRONG> (Thumb, 38 bytes, Stack size 0 bytes, 11d.o(.text), UNUSED)
<BR><BR>[Called By]<UL><LI><a href="#[520]">&gt;&gt;</a>&nbsp;&nbsp;&nbsp;lbs_generate_parsed_region_chan_11d
</UL>

<P><STRONG><a name="[524]"></a>lbs_get_chan_11d</STRONG> (Thumb, 76 bytes, Stack size 20 bytes, 11d.o(.text))
<BR><BR>[Stack]<UL><LI>Max Depth = 20<LI>Call Chain = lbs_get_chan_11d
</UL>
<BR>[Called By]<UL><LI><a href="#[523]">&gt;&gt;</a>&nbsp;&nbsp;&nbsp;parse_domain_info_11d
</UL>

<P><STRONG><a name="[51e]"></a>lbs_channel_known_11d</STRONG> (Thumb, 62 bytes, Stack size 24 bytes, 11d.o(.text), UNUSED)
<BR><BR>[Calls]<UL><LI><a href="#[3c5]">&gt;&gt;</a>&nbsp;&nbsp;&nbsp;lbs_hex
</UL>
<BR>[Called By]<UL><LI><a href="#[525]">&gt;&gt;</a>&nbsp;&nbsp;&nbsp;lbs_get_scan_type_11d
</UL>

<P><STRONG><a name="[51f]"></a>generate_domain_info_11d</STRONG> (Thumb, 266 bytes, Stack size 48 bytes, 11d.o(.text))
<BR><BR>[Stack]<UL><LI>Max Depth = 416<LI>Call Chain = generate_domain_info_11d &rArr; lbs_hex &rArr; _hx_printf &rArr; _hx_vsprintf &rArr; number
</UL>
<BR>[Calls]<UL><LI><a href="#[3c5]">&gt;&gt;</a>&nbsp;&nbsp;&nbsp;lbs_hex
</UL>
<BR>[Called By]<UL><LI><a href="#[529]">&gt;&gt;</a>&nbsp;&nbsp;&nbsp;lbs_create_dnld_countryinfo_11d
<LI><a href="#[487]">&gt;&gt;</a>&nbsp;&nbsp;&nbsp;lbs_parse_dnld_countryinfo_11d
</UL>

<P><STRONG><a name="[520]"></a>lbs_generate_parsed_region_chan_11d</STRONG> (Thumb, 84 bytes, Stack size 24 bytes, 11d.o(.text), UNUSED)
<BR><BR>[Calls]<UL><LI><a href="#[521]">&gt;&gt;</a>&nbsp;&nbsp;&nbsp;lbs_code_2_region
</UL>
<BR>[Called By]<UL><LI><a href="#[529]">&gt;&gt;</a>&nbsp;&nbsp;&nbsp;lbs_create_dnld_countryinfo_11d
</UL>

<P><STRONG><a name="[522]"></a>lbs_region_chan_supported_11d</STRONG> (Thumb, 88 bytes, Stack size 32 bytes, 11d.o(.text))
<BR><BR>[Stack]<UL><LI>Max Depth = 44<LI>Call Chain = lbs_region_chan_supported_11d &rArr; lbs_get_region_cfp_table
</UL>
<BR>[Calls]<UL><LI><a href="#[4f5]">&gt;&gt;</a>&nbsp;&nbsp;&nbsp;lbs_get_region_cfp_table
</UL>
<BR>[Called By]<UL><LI><a href="#[523]">&gt;&gt;</a>&nbsp;&nbsp;&nbsp;parse_domain_info_11d
</UL>

<P><STRONG><a name="[523]"></a>parse_domain_info_11d</STRONG> (Thumb, 366 bytes, Stack size 56 bytes, 11d.o(.text))
<BR><BR>[Stack]<UL><LI>Max Depth = 424<LI>Call Chain = parse_domain_info_11d &rArr; lbs_hex &rArr; _hx_printf &rArr; _hx_vsprintf &rArr; number
</UL>
<BR>[Calls]<UL><LI><a href="#[3c5]">&gt;&gt;</a>&nbsp;&nbsp;&nbsp;lbs_hex
<LI><a href="#[522]">&gt;&gt;</a>&nbsp;&nbsp;&nbsp;lbs_region_chan_supported_11d
<LI><a href="#[524]">&gt;&gt;</a>&nbsp;&nbsp;&nbsp;lbs_get_chan_11d
<LI><a href="#[51c]">&gt;&gt;</a>&nbsp;&nbsp;&nbsp;lbs_region_2_code
</UL>
<BR>[Called By]<UL><LI><a href="#[487]">&gt;&gt;</a>&nbsp;&nbsp;&nbsp;lbs_parse_dnld_countryinfo_11d
</UL>

<P><STRONG><a name="[526]"></a>set_domain_info_11d</STRONG> (Thumb, 40 bytes, Stack size 24 bytes, 11d.o(.text))
<BR><BR>[Stack]<UL><LI>Max Depth = 592<LI>Call Chain = set_domain_info_11d &rArr; lbs_prepare_and_send_command &rArr; if_sdio_interrupt &rArr; if_sdio_card_to_host &rArr; if_sdio_handle_data &rArr; lbs_process_rxed_packet &rArr; lbs_hex &rArr; _hx_printf &rArr; _hx_vsprintf &rArr; number
</UL>
<BR>[Calls]<UL><LI><a href="#[490]">&gt;&gt;</a>&nbsp;&nbsp;&nbsp;lbs_prepare_and_send_command
</UL>
<BR>[Called By]<UL><LI><a href="#[529]">&gt;&gt;</a>&nbsp;&nbsp;&nbsp;lbs_create_dnld_countryinfo_11d
<LI><a href="#[487]">&gt;&gt;</a>&nbsp;&nbsp;&nbsp;lbs_parse_dnld_countryinfo_11d
</UL>

<P><STRONG><a name="[52a]"></a>xdbug_buf</STRONG> (Thumb, 46 bytes, Stack size 24 bytes, marvelif.o(.text), UNUSED)
<BR><BR>[Calls]<UL><LI><a href="#[237]">&gt;&gt;</a>&nbsp;&nbsp;&nbsp;_hx_printf
</UL>

<P><STRONG><a name="[52b]"></a>mmc_signal_sdio_irq</STRONG> (Thumb, 22 bytes, Stack size 8 bytes, marvelif.o(.text), UNUSED)
<BR><BR>[Calls]<UL><LI><a href="#[3cf]">&gt;&gt;</a>&nbsp;&nbsp;&nbsp;sdio_irq_thread
</UL>

<P><STRONG><a name="[194]"></a>_printf_input_char</STRONG> (Thumb, 10 bytes, Stack size 0 bytes, _printf_char_common.o(.text))
<BR>[Address Reference Count : 1]<UL><LI> _printf_char_common.o(.text)
</UL><P>
<H3>
Undefined Global Symbols
</H3><HR></body></html>
