<!doctype html public "-//w3c//dtd html 4.0 transitional//en">
<html><head>
<title>Static Call Graph - [.\Obj&Lst\HXV176.axf]</title></head>
<body><HR>
<H1>Static Call Graph for image .\Obj&Lst\HXV176.axf</H1><HR>
<BR><P>#&#060CALLGRAPH&#062# ARM Linker, 5.03 [Build 76]: Last Updated: Sat May 10 15:27:19 2014
<BR><P>
<H3>Maximum Stack Usage =       1288 bytes + Unknown(Functions without stacksize, Cycles, Untraceable Function Pointers)</H3><H3>
Call chain for Maximum Stack Depth:</H3>
format &rArr; Fat32Format &rArr; InitFat_Root &rArr; WriteDeviceSector &rArr; KMemFree &rArr; _4kFree &rArr; UpdateMaxBlock
<P>
<H3>
Functions with no stack information
</H3><UL>
 <LI><a href="#[231]">__user_initial_stackheap</a>
</UL>
</UL>
<P>
<H3>
Mutually Recursive functions
</H3> <LI><a href="#[d5]">NMI_Handler</a>&nbsp;&nbsp;&nbsp;&rArr;&nbsp;&nbsp;&nbsp;<a href="#[d5]">NMI_Handler</a><BR>
 <LI><a href="#[d6]">HardFault_Handler</a>&nbsp;&nbsp;&nbsp;&rArr;&nbsp;&nbsp;&nbsp;<a href="#[d6]">HardFault_Handler</a><BR>
 <LI><a href="#[d7]">MemManage_Handler</a>&nbsp;&nbsp;&nbsp;&rArr;&nbsp;&nbsp;&nbsp;<a href="#[d7]">MemManage_Handler</a><BR>
 <LI><a href="#[d8]">BusFault_Handler</a>&nbsp;&nbsp;&nbsp;&rArr;&nbsp;&nbsp;&nbsp;<a href="#[d8]">BusFault_Handler</a><BR>
 <LI><a href="#[d9]">UsageFault_Handler</a>&nbsp;&nbsp;&nbsp;&rArr;&nbsp;&nbsp;&nbsp;<a href="#[d9]">UsageFault_Handler</a><BR>
 <LI><a href="#[da]">SVC_Handler</a>&nbsp;&nbsp;&nbsp;&rArr;&nbsp;&nbsp;&nbsp;<a href="#[da]">SVC_Handler</a><BR>
 <LI><a href="#[db]">DebugMon_Handler</a>&nbsp;&nbsp;&nbsp;&rArr;&nbsp;&nbsp;&nbsp;<a href="#[db]">DebugMon_Handler</a><BR>
</UL>
<P>
<H3>
Function Pointers
</H3><UL>
 <LI><a href="#[f0]">ADC1_2_IRQHandler</a> from startup_stm32f10x_md.o(.text) referenced from startup_stm32f10x_md.o(RESET)
 <LI><a href="#[2e]">AddFileSystem</a> from iomgr.o(.text) referenced 2 times from iomgr.o(.data)
 <LI><a href="#[33]">AddReadyKernelThread</a> from ktmgr2.o(.text) referenced 2 times from ktmgr.o(.data)
 <LI><a href="#[55]">Allocate</a> from mem_fbl.o(.text) referenced 2 times from mem_fbl.o(.data)
 <LI><a href="#[54]">AppendBuffer</a> from mem_fbl.o(.text) referenced 2 times from mem_fbl.o(.data)
 <LI><a href="#[10]">AppendDevice</a> from devmgr.o(.text) referenced 2 times from devmgr.o(.data)
 <LI><a href="#[79]">BeginInitialize</a> from system.o(.text) referenced 2 times from system.o(.data)
 <LI><a href="#[11d]">BeginScheduleHook</a> from statcpu.o(.text) referenced from statcpu.o(.text)
 <LI><a href="#[d8]">BusFault_Handler</a> from startup_stm32f10x_md.o(.text) referenced from startup_stm32f10x_md.o(RESET)
 <LI><a href="#[f3]">CAN1_RX1_IRQHandler</a> from startup_stm32f10x_md.o(.text) referenced from startup_stm32f10x_md.o(RESET)
 <LI><a href="#[f4]">CAN1_SCE_IRQHandler</a> from startup_stm32f10x_md.o(.text) referenced from startup_stm32f10x_md.o(RESET)
 <LI><a href="#[201]">CalculateThread</a> from fibonacci.o(.text) referenced from fibonacci.o(.text)
 <LI><a href="#[31]">CallThreadHook</a> from ktmgr2.o(.text) referenced 2 times from ktmgr.o(.data)
 <LI><a href="#[40]">CancelSleep</a> from ktmgr.o(.text) referenced 2 times from ktmgr.o(.data)
 <LI><a href="#[84]">CancelTimer</a> from system.o(.text) referenced 2 times from system.o(.data)
 <LI><a href="#[12]">CheckPortRegion</a> from devmgr.o(.text) referenced 2 times from devmgr.o(.data)
 <LI><a href="#[c9]">ClsHandler</a> from shell.o(.text) referenced 2 times from shell.o(.data)
 <LI><a href="#[c8]">ComDebug</a> from shell.o(.text) referenced 2 times from shell.o(.data)
 <LI><a href="#[130]">ComIntHandler</a> from hypertrm.o(.text) referenced from hypertrm.o(.text)
 <LI><a href="#[9]">ConChangeLine</a> from console.o(.text) referenced 2 times from console.o(.data)
 <LI><a href="#[6]">ConClearScreen</a> from console.o(.text) referenced 2 times from console.o(.data)
 <LI><a href="#[8]">ConGotoHome</a> from console.o(.text) referenced 2 times from console.o(.data)
 <LI><a href="#[a]">ConGotoPrev</a> from console.o(.text) referenced 2 times from console.o(.data)
 <LI><a href="#[3]">ConInitialize</a> from console.o(.text) referenced 2 times from console.o(.data)
 <LI><a href="#[7]">ConPrintCh</a> from console.o(.text) referenced 2 times from console.o(.data)
 <LI><a href="#[b]">ConPrintLine</a> from console.o(.text) referenced 2 times from console.o(.data)
 <LI><a href="#[5]">ConPrintStr</a> from console.o(.text) referenced 2 times from console.o(.data)
 <LI><a href="#[114]">ConReadThread</a> from console.o(.text) referenced from console.o(.text)
 <LI><a href="#[4]">ConUninitialize</a> from console.o(.text) referenced 2 times from console.o(.data)
 <LI><a href="#[81]">ConnectInterrupt</a> from system.o(.text) referenced 2 times from system.o(.data)
 <LI><a href="#[bf]">CpuHandler</a> from shell.o(.text) referenced 2 times from shell.o(.data)
 <LI><a href="#[52]">CreateBuffer1</a> from mem_fbl.o(.text) referenced 2 times from mem_fbl.o(.data)
 <LI><a href="#[53]">CreateBuffer2</a> from mem_fbl.o(.text) referenced 2 times from mem_fbl.o(.data)
 <LI><a href="#[2a]">CreateDevice</a> from iomgr.o(.text) referenced 2 times from iomgr.o(.data)
 <LI><a href="#[11c]">CreateHook</a> from statcpu.o(.text) referenced from statcpu.o(.text)
 <LI><a href="#[35]">CreateKernelThread</a> from ktmgr.o(.text) referenced 2 times from ktmgr.o(.data)
 <LI><a href="#[70]">CreateObject</a> from objmgr.o(.text) referenced 2 times from objmgr.o(.data)
 <LI><a href="#[e9]">DMA1_Channel1_IRQHandler</a> from startup_stm32f10x_md.o(.text) referenced from startup_stm32f10x_md.o(RESET)
 <LI><a href="#[ea]">DMA1_Channel2_IRQHandler</a> from startup_stm32f10x_md.o(.text) referenced from startup_stm32f10x_md.o(RESET)
 <LI><a href="#[eb]">DMA1_Channel3_IRQHandler</a> from startup_stm32f10x_md.o(.text) referenced from startup_stm32f10x_md.o(RESET)
 <LI><a href="#[ec]">DMA1_Channel4_IRQHandler</a> from startup_stm32f10x_md.o(.text) referenced from startup_stm32f10x_md.o(RESET)
 <LI><a href="#[ed]">DMA1_Channel5_IRQHandler</a> from startup_stm32f10x_md.o(.text) referenced from startup_stm32f10x_md.o(RESET)
 <LI><a href="#[ee]">DMA1_Channel6_IRQHandler</a> from startup_stm32f10x_md.o(.text) referenced from startup_stm32f10x_md.o(RESET)
 <LI><a href="#[ef]">DMA1_Channel7_IRQHandler</a> from startup_stm32f10x_md.o(.text) referenced from startup_stm32f10x_md.o(RESET)
 <LI><a href="#[db]">DebugMon_Handler</a> from startup_stm32f10x_md.o(.text) referenced from startup_stm32f10x_md.o(RESET)
 <LI><a href="#[115]">DefaultDrvDispatch</a> from iomgr.o(.text) referenced from iomgr.o(.text)
 <LI><a href="#[116]">DefaultOpen</a> from iomgr.o(.text) referenced from iomgr.o(.text)
 <LI><a href="#[11]">DeleteDevice</a> from devmgr.o(.text) referenced 2 times from devmgr.o(.data)
 <LI><a href="#[11a]">DeleteFromQueue</a> from objqueue.o(.text) referenced from objqueue.o(.text)
 <LI><a href="#[59]">DestroyBuffer</a> from mem_fbl.o(.text) referenced 2 times from mem_fbl.o(.data)
 <LI><a href="#[2b]">DestroyDevice</a> from iomgr.o(.text) referenced 2 times from iomgr.o(.data)
 <LI><a href="#[36]">DestroyKernelThread</a> from ktmgr.o(.text) referenced 2 times from ktmgr.o(.data)
 <LI><a href="#[73]">DestroyObject</a> from objmgr.o(.text) referenced 2 times from objmgr.o(.data)
 <LI><a href="#[e]">DevMgrInitialize</a> from devmgr.o(.text) referenced 2 times from devmgr.o(.data)
 <LI><a href="#[6c]">DevObjInitialize</a> from iomgr2.o(.text) referenced 2 times from objmgr.o(.data)
 <LI><a href="#[6d]">DevObjUninitialize</a> from iomgr2.o(.text) referenced 2 times from objmgr.o(.data)
 <LI><a href="#[18]">DimInitialize</a> from dim.o(.text) referenced 2 times from dim.o(.data)
 <LI><a href="#[82]">DisconnectInterrupt</a> from system.o(.text) referenced 2 times from system.o(.data)
 <LI><a href="#[80]">DispatchException</a> from system.o(.text) referenced 2 times from system.o(.data)
 <LI><a href="#[7f]">DispatchInterrupt</a> from system.o(.text) referenced 2 times from system.o(.data)
 <LI><a href="#[77]">DoStat</a> from statcpu.o(.text) referenced 2 times from statcpu.o(.data)
 <LI><a href="#[6e]">DrcbInitialize</a> from iomgr2.o(.text) referenced 2 times from objmgr.o(.data)
 <LI><a href="#[6f]">DrcbUninitialize</a> from iomgr2.o(.text) referenced 2 times from objmgr.o(.data)
 <LI><a href="#[6a]">DrvObjInitialize</a> from iomgr2.o(.text) referenced 2 times from objmgr.o(.data)
 <LI><a href="#[6b]">DrvObjUninitialize</a> from iomgr2.o(.text) referenced 2 times from objmgr.o(.data)
 <LI><a href="#[e4]">EXTI0_IRQHandler</a> from startup_stm32f10x_md.o(.text) referenced from startup_stm32f10x_md.o(RESET)
 <LI><a href="#[106]">EXTI15_10_IRQHandler</a> from startup_stm32f10x_md.o(.text) referenced from startup_stm32f10x_md.o(RESET)
 <LI><a href="#[e5]">EXTI1_IRQHandler</a> from startup_stm32f10x_md.o(.text) referenced from startup_stm32f10x_md.o(RESET)
 <LI><a href="#[e6]">EXTI2_IRQHandler</a> from startup_stm32f10x_md.o(.text) referenced from startup_stm32f10x_md.o(RESET)
 <LI><a href="#[e7]">EXTI3_IRQHandler</a> from startup_stm32f10x_md.o(.text) referenced from startup_stm32f10x_md.o(RESET)
 <LI><a href="#[e8]">EXTI4_IRQHandler</a> from startup_stm32f10x_md.o(.text) referenced from startup_stm32f10x_md.o(RESET)
 <LI><a href="#[f5]">EXTI9_5_IRQHandler</a> from startup_stm32f10x_md.o(.text) referenced from startup_stm32f10x_md.o(RESET)
 <LI><a href="#[7a]">EndInitialize</a> from system.o(.text) referenced 2 times from system.o(.data)
 <LI><a href="#[11e]">EndScheduleHook</a> from statcpu.o(.text) referenced from statcpu.o(.text)
 <LI><a href="#[135]">EventHandler</a> from shell.o(.text) referenced from shell.o(.text)
 <LI><a href="#[62]">EventInitialize</a> from synobj.o(.text) referenced 2 times from objmgr.o(.data)
 <LI><a href="#[63]">EventUninitialize</a> from synobj.o(.text) referenced 2 times from objmgr.o(.data)
 <LI><a href="#[e2]">FLASH_IRQHandler</a> from startup_stm32f10x_md.o(.text) referenced from startup_stm32f10x_md.o(RESET)
 <LI><a href="#[87]">Fibonacci</a> from fibonacci.o(.text) referenced 2 times from extcmd.o(.data)
 <LI><a href="#[56]">Free</a> from mem_fbl.o(.text) referenced 2 times from mem_fbl.o(.data)
 <LI><a href="#[c5]">GUIHandler</a> from shell1.o(.text) referenced 2 times from shell.o(.data)
 <LI><a href="#[109]">GeneralIntHandler</a> from system.o(.text) referenced from osadapt.o(.text)
 <LI><a href="#[57]">GetBufferFlag</a> from mem_fbl.o(.text) referenced 2 times from mem_fbl.o(.data)
 <LI><a href="#[7c]">GetClockTickCounter</a> from system.o(.text) referenced 2 times from system.o(.data)
 <LI><a href="#[4f]">GetControlBlockFlag</a> from mem_fbl.o(.text) referenced 2 times from mem_fbl.o(.data)
 <LI><a href="#[4f]">GetControlBlockFlag</a> from mem_fbl.o(.text) referenced from mem_fbl.o(.text)
 <LI><a href="#[42]">GetCurrentIRQL</a> from ktmgr.o(.text) referenced 2 times from ktmgr.o(.data)
 <LI><a href="#[f]">GetDevice</a> from devmgr.o(.text) referenced 2 times from devmgr.o(.data)
 <LI><a href="#[72]">GetFirstObjectByType</a> from objmgr.o(.text) referenced 2 times from objmgr.o(.data)
 <LI><a href="#[75]">GetFirstThreadStat</a> from statcpu.o(.text) referenced 2 times from statcpu.o(.data)
 <LI><a href="#[11b]">GetHeaderElement</a> from objqueue.o(.text) referenced from objqueue.o(.text)
 <LI><a href="#[43]">GetLastError</a> from ktmgr.o(.text) referenced 2 times from ktmgr.o(.data)
 <LI><a href="#[76]">GetNextThreadStat</a> from statcpu.o(.text) referenced 2 times from statcpu.o(.data)
 <LI><a href="#[71]">GetObjectByID</a> from objmgr.o(.text) referenced 2 times from objmgr.o(.data)
 <LI><a href="#[7e]">GetPhysicalMemorySize</a> from system.o(.text) referenced 2 times from system.o(.data)
 <LI><a href="#[32]">GetScheduleKernelThread</a> from ktmgr2.o(.text) referenced 2 times from ktmgr.o(.data)
 <LI><a href="#[7d]">GetSysTick</a> from system.o(.text) referenced 2 times from system.o(.data)
 <LI><a href="#[45]">GetThreadID</a> from ktmgr.o(.text) referenced 2 times from ktmgr.o(.data)
 <LI><a href="#[3d]">GetThreadPriority</a> from ktmgr.o(.text) referenced 2 times from ktmgr.o(.data)
 <LI><a href="#[46]">GetThreadStatus</a> from ktmgr.o(.text) referenced 2 times from ktmgr.o(.data)
 <LI><a href="#[d6]">HardFault_Handler</a> from startup_stm32f10x_md.o(.text) referenced from startup_stm32f10x_md.o(RESET)
 <LI><a href="#[be]">HlpHandler</a> from shell1.o(.text) referenced 2 times from shell.o(.data)
 <LI><a href="#[88]">Hypertrm</a> from hypertrm.o(.text) referenced 2 times from extcmd.o(.data)
 <LI><a href="#[89]">Hyptrm2</a> from hypertrm.o(.text) referenced 2 times from extcmd.o(.data)
 <LI><a href="#[fe]">I2C1_ER_IRQHandler</a> from startup_stm32f10x_md.o(.text) referenced from startup_stm32f10x_md.o(RESET)
 <LI><a href="#[fd]">I2C1_EV_IRQHandler</a> from startup_stm32f10x_md.o(.text) referenced from startup_stm32f10x_md.o(RESET)
 <LI><a href="#[100]">I2C2_ER_IRQHandler</a> from startup_stm32f10x_md.o(.text) referenced from startup_stm32f10x_md.o(RESET)
 <LI><a href="#[ff]">I2C2_EV_IRQHandler</a> from startup_stm32f10x_md.o(.text) referenced from startup_stm32f10x_md.o(RESET)
 <LI><a href="#[27]">IOControl</a> from iomgr.o(.text) referenced 2 times from iomgr.o(.data)
 <LI><a href="#[19]">IOManagerInitialize</a> from iomgr.o(.text) referenced 2 times from iomgr.o(.data)
 <LI><a href="#[51]">InitBufferMgr</a> from mem_fbl.o(.text) referenced 2 times from mem_fbl.o(.data)
 <LI><a href="#[5b]">InitModule</a> from modmgr.o(.text) referenced 2 times from modmgr.o(.data)
 <LI><a href="#[50]">Initialize</a> from mem_fbl.o(.text) referenced 4 times from mem_fbl.o(.data)
 <LI><a href="#[119]">InsertIntoQueue</a> from objqueue.o(.text) referenced from objqueue.o(.text)
 <LI><a href="#[132]">IntRecv</a> from hypertrm.o(.text) referenced from hypertrm.o(.text)
 <LI><a href="#[131]">IntSend</a> from hypertrm.o(.text) referenced from hypertrm.o(.text)
 <LI><a href="#[10d]">Int_Entry_Wrapper</a> from osadapt.o(.text) referenced 2 times from osadapt.o(.text)
 <LI><a href="#[68]">InterruptInitialize</a> from system.o(.text) referenced 2 times from objmgr.o(.data)
 <LI><a href="#[69]">InterruptUninitialize</a> from system.o(.text) referenced 2 times from objmgr.o(.data)
 <LI><a href="#[c2]">IoCtrlApp</a> from shell.o(.text) referenced 2 times from shell.o(.data)
 <LI><a href="#[133]">IoCtrlStart</a> from ioctrl_s.o(.text) referenced from shell.o(.text)
 <LI><a href="#[60]">KernelThreadInitialize</a> from ktmgr.o(.text) referenced 2 times from objmgr.o(.data)
 <LI><a href="#[34]">KernelThreadMgrInit</a> from ktmgr.o(.text) referenced 2 times from ktmgr.o(.data)
 <LI><a href="#[61]">KernelThreadUninitialize</a> from ktmgr.o(.text) referenced 2 times from objmgr.o(.data)
 <LI><a href="#[118]">KernelThreadWrapper</a> from ktmgr2.o(.text) referenced from ktmgr.o(.text)
 <LI><a href="#[136]">LEDDeviceWrite</a> from led.o(.text) referenced from led.o(.text)
 <LI><a href="#[86]">LEDDrvEntry</a> from led.o(.text) referenced 2 times from drventry.o(.data)
 <LI><a href="#[2d]">LoadDriver</a> from iomgr.o(.text) referenced 2 times from iomgr.o(.data)
 <LI><a href="#[5d]">LoadExternalMod</a> from modmgr.o(.text) referenced 2 times from modmgr.o(.data)
 <LI><a href="#[c4]">LoadappHandler</a> from shell1.o(.text) referenced 2 times from shell.o(.data)
 <LI><a href="#[4d]">LockKernelThread</a> from ktmgr.o(.text) referenced 2 times from ktmgr.o(.data)
 <LI><a href="#[bb]">MemHandler</a> from shell1.o(.text) referenced 2 times from shell.o(.data)
 <LI><a href="#[d7]">MemManage_Handler</a> from startup_stm32f10x_md.o(.text) referenced from startup_stm32f10x_md.o(RESET)
 <LI><a href="#[49]">MgrGetMessage</a> from ktmgr.o(.text) referenced 2 times from ktmgr.o(.data)
 <LI><a href="#[4a]">MgrPeekMessage</a> from ktmgr.o(.text) referenced 2 times from ktmgr.o(.data)
 <LI><a href="#[48]">MgrSendMessage</a> from ktmgr.o(.text) referenced 2 times from ktmgr.o(.data)
 <LI><a href="#[5a]">ModMgrInit</a> from modmgr.o(.text) referenced 2 times from modmgr.o(.data)
 <LI><a href="#[4c]">MsgQueueEmpty</a> from ktmgr.o(.text) referenced 2 times from ktmgr.o(.data)
 <LI><a href="#[4b]">MsgQueueFull</a> from ktmgr.o(.text) referenced 2 times from ktmgr.o(.data)
 <LI><a href="#[128]">MultiWaitTimerHandler</a> from synobj.o(.text) referenced from synobj.o(.text)
 <LI><a href="#[64]">MutexInitialize</a> from synobj.o(.text) referenced 2 times from objmgr.o(.data)
 <LI><a href="#[65]">MutexUninitialize</a> from synobj.o(.text) referenced 2 times from objmgr.o(.data)
 <LI><a href="#[d5]">NMI_Handler</a> from startup_stm32f10x_md.o(.text) referenced from startup_stm32f10x_md.o(RESET)
 <LI><a href="#[17f]">OnCancel</a> from iomgr2.o(.text) referenced from iomgr2.o(.text)
 <LI><a href="#[17e]">OnCompletion</a> from iomgr2.o(.text) referenced from iomgr2.o(.text)
 <LI><a href="#[df]">PVD_IRQHandler</a> from startup_stm32f10x_md.o(.text) referenced from startup_stm32f10x_md.o(RESET)
 <LI><a href="#[dc]">PendSV_Handler</a> from osadapt.o(.text) referenced from startup_stm32f10x_md.o(RESET)
 <LI><a href="#[12f]">PollRecv</a> from hypertrm.o(.text) referenced from hypertrm.o(.text)
 <LI><a href="#[12e]">PollSend</a> from hypertrm.o(.text) referenced from hypertrm.o(.text)
 <LI><a href="#[c7]">Poweroff</a> from shell.o(.text) referenced 2 times from shell.o(.data)
 <LI><a href="#[5e]">PriQueueInitialize</a> from objqueue.o(.text) referenced 2 times from objmgr.o(.data)
 <LI><a href="#[5f]">PriQueueUninitialize</a> from objqueue.o(.text) referenced 2 times from objmgr.o(.data)
 <LI><a href="#[e3]">RCC_IRQHandler</a> from startup_stm32f10x_md.o(.text) referenced from startup_stm32f10x_md.o(RESET)
 <LI><a href="#[107]">RTCAlarm_IRQHandler</a> from startup_stm32f10x_md.o(.text) referenced from startup_stm32f10x_md.o(RESET)
 <LI><a href="#[e1]">RTC_IRQHandler</a> from startup_stm32f10x_md.o(.text) referenced from startup_stm32f10x_md.o(RESET)
 <LI><a href="#[c6]">Reboot</a> from shell.o(.text) referenced 2 times from shell.o(.data)
 <LI><a href="#[2f]">RegisterFileSystem</a> from iomgr.o(.text) referenced 2 times from iomgr.o(.data)
 <LI><a href="#[126]">ReleaseMutex</a> from synobj.o(.text) referenced from synobj.o(.text)
 <LI><a href="#[14]">ReleasePortRegion</a> from devmgr.o(.text) referenced 2 times from devmgr.o(.data)
 <LI><a href="#[5c]">ReplaceShell</a> from modmgr.o(.text) referenced 2 times from modmgr.o(.data)
 <LI><a href="#[13]">ReservePortRegion</a> from devmgr.o(.text) referenced 2 times from devmgr.o(.data)
 <LI><a href="#[2c]">ReserveResource</a> from iomgr.o(.text) referenced 2 times from iomgr.o(.data)
 <LI><a href="#[122]">ResetEvent</a> from synobj.o(.text) referenced from synobj.o(.text)
 <LI><a href="#[d4]">Reset_Handler</a> from osadapt.o(.text) referenced from startup_stm32f10x_md.o(RESET)
 <LI><a href="#[38]">ResumeKernelThread</a> from ktmgr.o(.text) referenced 2 times from ktmgr.o(.data)
 <LI><a href="#[c1]">RunTimeHandler</a> from shell.o(.text) referenced 2 times from shell.o(.data)
 <LI><a href="#[101]">SPI1_IRQHandler</a> from startup_stm32f10x_md.o(.text) referenced from startup_stm32f10x_md.o(RESET)
 <LI><a href="#[102]">SPI2_IRQHandler</a> from startup_stm32f10x_md.o(.text) referenced from startup_stm32f10x_md.o(RESET)
 <LI><a href="#[da]">SVC_Handler</a> from startup_stm32f10x_md.o(.text) referenced from startup_stm32f10x_md.o(RESET)
 <LI><a href="#[3a]">ScheduleFromInt</a> from osadapt.o(.text) referenced 2 times from ktmgr.o(.data)
 <LI><a href="#[39]">ScheduleFromProc</a> from osadapt.o(.text) referenced 2 times from ktmgr.o(.data)
 <LI><a href="#[15]">SendDeviceMessage</a> from dim.o(.text) referenced 2 times from dim.o(.data)
 <LI><a href="#[58]">SetBufferFlag</a> from mem_fbl.o(.text) referenced 2 times from mem_fbl.o(.data)
 <LI><a href="#[41]">SetCurrentIRQL</a> from ktmgr.o(.text) referenced 2 times from ktmgr.o(.data)
 <LI><a href="#[121]">SetEvent</a> from synobj.o(.text) referenced from synobj.o(.text)
 <LI><a href="#[16]">SetFocusThread</a> from dim.o(.text) referenced 2 times from dim.o(.data)
 <LI><a href="#[44]">SetLastError</a> from ktmgr.o(.text) referenced 2 times from ktmgr.o(.data)
 <LI><a href="#[17]">SetShellThread</a> from dim.o(.text) referenced 2 times from dim.o(.data)
 <LI><a href="#[30]">SetThreadHook</a> from ktmgr2.o(.text) referenced 2 times from ktmgr.o(.data)
 <LI><a href="#[3c]">SetThreadPriority</a> from ktmgr.o(.text) referenced 2 times from ktmgr.o(.data)
 <LI><a href="#[47]">SetThreadStatus</a> from ktmgr.o(.text) referenced 2 times from ktmgr.o(.data)
 <LI><a href="#[83]">SetTimer</a> from system.o(.text) referenced 2 times from system.o(.data)
 <LI><a href="#[12d]">ShellEntryPoint</a> from shell.o(.text) referenced from os_entry.o(.text)
 <LI><a href="#[78]">ShowStat</a> from statcpu.o(.text) referenced 2 times from statcpu.o(.data)
 <LI><a href="#[3f]">Sleep</a> from ktmgr.o(.text) referenced 2 times from ktmgr.o(.data)
 <LI><a href="#[c0]">SptHandler</a> from shell.o(.text) referenced 2 times from shell.o(.data)
 <LI><a href="#[12c]">StatThreadRoutine</a> from stat_s.o(.text) referenced from os_entry.o(.text)
 <LI><a href="#[37]">SuspendKernelThread</a> from ktmgr.o(.text) referenced 2 times from ktmgr.o(.data)
 <LI><a href="#[c3]">SysDiagApp</a> from shell.o(.text) referenced 2 times from shell.o(.data)
 <LI><a href="#[134]">SysDiagStart</a> from sysd_s.o(.text) referenced from shell.o(.text)
 <LI><a href="#[bc]">SysInfoHandler</a> from shell1.o(.text) referenced 2 times from shell.o(.data)
 <LI><a href="#[bd]">SysNameHandler</a> from shell.o(.text) referenced 2 times from shell.o(.data)
 <LI><a href="#[dd]">SysTick_Handler</a> from osadapt.o(.text) referenced from startup_stm32f10x_md.o(RESET)
 <LI><a href="#[12a]">SyscallHandler</a> from syscall.o(.text) referenced from system.o(.text)
 <LI><a href="#[12b]">SystemIdle</a> from idle.o(.text) referenced from os_entry.o(.text)
 <LI><a href="#[10a]">SystemInit</a> from system_stm32f10x.o(.text) referenced 2 times from osadapt.o(.text)
 <LI><a href="#[7b]">SystemInitialize</a> from system.o(.text) referenced 2 times from system.o(.data)
 <LI><a href="#[10b]">System_Hard_Init</a> from osadapt.o(.text) referenced from osadapt.o(.text)
 <LI><a href="#[e0]">TAMPER_IRQHandler</a> from startup_stm32f10x_md.o(.text) referenced from startup_stm32f10x_md.o(RESET)
 <LI><a href="#[f6]">TIM1_BRK_IRQHandler</a> from startup_stm32f10x_md.o(.text) referenced from startup_stm32f10x_md.o(RESET)
 <LI><a href="#[f9]">TIM1_CC_IRQHandler</a> from startup_stm32f10x_md.o(.text) referenced from startup_stm32f10x_md.o(RESET)
 <LI><a href="#[f8]">TIM1_TRG_COM_IRQHandler</a> from startup_stm32f10x_md.o(.text) referenced from startup_stm32f10x_md.o(RESET)
 <LI><a href="#[f7]">TIM1_UP_IRQHandler</a> from startup_stm32f10x_md.o(.text) referenced from startup_stm32f10x_md.o(RESET)
 <LI><a href="#[fa]">TIM2_IRQHandler</a> from startup_stm32f10x_md.o(.text) referenced from startup_stm32f10x_md.o(RESET)
 <LI><a href="#[fb]">TIM3_IRQHandler</a> from startup_stm32f10x_md.o(.text) referenced from startup_stm32f10x_md.o(RESET)
 <LI><a href="#[fc]">TIM4_IRQHandler</a> from startup_stm32f10x_md.o(.text) referenced from startup_stm32f10x_md.o(RESET)
 <LI><a href="#[11f]">TerminalHook</a> from statcpu.o(.text) referenced from statcpu.o(.text)
 <LI><a href="#[3e]">TerminalKernelThread</a> from ktmgr.o(.text) referenced 2 times from ktmgr.o(.data)
 <LI><a href="#[66]">TimerInitialize</a> from system.o(.text) referenced 2 times from objmgr.o(.data)
 <LI><a href="#[129]">TimerInterruptHandler</a> from system.o(.text) referenced from system.o(.text)
 <LI><a href="#[67]">TimerUninitialize</a> from system.o(.text) referenced 2 times from objmgr.o(.data)
 <LI><a href="#[8e]">TurnLightOff</a> from ledctrl.o(.text) referenced 2 times from extcmd.o(.data)
 <LI><a href="#[8d]">TurnLightOn</a> from ledctrl.o(.text) referenced 2 times from extcmd.o(.data)
 <LI><a href="#[103]">USART1_IRQHandler</a> from startup_stm32f10x_md.o(.text) referenced from startup_stm32f10x_md.o(RESET)
 <LI><a href="#[104]">USART2_IRQHandler</a> from startup_stm32f10x_md.o(.text) referenced from startup_stm32f10x_md.o(RESET)
 <LI><a href="#[105]">USART3_IRQHandler</a> from startup_stm32f10x_md.o(.text) referenced from startup_stm32f10x_md.o(RESET)
 <LI><a href="#[108]">USBWakeUp_IRQHandler</a> from startup_stm32f10x_md.o(.text) referenced from startup_stm32f10x_md.o(RESET)
 <LI><a href="#[f1]">USB_HP_CAN1_TX_IRQHandler</a> from startup_stm32f10x_md.o(.text) referenced from startup_stm32f10x_md.o(RESET)
 <LI><a href="#[f2]">USB_LP_CAN1_RX0_IRQHandler</a> from startup_stm32f10x_md.o(.text) referenced from startup_stm32f10x_md.o(RESET)
 <LI><a href="#[3b]">UniSchedule</a> from ktmgr.o(.text) referenced 2 times from ktmgr.o(.data)
 <LI><a href="#[3b]">UniSchedule</a> from ktmgr.o(.text) referenced from osadapt.o(.text)
 <LI><a href="#[4e]">UnlockKernelThread</a> from ktmgr.o(.text) referenced 2 times from ktmgr.o(.data)
 <LI><a href="#[d9]">UsageFault_Handler</a> from startup_stm32f10x_md.o(.text) referenced from startup_stm32f10x_md.o(RESET)
 <LI><a href="#[10f]">UsartDestroy</a> from usart.o(.text) referenced from usart.o(.text)
 <LI><a href="#[113]">UsartDeviceClose</a> from usart.o(.text) referenced from usart.o(.text)
 <LI><a href="#[112]">UsartDeviceOpen</a> from usart.o(.text) referenced from usart.o(.text)
 <LI><a href="#[111]">UsartDeviceRead</a> from usart.o(.text) referenced from usart.o(.text)
 <LI><a href="#[110]">UsartDeviceWrite</a> from usart.o(.text) referenced from usart.o(.text)
 <LI><a href="#[85]">UsartDrvEntry</a> from usart.o(.text) referenced 2 times from drventry.o(.data)
 <LI><a href="#[10e]">UsartIntHandler</a> from usart.o(.text) referenced from usart.o(.text)
 <LI><a href="#[ba]">VerHandler</a> from shell1.o(.text) referenced 2 times from shell.o(.data)
 <LI><a href="#[de]">WWDG_IRQHandler</a> from startup_stm32f10x_md.o(.text) referenced from startup_stm32f10x_md.o(RESET)
 <LI><a href="#[17d]">WaitForCompletion</a> from iomgr2.o(.text) referenced from iomgr2.o(.text)
 <LI><a href="#[124]">WaitForEventObject</a> from synobj.o(.text) referenced from synobj.o(.text)
 <LI><a href="#[123]">WaitForEventObjectEx</a> from synobj.o(.text) referenced from synobj.o(.text)
 <LI><a href="#[117]">WaitForKernelThreadObject</a> from ktmgr2.o(.text) referenced from ktmgr.o(.text)
 <LI><a href="#[125]">WaitForMutexObject</a> from synobj.o(.text) referenced from synobj.o(.text)
 <LI><a href="#[127]">WaitForMutexObjectEx</a> from synobj.o(.text) referenced from synobj.o(.text)
 <LI><a href="#[120]">WaitingTimerHandler</a> from synobj.o(.text) referenced from synobj.o(.text)
 <LI><a href="#[1d]">_CloseFile</a> from iomgr2.o(.text) referenced 2 times from iomgr.o(.data)
 <LI><a href="#[1e]">_CreateDirectory</a> from iomgr.o(.text) referenced 2 times from iomgr.o(.data)
 <LI><a href="#[1a]">_CreateFile</a> from iomgr.o(.text) referenced 2 times from iomgr.o(.data)
 <LI><a href="#[1f]">_DeleteFile</a> from iomgr2.o(.text) referenced 2 times from iomgr.o(.data)
 <LI><a href="#[20]">_FindClose</a> from iomgr.o(.text) referenced 2 times from iomgr.o(.data)
 <LI><a href="#[21]">_FindFirstFile</a> from iomgr.o(.text) referenced 2 times from iomgr.o(.data)
 <LI><a href="#[22]">_FindNextFile</a> from iomgr.o(.text) referenced 2 times from iomgr.o(.data)
 <LI><a href="#[29]">_FlushFileBuffers</a> from iomgr.o(.text) referenced 2 times from iomgr.o(.data)
 <LI><a href="#[23]">_GetFileAttributes</a> from iomgr.o(.text) referenced 2 times from iomgr.o(.data)
 <LI><a href="#[24]">_GetFileSize</a> from iomgr.o(.text) referenced 2 times from iomgr.o(.data)
 <LI><a href="#[1b]">_ReadFile</a> from iomgr2.o(.text) referenced 2 times from iomgr.o(.data)
 <LI><a href="#[25]">_RemoveDirectory</a> from iomgr2.o(.text) referenced 2 times from iomgr.o(.data)
 <LI><a href="#[26]">_SetEndOfFile</a> from iomgr2.o(.text) referenced 2 times from iomgr.o(.data)
 <LI><a href="#[28]">_SetFilePointer</a> from iomgr.o(.text) referenced 2 times from iomgr.o(.data)
 <LI><a href="#[1c]">_WriteFile</a> from iomgr2.o(.text) referenced 2 times from iomgr.o(.data)
 <LI><a href="#[139]">__main</a> from __main.o(!!!main) referenced 2 times from osadapt.o(.text)
 <LI><a href="#[138]">_printf_input_char</a> from _printf_char_common.o(.text) referenced from _printf_char_common.o(.text)
 <LI><a href="#[137]">_sputc</a> from _sputc.o(.text) referenced from noretval__2sprintf.o(.text)
 <LI><a href="#[cb]">beep</a> from sysd_s.o(.text) referenced 2 times from sysd_s.o(.data)
 <LI><a href="#[9a]">cd</a> from fs.o(.text) referenced 2 times from fs.o(.data)
 <LI><a href="#[cd]">cintperf</a> from sysd_s.o(.text) referenced 2 times from sysd_s.o(.data)
 <LI><a href="#[a2]">copy</a> from fs.o(.text) referenced 2 times from fs.o(.data)
 <LI><a href="#[d0]">cpuload</a> from sysd_s.o(.text) referenced 2 times from sysd_s.o(.data)
 <LI><a href="#[9e]">del</a> from fs.o(.text) referenced 2 times from fs.o(.data)
 <LI><a href="#[cf]">devinfo</a> from sysd_s.o(.text) referenced 2 times from sysd_s.o(.data)
 <LI><a href="#[d1]">devlist</a> from sysd_s.o(.text) referenced 2 times from sysd_s.o(.data)
 <LI><a href="#[99]">dir</a> from fs.o(.text) referenced 2 times from fs.o(.data)
 <LI><a href="#[8f]">disklist</a> from fdisk.o(.text) referenced 2 times from fdisk.o(.data)
 <LI><a href="#[96]">exit</a> from fdisk.o(.text) referenced 8 times from fdisk.o(.data)
 <LI><a href="#[8a]">fdiskEntry</a> from fdisk.o(.text) referenced 2 times from extcmd.o(.data)
 <LI><a href="#[93]">format</a> from fdisk2.o(.text) referenced 2 times from fdisk.o(.data)
 <LI><a href="#[8b]">fsEntry</a> from fs.o(.text) referenced 2 times from extcmd.o(.data)
 <LI><a href="#[98]">fslist</a> from fs.o(.text) referenced 2 times from fs.o(.data)
 <LI><a href="#[c]">getch</a> from console.o(.text) referenced 2 times from console.o(.data)
 <LI><a href="#[d]">getchar</a> from console.o(.text) referenced 2 times from console.o(.data)
 <LI><a href="#[8c]">heditEntry</a> from hedit.o(.text) referenced 2 times from extcmd.o(.data)
 <LI><a href="#[97]">help</a> from fdisk.o(.text) referenced 8 times from fdisk.o(.data)
 <LI><a href="#[a6]">inputb</a> from ioctrl_s.o(.text) referenced 2 times from ioctrl_s.o(.data)
 <LI><a href="#[a8]">inputd</a> from ioctrl_s.o(.text) referenced 2 times from ioctrl_s.o(.data)
 <LI><a href="#[a9]">inputsb</a> from ioctrl_s.o(.text) referenced 2 times from ioctrl_s.o(.data)
 <LI><a href="#[aa]">inputsw</a> from ioctrl_s.o(.text) referenced 2 times from ioctrl_s.o(.data)
 <LI><a href="#[a7]">inputw</a> from ioctrl_s.o(.text) referenced 2 times from ioctrl_s.o(.data)
 <LI><a href="#[9c]">md</a> from fs.o(.text) referenced 2 times from fs.o(.data)
 <LI><a href="#[b6]">memalloc</a> from ioctrl_s.o(.text) referenced 2 times from ioctrl_s.o(.data)
 <LI><a href="#[ca]">memcheck</a> from sysd_s.o(.text) referenced 2 times from sysd_s.o(.data)
 <LI><a href="#[b3]">memrb</a> from ioctrl_s.o(.text) referenced 2 times from ioctrl_s.o(.data)
 <LI><a href="#[b5]">memrd</a> from ioctrl_s.o(.text) referenced 2 times from ioctrl_s.o(.data)
 <LI><a href="#[b7]">memrels</a> from ioctrl_s.o(.text) referenced 2 times from ioctrl_s.o(.data)
 <LI><a href="#[b4]">memrw</a> from ioctrl_s.o(.text) referenced 2 times from ioctrl_s.o(.data)
 <LI><a href="#[b0]">memwb</a> from ioctrl_s.o(.text) referenced 2 times from ioctrl_s.o(.data)
 <LI><a href="#[b2]">memwd</a> from ioctrl_s.o(.text) referenced 2 times from ioctrl_s.o(.data)
 <LI><a href="#[b1]">memww</a> from ioctrl_s.o(.text) referenced 2 times from ioctrl_s.o(.data)
 <LI><a href="#[9d]">mkdir</a> from fs.o(.text) referenced 2 times from fs.o(.data)
 <LI><a href="#[ab]">outputb</a> from ioctrl_s.o(.text) referenced 2 times from ioctrl_s.o(.data)
 <LI><a href="#[ad]">outputd</a> from ioctrl_s.o(.text) referenced 2 times from ioctrl_s.o(.data)
 <LI><a href="#[ae]">outputsb</a> from ioctrl_s.o(.text) referenced 2 times from ioctrl_s.o(.data)
 <LI><a href="#[af]">outputsw</a> from ioctrl_s.o(.text) referenced 2 times from ioctrl_s.o(.data)
 <LI><a href="#[ac]">outputw</a> from ioctrl_s.o(.text) referenced 2 times from ioctrl_s.o(.data)
 <LI><a href="#[cc]">overload</a> from sysd_s.o(.text) referenced 2 times from sysd_s.o(.data)
 <LI><a href="#[94]">partadd</a> from fdisk.o(.text) referenced 2 times from fdisk.o(.data)
 <LI><a href="#[95]">partdel</a> from fdisk.o(.text) referenced 2 times from fdisk.o(.data)
 <LI><a href="#[91]">partlist</a> from fdisk.o(.text) referenced 2 times from fdisk.o(.data)
 <LI><a href="#[ce]">pcilist</a> from sysd_s.o(.text) referenced 2 times from sysd_s.o(.data)
 <LI><a href="#[92]">pdevlist</a> from fdisk.o(.text) referenced 2 times from fdisk.o(.data)
 <LI><a href="#[9f]">rd</a> from fs.o(.text) referenced 2 times from fs.o(.data)
 <LI><a href="#[a0]">ren</a> from fs.o(.text) referenced 2 times from fs.o(.data)
 <LI><a href="#[a1]">type</a> from fs.o(.text) referenced 2 times from fs.o(.data)
 <LI><a href="#[90]">use</a> from fdisk.o(.text) referenced 4 times from fdisk.o(.data)
 <LI><a href="#[9b]">vl</a> from fs.o(.text) referenced 2 times from fs.o(.data)
</UL>
<P>
<H3>
Global Symbols
</H3>
<P><STRONG><a name="[139]"></a>__main</STRONG> (Thumb, 8 bytes, Stack size 0 bytes, __main.o(!!!main))
<BR><BR>[Calls]<UL><LI><a href="#[13a]">&gt;&gt;</a>&nbsp;&nbsp;&nbsp;__scatterload
<LI><a href="#[13b]">&gt;&gt;</a>&nbsp;&nbsp;&nbsp;__rt_entry
</UL>

<P><STRONG><a name="[13a]"></a>__scatterload</STRONG> (Thumb, 0 bytes, Stack size unknown bytes, __scatter.o(!!!scatter))
<BR><BR>[Called By]<UL><LI><a href="#[139]">&gt;&gt;</a>&nbsp;&nbsp;&nbsp;__main
</UL>

<P><STRONG><a name="[13c]"></a>__scatterload_rt2</STRONG> (Thumb, 44 bytes, Stack size unknown bytes, __scatter.o(!!!scatter), UNUSED)
<BR><BR>[Calls]<UL><LI><a href="#[13b]">&gt;&gt;</a>&nbsp;&nbsp;&nbsp;__rt_entry
</UL>

<P><STRONG><a name="[233]"></a>__scatterload_rt2_thumb_only</STRONG> (Thumb, 0 bytes, Stack size unknown bytes, __scatter.o(!!!scatter), UNUSED)

<P><STRONG><a name="[234]"></a>__scatterload_null</STRONG> (Thumb, 0 bytes, Stack size unknown bytes, __scatter.o(!!!scatter), UNUSED)

<P><STRONG><a name="[235]"></a>__decompress</STRONG> (Thumb, 90 bytes, Stack size unknown bytes, __dczerorl2.o(!!dczerorl2), UNUSED)

<P><STRONG><a name="[236]"></a>__decompress1</STRONG> (Thumb, 0 bytes, Stack size unknown bytes, __dczerorl2.o(!!dczerorl2), UNUSED)

<P><STRONG><a name="[237]"></a>__scatterload_zeroinit</STRONG> (Thumb, 28 bytes, Stack size unknown bytes, __scatter_zi.o(!!handler_zi), UNUSED)

<P><STRONG><a name="[13d]"></a>_printf_d</STRONG> (Thumb, 0 bytes, Stack size unknown bytes, _printf_d.o(.ARM.Collect$$_printf_percent$$00000009))
<BR><BR>[Stack]<UL><LI>Max Depth = 72 + Unknown Stack Size
<LI>Call Chain = _printf_d &rArr; _printf_int_dec &rArr; _printf_int_common &rArr; _printf_post_padding
</UL>
<BR>[Calls]<UL><LI><a href="#[13e]">&gt;&gt;</a>&nbsp;&nbsp;&nbsp;_printf_int_dec
</UL>

<P><STRONG><a name="[22d]"></a>_printf_percent</STRONG> (Thumb, 0 bytes, Stack size unknown bytes, _printf_percent.o(.ARM.Collect$$_printf_percent$$00000000))
<BR><BR>[Called By]<UL><LI><a href="#[22b]">&gt;&gt;</a>&nbsp;&nbsp;&nbsp;__printf
</UL>

<P><STRONG><a name="[13f]"></a>_printf_x</STRONG> (Thumb, 0 bytes, Stack size unknown bytes, _printf_x.o(.ARM.Collect$$_printf_percent$$0000000C))
<BR><BR>[Stack]<UL><LI>Max Depth = 64 + Unknown Stack Size
<LI>Call Chain = _printf_x &rArr; _printf_int_hex &rArr; _printf_int_common &rArr; _printf_post_padding
</UL>
<BR>[Calls]<UL><LI><a href="#[140]">&gt;&gt;</a>&nbsp;&nbsp;&nbsp;_printf_int_hex
</UL>

<P><STRONG><a name="[141]"></a>_printf_c</STRONG> (Thumb, 0 bytes, Stack size unknown bytes, _printf_c.o(.ARM.Collect$$_printf_percent$$00000013))
<BR><BR>[Stack]<UL><LI>Max Depth = 40 + Unknown Stack Size
<LI>Call Chain = _printf_c &rArr; _printf_char &rArr; _printf_cs_common &rArr; _printf_str &rArr; _printf_post_padding
</UL>
<BR>[Calls]<UL><LI><a href="#[142]">&gt;&gt;</a>&nbsp;&nbsp;&nbsp;_printf_char
</UL>

<P><STRONG><a name="[143]"></a>_printf_s</STRONG> (Thumb, 0 bytes, Stack size unknown bytes, _printf_s.o(.ARM.Collect$$_printf_percent$$00000014))
<BR><BR>[Stack]<UL><LI>Max Depth = 40 + Unknown Stack Size
<LI>Call Chain = _printf_s &rArr; _printf_string &rArr; _printf_cs_common &rArr; _printf_str &rArr; _printf_post_padding
</UL>
<BR>[Calls]<UL><LI><a href="#[144]">&gt;&gt;</a>&nbsp;&nbsp;&nbsp;_printf_string
</UL>

<P><STRONG><a name="[238]"></a>_printf_percent_end</STRONG> (Thumb, 0 bytes, Stack size unknown bytes, _printf_percent_end.o(.ARM.Collect$$_printf_percent$$00000017))

<P><STRONG><a name="[148]"></a>__rt_lib_init</STRONG> (Thumb, 0 bytes, Stack size unknown bytes, libinit.o(.ARM.Collect$$libinit$$00000000))
<BR><BR>[Called By]<UL><LI><a href="#[147]">&gt;&gt;</a>&nbsp;&nbsp;&nbsp;__rt_entry_li
</UL>

<P><STRONG><a name="[239]"></a>__rt_lib_init_alloca_1</STRONG> (Thumb, 0 bytes, Stack size unknown bytes, libinit2.o(.ARM.Collect$$libinit$$0000002C))

<P><STRONG><a name="[23a]"></a>__rt_lib_init_argv_1</STRONG> (Thumb, 0 bytes, Stack size unknown bytes, libinit2.o(.ARM.Collect$$libinit$$0000002A))

<P><STRONG><a name="[23b]"></a>__rt_lib_init_atexit_1</STRONG> (Thumb, 0 bytes, Stack size unknown bytes, libinit2.o(.ARM.Collect$$libinit$$00000019))

<P><STRONG><a name="[23c]"></a>__rt_lib_init_clock_1</STRONG> (Thumb, 0 bytes, Stack size unknown bytes, libinit2.o(.ARM.Collect$$libinit$$0000001F))

<P><STRONG><a name="[23d]"></a>__rt_lib_init_cpp_1</STRONG> (Thumb, 0 bytes, Stack size unknown bytes, libinit2.o(.ARM.Collect$$libinit$$00000030))

<P><STRONG><a name="[23e]"></a>__rt_lib_init_exceptions_1</STRONG> (Thumb, 0 bytes, Stack size unknown bytes, libinit2.o(.ARM.Collect$$libinit$$0000002E))

<P><STRONG><a name="[23f]"></a>__rt_lib_init_fp_1</STRONG> (Thumb, 0 bytes, Stack size unknown bytes, libinit2.o(.ARM.Collect$$libinit$$00000002))

<P><STRONG><a name="[240]"></a>__rt_lib_init_fp_trap_1</STRONG> (Thumb, 0 bytes, Stack size unknown bytes, libinit2.o(.ARM.Collect$$libinit$$0000001D))

<P><STRONG><a name="[241]"></a>__rt_lib_init_getenv_1</STRONG> (Thumb, 0 bytes, Stack size unknown bytes, libinit2.o(.ARM.Collect$$libinit$$00000021))

<P><STRONG><a name="[242]"></a>__rt_lib_init_heap_1</STRONG> (Thumb, 0 bytes, Stack size unknown bytes, libinit2.o(.ARM.Collect$$libinit$$00000008))

<P><STRONG><a name="[243]"></a>__rt_lib_init_lc_collate_1</STRONG> (Thumb, 0 bytes, Stack size unknown bytes, libinit2.o(.ARM.Collect$$libinit$$0000000F))

<P><STRONG><a name="[244]"></a>__rt_lib_init_lc_ctype_1</STRONG> (Thumb, 0 bytes, Stack size unknown bytes, libinit2.o(.ARM.Collect$$libinit$$00000011))

<P><STRONG><a name="[245]"></a>__rt_lib_init_lc_monetary_1</STRONG> (Thumb, 0 bytes, Stack size unknown bytes, libinit2.o(.ARM.Collect$$libinit$$00000013))

<P><STRONG><a name="[246]"></a>__rt_lib_init_lc_numeric_1</STRONG> (Thumb, 0 bytes, Stack size unknown bytes, libinit2.o(.ARM.Collect$$libinit$$00000015))

<P><STRONG><a name="[247]"></a>__rt_lib_init_lc_time_1</STRONG> (Thumb, 0 bytes, Stack size unknown bytes, libinit2.o(.ARM.Collect$$libinit$$00000017))

<P><STRONG><a name="[248]"></a>__rt_lib_init_rand_1</STRONG> (Thumb, 0 bytes, Stack size unknown bytes, libinit2.o(.ARM.Collect$$libinit$$0000000C))

<P><STRONG><a name="[249]"></a>__rt_lib_init_return</STRONG> (Thumb, 0 bytes, Stack size unknown bytes, libinit2.o(.ARM.Collect$$libinit$$00000031))

<P><STRONG><a name="[24a]"></a>__rt_lib_init_signal_1</STRONG> (Thumb, 0 bytes, Stack size unknown bytes, libinit2.o(.ARM.Collect$$libinit$$0000001B))

<P><STRONG><a name="[24b]"></a>__rt_lib_init_stdio_1</STRONG> (Thumb, 0 bytes, Stack size unknown bytes, libinit2.o(.ARM.Collect$$libinit$$00000023))

<P><STRONG><a name="[24c]"></a>__rt_lib_init_user_alloc_1</STRONG> (Thumb, 0 bytes, Stack size unknown bytes, libinit2.o(.ARM.Collect$$libinit$$0000000A))

<P><STRONG><a name="[14d]"></a>__rt_lib_shutdown</STRONG> (Thumb, 0 bytes, Stack size unknown bytes, libshutdown.o(.ARM.Collect$$libshutdown$$00000000))
<BR><BR>[Called By]<UL><LI><a href="#[14c]">&gt;&gt;</a>&nbsp;&nbsp;&nbsp;__rt_exit_ls
</UL>

<P><STRONG><a name="[24d]"></a>__rt_lib_shutdown_fp_trap_1</STRONG> (Thumb, 0 bytes, Stack size unknown bytes, libshutdown2.o(.ARM.Collect$$libshutdown$$00000006))

<P><STRONG><a name="[24e]"></a>__rt_lib_shutdown_heap_1</STRONG> (Thumb, 0 bytes, Stack size unknown bytes, libshutdown2.o(.ARM.Collect$$libshutdown$$0000000E))

<P><STRONG><a name="[24f]"></a>__rt_lib_shutdown_return</STRONG> (Thumb, 0 bytes, Stack size unknown bytes, libshutdown2.o(.ARM.Collect$$libshutdown$$0000000F))

<P><STRONG><a name="[250]"></a>__rt_lib_shutdown_signal_1</STRONG> (Thumb, 0 bytes, Stack size unknown bytes, libshutdown2.o(.ARM.Collect$$libshutdown$$00000009))

<P><STRONG><a name="[251]"></a>__rt_lib_shutdown_stdio_1</STRONG> (Thumb, 0 bytes, Stack size unknown bytes, libshutdown2.o(.ARM.Collect$$libshutdown$$00000003))

<P><STRONG><a name="[252]"></a>__rt_lib_shutdown_user_alloc_1</STRONG> (Thumb, 0 bytes, Stack size unknown bytes, libshutdown2.o(.ARM.Collect$$libshutdown$$0000000B))

<P><STRONG><a name="[13b]"></a>__rt_entry</STRONG> (Thumb, 0 bytes, Stack size unknown bytes, rtentry.o(.ARM.Collect$$rtentry$$00000000))
<BR><BR>[Called By]<UL><LI><a href="#[13c]">&gt;&gt;</a>&nbsp;&nbsp;&nbsp;__scatterload_rt2
<LI><a href="#[139]">&gt;&gt;</a>&nbsp;&nbsp;&nbsp;__main
</UL>

<P><STRONG><a name="[253]"></a>__rt_entry_presh_1</STRONG> (Thumb, 0 bytes, Stack size unknown bytes, rtentry2.o(.ARM.Collect$$rtentry$$00000002))

<P><STRONG><a name="[145]"></a>__rt_entry_sh</STRONG> (Thumb, 0 bytes, Stack size unknown bytes, rtentry4.o(.ARM.Collect$$rtentry$$00000004))
<BR><BR>[Stack]<UL><LI>Max Depth = 8 + Unknown Stack Size
<LI>Call Chain = __rt_entry_sh &rArr; __user_setup_stackheap
</UL>
<BR>[Calls]<UL><LI><a href="#[146]">&gt;&gt;</a>&nbsp;&nbsp;&nbsp;__user_setup_stackheap
</UL>

<P><STRONG><a name="[147]"></a>__rt_entry_li</STRONG> (Thumb, 0 bytes, Stack size unknown bytes, rtentry2.o(.ARM.Collect$$rtentry$$0000000A))
<BR><BR>[Calls]<UL><LI><a href="#[148]">&gt;&gt;</a>&nbsp;&nbsp;&nbsp;__rt_lib_init
</UL>

<P><STRONG><a name="[254]"></a>__rt_entry_postsh_1</STRONG> (Thumb, 0 bytes, Stack size unknown bytes, rtentry2.o(.ARM.Collect$$rtentry$$00000009))

<P><STRONG><a name="[149]"></a>__rt_entry_main</STRONG> (Thumb, 0 bytes, Stack size unknown bytes, rtentry2.o(.ARM.Collect$$rtentry$$0000000D))
<BR><BR>[Stack]<UL><LI>Max Depth = 216 + Unknown Stack Size
<LI>Call Chain = __rt_entry_main &rArr; main &rArr; __OS_Entry &rArr; __2sprintf &rArr; _printf_char_common &rArr; __printf
</UL>
<BR>[Calls]<UL><LI><a href="#[14a]">&gt;&gt;</a>&nbsp;&nbsp;&nbsp;main
<LI><a href="#[14b]">&gt;&gt;</a>&nbsp;&nbsp;&nbsp;exit
</UL>

<P><STRONG><a name="[255]"></a>__rt_entry_postli_1</STRONG> (Thumb, 0 bytes, Stack size unknown bytes, rtentry2.o(.ARM.Collect$$rtentry$$0000000C))

<P><STRONG><a name="[232]"></a>__rt_exit</STRONG> (Thumb, 0 bytes, Stack size unknown bytes, rtexit.o(.ARM.Collect$$rtexit$$00000000))
<BR><BR>[Called By]<UL><LI><a href="#[14b]">&gt;&gt;</a>&nbsp;&nbsp;&nbsp;exit
</UL>

<P><STRONG><a name="[14c]"></a>__rt_exit_ls</STRONG> (Thumb, 0 bytes, Stack size unknown bytes, rtexit2.o(.ARM.Collect$$rtexit$$00000003))
<BR><BR>[Calls]<UL><LI><a href="#[14d]">&gt;&gt;</a>&nbsp;&nbsp;&nbsp;__rt_lib_shutdown
</UL>

<P><STRONG><a name="[256]"></a>__rt_exit_prels_1</STRONG> (Thumb, 0 bytes, Stack size unknown bytes, rtexit2.o(.ARM.Collect$$rtexit$$00000002))

<P><STRONG><a name="[14e]"></a>__rt_exit_exit</STRONG> (Thumb, 0 bytes, Stack size unknown bytes, rtexit2.o(.ARM.Collect$$rtexit$$00000004))
<BR><BR>[Calls]<UL><LI><a href="#[14f]">&gt;&gt;</a>&nbsp;&nbsp;&nbsp;_sys_exit
</UL>

<P><STRONG><a name="[1d4]"></a>HardwareInitialize</STRONG> (Thumb, 80 bytes, Stack size 16 bytes, arch_stm.o(.text))
<BR><BR>[Stack]<UL><LI>Max Depth = 16<LI>Call Chain = HardwareInitialize
</UL>
<BR>[Called By]<UL><LI><a href="#[79]">&gt;&gt;</a>&nbsp;&nbsp;&nbsp;BeginInitialize
</UL>

<P><STRONG><a name="[257]"></a>EnableVMM</STRONG> (Thumb, 2 bytes, Stack size 0 bytes, arch_stm.o(.text), UNUSED)

<P><STRONG><a name="[187]"></a>InitKernelThreadContext</STRONG> (Thumb, 202 bytes, Stack size 0 bytes, arch_stm.o(.text))
<BR><BR>[Called By]<UL><LI><a href="#[35]">&gt;&gt;</a>&nbsp;&nbsp;&nbsp;CreateKernelThread
</UL>

<P><STRONG><a name="[197]"></a>__GetTsc</STRONG> (Thumb, 2 bytes, Stack size 0 bytes, arch_stm.o(.text))
<BR><BR>[Called By]<UL><LI><a href="#[77]">&gt;&gt;</a>&nbsp;&nbsp;&nbsp;DoStat
<LI><a href="#[74]">&gt;&gt;</a>&nbsp;&nbsp;&nbsp;Initialize
<LI><a href="#[11e]">&gt;&gt;</a>&nbsp;&nbsp;&nbsp;EndScheduleHook
<LI><a href="#[11d]">&gt;&gt;</a>&nbsp;&nbsp;&nbsp;BeginScheduleHook
</UL>

<P><STRONG><a name="[20b]"></a>__MicroDelay</STRONG> (Thumb, 2 bytes, Stack size 0 bytes, arch_stm.o(.text))
<BR><BR>[Called By]<UL><LI><a href="#[20c]">&gt;&gt;</a>&nbsp;&nbsp;&nbsp;ComRecvByte
<LI><a href="#[20a]">&gt;&gt;</a>&nbsp;&nbsp;&nbsp;ComSendByte
</UL>

<P><STRONG><a name="[258]"></a>__outd</STRONG> (Thumb, 2 bytes, Stack size 0 bytes, arch_stm.o(.text), UNUSED)

<P><STRONG><a name="[259]"></a>__ind</STRONG> (Thumb, 6 bytes, Stack size 0 bytes, arch_stm.o(.text), UNUSED)

<P><STRONG><a name="[16f]"></a>__outb</STRONG> (Thumb, 2 bytes, Stack size 0 bytes, arch_stm.o(.text))
<BR><BR>[Called By]<UL><LI><a href="#[16d]">&gt;&gt;</a>&nbsp;&nbsp;&nbsp;__LL_Output
<LI><a href="#[cb]">&gt;&gt;</a>&nbsp;&nbsp;&nbsp;beep
<LI><a href="#[ab]">&gt;&gt;</a>&nbsp;&nbsp;&nbsp;outputb
<LI><a href="#[131]">&gt;&gt;</a>&nbsp;&nbsp;&nbsp;IntSend
<LI><a href="#[20e]">&gt;&gt;</a>&nbsp;&nbsp;&nbsp;ComSendByte2
<LI><a href="#[20d]">&gt;&gt;</a>&nbsp;&nbsp;&nbsp;InitComPort2
<LI><a href="#[20a]">&gt;&gt;</a>&nbsp;&nbsp;&nbsp;ComSendByte
<LI><a href="#[209]">&gt;&gt;</a>&nbsp;&nbsp;&nbsp;InitComPort
</UL>

<P><STRONG><a name="[16e]"></a>__inb</STRONG> (Thumb, 6 bytes, Stack size 0 bytes, arch_stm.o(.text))
<BR><BR>[Called By]<UL><LI><a href="#[16d]">&gt;&gt;</a>&nbsp;&nbsp;&nbsp;__LL_Output
<LI><a href="#[cb]">&gt;&gt;</a>&nbsp;&nbsp;&nbsp;beep
<LI><a href="#[a6]">&gt;&gt;</a>&nbsp;&nbsp;&nbsp;inputb
<LI><a href="#[130]">&gt;&gt;</a>&nbsp;&nbsp;&nbsp;ComIntHandler
<LI><a href="#[20f]">&gt;&gt;</a>&nbsp;&nbsp;&nbsp;ComRecvByte2
<LI><a href="#[20e]">&gt;&gt;</a>&nbsp;&nbsp;&nbsp;ComSendByte2
<LI><a href="#[20d]">&gt;&gt;</a>&nbsp;&nbsp;&nbsp;InitComPort2
<LI><a href="#[20c]">&gt;&gt;</a>&nbsp;&nbsp;&nbsp;ComRecvByte
<LI><a href="#[20a]">&gt;&gt;</a>&nbsp;&nbsp;&nbsp;ComSendByte
</UL>

<P><STRONG><a name="[215]"></a>__inw</STRONG> (Thumb, 6 bytes, Stack size 0 bytes, arch_stm.o(.text))
<BR><BR>[Called By]<UL><LI><a href="#[a7]">&gt;&gt;</a>&nbsp;&nbsp;&nbsp;inputw
</UL>

<P><STRONG><a name="[216]"></a>__outw</STRONG> (Thumb, 2 bytes, Stack size 0 bytes, arch_stm.o(.text))
<BR><BR>[Called By]<UL><LI><a href="#[ac]">&gt;&gt;</a>&nbsp;&nbsp;&nbsp;outputw
</UL>

<P><STRONG><a name="[25a]"></a>__inws</STRONG> (Thumb, 2 bytes, Stack size 0 bytes, arch_stm.o(.text), UNUSED)

<P><STRONG><a name="[25b]"></a>__outws</STRONG> (Thumb, 2 bytes, Stack size 0 bytes, arch_stm.o(.text), UNUSED)

<P><STRONG><a name="[158]"></a>PrintStr</STRONG> (Thumb, 14 bytes, Stack size 8 bytes, hellocn.o(.text))
<BR><BR>[Stack]<UL><LI>Max Depth = 8<LI>Call Chain = PrintStr
</UL>
<BR>[Called By]<UL><LI><a href="#[151]">&gt;&gt;</a>&nbsp;&nbsp;&nbsp;PrintLine
<LI><a href="#[157]">&gt;&gt;</a>&nbsp;&nbsp;&nbsp;__BUG
<LI><a href="#[ba]">&gt;&gt;</a>&nbsp;&nbsp;&nbsp;VerHandler
<LI><a href="#[bc]">&gt;&gt;</a>&nbsp;&nbsp;&nbsp;SysInfoHandler
<LI><a href="#[218]">&gt;&gt;</a>&nbsp;&nbsp;&nbsp;DefaultHandler
<LI><a href="#[bf]">&gt;&gt;</a>&nbsp;&nbsp;&nbsp;CpuHandler
<LI><a href="#[87]">&gt;&gt;</a>&nbsp;&nbsp;&nbsp;Fibonacci
<LI><a href="#[1e7]">&gt;&gt;</a>&nbsp;&nbsp;&nbsp;__OS_Entry
</UL>

<P><STRONG><a name="[1e8]"></a>ClearScreen</STRONG> (Thumb, 10 bytes, Stack size 8 bytes, hellocn.o(.text))
<BR><BR>[Stack]<UL><LI>Max Depth = 8<LI>Call Chain = ClearScreen
</UL>
<BR>[Called By]<UL><LI><a href="#[c9]">&gt;&gt;</a>&nbsp;&nbsp;&nbsp;ClsHandler
<LI><a href="#[1e7]">&gt;&gt;</a>&nbsp;&nbsp;&nbsp;__OS_Entry
</UL>

<P><STRONG><a name="[1cf]"></a>PrintCh</STRONG> (Thumb, 14 bytes, Stack size 8 bytes, hellocn.o(.text))
<BR><BR>[Stack]<UL><LI>Max Depth = 8<LI>Call Chain = PrintCh
</UL>
<BR>[Called By]<UL><LI><a href="#[12a]">&gt;&gt;</a>&nbsp;&nbsp;&nbsp;SyscallHandler
<LI><a href="#[221]">&gt;&gt;</a>&nbsp;&nbsp;&nbsp;PrintPound
<LI><a href="#[134]">&gt;&gt;</a>&nbsp;&nbsp;&nbsp;SysDiagStart
<LI><a href="#[135]">&gt;&gt;</a>&nbsp;&nbsp;&nbsp;EventHandler
<LI><a href="#[133]">&gt;&gt;</a>&nbsp;&nbsp;&nbsp;IoCtrlStart
<LI><a href="#[214]">&gt;&gt;</a>&nbsp;&nbsp;&nbsp;PrintPound
<LI><a href="#[132]">&gt;&gt;</a>&nbsp;&nbsp;&nbsp;IntRecv
<LI><a href="#[12f]">&gt;&gt;</a>&nbsp;&nbsp;&nbsp;PollRecv
<LI><a href="#[206]">&gt;&gt;</a>&nbsp;&nbsp;&nbsp;__UserInput
<LI><a href="#[a1]">&gt;&gt;</a>&nbsp;&nbsp;&nbsp;type
<LI><a href="#[202]">&gt;&gt;</a>&nbsp;&nbsp;&nbsp;PrintPound
<LI><a href="#[1fa]">&gt;&gt;</a>&nbsp;&nbsp;&nbsp;InProcess
<LI><a href="#[1ea]">&gt;&gt;</a>&nbsp;&nbsp;&nbsp;PrintPound
<LI><a href="#[8b]">&gt;&gt;</a>&nbsp;&nbsp;&nbsp;fsEntry
<LI><a href="#[8a]">&gt;&gt;</a>&nbsp;&nbsp;&nbsp;fdiskEntry
</UL>

<P><STRONG><a name="[1e0]"></a>GotoHome</STRONG> (Thumb, 10 bytes, Stack size 8 bytes, hellocn.o(.text))
<BR><BR>[Stack]<UL><LI>Max Depth = 8<LI>Call Chain = GotoHome
</UL>
<BR>[Called By]<UL><LI><a href="#[151]">&gt;&gt;</a>&nbsp;&nbsp;&nbsp;PrintLine
<LI><a href="#[221]">&gt;&gt;</a>&nbsp;&nbsp;&nbsp;PrintPound
<LI><a href="#[ba]">&gt;&gt;</a>&nbsp;&nbsp;&nbsp;VerHandler
<LI><a href="#[bc]">&gt;&gt;</a>&nbsp;&nbsp;&nbsp;SysInfoHandler
<LI><a href="#[218]">&gt;&gt;</a>&nbsp;&nbsp;&nbsp;DefaultHandler
<LI><a href="#[bf]">&gt;&gt;</a>&nbsp;&nbsp;&nbsp;CpuHandler
<LI><a href="#[214]">&gt;&gt;</a>&nbsp;&nbsp;&nbsp;PrintPound
<LI><a href="#[132]">&gt;&gt;</a>&nbsp;&nbsp;&nbsp;IntRecv
<LI><a href="#[12f]">&gt;&gt;</a>&nbsp;&nbsp;&nbsp;PollRecv
<LI><a href="#[207]">&gt;&gt;</a>&nbsp;&nbsp;&nbsp;__VersionInfo
<LI><a href="#[206]">&gt;&gt;</a>&nbsp;&nbsp;&nbsp;__UserInput
<LI><a href="#[a1]">&gt;&gt;</a>&nbsp;&nbsp;&nbsp;type
<LI><a href="#[202]">&gt;&gt;</a>&nbsp;&nbsp;&nbsp;PrintPound
<LI><a href="#[93]">&gt;&gt;</a>&nbsp;&nbsp;&nbsp;format
<LI><a href="#[1ea]">&gt;&gt;</a>&nbsp;&nbsp;&nbsp;PrintPound
<LI><a href="#[8c]">&gt;&gt;</a>&nbsp;&nbsp;&nbsp;heditEntry
<LI><a href="#[89]">&gt;&gt;</a>&nbsp;&nbsp;&nbsp;Hyptrm2
<LI><a href="#[88]">&gt;&gt;</a>&nbsp;&nbsp;&nbsp;Hypertrm
<LI><a href="#[87]">&gt;&gt;</a>&nbsp;&nbsp;&nbsp;Fibonacci
<LI><a href="#[12d]">&gt;&gt;</a>&nbsp;&nbsp;&nbsp;ShellEntryPoint
<LI><a href="#[1e7]">&gt;&gt;</a>&nbsp;&nbsp;&nbsp;__OS_Entry
</UL>

<P><STRONG><a name="[1e1]"></a>ChangeLine</STRONG> (Thumb, 10 bytes, Stack size 8 bytes, hellocn.o(.text))
<BR><BR>[Stack]<UL><LI>Max Depth = 8<LI>Call Chain = ChangeLine
</UL>
<BR>[Called By]<UL><LI><a href="#[151]">&gt;&gt;</a>&nbsp;&nbsp;&nbsp;PrintLine
<LI><a href="#[221]">&gt;&gt;</a>&nbsp;&nbsp;&nbsp;PrintPound
<LI><a href="#[ba]">&gt;&gt;</a>&nbsp;&nbsp;&nbsp;VerHandler
<LI><a href="#[bc]">&gt;&gt;</a>&nbsp;&nbsp;&nbsp;SysInfoHandler
<LI><a href="#[218]">&gt;&gt;</a>&nbsp;&nbsp;&nbsp;DefaultHandler
<LI><a href="#[bf]">&gt;&gt;</a>&nbsp;&nbsp;&nbsp;CpuHandler
<LI><a href="#[214]">&gt;&gt;</a>&nbsp;&nbsp;&nbsp;PrintPound
<LI><a href="#[132]">&gt;&gt;</a>&nbsp;&nbsp;&nbsp;IntRecv
<LI><a href="#[12f]">&gt;&gt;</a>&nbsp;&nbsp;&nbsp;PollRecv
<LI><a href="#[207]">&gt;&gt;</a>&nbsp;&nbsp;&nbsp;__VersionInfo
<LI><a href="#[206]">&gt;&gt;</a>&nbsp;&nbsp;&nbsp;__UserInput
<LI><a href="#[a1]">&gt;&gt;</a>&nbsp;&nbsp;&nbsp;type
<LI><a href="#[202]">&gt;&gt;</a>&nbsp;&nbsp;&nbsp;PrintPound
<LI><a href="#[93]">&gt;&gt;</a>&nbsp;&nbsp;&nbsp;format
<LI><a href="#[1ea]">&gt;&gt;</a>&nbsp;&nbsp;&nbsp;PrintPound
<LI><a href="#[8c]">&gt;&gt;</a>&nbsp;&nbsp;&nbsp;heditEntry
<LI><a href="#[89]">&gt;&gt;</a>&nbsp;&nbsp;&nbsp;Hyptrm2
<LI><a href="#[88]">&gt;&gt;</a>&nbsp;&nbsp;&nbsp;Hypertrm
<LI><a href="#[87]">&gt;&gt;</a>&nbsp;&nbsp;&nbsp;Fibonacci
<LI><a href="#[12d]">&gt;&gt;</a>&nbsp;&nbsp;&nbsp;ShellEntryPoint
<LI><a href="#[1e7]">&gt;&gt;</a>&nbsp;&nbsp;&nbsp;__OS_Entry
</UL>

<P><STRONG><a name="[1f1]"></a>GotoPrev</STRONG> (Thumb, 10 bytes, Stack size 8 bytes, hellocn.o(.text))
<BR><BR>[Stack]<UL><LI>Max Depth = 8<LI>Call Chain = GotoPrev
</UL>
<BR>[Called By]<UL><LI><a href="#[134]">&gt;&gt;</a>&nbsp;&nbsp;&nbsp;SysDiagStart
<LI><a href="#[135]">&gt;&gt;</a>&nbsp;&nbsp;&nbsp;EventHandler
<LI><a href="#[133]">&gt;&gt;</a>&nbsp;&nbsp;&nbsp;IoCtrlStart
<LI><a href="#[206]">&gt;&gt;</a>&nbsp;&nbsp;&nbsp;__UserInput
<LI><a href="#[8b]">&gt;&gt;</a>&nbsp;&nbsp;&nbsp;fsEntry
<LI><a href="#[8a]">&gt;&gt;</a>&nbsp;&nbsp;&nbsp;fdiskEntry
</UL>

<P><STRONG><a name="[156]"></a>ErrorHandler</STRONG> (Thumb, 90 bytes, Stack size 16 bytes, hellocn.o(.text))
<BR><BR>[Stack]<UL><LI>Max Depth = 48<LI>Call Chain = ErrorHandler &rArr; InformErrorHandler &rArr; PrintLine &rArr; ChangeLine
</UL>
<BR>[Calls]<UL><LI><a href="#[155]">&gt;&gt;</a>&nbsp;&nbsp;&nbsp;InformErrorHandler
<LI><a href="#[154]">&gt;&gt;</a>&nbsp;&nbsp;&nbsp;AlarmErrorHandler
<LI><a href="#[153]">&gt;&gt;</a>&nbsp;&nbsp;&nbsp;ImportantErrorHandler
<LI><a href="#[152]">&gt;&gt;</a>&nbsp;&nbsp;&nbsp;CriticalErrorHandler
<LI><a href="#[150]">&gt;&gt;</a>&nbsp;&nbsp;&nbsp;FatalErrorHandler
</UL>
<BR>[Called By]<UL><LI><a href="#[1e7]">&gt;&gt;</a>&nbsp;&nbsp;&nbsp;__OS_Entry
</UL>

<P><STRONG><a name="[157]"></a>__BUG</STRONG> (Thumb, 52 bytes, Stack size 16 bytes, hellocn.o(.text))
<BR><BR>[Stack]<UL><LI>Max Depth = 32<LI>Call Chain = __BUG &rArr; PrintLine &rArr; ChangeLine
</UL>
<BR>[Calls]<UL><LI><a href="#[151]">&gt;&gt;</a>&nbsp;&nbsp;&nbsp;PrintLine
<LI><a href="#[159]">&gt;&gt;</a>&nbsp;&nbsp;&nbsp;Hex2Str
<LI><a href="#[15a]">&gt;&gt;</a>&nbsp;&nbsp;&nbsp;Enter_Critical_Section
<LI><a href="#[158]">&gt;&gt;</a>&nbsp;&nbsp;&nbsp;PrintStr
</UL>
<BR>[Called By]<UL><LI><a href="#[3b]">&gt;&gt;</a>&nbsp;&nbsp;&nbsp;UniSchedule
<LI><a href="#[7f]">&gt;&gt;</a>&nbsp;&nbsp;&nbsp;DispatchInterrupt
<LI><a href="#[19b]">&gt;&gt;</a>&nbsp;&nbsp;&nbsp;TimeOutWaiting
<LI><a href="#[1a3]">&gt;&gt;</a>&nbsp;&nbsp;&nbsp;WaitForAll
<LI><a href="#[1a2]">&gt;&gt;</a>&nbsp;&nbsp;&nbsp;MultiTimeOutWaiting
<LI><a href="#[128]">&gt;&gt;</a>&nbsp;&nbsp;&nbsp;MultiWaitTimerHandler
<LI><a href="#[1a1]">&gt;&gt;</a>&nbsp;&nbsp;&nbsp;CancelWait
<LI><a href="#[1a0]">&gt;&gt;</a>&nbsp;&nbsp;&nbsp;ObtainAllObjects
<LI><a href="#[19e]">&gt;&gt;</a>&nbsp;&nbsp;&nbsp;WaitThisObject
<LI><a href="#[127]">&gt;&gt;</a>&nbsp;&nbsp;&nbsp;WaitForMutexObjectEx
<LI><a href="#[123]">&gt;&gt;</a>&nbsp;&nbsp;&nbsp;WaitForEventObjectEx
<LI><a href="#[120]">&gt;&gt;</a>&nbsp;&nbsp;&nbsp;WaitingTimerHandler
<LI><a href="#[65]">&gt;&gt;</a>&nbsp;&nbsp;&nbsp;MutexUninitialize
<LI><a href="#[63]">&gt;&gt;</a>&nbsp;&nbsp;&nbsp;EventUninitialize
<LI><a href="#[55]">&gt;&gt;</a>&nbsp;&nbsp;&nbsp;Allocate
<LI><a href="#[30]">&gt;&gt;</a>&nbsp;&nbsp;&nbsp;SetThreadHook
<LI><a href="#[31]">&gt;&gt;</a>&nbsp;&nbsp;&nbsp;CallThreadHook
<LI><a href="#[33]">&gt;&gt;</a>&nbsp;&nbsp;&nbsp;AddReadyKernelThread
<LI><a href="#[3f]">&gt;&gt;</a>&nbsp;&nbsp;&nbsp;Sleep
<LI><a href="#[130]">&gt;&gt;</a>&nbsp;&nbsp;&nbsp;ComIntHandler
</UL>

<P><STRONG><a name="[10b]"></a>System_Hard_Init</STRONG> (Thumb, 10 bytes, Stack size 0 bytes, osadapt.o(.text))
<BR>[Address Reference Count : 1]<UL><LI> osadapt.o(.text)
</UL>
<P><STRONG><a name="[10d]"></a>Int_Entry_Wrapper</STRONG> (Thumb, 16 bytes, Stack size 0 bytes, osadapt.o(.text))
<BR>[Address Reference Count : 2]<UL><LI> osadapt.o(.text)
<LI> startup_stm32f10x_md.o(.text)
</UL>
<P><STRONG><a name="[15a]"></a>Enter_Critical_Section</STRONG> (Thumb, 8 bytes, Stack size 0 bytes, osadapt.o(.text))
<BR><BR>[Called By]<UL><LI><a href="#[6e]">&gt;&gt;</a>&nbsp;&nbsp;&nbsp;DrcbInitialize
<LI><a href="#[25]">&gt;&gt;</a>&nbsp;&nbsp;&nbsp;_RemoveDirectory
<LI><a href="#[1f]">&gt;&gt;</a>&nbsp;&nbsp;&nbsp;_DeleteFile
<LI><a href="#[17c]">&gt;&gt;</a>&nbsp;&nbsp;&nbsp;CreateNewFile
<LI><a href="#[2e]">&gt;&gt;</a>&nbsp;&nbsp;&nbsp;AddFileSystem
<LI><a href="#[2b]">&gt;&gt;</a>&nbsp;&nbsp;&nbsp;DestroyDevice
<LI><a href="#[2a]">&gt;&gt;</a>&nbsp;&nbsp;&nbsp;CreateDevice
<LI><a href="#[23]">&gt;&gt;</a>&nbsp;&nbsp;&nbsp;_GetFileAttributes
<LI><a href="#[20]">&gt;&gt;</a>&nbsp;&nbsp;&nbsp;_FindClose
<LI><a href="#[22]">&gt;&gt;</a>&nbsp;&nbsp;&nbsp;_FindNextFile
<LI><a href="#[21]">&gt;&gt;</a>&nbsp;&nbsp;&nbsp;_FindFirstFile
<LI><a href="#[1e]">&gt;&gt;</a>&nbsp;&nbsp;&nbsp;_CreateDirectory
<LI><a href="#[27]">&gt;&gt;</a>&nbsp;&nbsp;&nbsp;IOControl
<LI><a href="#[177]">&gt;&gt;</a>&nbsp;&nbsp;&nbsp;__OpenDevice
<LI><a href="#[176]">&gt;&gt;</a>&nbsp;&nbsp;&nbsp;__OpenFile
<LI><a href="#[2f]">&gt;&gt;</a>&nbsp;&nbsp;&nbsp;RegisterFileSystem
<LI><a href="#[17]">&gt;&gt;</a>&nbsp;&nbsp;&nbsp;SetShellThread
<LI><a href="#[16]">&gt;&gt;</a>&nbsp;&nbsp;&nbsp;SetFocusThread
<LI><a href="#[15]">&gt;&gt;</a>&nbsp;&nbsp;&nbsp;SendDeviceMessage
<LI><a href="#[f]">&gt;&gt;</a>&nbsp;&nbsp;&nbsp;GetDevice
<LI><a href="#[12]">&gt;&gt;</a>&nbsp;&nbsp;&nbsp;CheckPortRegion
<LI><a href="#[14]">&gt;&gt;</a>&nbsp;&nbsp;&nbsp;ReleasePortRegion
<LI><a href="#[13]">&gt;&gt;</a>&nbsp;&nbsp;&nbsp;ReservePortRegion
<LI><a href="#[113]">&gt;&gt;</a>&nbsp;&nbsp;&nbsp;UsartDeviceClose
<LI><a href="#[112]">&gt;&gt;</a>&nbsp;&nbsp;&nbsp;UsartDeviceOpen
<LI><a href="#[110]">&gt;&gt;</a>&nbsp;&nbsp;&nbsp;UsartDeviceWrite
<LI><a href="#[111]">&gt;&gt;</a>&nbsp;&nbsp;&nbsp;UsartDeviceRead
<LI><a href="#[163]">&gt;&gt;</a>&nbsp;&nbsp;&nbsp;DAIntHandler
<LI><a href="#[3b]">&gt;&gt;</a>&nbsp;&nbsp;&nbsp;UniSchedule
<LI><a href="#[157]">&gt;&gt;</a>&nbsp;&nbsp;&nbsp;__BUG
<LI><a href="#[84]">&gt;&gt;</a>&nbsp;&nbsp;&nbsp;CancelTimer
<LI><a href="#[83]">&gt;&gt;</a>&nbsp;&nbsp;&nbsp;SetTimer
<LI><a href="#[7b]">&gt;&gt;</a>&nbsp;&nbsp;&nbsp;SystemInitialize
<LI><a href="#[82]">&gt;&gt;</a>&nbsp;&nbsp;&nbsp;DisconnectInterrupt
<LI><a href="#[81]">&gt;&gt;</a>&nbsp;&nbsp;&nbsp;ConnectInterrupt
<LI><a href="#[129]">&gt;&gt;</a>&nbsp;&nbsp;&nbsp;TimerInterruptHandler
<LI><a href="#[1a3]">&gt;&gt;</a>&nbsp;&nbsp;&nbsp;WaitForAll
<LI><a href="#[127]">&gt;&gt;</a>&nbsp;&nbsp;&nbsp;WaitForMutexObjectEx
<LI><a href="#[125]">&gt;&gt;</a>&nbsp;&nbsp;&nbsp;WaitForMutexObject
<LI><a href="#[126]">&gt;&gt;</a>&nbsp;&nbsp;&nbsp;ReleaseMutex
<LI><a href="#[121]">&gt;&gt;</a>&nbsp;&nbsp;&nbsp;SetEvent
<LI><a href="#[122]">&gt;&gt;</a>&nbsp;&nbsp;&nbsp;ResetEvent
<LI><a href="#[123]">&gt;&gt;</a>&nbsp;&nbsp;&nbsp;WaitForEventObjectEx
<LI><a href="#[124]">&gt;&gt;</a>&nbsp;&nbsp;&nbsp;WaitForEventObject
<LI><a href="#[120]">&gt;&gt;</a>&nbsp;&nbsp;&nbsp;WaitingTimerHandler
<LI><a href="#[11f]">&gt;&gt;</a>&nbsp;&nbsp;&nbsp;TerminalHook
<LI><a href="#[11c]">&gt;&gt;</a>&nbsp;&nbsp;&nbsp;CreateHook
<LI><a href="#[11b]">&gt;&gt;</a>&nbsp;&nbsp;&nbsp;GetHeaderElement
<LI><a href="#[11a]">&gt;&gt;</a>&nbsp;&nbsp;&nbsp;DeleteFromQueue
<LI><a href="#[119]">&gt;&gt;</a>&nbsp;&nbsp;&nbsp;InsertIntoQueue
<LI><a href="#[65]">&gt;&gt;</a>&nbsp;&nbsp;&nbsp;MutexUninitialize
<LI><a href="#[63]">&gt;&gt;</a>&nbsp;&nbsp;&nbsp;EventUninitialize
<LI><a href="#[188]">&gt;&gt;</a>&nbsp;&nbsp;&nbsp;ReleaseAndCombine
<LI><a href="#[55]">&gt;&gt;</a>&nbsp;&nbsp;&nbsp;Allocate
<LI><a href="#[117]">&gt;&gt;</a>&nbsp;&nbsp;&nbsp;WaitForKernelThreadObject
<LI><a href="#[30]">&gt;&gt;</a>&nbsp;&nbsp;&nbsp;SetThreadHook
<LI><a href="#[118]">&gt;&gt;</a>&nbsp;&nbsp;&nbsp;KernelThreadWrapper
<LI><a href="#[4e]">&gt;&gt;</a>&nbsp;&nbsp;&nbsp;UnlockKernelThread
<LI><a href="#[4d]">&gt;&gt;</a>&nbsp;&nbsp;&nbsp;LockKernelThread
<LI><a href="#[4a]">&gt;&gt;</a>&nbsp;&nbsp;&nbsp;MgrPeekMessage
<LI><a href="#[49]">&gt;&gt;</a>&nbsp;&nbsp;&nbsp;MgrGetMessage
<LI><a href="#[48]">&gt;&gt;</a>&nbsp;&nbsp;&nbsp;MgrSendMessage
<LI><a href="#[3f]">&gt;&gt;</a>&nbsp;&nbsp;&nbsp;Sleep
<LI><a href="#[3c]">&gt;&gt;</a>&nbsp;&nbsp;&nbsp;SetThreadPriority
<LI><a href="#[cd]">&gt;&gt;</a>&nbsp;&nbsp;&nbsp;cintperf
<LI><a href="#[21e]">&gt;&gt;</a>&nbsp;&nbsp;&nbsp;ShowMemInfo
<LI><a href="#[bb]">&gt;&gt;</a>&nbsp;&nbsp;&nbsp;MemHandler
<LI><a href="#[20f]">&gt;&gt;</a>&nbsp;&nbsp;&nbsp;ComRecvByte2
<LI><a href="#[20e]">&gt;&gt;</a>&nbsp;&nbsp;&nbsp;ComSendByte2
</UL>

<P><STRONG><a name="[166]"></a>Leave_Critical_Section</STRONG> (Thumb, 6 bytes, Stack size 0 bytes, osadapt.o(.text))
<BR><BR>[Called By]<UL><LI><a href="#[6e]">&gt;&gt;</a>&nbsp;&nbsp;&nbsp;DrcbInitialize
<LI><a href="#[25]">&gt;&gt;</a>&nbsp;&nbsp;&nbsp;_RemoveDirectory
<LI><a href="#[1f]">&gt;&gt;</a>&nbsp;&nbsp;&nbsp;_DeleteFile
<LI><a href="#[17c]">&gt;&gt;</a>&nbsp;&nbsp;&nbsp;CreateNewFile
<LI><a href="#[2e]">&gt;&gt;</a>&nbsp;&nbsp;&nbsp;AddFileSystem
<LI><a href="#[2b]">&gt;&gt;</a>&nbsp;&nbsp;&nbsp;DestroyDevice
<LI><a href="#[2a]">&gt;&gt;</a>&nbsp;&nbsp;&nbsp;CreateDevice
<LI><a href="#[23]">&gt;&gt;</a>&nbsp;&nbsp;&nbsp;_GetFileAttributes
<LI><a href="#[20]">&gt;&gt;</a>&nbsp;&nbsp;&nbsp;_FindClose
<LI><a href="#[22]">&gt;&gt;</a>&nbsp;&nbsp;&nbsp;_FindNextFile
<LI><a href="#[21]">&gt;&gt;</a>&nbsp;&nbsp;&nbsp;_FindFirstFile
<LI><a href="#[1e]">&gt;&gt;</a>&nbsp;&nbsp;&nbsp;_CreateDirectory
<LI><a href="#[27]">&gt;&gt;</a>&nbsp;&nbsp;&nbsp;IOControl
<LI><a href="#[177]">&gt;&gt;</a>&nbsp;&nbsp;&nbsp;__OpenDevice
<LI><a href="#[176]">&gt;&gt;</a>&nbsp;&nbsp;&nbsp;__OpenFile
<LI><a href="#[2f]">&gt;&gt;</a>&nbsp;&nbsp;&nbsp;RegisterFileSystem
<LI><a href="#[17]">&gt;&gt;</a>&nbsp;&nbsp;&nbsp;SetShellThread
<LI><a href="#[16]">&gt;&gt;</a>&nbsp;&nbsp;&nbsp;SetFocusThread
<LI><a href="#[15]">&gt;&gt;</a>&nbsp;&nbsp;&nbsp;SendDeviceMessage
<LI><a href="#[f]">&gt;&gt;</a>&nbsp;&nbsp;&nbsp;GetDevice
<LI><a href="#[12]">&gt;&gt;</a>&nbsp;&nbsp;&nbsp;CheckPortRegion
<LI><a href="#[14]">&gt;&gt;</a>&nbsp;&nbsp;&nbsp;ReleasePortRegion
<LI><a href="#[13]">&gt;&gt;</a>&nbsp;&nbsp;&nbsp;ReservePortRegion
<LI><a href="#[113]">&gt;&gt;</a>&nbsp;&nbsp;&nbsp;UsartDeviceClose
<LI><a href="#[112]">&gt;&gt;</a>&nbsp;&nbsp;&nbsp;UsartDeviceOpen
<LI><a href="#[110]">&gt;&gt;</a>&nbsp;&nbsp;&nbsp;UsartDeviceWrite
<LI><a href="#[111]">&gt;&gt;</a>&nbsp;&nbsp;&nbsp;UsartDeviceRead
<LI><a href="#[163]">&gt;&gt;</a>&nbsp;&nbsp;&nbsp;DAIntHandler
<LI><a href="#[3b]">&gt;&gt;</a>&nbsp;&nbsp;&nbsp;UniSchedule
<LI><a href="#[84]">&gt;&gt;</a>&nbsp;&nbsp;&nbsp;CancelTimer
<LI><a href="#[83]">&gt;&gt;</a>&nbsp;&nbsp;&nbsp;SetTimer
<LI><a href="#[7b]">&gt;&gt;</a>&nbsp;&nbsp;&nbsp;SystemInitialize
<LI><a href="#[82]">&gt;&gt;</a>&nbsp;&nbsp;&nbsp;DisconnectInterrupt
<LI><a href="#[81]">&gt;&gt;</a>&nbsp;&nbsp;&nbsp;ConnectInterrupt
<LI><a href="#[129]">&gt;&gt;</a>&nbsp;&nbsp;&nbsp;TimerInterruptHandler
<LI><a href="#[1a3]">&gt;&gt;</a>&nbsp;&nbsp;&nbsp;WaitForAll
<LI><a href="#[127]">&gt;&gt;</a>&nbsp;&nbsp;&nbsp;WaitForMutexObjectEx
<LI><a href="#[125]">&gt;&gt;</a>&nbsp;&nbsp;&nbsp;WaitForMutexObject
<LI><a href="#[126]">&gt;&gt;</a>&nbsp;&nbsp;&nbsp;ReleaseMutex
<LI><a href="#[121]">&gt;&gt;</a>&nbsp;&nbsp;&nbsp;SetEvent
<LI><a href="#[122]">&gt;&gt;</a>&nbsp;&nbsp;&nbsp;ResetEvent
<LI><a href="#[123]">&gt;&gt;</a>&nbsp;&nbsp;&nbsp;WaitForEventObjectEx
<LI><a href="#[124]">&gt;&gt;</a>&nbsp;&nbsp;&nbsp;WaitForEventObject
<LI><a href="#[120]">&gt;&gt;</a>&nbsp;&nbsp;&nbsp;WaitingTimerHandler
<LI><a href="#[11f]">&gt;&gt;</a>&nbsp;&nbsp;&nbsp;TerminalHook
<LI><a href="#[11c]">&gt;&gt;</a>&nbsp;&nbsp;&nbsp;CreateHook
<LI><a href="#[11b]">&gt;&gt;</a>&nbsp;&nbsp;&nbsp;GetHeaderElement
<LI><a href="#[11a]">&gt;&gt;</a>&nbsp;&nbsp;&nbsp;DeleteFromQueue
<LI><a href="#[119]">&gt;&gt;</a>&nbsp;&nbsp;&nbsp;InsertIntoQueue
<LI><a href="#[65]">&gt;&gt;</a>&nbsp;&nbsp;&nbsp;MutexUninitialize
<LI><a href="#[63]">&gt;&gt;</a>&nbsp;&nbsp;&nbsp;EventUninitialize
<LI><a href="#[188]">&gt;&gt;</a>&nbsp;&nbsp;&nbsp;ReleaseAndCombine
<LI><a href="#[55]">&gt;&gt;</a>&nbsp;&nbsp;&nbsp;Allocate
<LI><a href="#[117]">&gt;&gt;</a>&nbsp;&nbsp;&nbsp;WaitForKernelThreadObject
<LI><a href="#[30]">&gt;&gt;</a>&nbsp;&nbsp;&nbsp;SetThreadHook
<LI><a href="#[118]">&gt;&gt;</a>&nbsp;&nbsp;&nbsp;KernelThreadWrapper
<LI><a href="#[4e]">&gt;&gt;</a>&nbsp;&nbsp;&nbsp;UnlockKernelThread
<LI><a href="#[4d]">&gt;&gt;</a>&nbsp;&nbsp;&nbsp;LockKernelThread
<LI><a href="#[4a]">&gt;&gt;</a>&nbsp;&nbsp;&nbsp;MgrPeekMessage
<LI><a href="#[49]">&gt;&gt;</a>&nbsp;&nbsp;&nbsp;MgrGetMessage
<LI><a href="#[48]">&gt;&gt;</a>&nbsp;&nbsp;&nbsp;MgrSendMessage
<LI><a href="#[3f]">&gt;&gt;</a>&nbsp;&nbsp;&nbsp;Sleep
<LI><a href="#[3c]">&gt;&gt;</a>&nbsp;&nbsp;&nbsp;SetThreadPriority
<LI><a href="#[cd]">&gt;&gt;</a>&nbsp;&nbsp;&nbsp;cintperf
<LI><a href="#[21e]">&gt;&gt;</a>&nbsp;&nbsp;&nbsp;ShowMemInfo
<LI><a href="#[bb]">&gt;&gt;</a>&nbsp;&nbsp;&nbsp;MemHandler
<LI><a href="#[20f]">&gt;&gt;</a>&nbsp;&nbsp;&nbsp;ComRecvByte2
<LI><a href="#[20e]">&gt;&gt;</a>&nbsp;&nbsp;&nbsp;ComSendByte2
</UL>

<P><STRONG><a name="[1d6]"></a>EnableInterrupt</STRONG> (Thumb, 4 bytes, Stack size 0 bytes, osadapt.o(.text))
<BR><BR>[Called By]<UL><LI><a href="#[7a]">&gt;&gt;</a>&nbsp;&nbsp;&nbsp;EndInitialize
</UL>

<P><STRONG><a name="[1d5]"></a>DisableInterrupt</STRONG> (Thumb, 4 bytes, Stack size 0 bytes, osadapt.o(.text))
<BR><BR>[Called By]<UL><LI><a href="#[79]">&gt;&gt;</a>&nbsp;&nbsp;&nbsp;BeginInitialize
</UL>

<P><STRONG><a name="[3a]"></a>ScheduleFromInt</STRONG> (Thumb, 16 bytes, Stack size 0 bytes, osadapt.o(.text))
<BR>[Address Reference Count : 1]<UL><LI> ktmgr.o(.data)
</UL>
<P><STRONG><a name="[39]"></a>ScheduleFromProc</STRONG> (Thumb, 14 bytes, Stack size 0 bytes, osadapt.o(.text))
<BR>[Address Reference Count : 1]<UL><LI> ktmgr.o(.data)
</UL>
<P><STRONG><a name="[dc]"></a>PendSV_Handler</STRONG> (Thumb, 30 bytes, Stack size 0 bytes, osadapt.o(.text))
<BR>[Address Reference Count : 1]<UL><LI> startup_stm32f10x_md.o(RESET)
</UL>
<P><STRONG><a name="[d4]"></a>Reset_Handler</STRONG> (Thumb, 12 bytes, Stack size 0 bytes, osadapt.o(.text))
<BR>[Address Reference Count : 1]<UL><LI> startup_stm32f10x_md.o(RESET)
</UL>
<P><STRONG><a name="[dd]"></a>SysTick_Handler</STRONG> (Thumb, 6 bytes, Stack size 0 bytes, osadapt.o(.text))
<BR>[Address Reference Count : 1]<UL><LI> startup_stm32f10x_md.o(RESET)
</UL>
<P><STRONG><a name="[10a]"></a>SystemInit</STRONG> (Thumb, 78 bytes, Stack size 8 bytes, system_stm32f10x.o(.text))
<BR><BR>[Stack]<UL><LI>Max Depth = 28<LI>Call Chain = SystemInit &rArr; SetSysClock &rArr; SetSysClockTo72
</UL>
<BR>[Calls]<UL><LI><a href="#[15b]">&gt;&gt;</a>&nbsp;&nbsp;&nbsp;SetSysClock
</UL>
<BR>[Address Reference Count : 2]<UL><LI> osadapt.o(.text)
<LI> startup_stm32f10x_md.o(.text)
</UL>
<P><STRONG><a name="[25c]"></a>SystemCoreClockUpdate</STRONG> (Thumb, 142 bytes, Stack size 8 bytes, system_stm32f10x.o(.text), UNUSED)

<P><STRONG><a name="[15e]"></a>SER_PutChar</STRONG> (Thumb, 24 bytes, Stack size 0 bytes, usart.o(.text))
<BR><BR>[Called By]<UL><LI><a href="#[15d]">&gt;&gt;</a>&nbsp;&nbsp;&nbsp;SER_PutString
</UL>

<P><STRONG><a name="[15d]"></a>SER_PutString</STRONG> (Thumb, 22 bytes, Stack size 4 bytes, usart.o(.text))
<BR><BR>[Stack]<UL><LI>Max Depth = 4<LI>Call Chain = SER_PutString
</UL>
<BR>[Calls]<UL><LI><a href="#[15e]">&gt;&gt;</a>&nbsp;&nbsp;&nbsp;SER_PutChar
</UL>
<BR>[Called By]<UL><LI><a href="#[85]">&gt;&gt;</a>&nbsp;&nbsp;&nbsp;UsartDrvEntry
</UL>

<P><STRONG><a name="[85]"></a>UsartDrvEntry</STRONG> (Thumb, 278 bytes, Stack size 48 bytes, usart.o(.text))
<BR><BR>[Stack]<UL><LI>Max Depth = 68<LI>Call Chain = UsartDrvEntry &rArr; InitializeUsart
</UL>
<BR>[Calls]<UL><LI><a href="#[15d]">&gt;&gt;</a>&nbsp;&nbsp;&nbsp;SER_PutString
<LI><a href="#[16c]">&gt;&gt;</a>&nbsp;&nbsp;&nbsp;InitializeUsart
</UL>
<BR>[Address Reference Count : 1]<UL><LI> drventry.o(.data)
</UL>
<P><STRONG><a name="[17d]"></a>WaitForCompletion</STRONG> (Thumb, 48 bytes, Stack size 24 bytes, iomgr2.o(.text))
<BR><BR>[Stack]<UL><LI>Max Depth = 24<LI>Call Chain = WaitForCompletion
</UL>
<BR>[Address Reference Count : 1]<UL><LI> iomgr2.o(.text)
</UL>
<P><STRONG><a name="[17e]"></a>OnCompletion</STRONG> (Thumb, 24 bytes, Stack size 16 bytes, iomgr2.o(.text))
<BR><BR>[Stack]<UL><LI>Max Depth = 16<LI>Call Chain = OnCompletion
</UL>
<BR>[Address Reference Count : 1]<UL><LI> iomgr2.o(.text)
</UL>
<P><STRONG><a name="[17f]"></a>OnCancel</STRONG> (Thumb, 12 bytes, Stack size 0 bytes, iomgr2.o(.text))
<BR>[Address Reference Count : 1]<UL><LI> iomgr2.o(.text)
</UL>
<P><STRONG><a name="[6e]"></a>DrcbInitialize</STRONG> (Thumb, 130 bytes, Stack size 24 bytes, iomgr2.o(.text))
<BR><BR>[Stack]<UL><LI>Max Depth = 24<LI>Call Chain = DrcbInitialize
</UL>
<BR>[Calls]<UL><LI><a href="#[166]">&gt;&gt;</a>&nbsp;&nbsp;&nbsp;Leave_Critical_Section
<LI><a href="#[15a]">&gt;&gt;</a>&nbsp;&nbsp;&nbsp;Enter_Critical_Section
</UL>
<BR>[Address Reference Count : 1]<UL><LI> objmgr.o(.data)
</UL>
<P><STRONG><a name="[6f]"></a>DrcbUninitialize</STRONG> (Thumb, 30 bytes, Stack size 16 bytes, iomgr2.o(.text))
<BR><BR>[Stack]<UL><LI>Max Depth = 16<LI>Call Chain = DrcbUninitialize
</UL>
<BR>[Address Reference Count : 1]<UL><LI> objmgr.o(.data)
</UL>
<P><STRONG><a name="[6a]"></a>DrvObjInitialize</STRONG> (Thumb, 22 bytes, Stack size 0 bytes, iomgr2.o(.text))
<BR>[Address Reference Count : 1]<UL><LI> objmgr.o(.data)
</UL>
<P><STRONG><a name="[6b]"></a>DrvObjUninitialize</STRONG> (Thumb, 2 bytes, Stack size 0 bytes, iomgr2.o(.text))
<BR>[Address Reference Count : 1]<UL><LI> objmgr.o(.data)
</UL>
<P><STRONG><a name="[6c]"></a>DevObjInitialize</STRONG> (Thumb, 34 bytes, Stack size 0 bytes, iomgr2.o(.text))
<BR>[Address Reference Count : 1]<UL><LI> objmgr.o(.data)
</UL>
<P><STRONG><a name="[6d]"></a>DevObjUninitialize</STRONG> (Thumb, 2 bytes, Stack size 0 bytes, iomgr2.o(.text))
<BR>[Address Reference Count : 1]<UL><LI> objmgr.o(.data)
</UL>
<P><STRONG><a name="[17c]"></a>CreateNewFile</STRONG> (Thumb, 206 bytes, Stack size 48 bytes, iomgr2.o(.text))
<BR><BR>[Stack]<UL><LI>Max Depth = 48<LI>Call Chain = CreateNewFile
</UL>
<BR>[Calls]<UL><LI><a href="#[179]">&gt;&gt;</a>&nbsp;&nbsp;&nbsp;StrLen
<LI><a href="#[166]">&gt;&gt;</a>&nbsp;&nbsp;&nbsp;Leave_Critical_Section
<LI><a href="#[15a]">&gt;&gt;</a>&nbsp;&nbsp;&nbsp;Enter_Critical_Section
</UL>
<BR>[Called By]<UL><LI><a href="#[1a]">&gt;&gt;</a>&nbsp;&nbsp;&nbsp;_CreateFile
</UL>

<P><STRONG><a name="[1c]"></a>_WriteFile</STRONG> (Thumb, 186 bytes, Stack size 56 bytes, iomgr2.o(.text))
<BR><BR>[Stack]<UL><LI>Max Depth = 56<LI>Call Chain = _WriteFile
</UL>
<BR>[Address Reference Count : 1]<UL><LI> iomgr.o(.data)
</UL>
<P><STRONG><a name="[1b]"></a>_ReadFile</STRONG> (Thumb, 338 bytes, Stack size 72 bytes, iomgr2.o(.text))
<BR><BR>[Stack]<UL><LI>Max Depth = 152<LI>Call Chain = _ReadFile &rArr; KMemFree &rArr; _4kFree &rArr; UpdateMaxBlock
</UL>
<BR>[Calls]<UL><LI><a href="#[173]">&gt;&gt;</a>&nbsp;&nbsp;&nbsp;KMemFree
<LI><a href="#[171]">&gt;&gt;</a>&nbsp;&nbsp;&nbsp;KMemAlloc
<LI><a href="#[180]">&gt;&gt;</a>&nbsp;&nbsp;&nbsp;__aeabi_memcpy
</UL>
<BR>[Address Reference Count : 1]<UL><LI> iomgr.o(.data)
</UL>
<P><STRONG><a name="[1d]"></a>_CloseFile</STRONG> (Thumb, 122 bytes, Stack size 24 bytes, iomgr2.o(.text))
<BR><BR>[Stack]<UL><LI>Max Depth = 24<LI>Call Chain = _CloseFile
</UL>
<BR>[Address Reference Count : 1]<UL><LI> iomgr.o(.data)
</UL>
<P><STRONG><a name="[1f]"></a>_DeleteFile</STRONG> (Thumb, 222 bytes, Stack size 552 bytes, iomgr2.o(.text))
<BR><BR>[Stack]<UL><LI>Max Depth = 552<LI>Call Chain = _DeleteFile
</UL>
<BR>[Calls]<UL><LI><a href="#[181]">&gt;&gt;</a>&nbsp;&nbsp;&nbsp;ToCapital
<LI><a href="#[17a]">&gt;&gt;</a>&nbsp;&nbsp;&nbsp;StrCpy
<LI><a href="#[166]">&gt;&gt;</a>&nbsp;&nbsp;&nbsp;Leave_Critical_Section
<LI><a href="#[15a]">&gt;&gt;</a>&nbsp;&nbsp;&nbsp;Enter_Critical_Section
</UL>
<BR>[Address Reference Count : 1]<UL><LI> iomgr.o(.data)
</UL>
<P><STRONG><a name="[25]"></a>_RemoveDirectory</STRONG> (Thumb, 222 bytes, Stack size 552 bytes, iomgr2.o(.text))
<BR><BR>[Stack]<UL><LI>Max Depth = 552<LI>Call Chain = _RemoveDirectory
</UL>
<BR>[Calls]<UL><LI><a href="#[181]">&gt;&gt;</a>&nbsp;&nbsp;&nbsp;ToCapital
<LI><a href="#[17a]">&gt;&gt;</a>&nbsp;&nbsp;&nbsp;StrCpy
<LI><a href="#[166]">&gt;&gt;</a>&nbsp;&nbsp;&nbsp;Leave_Critical_Section
<LI><a href="#[15a]">&gt;&gt;</a>&nbsp;&nbsp;&nbsp;Enter_Critical_Section
</UL>
<BR>[Address Reference Count : 1]<UL><LI> iomgr.o(.data)
</UL>
<P><STRONG><a name="[26]"></a>_SetEndOfFile</STRONG> (Thumb, 134 bytes, Stack size 32 bytes, iomgr2.o(.text))
<BR><BR>[Stack]<UL><LI>Max Depth = 32<LI>Call Chain = _SetEndOfFile
</UL>
<BR>[Address Reference Count : 1]<UL><LI> iomgr.o(.data)
</UL>
<P><STRONG><a name="[1a8]"></a>CreateKernelThread</STRONG> (Thumb, 44 bytes, Stack size 48 bytes, kapi.o(.text))
<BR><BR>[Stack]<UL><LI>Max Depth = 48<LI>Call Chain = CreateKernelThread
</UL>
<BR>[Called By]<UL><LI><a href="#[12a]">&gt;&gt;</a>&nbsp;&nbsp;&nbsp;SyscallHandler
<LI><a href="#[89]">&gt;&gt;</a>&nbsp;&nbsp;&nbsp;Hyptrm2
<LI><a href="#[87]">&gt;&gt;</a>&nbsp;&nbsp;&nbsp;Fibonacci
</UL>

<P><STRONG><a name="[1a9]"></a>DestroyKernelThread</STRONG> (Thumb, 16 bytes, Stack size 8 bytes, kapi.o(.text))
<BR><BR>[Stack]<UL><LI>Max Depth = 8<LI>Call Chain = DestroyKernelThread
</UL>
<BR>[Called By]<UL><LI><a href="#[12a]">&gt;&gt;</a>&nbsp;&nbsp;&nbsp;SyscallHandler
<LI><a href="#[89]">&gt;&gt;</a>&nbsp;&nbsp;&nbsp;Hyptrm2
<LI><a href="#[88]">&gt;&gt;</a>&nbsp;&nbsp;&nbsp;Hypertrm
<LI><a href="#[87]">&gt;&gt;</a>&nbsp;&nbsp;&nbsp;Fibonacci
</UL>

<P><STRONG><a name="[1aa]"></a>SetLastError</STRONG> (Thumb, 16 bytes, Stack size 8 bytes, kapi.o(.text))
<BR><BR>[Stack]<UL><LI>Max Depth = 8<LI>Call Chain = SetLastError
</UL>
<BR>[Called By]<UL><LI><a href="#[12a]">&gt;&gt;</a>&nbsp;&nbsp;&nbsp;SyscallHandler
</UL>

<P><STRONG><a name="[1ab]"></a>GetLastError</STRONG> (Thumb, 12 bytes, Stack size 8 bytes, kapi.o(.text))
<BR><BR>[Stack]<UL><LI>Max Depth = 8<LI>Call Chain = GetLastError
</UL>
<BR>[Called By]<UL><LI><a href="#[12a]">&gt;&gt;</a>&nbsp;&nbsp;&nbsp;SyscallHandler
</UL>

<P><STRONG><a name="[1ac]"></a>GetThreadID</STRONG> (Thumb, 16 bytes, Stack size 8 bytes, kapi.o(.text))
<BR><BR>[Stack]<UL><LI>Max Depth = 8<LI>Call Chain = GetThreadID
</UL>
<BR>[Called By]<UL><LI><a href="#[12a]">&gt;&gt;</a>&nbsp;&nbsp;&nbsp;SyscallHandler
</UL>

<P><STRONG><a name="[1ad]"></a>SetThreadPriority</STRONG> (Thumb, 20 bytes, Stack size 16 bytes, kapi.o(.text))
<BR><BR>[Stack]<UL><LI>Max Depth = 16<LI>Call Chain = SetThreadPriority
</UL>
<BR>[Called By]<UL><LI><a href="#[12a]">&gt;&gt;</a>&nbsp;&nbsp;&nbsp;SyscallHandler
</UL>

<P><STRONG><a name="[1ae]"></a>GetMessage</STRONG> (Thumb, 20 bytes, Stack size 16 bytes, kapi.o(.text))
<BR><BR>[Stack]<UL><LI>Max Depth = 16<LI>Call Chain = GetMessage
</UL>
<BR>[Called By]<UL><LI><a href="#[12a]">&gt;&gt;</a>&nbsp;&nbsp;&nbsp;SyscallHandler
<LI><a href="#[131]">&gt;&gt;</a>&nbsp;&nbsp;&nbsp;IntSend
<LI><a href="#[12e]">&gt;&gt;</a>&nbsp;&nbsp;&nbsp;PollSend
<LI><a href="#[206]">&gt;&gt;</a>&nbsp;&nbsp;&nbsp;__UserInput
<LI><a href="#[8b]">&gt;&gt;</a>&nbsp;&nbsp;&nbsp;fsEntry
<LI><a href="#[8a]">&gt;&gt;</a>&nbsp;&nbsp;&nbsp;fdiskEntry
<LI><a href="#[12d]">&gt;&gt;</a>&nbsp;&nbsp;&nbsp;ShellEntryPoint
</UL>

<P><STRONG><a name="[1af]"></a>SendMessage</STRONG> (Thumb, 20 bytes, Stack size 16 bytes, kapi.o(.text))
<BR><BR>[Stack]<UL><LI>Max Depth = 16<LI>Call Chain = SendMessage
</UL>
<BR>[Called By]<UL><LI><a href="#[12a]">&gt;&gt;</a>&nbsp;&nbsp;&nbsp;SyscallHandler
</UL>

<P><STRONG><a name="[1b0]"></a>Sleep</STRONG> (Thumb, 16 bytes, Stack size 8 bytes, kapi.o(.text))
<BR><BR>[Stack]<UL><LI>Max Depth = 8<LI>Call Chain = Sleep
</UL>
<BR>[Called By]<UL><LI><a href="#[12a]">&gt;&gt;</a>&nbsp;&nbsp;&nbsp;SyscallHandler
</UL>

<P><STRONG><a name="[1b1]"></a>SetTimer</STRONG> (Thumb, 40 bytes, Stack size 40 bytes, kapi.o(.text))
<BR><BR>[Stack]<UL><LI>Max Depth = 40<LI>Call Chain = SetTimer
</UL>
<BR>[Called By]<UL><LI><a href="#[12a]">&gt;&gt;</a>&nbsp;&nbsp;&nbsp;SyscallHandler
</UL>

<P><STRONG><a name="[1b2]"></a>CancelTimer</STRONG> (Thumb, 16 bytes, Stack size 8 bytes, kapi.o(.text))
<BR><BR>[Stack]<UL><LI>Max Depth = 8<LI>Call Chain = CancelTimer
</UL>
<BR>[Called By]<UL><LI><a href="#[12a]">&gt;&gt;</a>&nbsp;&nbsp;&nbsp;SyscallHandler
</UL>

<P><STRONG><a name="[1b3]"></a>CreateEvent</STRONG> (Thumb, 64 bytes, Stack size 16 bytes, kapi.o(.text))
<BR><BR>[Stack]<UL><LI>Max Depth = 16<LI>Call Chain = CreateEvent
</UL>
<BR>[Called By]<UL><LI><a href="#[12a]">&gt;&gt;</a>&nbsp;&nbsp;&nbsp;SyscallHandler
<LI><a href="#[89]">&gt;&gt;</a>&nbsp;&nbsp;&nbsp;Hyptrm2
</UL>

<P><STRONG><a name="[1b4]"></a>DestroyEvent</STRONG> (Thumb, 16 bytes, Stack size 8 bytes, kapi.o(.text))
<BR><BR>[Stack]<UL><LI>Max Depth = 8<LI>Call Chain = DestroyEvent
</UL>
<BR>[Called By]<UL><LI><a href="#[12a]">&gt;&gt;</a>&nbsp;&nbsp;&nbsp;SyscallHandler
<LI><a href="#[89]">&gt;&gt;</a>&nbsp;&nbsp;&nbsp;Hyptrm2
<LI><a href="#[88]">&gt;&gt;</a>&nbsp;&nbsp;&nbsp;Hypertrm
</UL>

<P><STRONG><a name="[1b5]"></a>SetEvent</STRONG> (Thumb, 12 bytes, Stack size 8 bytes, kapi.o(.text))
<BR><BR>[Stack]<UL><LI>Max Depth = 8<LI>Call Chain = SetEvent
</UL>
<BR>[Called By]<UL><LI><a href="#[12a]">&gt;&gt;</a>&nbsp;&nbsp;&nbsp;SyscallHandler
<LI><a href="#[131]">&gt;&gt;</a>&nbsp;&nbsp;&nbsp;IntSend
</UL>

<P><STRONG><a name="[1b6]"></a>ResetEvent</STRONG> (Thumb, 12 bytes, Stack size 8 bytes, kapi.o(.text))
<BR><BR>[Stack]<UL><LI>Max Depth = 8<LI>Call Chain = ResetEvent
</UL>
<BR>[Called By]<UL><LI><a href="#[12a]">&gt;&gt;</a>&nbsp;&nbsp;&nbsp;SyscallHandler
<LI><a href="#[20f]">&gt;&gt;</a>&nbsp;&nbsp;&nbsp;ComRecvByte2
<LI><a href="#[20e]">&gt;&gt;</a>&nbsp;&nbsp;&nbsp;ComSendByte2
</UL>

<P><STRONG><a name="[1b7]"></a>CreateMutex</STRONG> (Thumb, 50 bytes, Stack size 8 bytes, kapi.o(.text))
<BR><BR>[Stack]<UL><LI>Max Depth = 8<LI>Call Chain = CreateMutex
</UL>
<BR>[Called By]<UL><LI><a href="#[12a]">&gt;&gt;</a>&nbsp;&nbsp;&nbsp;SyscallHandler
</UL>

<P><STRONG><a name="[1b8]"></a>DestroyMutex</STRONG> (Thumb, 16 bytes, Stack size 8 bytes, kapi.o(.text))
<BR><BR>[Stack]<UL><LI>Max Depth = 8<LI>Call Chain = DestroyMutex
</UL>
<BR>[Called By]<UL><LI><a href="#[12a]">&gt;&gt;</a>&nbsp;&nbsp;&nbsp;SyscallHandler
</UL>

<P><STRONG><a name="[1b9]"></a>ReleaseMutex</STRONG> (Thumb, 12 bytes, Stack size 8 bytes, kapi.o(.text))
<BR><BR>[Stack]<UL><LI>Max Depth = 8<LI>Call Chain = ReleaseMutex
</UL>
<BR>[Called By]<UL><LI><a href="#[12a]">&gt;&gt;</a>&nbsp;&nbsp;&nbsp;SyscallHandler
</UL>

<P><STRONG><a name="[1ba]"></a>WaitForThisObject</STRONG> (Thumb, 76 bytes, Stack size 24 bytes, kapi.o(.text))
<BR><BR>[Stack]<UL><LI>Max Depth = 24<LI>Call Chain = WaitForThisObject
</UL>
<BR>[Called By]<UL><LI><a href="#[12a]">&gt;&gt;</a>&nbsp;&nbsp;&nbsp;SyscallHandler
<LI><a href="#[89]">&gt;&gt;</a>&nbsp;&nbsp;&nbsp;Hyptrm2
<LI><a href="#[88]">&gt;&gt;</a>&nbsp;&nbsp;&nbsp;Hypertrm
<LI><a href="#[87]">&gt;&gt;</a>&nbsp;&nbsp;&nbsp;Fibonacci
</UL>

<P><STRONG><a name="[1bb]"></a>WaitForThisObjectEx</STRONG> (Thumb, 72 bytes, Stack size 24 bytes, kapi.o(.text))
<BR><BR>[Stack]<UL><LI>Max Depth = 24<LI>Call Chain = WaitForThisObjectEx
</UL>
<BR>[Called By]<UL><LI><a href="#[12a]">&gt;&gt;</a>&nbsp;&nbsp;&nbsp;SyscallHandler
<LI><a href="#[132]">&gt;&gt;</a>&nbsp;&nbsp;&nbsp;IntRecv
<LI><a href="#[20f]">&gt;&gt;</a>&nbsp;&nbsp;&nbsp;ComRecvByte2
<LI><a href="#[20e]">&gt;&gt;</a>&nbsp;&nbsp;&nbsp;ComSendByte2
</UL>

<P><STRONG><a name="[1bc]"></a>ConnectInterrupt</STRONG> (Thumb, 42 bytes, Stack size 40 bytes, kapi.o(.text))
<BR><BR>[Stack]<UL><LI>Max Depth = 40<LI>Call Chain = ConnectInterrupt
</UL>
<BR>[Called By]<UL><LI><a href="#[12a]">&gt;&gt;</a>&nbsp;&nbsp;&nbsp;SyscallHandler
<LI><a href="#[89]">&gt;&gt;</a>&nbsp;&nbsp;&nbsp;Hyptrm2
</UL>

[...]
<BR><BR>[Stack]<UL><LI>Max Depth = 44<LI>Call Chain = outputw &rArr; Str2Hex
</UL>
<BR>[Calls]<UL><LI><a href="#[151]">&gt;&gt;</a>&nbsp;&nbsp;&nbsp;PrintLine
<LI><a href="#[216]">&gt;&gt;</a>&nbsp;&nbsp;&nbsp;__outw
<LI><a href="#[18c]">&gt;&gt;</a>&nbsp;&nbsp;&nbsp;Str2Hex
</UL>
<BR>[Address Reference Count : 1]<UL><LI> ioctrl_s.o(.data)
</UL>
<P><STRONG><a name="[ad]"></a>outputd</STRONG> (Thumb, 86 bytes, Stack size 24 bytes, ioctrl_s.o(.text))
<BR><BR>[Stack]<UL><LI>Max Depth = 44<LI>Call Chain = outputd &rArr; Str2Hex
</UL>
<BR>[Calls]<UL><LI><a href="#[151]">&gt;&gt;</a>&nbsp;&nbsp;&nbsp;PrintLine
<LI><a href="#[18c]">&gt;&gt;</a>&nbsp;&nbsp;&nbsp;Str2Hex
</UL>
<BR>[Address Reference Count : 1]<UL><LI> ioctrl_s.o(.data)
</UL>
<P><STRONG><a name="[ae]"></a>outputsb</STRONG> (Thumb, 6 bytes, Stack size 0 bytes, ioctrl_s.o(.text))
<BR>[Address Reference Count : 1]<UL><LI> ioctrl_s.o(.data)
</UL>
<P><STRONG><a name="[af]"></a>outputsw</STRONG> (Thumb, 6 bytes, Stack size 0 bytes, ioctrl_s.o(.text))
<BR>[Address Reference Count : 1]<UL><LI> ioctrl_s.o(.data)
</UL>
<P><STRONG><a name="[b6]"></a>memalloc</STRONG> (Thumb, 642 bytes, Stack size 32 bytes, ioctrl_s.o(.text))
<BR><BR>[Stack]<UL><LI>Max Depth = 108<LI>Call Chain = memalloc &rArr; KMemAlloc &rArr; _4kAllocate &rArr; UpdateMaxBlock
</UL>
<BR>[Calls]<UL><LI><a href="#[171]">&gt;&gt;</a>&nbsp;&nbsp;&nbsp;KMemAlloc
<LI><a href="#[151]">&gt;&gt;</a>&nbsp;&nbsp;&nbsp;PrintLine
<LI><a href="#[159]">&gt;&gt;</a>&nbsp;&nbsp;&nbsp;Hex2Str
<LI><a href="#[18c]">&gt;&gt;</a>&nbsp;&nbsp;&nbsp;Str2Hex
</UL>
<BR>[Address Reference Count : 1]<UL><LI> ioctrl_s.o(.data)
</UL>
<P><STRONG><a name="[b7]"></a>memrels</STRONG> (Thumb, 66 bytes, Stack size 16 bytes, ioctrl_s.o(.text))
<BR><BR>[Stack]<UL><LI>Max Depth = 96<LI>Call Chain = memrels &rArr; KMemFree &rArr; _4kFree &rArr; UpdateMaxBlock
</UL>
<BR>[Calls]<UL><LI><a href="#[173]">&gt;&gt;</a>&nbsp;&nbsp;&nbsp;KMemFree
<LI><a href="#[151]">&gt;&gt;</a>&nbsp;&nbsp;&nbsp;PrintLine
<LI><a href="#[18c]">&gt;&gt;</a>&nbsp;&nbsp;&nbsp;Str2Hex
</UL>
<BR>[Address Reference Count : 1]<UL><LI> ioctrl_s.o(.data)
</UL>
<P><STRONG><a name="[b0]"></a>memwb</STRONG> (Thumb, 90 bytes, Stack size 24 bytes, ioctrl_s.o(.text))
<BR><BR>[Stack]<UL><LI>Max Depth = 44<LI>Call Chain = memwb &rArr; Str2Hex
</UL>
<BR>[Calls]<UL><LI><a href="#[151]">&gt;&gt;</a>&nbsp;&nbsp;&nbsp;PrintLine
<LI><a href="#[18c]">&gt;&gt;</a>&nbsp;&nbsp;&nbsp;Str2Hex
</UL>
<BR>[Address Reference Count : 1]<UL><LI> ioctrl_s.o(.data)
</UL>
<P><STRONG><a name="[b1]"></a>memww</STRONG> (Thumb, 90 bytes, Stack size 24 bytes, ioctrl_s.o(.text))
<BR><BR>[Stack]<UL><LI>Max Depth = 44<LI>Call Chain = memww &rArr; Str2Hex
</UL>
<BR>[Calls]<UL><LI><a href="#[151]">&gt;&gt;</a>&nbsp;&nbsp;&nbsp;PrintLine
<LI><a href="#[18c]">&gt;&gt;</a>&nbsp;&nbsp;&nbsp;Str2Hex
</UL>
<BR>[Address Reference Count : 1]<UL><LI> ioctrl_s.o(.data)
</UL>
<P><STRONG><a name="[b2]"></a>memwd</STRONG> (Thumb, 86 bytes, Stack size 16 bytes, ioctrl_s.o(.text))
<BR><BR>[Stack]<UL><LI>Max Depth = 36<LI>Call Chain = memwd &rArr; Str2Hex
</UL>
<BR>[Calls]<UL><LI><a href="#[151]">&gt;&gt;</a>&nbsp;&nbsp;&nbsp;PrintLine
<LI><a href="#[18c]">&gt;&gt;</a>&nbsp;&nbsp;&nbsp;Str2Hex
</UL>
<BR>[Address Reference Count : 1]<UL><LI> ioctrl_s.o(.data)
</UL>
<P><STRONG><a name="[b3]"></a>memrb</STRONG> (Thumb, 106 bytes, Stack size 40 bytes, ioctrl_s.o(.text))
<BR><BR>[Stack]<UL><LI>Max Depth = 60<LI>Call Chain = memrb &rArr; Str2Hex
</UL>
<BR>[Calls]<UL><LI><a href="#[151]">&gt;&gt;</a>&nbsp;&nbsp;&nbsp;PrintLine
<LI><a href="#[159]">&gt;&gt;</a>&nbsp;&nbsp;&nbsp;Hex2Str
<LI><a href="#[18c]">&gt;&gt;</a>&nbsp;&nbsp;&nbsp;Str2Hex
</UL>
<BR>[Address Reference Count : 1]<UL><LI> ioctrl_s.o(.data)
</UL>
<P><STRONG><a name="[b4]"></a>memrw</STRONG> (Thumb, 106 bytes, Stack size 40 bytes, ioctrl_s.o(.text))
<BR><BR>[Stack]<UL><LI>Max Depth = 60<LI>Call Chain = memrw &rArr; Str2Hex
</UL>
<BR>[Calls]<UL><LI><a href="#[151]">&gt;&gt;</a>&nbsp;&nbsp;&nbsp;PrintLine
<LI><a href="#[159]">&gt;&gt;</a>&nbsp;&nbsp;&nbsp;Hex2Str
<LI><a href="#[18c]">&gt;&gt;</a>&nbsp;&nbsp;&nbsp;Str2Hex
</UL>
<BR>[Address Reference Count : 1]<UL><LI> ioctrl_s.o(.data)
</UL>
<P><STRONG><a name="[b5]"></a>memrd</STRONG> (Thumb, 102 bytes, Stack size 32 bytes, ioctrl_s.o(.text))
<BR><BR>[Stack]<UL><LI>Max Depth = 52<LI>Call Chain = memrd &rArr; Str2Hex
</UL>
<BR>[Calls]<UL><LI><a href="#[151]">&gt;&gt;</a>&nbsp;&nbsp;&nbsp;PrintLine
<LI><a href="#[159]">&gt;&gt;</a>&nbsp;&nbsp;&nbsp;Hex2Str
<LI><a href="#[18c]">&gt;&gt;</a>&nbsp;&nbsp;&nbsp;Str2Hex
</UL>
<BR>[Address Reference Count : 1]<UL><LI> ioctrl_s.o(.data)
</UL>
<P><STRONG><a name="[b8]"></a>help</STRONG> (Thumb, 50 bytes, Stack size 16 bytes, ioctrl_s.o(.text))
<BR><BR>[Stack]<UL><LI>Max Depth = 32<LI>Call Chain = help &rArr; PrintLine &rArr; ChangeLine
</UL>
<BR>[Calls]<UL><LI><a href="#[151]">&gt;&gt;</a>&nbsp;&nbsp;&nbsp;PrintLine
</UL>
<BR>[Address Reference Count : 1]<UL><LI> ioctrl_s.o(.data)
</UL>
<P><STRONG><a name="[b9]"></a>exit</STRONG> (Thumb, 6 bytes, Stack size 0 bytes, ioctrl_s.o(.text))
<BR>[Address Reference Count : 1]<UL><LI> ioctrl_s.o(.data)
</UL>
<P><STRONG><a name="[c8]"></a>ComDebug</STRONG> (Thumb, 152 bytes, Stack size 48 bytes, shell.o(.text))
<BR><BR>[Stack]<UL><LI>Max Depth = 64<LI>Call Chain = ComDebug &rArr; PrintLine &rArr; ChangeLine
</UL>
<BR>[Calls]<UL><LI><a href="#[151]">&gt;&gt;</a>&nbsp;&nbsp;&nbsp;PrintLine
<LI><a href="#[170]">&gt;&gt;</a>&nbsp;&nbsp;&nbsp;strlen
</UL>
<BR>[Address Reference Count : 1]<UL><LI> shell.o(.data)
</UL>
<P><STRONG><a name="[217]"></a>SaveSysName</STRONG> (Thumb, 2 bytes, Stack size 0 bytes, shell.o(.text))
<BR><BR>[Called By]<UL><LI><a href="#[bd]">&gt;&gt;</a>&nbsp;&nbsp;&nbsp;SysNameHandler
</UL>

<P><STRONG><a name="[bd]"></a>SysNameHandler</STRONG> (Thumb, 94 bytes, Stack size 16 bytes, shell.o(.text))
<BR><BR>[Stack]<UL><LI>Max Depth = 124<LI>Call Chain = SysNameHandler &rArr; FormParameterObj &rArr; KMemAlloc &rArr; _4kAllocate &rArr; UpdateMaxBlock
</UL>
<BR>[Calls]<UL><LI><a href="#[179]">&gt;&gt;</a>&nbsp;&nbsp;&nbsp;StrLen
<LI><a href="#[17a]">&gt;&gt;</a>&nbsp;&nbsp;&nbsp;StrCpy
<LI><a href="#[173]">&gt;&gt;</a>&nbsp;&nbsp;&nbsp;KMemFree
<LI><a href="#[151]">&gt;&gt;</a>&nbsp;&nbsp;&nbsp;PrintLine
<LI><a href="#[217]">&gt;&gt;</a>&nbsp;&nbsp;&nbsp;SaveSysName
<LI><a href="#[1ee]">&gt;&gt;</a>&nbsp;&nbsp;&nbsp;FormParameterObj
</UL>
<BR>[Address Reference Count : 1]<UL><LI> shell.o(.data)
</UL>
<P><STRONG><a name="[c2]"></a>IoCtrlApp</STRONG> (Thumb, 72 bytes, Stack size 32 bytes, shell.o(.text))
<BR><BR>[Stack]<UL><LI>Max Depth = 48<LI>Call Chain = IoCtrlApp &rArr; PrintLine &rArr; ChangeLine
</UL>
<BR>[Calls]<UL><LI><a href="#[151]">&gt;&gt;</a>&nbsp;&nbsp;&nbsp;PrintLine
</UL>
<BR>[Address Reference Count : 1]<UL><LI> shell.o(.data)
</UL>
<P><STRONG><a name="[c3]"></a>SysDiagApp</STRONG> (Thumb, 72 bytes, Stack size 32 bytes, shell.o(.text))
<BR><BR>[Stack]<UL><LI>Max Depth = 48<LI>Call Chain = SysDiagApp &rArr; PrintLine &rArr; ChangeLine
</UL>
<BR>[Calls]<UL><LI><a href="#[151]">&gt;&gt;</a>&nbsp;&nbsp;&nbsp;PrintLine
</UL>
<BR>[Address Reference Count : 1]<UL><LI> shell.o(.data)
</UL>
<P><STRONG><a name="[c9]"></a>ClsHandler</STRONG> (Thumb, 10 bytes, Stack size 8 bytes, shell.o(.text))
<BR><BR>[Stack]<UL><LI>Max Depth = 16<LI>Call Chain = ClsHandler &rArr; ClearScreen
</UL>
<BR>[Calls]<UL><LI><a href="#[1e8]">&gt;&gt;</a>&nbsp;&nbsp;&nbsp;ClearScreen
</UL>
<BR>[Called By]<UL><LI><a href="#[c6]">&gt;&gt;</a>&nbsp;&nbsp;&nbsp;Reboot
</UL>
<BR>[Address Reference Count : 1]<UL><LI> shell.o(.data)
</UL>
<P><STRONG><a name="[c6]"></a>Reboot</STRONG> (Thumb, 12 bytes, Stack size 8 bytes, shell.o(.text))
<BR><BR>[Stack]<UL><LI>Max Depth = 24<LI>Call Chain = Reboot &rArr; ClsHandler &rArr; ClearScreen
</UL>
<BR>[Calls]<UL><LI><a href="#[c9]">&gt;&gt;</a>&nbsp;&nbsp;&nbsp;ClsHandler
</UL>
<BR>[Address Reference Count : 1]<UL><LI> shell.o(.data)
</UL>
<P><STRONG><a name="[c7]"></a>Poweroff</STRONG> (Thumb, 2 bytes, Stack size 0 bytes, shell.o(.text))
<BR>[Address Reference Count : 1]<UL><LI> shell.o(.data)
</UL>
<P><STRONG><a name="[c1]"></a>RunTimeHandler</STRONG> (Thumb, 148 bytes, Stack size 232 bytes, shell.o(.text))
<BR><BR>[Stack]<UL><LI>Max Depth = 368 + Unknown Stack Size
<LI>Call Chain = RunTimeHandler &rArr; __2sprintf &rArr; _printf_char_common &rArr; __printf
</UL>
<BR>[Calls]<UL><LI><a href="#[151]">&gt;&gt;</a>&nbsp;&nbsp;&nbsp;PrintLine
<LI><a href="#[18a]">&gt;&gt;</a>&nbsp;&nbsp;&nbsp;__2sprintf
</UL>
<BR>[Address Reference Count : 1]<UL><LI> shell.o(.data)
</UL>
<P><STRONG><a name="[bf]"></a>CpuHandler</STRONG> (Thumb, 20 bytes, Stack size 8 bytes, shell.o(.text))
<BR><BR>[Stack]<UL><LI>Max Depth = 16<LI>Call Chain = CpuHandler &rArr; ChangeLine
</UL>
<BR>[Calls]<UL><LI><a href="#[1e1]">&gt;&gt;</a>&nbsp;&nbsp;&nbsp;ChangeLine
<LI><a href="#[1e0]">&gt;&gt;</a>&nbsp;&nbsp;&nbsp;GotoHome
<LI><a href="#[158]">&gt;&gt;</a>&nbsp;&nbsp;&nbsp;PrintStr
</UL>
<BR>[Address Reference Count : 1]<UL><LI> shell.o(.data)
</UL>
<P><STRONG><a name="[c0]"></a>SptHandler</STRONG> (Thumb, 34 bytes, Stack size 24 bytes, shell.o(.text))
<BR><BR>[Stack]<UL><LI>Max Depth = 40<LI>Call Chain = SptHandler &rArr; PrintLine &rArr; ChangeLine
</UL>
<BR>[Calls]<UL><LI><a href="#[151]">&gt;&gt;</a>&nbsp;&nbsp;&nbsp;PrintLine
</UL>
<BR>[Address Reference Count : 1]<UL><LI> shell.o(.data)
</UL>
<P><STRONG><a name="[219]"></a>DoCommand</STRONG> (Thumb, 1022 bytes, Stack size 72 bytes, shell.o(.text))
<BR><BR>[Stack]<UL><LI>Max Depth = 96<LI>Call Chain = DoCommand &rArr; DefaultHandler &rArr; ChangeLine
</UL>
<BR>[Calls]<UL><LI><a href="#[1ef]">&gt;&gt;</a>&nbsp;&nbsp;&nbsp;StrCmp
<LI><a href="#[218]">&gt;&gt;</a>&nbsp;&nbsp;&nbsp;DefaultHandler
</UL>
<BR>[Called By]<UL><LI><a href="#[135]">&gt;&gt;</a>&nbsp;&nbsp;&nbsp;EventHandler
</UL>

<P><STRONG><a name="[21a]"></a>PrintPrompt</STRONG> (Thumb, 26 bytes, Stack size 8 bytes, shell.o(.text))
<BR><BR>[Stack]<UL><LI>Max Depth = 24<LI>Call Chain = PrintPrompt &rArr; PrintLine &rArr; ChangeLine
</UL>
<BR>[Calls]<UL><LI><a href="#[151]">&gt;&gt;</a>&nbsp;&nbsp;&nbsp;PrintLine
</UL>
<BR>[Called By]<UL><LI><a href="#[135]">&gt;&gt;</a>&nbsp;&nbsp;&nbsp;EventHandler
<LI><a href="#[12d]">&gt;&gt;</a>&nbsp;&nbsp;&nbsp;ShellEntryPoint
</UL>

<P><STRONG><a name="[135]"></a>EventHandler</STRONG> (Thumb, 126 bytes, Stack size 24 bytes, shell.o(.text))
<BR><BR>[Stack]<UL><LI>Max Depth = 120<LI>Call Chain = EventHandler &rArr; DoCommand &rArr; DefaultHandler &rArr; ChangeLine
</UL>
<BR>[Calls]<UL><LI><a href="#[1f1]">&gt;&gt;</a>&nbsp;&nbsp;&nbsp;GotoPrev
<LI><a href="#[1cf]">&gt;&gt;</a>&nbsp;&nbsp;&nbsp;PrintCh
<LI><a href="#[21a]">&gt;&gt;</a>&nbsp;&nbsp;&nbsp;PrintPrompt
<LI><a href="#[219]">&gt;&gt;</a>&nbsp;&nbsp;&nbsp;DoCommand
</UL>
<BR>[Address Reference Count : 1]<UL><LI> shell.o(.text)
</UL>
<P><STRONG><a name="[21c]"></a>LoadBinModule</STRONG> (Thumb, 146 bytes, Stack size 32 bytes, shell1.o(.text))
<BR><BR>[Stack]<UL><LI>Max Depth = 112<LI>Call Chain = LoadBinModule &rArr; KMemFree &rArr; _4kFree &rArr; UpdateMaxBlock
</UL>
<BR>[Calls]<UL><LI><a href="#[192]">&gt;&gt;</a>&nbsp;&nbsp;&nbsp;ReadFile
<LI><a href="#[173]">&gt;&gt;</a>&nbsp;&nbsp;&nbsp;KMemFree
<LI><a href="#[171]">&gt;&gt;</a>&nbsp;&nbsp;&nbsp;KMemAlloc
<LI><a href="#[180]">&gt;&gt;</a>&nbsp;&nbsp;&nbsp;__aeabi_memcpy
</UL>
<BR>[Called By]<UL><LI><a href="#[c4]">&gt;&gt;</a>&nbsp;&nbsp;&nbsp;LoadappHandler
</UL>

<P><STRONG><a name="[21d]"></a>ExecuteBinModule</STRONG> (Thumb, 94 bytes, Stack size 40 bytes, shell1.o(.text))
<BR><BR>[Stack]<UL><LI>Max Depth = 40<LI>Call Chain = ExecuteBinModule
</UL>
<BR>[Called By]<UL><LI><a href="#[c4]">&gt;&gt;</a>&nbsp;&nbsp;&nbsp;LoadappHandler
</UL>

<P><STRONG><a name="[21e]"></a>ShowMemInfo</STRONG> (Thumb, 166 bytes, Stack size 304 bytes, stat_s.o(.text))
<BR><BR>[Stack]<UL><LI>Max Depth = 440 + Unknown Stack Size
<LI>Call Chain = ShowMemInfo &rArr; __2sprintf &rArr; _printf_char_common &rArr; __printf
</UL>
<BR>[Calls]<UL><LI><a href="#[166]">&gt;&gt;</a>&nbsp;&nbsp;&nbsp;Leave_Critical_Section
<LI><a href="#[151]">&gt;&gt;</a>&nbsp;&nbsp;&nbsp;PrintLine
<LI><a href="#[15a]">&gt;&gt;</a>&nbsp;&nbsp;&nbsp;Enter_Critical_Section
<LI><a href="#[18a]">&gt;&gt;</a>&nbsp;&nbsp;&nbsp;__2sprintf
</UL>
<BR>[Called By]<UL><LI><a href="#[12c]">&gt;&gt;</a>&nbsp;&nbsp;&nbsp;StatThreadRoutine
</UL>

<P><STRONG><a name="[21f]"></a>ShowDevList</STRONG> (Thumb, 64 bytes, Stack size 280 bytes, stat_s.o(.text))
<BR><BR>[Stack]<UL><LI>Max Depth = 416 + Unknown Stack Size
<LI>Call Chain = ShowDevList &rArr; __2sprintf &rArr; _printf_char_common &rArr; __printf
</UL>
<BR>[Calls]<UL><LI><a href="#[151]">&gt;&gt;</a>&nbsp;&nbsp;&nbsp;PrintLine
<LI><a href="#[18a]">&gt;&gt;</a>&nbsp;&nbsp;&nbsp;__2sprintf
</UL>
<BR>[Called By]<UL><LI><a href="#[12c]">&gt;&gt;</a>&nbsp;&nbsp;&nbsp;StatThreadRoutine
</UL>

<P><STRONG><a name="[220]"></a>ShowStatInfo</STRONG> (Thumb, 120 bytes, Stack size 184 bytes, stat_s.o(.text))
<BR><BR>[Stack]<UL><LI>Max Depth = 320 + Unknown Stack Size
<LI>Call Chain = ShowStatInfo &rArr; __2sprintf &rArr; _printf_char_common &rArr; __printf
</UL>
<BR>[Calls]<UL><LI><a href="#[151]">&gt;&gt;</a>&nbsp;&nbsp;&nbsp;PrintLine
<LI><a href="#[18a]">&gt;&gt;</a>&nbsp;&nbsp;&nbsp;__2sprintf
</UL>
<BR>[Called By]<UL><LI><a href="#[12c]">&gt;&gt;</a>&nbsp;&nbsp;&nbsp;StatThreadRoutine
</UL>

<P><STRONG><a name="[221]"></a>PrintPound</STRONG> (Thumb, 24 bytes, Stack size 8 bytes, sysd_s.o(.text))
<BR><BR>[Stack]<UL><LI>Max Depth = 16<LI>Call Chain = PrintPound &rArr; ChangeLine
</UL>
<BR>[Calls]<UL><LI><a href="#[1e1]">&gt;&gt;</a>&nbsp;&nbsp;&nbsp;ChangeLine
<LI><a href="#[1e0]">&gt;&gt;</a>&nbsp;&nbsp;&nbsp;GotoHome
<LI><a href="#[1cf]">&gt;&gt;</a>&nbsp;&nbsp;&nbsp;PrintCh
</UL>
<BR>[Called By]<UL><LI><a href="#[134]">&gt;&gt;</a>&nbsp;&nbsp;&nbsp;SysDiagStart
</UL>

<P><STRONG><a name="[222]"></a>CommandParser</STRONG> (Thumb, 122 bytes, Stack size 24 bytes, sysd_s.o(.text))
<BR><BR>[Stack]<UL><LI>Max Depth = 132<LI>Call Chain = CommandParser &rArr; FormParameterObj &rArr; KMemAlloc &rArr; _4kAllocate &rArr; UpdateMaxBlock
</UL>
<BR>[Calls]<UL><LI><a href="#[1ef]">&gt;&gt;</a>&nbsp;&nbsp;&nbsp;StrCmp
<LI><a href="#[1f0]">&gt;&gt;</a>&nbsp;&nbsp;&nbsp;ReleaseParameterObj
<LI><a href="#[1ee]">&gt;&gt;</a>&nbsp;&nbsp;&nbsp;FormParameterObj
</UL>
<BR>[Called By]<UL><LI><a href="#[134]">&gt;&gt;</a>&nbsp;&nbsp;&nbsp;SysDiagStart
</UL>

<P><STRONG><a name="[d2]"></a>exit</STRONG> (Thumb, 14 bytes, Stack size 8 bytes, sysd_s.o(.text))
<BR><BR>[Stack]<UL><LI>Max Depth = 24<LI>Call Chain = exit &rArr; PrintLine &rArr; ChangeLine
</UL>
<BR>[Calls]<UL><LI><a href="#[151]">&gt;&gt;</a>&nbsp;&nbsp;&nbsp;PrintLine
</UL>
<BR>[Address Reference Count : 1]<UL><LI> sysd_s.o(.data)
</UL>
<P><STRONG><a name="[ca]"></a>memcheck</STRONG> (Thumb, 6 bytes, Stack size 0 bytes, sysd_s.o(.text))
<BR>[Address Reference Count : 1]<UL><LI> sysd_s.o(.data)
</UL>
<P><STRONG><a name="[d3]"></a>help</STRONG> (Thumb, 50 bytes, Stack size 16 bytes, sysd_s.o(.text))
<BR><BR>[Stack]<UL><LI>Max Depth = 32<LI>Call Chain = help &rArr; PrintLine &rArr; ChangeLine
</UL>
<BR>[Calls]<UL><LI><a href="#[151]">&gt;&gt;</a>&nbsp;&nbsp;&nbsp;PrintLine
</UL>
<BR>[Address Reference Count : 1]<UL><LI> sysd_s.o(.data)
</UL>
<P><STRONG><a name="[cd]"></a>cintperf</STRONG> (Thumb, 74 bytes, Stack size 64 bytes, sysd_s.o(.text))
<BR><BR>[Stack]<UL><LI>Max Depth = 92<LI>Call Chain = cintperf &rArr; u64Hex2Str &rArr; Hex2Str
</UL>
<BR>[Calls]<UL><LI><a href="#[166]">&gt;&gt;</a>&nbsp;&nbsp;&nbsp;Leave_Critical_Section
<LI><a href="#[151]">&gt;&gt;</a>&nbsp;&nbsp;&nbsp;PrintLine
<LI><a href="#[15a]">&gt;&gt;</a>&nbsp;&nbsp;&nbsp;Enter_Critical_Section
<LI><a href="#[1d7]">&gt;&gt;</a>&nbsp;&nbsp;&nbsp;u64Hex2Str
<LI><a href="#[200]">&gt;&gt;</a>&nbsp;&nbsp;&nbsp;__aeabi_memcpy4
</UL>
<BR>[Address Reference Count : 1]<UL><LI> sysd_s.o(.data)
</UL>
<P><STRONG><a name="[cc]"></a>overload</STRONG> (Thumb, 120 bytes, Stack size 40 bytes, sysd_s.o(.text))
<BR><BR>[Stack]<UL><LI>Max Depth = 60<LI>Call Chain = overload &rArr; Str2Hex
</UL>
<BR>[Calls]<UL><LI><a href="#[151]">&gt;&gt;</a>&nbsp;&nbsp;&nbsp;PrintLine
<LI><a href="#[18c]">&gt;&gt;</a>&nbsp;&nbsp;&nbsp;Str2Hex
</UL>
<BR>[Address Reference Count : 1]<UL><LI> sysd_s.o(.data)
</UL>
<P><STRONG><a name="[cb]"></a>beep</STRONG> (Thumb, 174 bytes, Stack size 48 bytes, sysd_s.o(.text))
<BR><BR>[Stack]<UL><LI>Max Depth = 68<LI>Call Chain = beep &rArr; Str2Hex
</UL>
<BR>[Calls]<UL><LI><a href="#[151]">&gt;&gt;</a>&nbsp;&nbsp;&nbsp;PrintLine
<LI><a href="#[16e]">&gt;&gt;</a>&nbsp;&nbsp;&nbsp;__inb
<LI><a href="#[16f]">&gt;&gt;</a>&nbsp;&nbsp;&nbsp;__outb
<LI><a href="#[18c]">&gt;&gt;</a>&nbsp;&nbsp;&nbsp;Str2Hex
</UL>
<BR>[Address Reference Count : 1]<UL><LI> sysd_s.o(.data)
</UL>
<P><STRONG><a name="[223]"></a>OutputDevInfo</STRONG> (Thumb, 122 bytes, Stack size 128 bytes, sysd_s.o(.text))
<BR><BR>[Stack]<UL><LI>Max Depth = 184<LI>Call Chain = OutputDevInfo &rArr; FormString &rArr; Int2Str
</UL>
<BR>[Calls]<UL><LI><a href="#[151]">&gt;&gt;</a>&nbsp;&nbsp;&nbsp;PrintLine
<LI><a href="#[1e3]">&gt;&gt;</a>&nbsp;&nbsp;&nbsp;FormString
</UL>
<BR>[Called By]<UL><LI><a href="#[ce]">&gt;&gt;</a>&nbsp;&nbsp;&nbsp;pcilist
</UL>

<P><STRONG><a name="[ce]"></a>pcilist</STRONG> (Thumb, 70 bytes, Stack size 16 bytes, sysd_s.o(.text))
<BR><BR>[Stack]<UL><LI>Max Depth = 200<LI>Call Chain = pcilist &rArr; OutputDevInfo &rArr; FormString &rArr; Int2Str
</UL>
<BR>[Calls]<UL><LI><a href="#[151]">&gt;&gt;</a>&nbsp;&nbsp;&nbsp;PrintLine
<LI><a href="#[223]">&gt;&gt;</a>&nbsp;&nbsp;&nbsp;OutputDevInfo
</UL>
<BR>[Address Reference Count : 1]<UL><LI> sysd_s.o(.data)
</UL>
<P><STRONG><a name="[224]"></a>PrintDevInfo</STRONG> (Thumb, 800 bytes, Stack size 144 bytes, sysd_s.o(.text))
<BR><BR>[Stack]<UL><LI>Max Depth = 200<LI>Call Chain = PrintDevInfo &rArr; FormString &rArr; Int2Str
</UL>
<BR>[Calls]<UL><LI><a href="#[151]">&gt;&gt;</a>&nbsp;&nbsp;&nbsp;PrintLine
<LI><a href="#[1e3]">&gt;&gt;</a>&nbsp;&nbsp;&nbsp;FormString
</UL>
<BR>[Called By]<UL><LI><a href="#[cf]">&gt;&gt;</a>&nbsp;&nbsp;&nbsp;devinfo
</UL>

<P><STRONG><a name="[cf]"></a>devinfo</STRONG> (Thumb, 164 bytes, Stack size 48 bytes, sysd_s.o(.text))
<BR><BR>[Stack]<UL><LI>Max Depth = 248<LI>Call Chain = devinfo &rArr; PrintDevInfo &rArr; FormString &rArr; Int2Str
</UL>
<BR>[Calls]<UL><LI><a href="#[151]">&gt;&gt;</a>&nbsp;&nbsp;&nbsp;PrintLine
<LI><a href="#[18c]">&gt;&gt;</a>&nbsp;&nbsp;&nbsp;Str2Hex
<LI><a href="#[224]">&gt;&gt;</a>&nbsp;&nbsp;&nbsp;PrintDevInfo
</UL>
<BR>[Address Reference Count : 1]<UL><LI> sysd_s.o(.data)
</UL>
<P><STRONG><a name="[d0]"></a>cpuload</STRONG> (Thumb, 30 bytes, Stack size 16 bytes, sysd_s.o(.text))
<BR><BR>[Stack]<UL><LI>Max Depth = 16<LI>Call Chain = cpuload
</UL>
<BR>[Address Reference Count : 1]<UL><LI> sysd_s.o(.data)
</UL>
<P><STRONG><a name="[d1]"></a>devlist</STRONG> (Thumb, 30 bytes, Stack size 16 bytes, sysd_s.o(.text))
<BR><BR>[Stack]<UL><LI>Max Depth = 16<LI>Call Chain = devlist
</UL>
<BR>[Address Reference Count : 1]<UL><LI> sysd_s.o(.data)
</UL>
<P><STRONG><a name="[225]"></a>InitLED</STRONG> (Thumb, 132 bytes, Stack size 0 bytes, led.o(.text))
<BR><BR>[Called By]<UL><LI><a href="#[86]">&gt;&gt;</a>&nbsp;&nbsp;&nbsp;LEDDrvEntry
</UL>

<P><STRONG><a name="[136]"></a>LEDDeviceWrite</STRONG> (Thumb, 58 bytes, Stack size 12 bytes, led.o(.text))
<BR><BR>[Stack]<UL><LI>Max Depth = 12<LI>Call Chain = LEDDeviceWrite
</UL>
<BR>[Address Reference Count : 1]<UL><LI> led.o(.text)
</UL>
<P><STRONG><a name="[138]"></a>_printf_input_char</STRONG> (Thumb, 10 bytes, Stack size 0 bytes, _printf_char_common.o(.text))
<BR>[Address Reference Count : 1]<UL><LI> _printf_char_common.o(.text)
</UL><P>
<H3>
Undefined Global Symbols
</H3><HR></body></html>
