ARM Linker, 5.03 [Build 76] [MDK-ARM Standard]

==============================================================================

Section Cross References

    arch_stm.o(.text) refers to usart.o(.text) for SER_PutString
    arch_stm.o(.text) refers to stdio.o(.text) for _hx_sprintf
    arch_stm.o(.text) refers to ktmgr.o(.data) for KernelThreadManager
    hellocn.o(.text) refers to string.o(.text) for PrintLine
    hellocn.o(.text) refers to osadapt.o(.text) for Enter_Critical_Section
    hellocn.o(.text) refers to console.o(.data) for Console
    osadapt.o(.text) refers to system.o(.text) for GeneralIntHandler
    osadapt.o(.text) refers to ktmgr.o(.text) for UniSchedule
    osadapt.o(.text) refers to system_stm32f10x.o(.text) for SystemInit
    osadapt.o(.text) refers to __main.o(!!!main) for __main
    system_stm32f10x.o(.text) refers to system_stm32f10x.o(.data) for SystemCoreClock
    usart.o(.text) refers to osadapt.o(.text) for Enter_Critical_Section
    usart.o(.text) refers to system.o(.data) for System
    usart.o(.text) refers to iomgr.o(.data) for IOManager
    usart.o(.text) refers to usart.o(.data) for UsartCtrlBlock
    usart.o(.data) refers to usart.o(.conststring) for .conststring
    comqueue.o(.text) refers to osadapt.o(.text) for Enter_Critical_Section
    comqueue.o(.text) refers to kmemmgr.o(.text) for KMemFree
    console.o(.text) refers to string.o(.text) for strlen
    console.o(.text) refers to console.o(.data) for Console
    console.o(.text) refers to dim.o(.data) for DeviceInputManager
    console.o(.text) refers to iomgr.o(.data) for IOManager
    console.o(.text) refers to ktmgr.o(.data) for KernelThreadManager
    console.o(.text) refers to system.o(.data) for System
    console.o(.data) refers to console.o(.text) for ConInitialize
    devmgr.o(.text) refers to kmemmgr.o(.text) for KMemAlloc
    devmgr.o(.text) refers to osadapt.o(.text) for Enter_Critical_Section
    devmgr.o(.text) refers to string.o(.text) for PrintLine
    devmgr.o(.data) refers to devmgr.o(.text) for DevMgrInitialize
    dim.o(.text) refers to osadapt.o(.text) for Enter_Critical_Section
    dim.o(.text) refers to ktmgr.o(.data) for KernelThreadManager
    dim.o(.data) refers to dim.o(.text) for SendDeviceMessage
    iomgr.o(.text) refers to osadapt.o(.text) for Enter_Critical_Section
    iomgr.o(.text) refers to string.o(.text) for strcmp
    iomgr.o(.text) refers to iomgr2.o(.text) for CreateNewFile
    iomgr.o(.text) refers to objmgr.o(.data) for ObjectManager
    iomgr.o(.data) refers to iomgr.o(.text) for IOManagerInitialize
    iomgr.o(.data) refers to iomgr2.o(.text) for _ReadFile
    iomgr2.o(.text) refers to osadapt.o(.text) for Enter_Critical_Section
    iomgr2.o(.text) refers to string.o(.text) for StrLen
    iomgr2.o(.text) refers to kmemmgr.o(.text) for KMemAlloc
    iomgr2.o(.text) refers to rt_memcpy_v6.o(.text) for __aeabi_memcpy
    iomgr2.o(.text) refers to objmgr.o(.data) for ObjectManager
    iomgr2.o(.text) refers to ktmgr.o(.data) for KernelThreadManager
    kapi.o(.text) refers to ktmgr.o(.data) for KernelThreadManager
    kapi.o(.text) refers to system.o(.data) for System
    kapi.o(.text) refers to objmgr.o(.data) for ObjectManager
    kapi.o(.text) refers to iomgr.o(.data) for IOManager
    kmemmgr.o(.text) refers to kmemmgr.o(.data) for g_4kBlockPool
    kmemmgr.o(.text) refers to mem_fbl.o(.data) for AnySizeBuffer
    ktmgr.o(.text) refers to kmemmgr.o(.text) for KMemAlloc
    ktmgr.o(.text) refers to arch_stm.o(.text) for InitKernelThreadContext
    ktmgr.o(.text) refers to osadapt.o(.text) for Enter_Critical_Section
    ktmgr.o(.text) refers to hellocn.o(.text) for __BUG
    ktmgr.o(.text) refers to objmgr.o(.data) for ObjectManager
    ktmgr.o(.text) refers to ktmgr2.o(.text) for WaitForKernelThreadObject
    ktmgr.o(.text) refers to ktmgr.o(.data) for KernelThreadManager
    ktmgr.o(.text) refers to system.o(.data) for System
    ktmgr.o(.data) refers to ktmgr.o(.conststring) for .conststring
    ktmgr.o(.data) refers to ktmgr2.o(.text) for SetThreadHook
    ktmgr.o(.data) refers to ktmgr.o(.text) for KernelThreadMgrInit
    ktmgr.o(.data) refers to osadapt.o(.text) for ScheduleFromProc
    ktmgr2.o(.text) refers to hellocn.o(.text) for __BUG
    ktmgr2.o(.text) refers to osadapt.o(.text) for Enter_Critical_Section
    ktmgr2.o(.text) refers to ktmgr.o(.data) for KernelThreadManager
    mem_fbl.o(.text) refers to osadapt.o(.text) for Enter_Critical_Section
    mem_fbl.o(.text) refers to hellocn.o(.text) for __BUG
    mem_fbl.o(.text) refers to mem_scat.o(.data) for SystemMemRegion
    mem_fbl.o(.data) refers to mem_fbl.o(.text) for GetControlBlockFlag
    modmgr.o(.text) refers to stdio.o(.text) for _hx_sprintf
    modmgr.o(.text) refers to string.o(.text) for PrintLine
    modmgr.o(.text) refers to kapi.o(.text) for CreateFile
    modmgr.o(.text) refers to kmemmgr.o(.text) for KMemAlloc
    modmgr.o(.text) refers to kermod.o(.data) for KernelModule
[...]
    tcp_shutdown                             0x08013c69   Thumb Code    94  tcp.o(.text)
    tcp_abandon                              0x08013cc7   Thumb Code   172  tcp.o(.text)
    tcp_abort                                0x08013d73   Thumb Code    14  tcp.o(.text)
    tcp_bind                                 0x08013dcd   Thumb Code   156  tcp.o(.text)
    tcp_listen_with_backlog                  0x08013e71   Thumb Code   220  tcp.o(.text)
    tcp_eff_send_mss                         0x08013f4d   Thumb Code    46  tcp.o(.text)
    tcp_next_iss                             0x08013f7b   Thumb Code    20  tcp.o(.text)
    tcp_connect                              0x08013f8f   Thumb Code   552  tcp.o(.text)
    tcp_setprio                              0x080141b7   Thumb Code     4  tcp.o(.text)
    tcp_seg_copy                             0x080141bb   Thumb Code    38  tcp.o(.text)
    tcp_alloc                                0x0801425f   Thumb Code   196  tcp.o(.text)
    tcp_new                                  0x08014323   Thumb Code    10  tcp.o(.text)
    tcp_arg                                  0x0801432d   Thumb Code     4  tcp.o(.text)
    tcp_recv                                 0x08014331   Thumb Code     6  tcp.o(.text)
    tcp_sent                                 0x08014337   Thumb Code     6  tcp.o(.text)
    tcp_err                                  0x0801433d   Thumb Code     6  tcp.o(.text)
    tcp_accept                               0x08014343   Thumb Code     4  tcp.o(.text)
    tcp_poll                                 0x08014347   Thumb Code    10  tcp.o(.text)
    tcp_debug_state_str                      0x08014351   Thumb Code    10  tcp.o(.text)
    tcp_input                                0x08015923   Thumb Code  1882  tcp_in.o(.text)
    tcp_enqueue_flags                        0x08016221   Thumb Code   464  tcp_out.o(.text)
    tcp_send_fin                             0x080163f1   Thumb Code    66  tcp_out.o(.text)
    tcp_write                                0x08016681   Thumb Code  1552  tcp_out.o(.text)
    tcp_send_empty_ack                       0x08016c91   Thumb Code   100  tcp_out.o(.text)
    tcp_output                               0x08016dd7   Thumb Code   642  tcp_out.o(.text)
    tcp_rst                                  0x08017059   Thumb Code   186  tcp_out.o(.text)
    tcp_rexmit_rto                           0x08017113   Thumb Code    58  tcp_out.o(.text)
    tcp_rexmit                               0x0801714d   Thumb Code    80  tcp_out.o(.text)
    tcp_rexmit_fast                          0x0801719d   Thumb Code   118  tcp_out.o(.text)
    tcp_keepalive                            0x08017213   Thumb Code   100  tcp_out.o(.text)
    tcp_zero_window_probe                    0x08017277   Thumb Code   208  tcp_out.o(.text)
    sys_timeout                              0x0801734d   Thumb Code   178  timers.o(.text)
    tcp_timer_needed                         0x08017427   Thumb Code    38  timers.o(.text)
    sys_timeouts_init                        0x080174bb   Thumb Code    64  timers.o(.text)
    sys_untimeout                            0x080174fb   Thumb Code    88  timers.o(.text)
    sys_timeouts_mbox_fetch                  0x08017553   Thumb Code   130  timers.o(.text)
    udp_input                                0x0801765d   Thumb Code   664  udp.o(.text)
    udp_bind                                 0x080178f5   Thumb Code   180  udp.o(.text)
    udp_sendto_if                            0x080179a9   Thumb Code   428  udp.o(.text)
    udp_sendto                               0x08017b55   Thumb Code    62  udp.o(.text)
    udp_send                                 0x08017b93   Thumb Code    20  udp.o(.text)
    udp_connect                              0x08017ba7   Thumb Code    94  udp.o(.text)
    udp_disconnect                           0x08017c05   Thumb Code    16  udp.o(.text)
    udp_recv                                 0x08017c15   Thumb Code     6  udp.o(.text)
    udp_remove                               0x08017c1b   Thumb Code    58  udp.o(.text)
    udp_new                                  0x08017c55   Thumb Code    30  udp.o(.text)
    etharp_tmr                               0x08017cb1   Thumb Code    86  etharp.o(.text)
    etharp_find_addr                         0x08017fd5   Thumb Code    98  etharp.o(.text)
    etharp_request                           0x080183d9   Thumb Code    36  etharp.o(.text)
    etharp_query                             0x080183fd   Thumb Code   596  etharp.o(.text)
    etharp_output                            0x08018651   Thumb Code   260  etharp.o(.text)
    ethernet_input                           0x08018755   Thumb Code   190  etharp.o(.text)
    _hx_malloc                               0x08018849   Thumb Code    14  sysmem.o(.text)
    _hx_free                                 0x08018857   Thumb Code    16  sysmem.o(.text)
    _hx_calloc                               0x08018867   Thumb Code    38  sysmem.o(.text)
    atol                                     0x080188c1   Thumb Code    80  atox.o(.text)
    atoi                                     0x08018911   Thumb Code    12  atox.o(.text)
    itoa                                     0x0801891d   Thumb Code   170  atox.o(.text)
    format                                   0x08018d61   Thumb Code   416  fdisk2.o(.text)
    fdiskEntry                               0x0801920d   Thumb Code   188  fdisk.o(.text)
    CalculateThread                          0x08019ab9   Thumb Code    42  fibonacci.o(.text)
    Fibonacci                                0x08019ae3   Thumb Code   328  fibonacci.o(.text)
    fsEntry                                  0x08019d65   Thumb Code   204  fs.o(.text)
    heditEntry                               0x0801aaad   Thumb Code   112  hedit.o(.text)
    Hypertrm                                 0x0801ad6b   Thumb Code   222  hypertrm.o(.text)
    Hyptrm2                                  0x0801b075   Thumb Code   784  hypertrm.o(.text)
    IoCtrlStart                              0x0801b511   Thumb Code   242  ioctrl_s.o(.text)
    ping_Entry                               0x0801c0c9   Thumb Code   158  network2.o(.text)
    networkEntry                             0x0801c2f3   Thumb Code   188  network.o(.text)
    SysDiagStart                             0x0801c8fb   Thumb Code   192  sysd_s.o(.text)
    InitializeEthernetIf                     0x0801d3e3   Thumb Code    92  ethif.o(.text)
    NMI_Handler                              0x0801d60d   Thumb Code     2  startup_stm32f10x_md.o(.text)
    SVC_Handler                              0x0801d617   Thumb Code     2  startup_stm32f10x_md.o(.text)
    DebugMon_Handler                         0x0801d619   Thumb Code     2  startup_stm32f10x_md.o(.text)
    ADC1_2_IRQHandler                        0x0801d61f   Thumb Code     0  startup_stm32f10x_md.o(.text)
    ADC3_IRQHandler                          0x0801d61f   Thumb Code     0  startup_stm32f10x_md.o(.text)
    CAN1_RX1_IRQHandler                      0x0801d61f   Thumb Code     0  startup_stm32f10x_md.o(.text)
    CAN1_SCE_IRQHandler                      0x0801d61f   Thumb Code     0  startup_stm32f10x_md.o(.text)
    DMA1_Channel1_IRQHandler                 0x0801d61f   Thumb Code     0  startup_stm32f10x_md.o(.text)
    DMA1_Channel2_IRQHandler                 0x0801d61f   Thumb Code     0  startup_stm32f10x_md.o(.text)
    DMA1_Channel3_IRQHandler                 0x0801d61f   Thumb Code     0  startup_stm32f10x_md.o(.text)
    DMA1_Channel4_IRQHandler                 0x0801d61f   Thumb Code     0  startup_stm32f10x_md.o(.text)
    DMA1_Channel5_IRQHandler                 0x0801d61f   Thumb Code     0  startup_stm32f10x_md.o(.text)
    DMA1_Channel6_IRQHandler                 0x0801d61f   Thumb Code     0  startup_stm32f10x_md.o(.text)
    DMA1_Channel7_IRQHandler                 0x0801d61f   Thumb Code     0  startup_stm32f10x_md.o(.text)
    DMA2_Channel1_IRQHandler                 0x0801d61f   Thumb Code     0  startup_stm32f10x_md.o(.text)
    DMA2_Channel2_IRQHandler                 0x0801d61f   Thumb Code     0  startup_stm32f10x_md.o(.text)
    DMA2_Channel3_IRQHandler                 0x0801d61f   Thumb Code     0  startup_stm32f10x_md.o(.text)
    DMA2_Channel4_5_IRQHandler               0x0801d61f   Thumb Code     0  startup_stm32f10x_md.o(.text)
    EXTI0_IRQHandler                         0x0801d61f   Thumb Code     0  startup_stm32f10x_md.o(.text)
    EXTI15_10_IRQHandler                     0x0801d61f   Thumb Code     0  startup_stm32f10x_md.o(.text)
    EXTI1_IRQHandler                         0x0801d61f   Thumb Code     0  startup_stm32f10x_md.o(.text)
    EXTI2_IRQHandler                         0x0801d61f   Thumb Code     0  startup_stm32f10x_md.o(.text)
    EXTI3_IRQHandler                         0x0801d61f   Thumb Code     0  startup_stm32f10x_md.o(.text)
    EXTI4_IRQHandler                         0x0801d61f   Thumb Code     0  startup_stm32f10x_md.o(.text)
    EXTI9_5_IRQHandler                       0x0801d61f   Thumb Code     0  startup_stm32f10x_md.o(.text)
    FLASH_IRQHandler                         0x0801d61f   Thumb Code     0  startup_stm32f10x_md.o(.text)
    FSMC_IRQHandler                          0x0801d61f   Thumb Code     0  startup_stm32f10x_md.o(.text)
    I2C1_ER_IRQHandler                       0x0801d61f   Thumb Code     0  startup_stm32f10x_md.o(.text)
    I2C1_EV_IRQHandler                       0x0801d61f   Thumb Code     0  startup_stm32f10x_md.o(.text)
    I2C2_ER_IRQHandler                       0x0801d61f   Thumb Code     0  startup_stm32f10x_md.o(.text)
    I2C2_EV_IRQHandler                       0x0801d61f   Thumb Code     0  startup_stm32f10x_md.o(.text)
    PVD_IRQHandler                           0x0801d61f   Thumb Code     0  startup_stm32f10x_md.o(.text)
    RCC_IRQHandler                           0x0801d61f   Thumb Code     0  startup_stm32f10x_md.o(.text)
    RTCAlarm_IRQHandler                      0x0801d61f   Thumb Code     0  startup_stm32f10x_md.o(.text)
    RTC_IRQHandler                           0x0801d61f   Thumb Code     0  startup_stm32f10x_md.o(.text)
    SDIO_IRQHandler                          0x0801d61f   Thumb Code     0  startup_stm32f10x_md.o(.text)
    SPI1_IRQHandler                          0x0801d61f   Thumb Code     0  startup_stm32f10x_md.o(.text)
    SPI2_IRQHandler                          0x0801d61f   Thumb Code     0  startup_stm32f10x_md.o(.text)
    SPI3_IRQHandler                          0x0801d61f   Thumb Code     0  startup_stm32f10x_md.o(.text)
    TAMPER_IRQHandler                        0x0801d61f   Thumb Code     0  startup_stm32f10x_md.o(.text)
    TIM1_BRK_IRQHandler                      0x0801d61f   Thumb Code     0  startup_stm32f10x_md.o(.text)
    TIM1_CC_IRQHandler                       0x0801d61f   Thumb Code     0  startup_stm32f10x_md.o(.text)
    TIM1_TRG_COM_IRQHandler                  0x0801d61f   Thumb Code     0  startup_stm32f10x_md.o(.text)
    TIM1_UP_IRQHandler                       0x0801d61f   Thumb Code     0  startup_stm32f10x_md.o(.text)
    TIM2_IRQHandler                          0x0801d61f   Thumb Code     0  startup_stm32f10x_md.o(.text)
    TIM3_IRQHandler                          0x0801d61f   Thumb Code     0  startup_stm32f10x_md.o(.text)
    TIM4_IRQHandler                          0x0801d61f   Thumb Code     0  startup_stm32f10x_md.o(.text)
    TIM5_IRQHandler                          0x0801d61f   Thumb Code     0  startup_stm32f10x_md.o(.text)
    TIM6_IRQHandler                          0x0801d61f   Thumb Code     0  startup_stm32f10x_md.o(.text)
    TIM7_IRQHandler                          0x0801d61f   Thumb Code     0  startup_stm32f10x_md.o(.text)
    TIM8_BRK_IRQHandler                      0x0801d61f   Thumb Code     0  startup_stm32f10x_md.o(.text)
    TIM8_CC_IRQHandler                       0x0801d61f   Thumb Code     0  startup_stm32f10x_md.o(.text)
    TIM8_TRG_COM_IRQHandler                  0x0801d61f   Thumb Code     0  startup_stm32f10x_md.o(.text)
    TIM8_UP_IRQHandler                       0x0801d61f   Thumb Code     0  startup_stm32f10x_md.o(.text)
    UART4_IRQHandler                         0x0801d61f   Thumb Code     0  startup_stm32f10x_md.o(.text)
    UART5_IRQHandler                         0x0801d61f   Thumb Code     0  startup_stm32f10x_md.o(.text)
    USART1_IRQHandler                        0x0801d61f   Thumb Code     0  startup_stm32f10x_md.o(.text)
    USART2_IRQHandler                        0x0801d61f   Thumb Code     0  startup_stm32f10x_md.o(.text)
    USART3_IRQHandler                        0x0801d61f   Thumb Code     0  startup_stm32f10x_md.o(.text)
    USBWakeUp_IRQHandler                     0x0801d61f   Thumb Code     0  startup_stm32f10x_md.o(.text)
    USB_HP_CAN1_TX_IRQHandler                0x0801d61f   Thumb Code     0  startup_stm32f10x_md.o(.text)
    USB_LP_CAN1_RX0_IRQHandler               0x0801d61f   Thumb Code     0  startup_stm32f10x_md.o(.text)
    WWDG_IRQHandler                          0x0801d61f   Thumb Code     0  startup_stm32f10x_md.o(.text)
    __user_initial_stackheap                 0x0801d625   Thumb Code     0  startup_stm32f10x_md.o(.text)
    wpa_printf                               0x0801d6d5   Thumb Code    30  common.o(.text)
    wpa_hexdump_key                          0x0801d6f3   Thumb Code    30  common.o(.text)
    wpa_hexdump                              0x0801d711   Thumb Code    28  common.o(.text)
    void_dbg                                 0x0801d72d   Thumb Code     2  common.o(.text)
    PTR_ERR                                  0x0801d72f   Thumb Code     2  common.o(.text)
    IS_ERR                                   0x0801d731   Thumb Code    16  common.o(.text)
    ERR_PTR                                  0x0801d741   Thumb Code     2  common.o(.text)
    lbs_hex                                  0x0801d743   Thumb Code    66  common.o(.text)
    mmc_delay                                0x0801d785   Thumb Code    26  common.o(.text)
    ms_delay                                 0x0801d79f   Thumb Code    14  common.o(.text)
    mdelay                                   0x0801d7ad   Thumb Code    20  common.o(.text)
    time_after                               0x0801d7c1   Thumb Code    26  common.o(.text)
    snprintf                                 0x0801d7db   Thumb Code    36  common.o(.text)
    print_ssid                               0x0801d7ff   Thumb Code   154  common.o(.text)
    convert_from_bytes_to_power_of_two       0x0801d899   Thumb Code    18  common.o(.text)
    mmc_align_data_size                      0x0801d9dd   Thumb Code    12  core.o(.text)
    mmc_request_done                         0x0801d9fd   Thumb Code   104  core.o(.text)
    mmc_set_chip_select                      0x0801da65   Thumb Code    18  core.o(.text)
    mmc_set_clock                            0x0801da77   Thumb Code    24  core.o(.text)
    mmc_set_bus_mode                         0x0801da8f   Thumb Code    18  core.o(.text)
    mmc_set_bus_width                        0x0801daa1   Thumb Code    18  core.o(.text)
    mmc_set_data_timeout                     0x0801dab3   Thumb Code   186  core.o(.text)
    mmc_wait_for_req                         0x0801dbc5   Thumb Code    38  core.o(.text)
    mmc_wait_for_cmd                         0x0801dbeb   Thumb Code    48  core.o(.text)
    mmc_set_timing                           0x0801dc1b   Thumb Code    18  core.o(.text)
    mmc_go_idle                              0x0801dc8f   Thumb Code   100  core.o(.text)
    mmc_select_voltage                       0x0801dcf3   Thumb Code   150  core.o(.text)
    mmc_rescan                               0x0801dd89   Thumb Code    68  core.o(.text)
    mmc_alloc_card                           0x0801ddcd   Thumb Code    22  core.o(.text)
    mmc_add_card                             0x0801dde3   Thumb Code   130  core.o(.text)
    mmc_alloc_host                           0x0801de65   Thumb Code    36  core.o(.text)
    sdio_alloc_func                          0x0801de89   Thumb Code    20  core.o(.text)
    sdio_add_func                            0x0801de9d   Thumb Code    14  core.o(.text)
    sdio_enable_func                         0x0801deab   Thumb Code   142  core.o(.text)
    sdio_claim_irq                           0x0801df4b   Thumb Code   118  core.o(.text)
    sdio_set_block_size                      0x0801e035   Thumb Code   142  core.o(.text)
    sdio_bus_probe                           0x0801e0c3   Thumb Code    50  core.o(.text)
    EnableIrq                                0x0801e20f   Thumb Code    34  s3cmci.o(.text)
    DisableIrq                               0x0801e231   Thumb Code    32  s3cmci.o(.text)
    stm32_irq                                0x0801e8ab   Thumb Code   740  s3cmci.o(.text)
    stm32_probe                              0x0801eba5   Thumb Code   116  s3cmci.o(.text)
    mmc_io_rw_direct                         0x0801ec6b   Thumb Code   206  sdio.o(.text)
    sdio_irq_thread                          0x0801edb5   Thumb Code    36  sdio.o(.text)
    mmc_send_io_op_cond                      0x0801edef   Thumb Code   134  sdio.o(.text)
    mmc_send_if_cond                         0x0801ee75   Thumb Code    90  sdio.o(.text)
    mmc_send_relative_addr                   0x0801eecf   Thumb Code    58  sdio.o(.text)
    mmc_select_card                          0x0801f2ff   Thumb Code    14  sdio.o(.text)
    mmc_attach_sdio                          0x0801f3c1   Thumb Code   174  sdio.o(.text)
    sdio_readb                               0x0801f46f   Thumb Code    50  sdio.o(.text)
    sdio_writeb                              0x0801f4a1   Thumb Code    42  sdio.o(.text)
    sdio_align_size                          0x0801f525   Thumb Code   168  sdio.o(.text)
    mmc_io_rw_extended                       0x0801f5cd   Thumb Code   286  sdio.o(.text)
    sdio_io_rw_ext_helper                    0x0801f6eb   Thumb Code   472  sdio.o(.text)
    sdio_read_common_cis                     0x0801fc9d   Thumb Code   212  sdio_cis.o(.text)
    sdio_read_func_cis                       0x0801fd71   Thumb Code    44  sdio_cis.o(.text)
    RCC_Configuration                        0x0801fd9d   Thumb Code   150  stm32sys.o(.text)
    EnableSDIOClk                            0x0801fe33   Thumb Code    48  stm32sys.o(.text)
    watch_dog_config                         0x0801fe63   Thumb Code    30  stm32sys.o(.text)
    NVIC_Configuration                       0x0801fe81   Thumb Code    42  stm32sys.o(.text)
    GPIO_Configuration                       0x0801feab   Thumb Code   410  stm32sys.o(.text)
    SDIO_GPIO_Configuration                  0x08020045   Thumb Code   264  stm32sys.o(.text)
    adc_init                                 0x0802014d   Thumb Code   232  stm32sys.o(.text)
    get_adcval                               0x08020235   Thumb Code    10  stm32sys.o(.text)
    USART_Configuration                      0x0802023f   Thumb Code    88  stm32sys.o(.text)
    enable_timer                             0x08020297   Thumb Code    12  stm32sys.o(.text)
    disable_timer                            0x080202a3   Thumb Code    14  stm32sys.o(.text)
    timerbase_config                         0x080202b1   Thumb Code    66  stm32sys.o(.text)
    assert_failed                            0x080202f3   Thumb Code    30  stm32sys.o(.text)
    send_char                                0x08020311   Thumb Code    28  stm32sys.o(.text)
    get_char                                 0x0802032d   Thumb Code    26  stm32sys.o(.text)
    Uart_GetKey                              0x08020347   Thumb Code    28  stm32sys.o(.text)
    Uart_SendByte                            0x08020363   Thumb Code    28  stm32sys.o(.text)
    Uart_GetString                           0x0802037f   Thumb Code    64  stm32sys.o(.text)
    Uart_GetIntNum_GJ                        0x080203bf   Thumb Code    96  stm32sys.o(.text)
    dbg_void                                 0x0802041f   Thumb Code     2  stm32sys.o(.text)
    print_void                               0x08020421   Thumb Code     2  stm32sys.o(.text)
    debug_data_stream                        0x08020423   Thumb Code    72  stm32sys.o(.text)
    write_flash                              0x0802046b   Thumb Code    94  stm32sys.o(.text)
    read_flash                               0x080204c9   Thumb Code    38  stm32sys.o(.text)
    SDIODriverEntry                          0x0802059f   Thumb Code   196  sdio_drv.o(.text)
    lbs_adhoc_stop                           0x08021641   Thumb Code    32  assoc.o(.text)
    lbs_cmd_80211_deauthenticate             0x080218b7   Thumb Code    60  assoc.o(.text)
    print_enckey                             0x080218f3   Thumb Code    36  assoc.o(.text)
    lbs_association_worker                   0x08021917   Thumb Code   732  assoc.o(.text)
    marvel_assoc_open_network                0x08021bf3   Thumb Code    40  assoc.o(.text)
    if_sdio_send_data                        0x0802206b   Thumb Code   172  if_sdio.o(.text)
    if_sdio_interrupt                        0x08022117   Thumb Code    86  if_sdio.o(.text)
    if_sdio_probe                            0x08022465   Thumb Code   472  if_sdio.o(.text)
    pool_sdio_interrupt                      0x0802263d   Thumb Code    30  if_sdio.o(.text)
    wireless_card_rx                         0x0802265b   Thumb Code    76  if_sdio.o(.text)
    wireless_card_tx                         0x080226a7   Thumb Code    24  if_sdio.o(.text)
    init_marvell_driver                      0x0802271d   Thumb Code    72  marvell_ops.o(.text)
    marvel_assoc_network                     0x08022765   Thumb Code    28  marvell_ops.o(.text)
    lbs_scan_worker                          0x08022781   Thumb Code    14  marvell_ops.o(.text)
    lbs_rev_pkt                              0x0802278f   Thumb Code    86  marvell_ops.o(.text)
    lbs_hard_start_xmit                      0x080227e5   Thumb Code   160  marvell_ops.o(.text)
    wpa_L2_send_pkt                          0x08022885   Thumb Code    24  marvell_ops.o(.text)
    lbs_ps_wakeup                            0x0802289d   Thumb Code    32  marvell_ops.o(.text)
    lbs_ps_sleep                             0x080228bd   Thumb Code    26  marvell_ops.o(.text)
    init_sleep_mode                          0x080228d7   Thumb Code    26  marvell_ops.o(.text)
    lbs_send_confirmsleep                    0x080228f1   Thumb Code    48  marvell_ops.o(.text)
    lbs_scan_networks                        0x08022fa7   Thumb Code   298  scan.o(.text)
    lbs_ssid_cmp                             0x080230d1   Thumb Code    36  scan.o(.text)
    find_beacon_bss                          0x080230f5   Thumb Code    82  scan.o(.text)
    lbs_send_specific_ssid_scan              0x08023147   Thumb Code    60  scan.o(.text)
    lbs_fw_index_to_data_rate                0x08023253   Thumb Code    14  marvel_main.o(.text)
    lbs_thread                               0x08023261   Thumb Code   376  marvel_main.o(.text)
    lbs_notify_command_response              0x080233d9   Thumb Code    34  marvel_main.o(.text)
    lbs_host_to_card_done                    0x080233fb   Thumb Code    30  marvel_main.o(.text)
    lbs_process_event                        0x080234ed   Thumb Code   120  marvel_main.o(.text)
    lbs_add_card                             0x08023565   Thumb Code    78  marvel_main.o(.text)
    lbs_start_card                           0x08023643   Thumb Code    38  marvel_main.o(.text)
    lbs_get_region_cfp_table                 0x08023669   Thumb Code    60  marvel_main.o(.text)
    lbs_set_regiontable                      0x080236a5   Thumb Code   116  marvel_main.o(.text)
    lbs_queue_event                          0x08023719   Thumb Code    48  marvel_main.o(.text)
    lbs_process_rxed_packet                  0x08023799   Thumb Code   134  rx.o(.text)
    wait_for_data_end                        0x0802381f   Thumb Code    66  rx.o(.text)
    lbs_allocate_cmd_buffer                  0x080239f3   Thumb Code   100  cmd.o(.text)
    lbs_cmd_copyback                         0x08023a57   Thumb Code    44  cmd.o(.text)
    __lbs_cmd                                0x08023b09   Thumb Code   172  cmd.o(.text)
    lbs_get_tx_power                         0x08023bb5   Thumb Code    80  cmd.o(.text)
    lbs_cmd_async                            0x08023c0b   Thumb Code    72  cmd.o(.text)
    lbs_set_mac_control                      0x08023c53   Thumb Code    38  cmd.o(.text)
    lbs_update_hw_spec                       0x08023c79   Thumb Code   308  cmd.o(.text)
    lbs_complete_command                     0x08023dad   Thumb Code    50  cmd.o(.text)
    lbs_process_command_response             0x08023fcb   Thumb Code   324  cmd.o(.text)
    lbs_execute_next_command                 0x0802410f   Thumb Code   232  cmd.o(.text)
    lbs_prepare_and_send_command             0x080243c9   Thumb Code   566  cmd.o(.text)
    lbs_get_channel                          0x080245ff   Thumb Code    56  cmd.o(.text)
    lbs_update_channel                       0x08024637   Thumb Code    26  cmd.o(.text)
    lbs_set_channel                          0x08024651   Thumb Code    66  cmd.o(.text)
    lbs_cmd_802_11_set_wep                   0x08024693   Thumb Code   248  cmd.o(.text)
    lbs_cmd_802_11_enable_rsn                0x0802478b   Thumb Code    72  cmd.o(.text)
    lbs_cmd_802_11_key_material              0x08024829   Thumb Code   306  cmd.o(.text)
    lbs_set_radio                            0x0802495b   Thumb Code   126  cmd.o(.text)
    lbs_set_snmp_mib                         0x080249d9   Thumb Code   124  cmd.o(.text)
    lbs_chan_2_freq                          0x08024bb7   Thumb Code    44  11d.o(.text)
    lbs_get_scan_type_11d                    0x08024f07   Thumb Code    24  11d.o(.text)
    lbs_init_11d                             0x08024f1f   Thumb Code    24  11d.o(.text)
    lbs_set_universaltable                   0x08024f5f   Thumb Code    86  11d.o(.text)
    lbs_cmd_802_11d_domain_info              0x08024fb5   Thumb Code   136  11d.o(.text)
    lbs_ret_802_11d_domain_info              0x0802503d   Thumb Code    82  11d.o(.text)
    lbs_parse_dnld_countryinfo_11d           0x0802508f   Thumb Code    88  11d.o(.text)
    lbs_create_dnld_countryinfo_11d          0x080250e7   Thumb Code   138  11d.o(.text)
    PrepareInit                              0x080251e1   Thumb Code    36  marvelif.o(.text)
    low_level_init                           0x08025205   Thumb Code    52  marvelif.o(.text)
    DoPhysicalSend                           0x08025239   Thumb Code    90  marvelif.o(.text)
    low_level_output                         0x08025293   Thumb Code   168  marvelif.o(.text)
    low_level_input                          0x0802533b   Thumb Code    88  marvelif.o(.text)
    DoAssoc                                  0x08025393   Thumb Code    46  marvelif.o(.text)
    DoScan                                   0x080253c1   Thumb Code    82  marvelif.o(.text)
    isprint                                  0x080254f5   Thumb Code    18  isprint.o(.text)
    toupper                                  0x08025507   Thumb Code    30  toupper.o(.text)
    __2snprintf                              0x08025525   Thumb Code    50  __2snprintf.o(.text)
    _printf_pre_padding                      0x0802555d   Thumb Code    46  _printf_pad.o(.text)
    _printf_post_padding                     0x0802558b   Thumb Code    36  _printf_pad.o(.text)
    _printf_int_oct                          0x080255b1   Thumb Code    80  _printf_oct_int.o(.text)
    _printf_longlong_oct                     0x080255b1   Thumb Code     0  _printf_oct_int.o(.text)
    __printf                                 0x08025609   Thumb Code   310  __printf_flags_wp.o(.text)
    __aeabi_memcpy                           0x08025745   Thumb Code     0  rt_memcpy_v6.o(.text)
    __rt_memcpy                              0x08025745   Thumb Code   138  rt_memcpy_v6.o(.text)
    _memcpy_lastbytes                        0x080257ab   Thumb Code     0  rt_memcpy_v6.o(.text)
    __aeabi_memmove                          0x080257cf   Thumb Code     0  rt_memmove_v6.o(.text)
    __rt_memmove                             0x080257cf   Thumb Code   132  rt_memmove_v6.o(.text)
    __memmove_lastfew                        0x0802582f   Thumb Code     0  rt_memmove_v6.o(.text)
    __aeabi_memcpy4                          0x08025853   Thumb Code     0  rt_memcpy_w.o(.text)
    __aeabi_memcpy8                          0x08025853   Thumb Code     0  rt_memcpy_w.o(.text)
    __rt_memcpy_w                            0x08025853   Thumb Code   100  rt_memcpy_w.o(.text)
    _memcpy_lastbytes_aligned                0x0802589b   Thumb Code     0  rt_memcpy_w.o(.text)
    __aeabi_memset                           0x080258b7   Thumb Code    16  aeabi_memset.o(.text)
    __aeabi_memclr                           0x080258c7   Thumb Code     0  rt_memclr.o(.text)
    __rt_memclr                              0x080258c7   Thumb Code    68  rt_memclr.o(.text)
    _memset                                  0x080258cb   Thumb Code     0  rt_memclr.o(.text)
    __aeabi_memclr4                          0x0802590b   Thumb Code     0  rt_memclr_w.o(.text)
    __aeabi_memclr8                          0x0802590b   Thumb Code     0  rt_memclr_w.o(.text)
    __rt_memclr_w                            0x0802590b   Thumb Code    78  rt_memclr_w.o(.text)
    _memset_w                                0x0802590f   Thumb Code     0  rt_memclr_w.o(.text)
    __use_two_region_memory                  0x08025959   Thumb Code     2  heapauxi.o(.text)
    __rt_heap_escrow$2region                 0x0802595b   Thumb Code     2  heapauxi.o(.text)
    __rt_heap_expand$2region                 0x0802595d   Thumb Code     2  heapauxi.o(.text)
    __rt_ctype_table                         0x08025961   Thumb Code    16  rt_ctype_table.o(.text)
    _printf_int_common                       0x08025971   Thumb Code   184  _printf_intcommon.o(.text)
    _printf_char_common                      0x08025a33   Thumb Code    32  _printf_char_common.o(.text)
    _sputc                                   0x08025a59   Thumb Code    10  _sputc.o(.text)
    _snputc                                  0x08025a63   Thumb Code    16  _snputc.o(.text)
    __aeabi_memmove4                         0x08025a73   Thumb Code     0  rt_memmove_w.o(.text)
    __aeabi_memmove8                         0x08025a73   Thumb Code     0  rt_memmove_w.o(.text)
    __rt_memmove_w                           0x08025a73   Thumb Code   122  rt_memmove_w.o(.text)
    __memmove_aligned                        0x08025a99   Thumb Code     0  rt_memmove_w.o(.text)
    __memmove_lastfew_aligned                0x08025ad1   Thumb Code     0  rt_memmove_w.o(.text)
    __rt_locale                              0x08025aed   Thumb Code     8  rt_locale_intlibspace.o(.text)
    __user_libspace                          0x08025af5   Thumb Code     8  libspace.o(.text)
    __user_perproc_libspace                  0x08025af5   Thumb Code     0  libspace.o(.text)
    __user_perthread_libspace                0x08025af5   Thumb Code     0  libspace.o(.text)
    __user_setup_stackheap                   0x08025afd   Thumb Code    74  sys_stackheap_outer.o(.text)
    exit                                     0x08025b47   Thumb Code    12  exit.o(.text)
    _sys_exit                                0x08025b55   Thumb Code     8  sys_exit.o(.text)
    __I$use$semihosting                      0x08025b61   Thumb Code     0  use_no_semi.o(.text)
    __use_no_semihosting_swi                 0x08025b61   Thumb Code     2  use_no_semi.o(.text)
    ADC_Cmd                                  0x08025b63   Thumb Code    20  stm32f10x_adc.o(i.ADC_Cmd)
    __semihosting_library_function           0x08025b63   Thumb Code     0  indicate_semi.o(.text)
    ADC_DMACmd                               0x08025b77   Thumb Code    20  stm32f10x_adc.o(i.ADC_DMACmd)
    ADC_GetCalibrationStatus                 0x08025b8b   Thumb Code    14  stm32f10x_adc.o(i.ADC_GetCalibrationStatus)
    ADC_GetConversionValue                   0x08025b99   Thumb Code     6  stm32f10x_adc.o(i.ADC_GetConversionValue)
    ADC_GetResetCalibrationStatus            0x08025b9f   Thumb Code    14  stm32f10x_adc.o(i.ADC_GetResetCalibrationStatus)
    ADC_Init                                 0x08025bad   Thumb Code    62  stm32f10x_adc.o(i.ADC_Init)
    ADC_RegularChannelConfig                 0x08025bf5   Thumb Code   116  stm32f10x_adc.o(i.ADC_RegularChannelConfig)
    ADC_ResetCalibration                     0x08025c69   Thumb Code    10  stm32f10x_adc.o(i.ADC_ResetCalibration)
    ADC_SoftwareStartConvCmd                 0x08025c73   Thumb Code    20  stm32f10x_adc.o(i.ADC_SoftwareStartConvCmd)
    ADC_StartCalibration                     0x08025c87   Thumb Code    10  stm32f10x_adc.o(i.ADC_StartCalibration)
    DMA_ClearFlag                            0x08025c91   Thumb Code    16  stm32f10x_dma.o(i.DMA_ClearFlag)
    DMA_Cmd                                  0x08025ca5   Thumb Code    20  stm32f10x_dma.o(i.DMA_Cmd)
    DMA_DeInit                               0x08025cb9   Thumb Code   210  stm32f10x_dma.o(i.DMA_DeInit)
    DMA_GetFlagStatus                        0x08025d99   Thumb Code    26  stm32f10x_dma.o(i.DMA_GetFlagStatus)
    DMA_Init                                 0x08025db9   Thumb Code    58  stm32f10x_dma.o(i.DMA_Init)
    FLASH_ClearFlag                          0x08025df5   Thumb Code     6  stm32f10x_flash.o(i.FLASH_ClearFlag)
    FLASH_ErasePage                          0x08025e01   Thumb Code    60  stm32f10x_flash.o(i.FLASH_ErasePage)
    FLASH_GetStatus                          0x08025e41   Thumb Code    34  stm32f10x_flash.o(i.FLASH_GetStatus)
    FLASH_Lock                               0x08025e69   Thumb Code    12  stm32f10x_flash.o(i.FLASH_Lock)
    FLASH_PrefetchBufferCmd                  0x08025e79   Thumb Code    18  stm32f10x_flash.o(i.FLASH_PrefetchBufferCmd)
    FLASH_ProgramHalfWord                    0x08025e91   Thumb Code    50  stm32f10x_flash.o(i.FLASH_ProgramHalfWord)
    FLASH_SetLatency                         0x08025ec9   Thumb Code    18  stm32f10x_flash.o(i.FLASH_SetLatency)
    FLASH_Unlock                             0x08025ee1   Thumb Code    12  stm32f10x_flash.o(i.FLASH_Unlock)
    FLASH_WaitForLastOperation               0x08025ef9   Thumb Code    40  stm32f10x_flash.o(i.FLASH_WaitForLastOperation)
    GPIO_Init                                0x08025f21   Thumb Code   154  stm32f10x_gpio.o(i.GPIO_Init)
    IWDG_ReloadCounter                       0x08025fbd   Thumb Code    10  stm32f10x_iwdg.o(i.IWDG_ReloadCounter)
    IWDG_SetPrescaler                        0x08025fcd   Thumb Code     6  stm32f10x_iwdg.o(i.IWDG_SetPrescaler)
    IWDG_SetReload                           0x08025fd9   Thumb Code     6  stm32f10x_iwdg.o(i.IWDG_SetReload)
    IWDG_WriteAccessCmd                      0x08025fe5   Thumb Code     6  stm32f10x_iwdg.o(i.IWDG_WriteAccessCmd)
    NVIC_Init                                0x08025ff1   Thumb Code   116  stm32f10x_nvic.o(i.NVIC_Init)
    NVIC_SetVectorTable                      0x08026065   Thumb Code    12  stm32f10x_nvic.o(i.NVIC_SetVectorTable)
    RCC_ADCCLKConfig                         0x08026079   Thumb Code    14  stm32f10x_rcc.o(i.RCC_ADCCLKConfig)
    RCC_AHBPeriphClockCmd                    0x0802608d   Thumb Code    18  stm32f10x_rcc.o(i.RCC_AHBPeriphClockCmd)
    RCC_APB1PeriphClockCmd                   0x080260a5   Thumb Code    18  stm32f10x_rcc.o(i.RCC_APB1PeriphClockCmd)
    RCC_APB2PeriphClockCmd                   0x080260bd   Thumb Code    18  stm32f10x_rcc.o(i.RCC_APB2PeriphClockCmd)
    RCC_DeInit                               0x080260d5   Thumb Code    48  stm32f10x_rcc.o(i.RCC_DeInit)
    RCC_GetClocksFreq                        0x08026111   Thumb Code   132  stm32f10x_rcc.o(i.RCC_GetClocksFreq)
    RCC_GetFlagStatus                        0x080261a5   Thumb Code    42  stm32f10x_rcc.o(i.RCC_GetFlagStatus)
    RCC_GetSYSCLKSource                      0x080261d5   Thumb Code    10  stm32f10x_rcc.o(i.RCC_GetSYSCLKSource)
    RCC_HCLKConfig                           0x080261e5   Thumb Code    14  stm32f10x_rcc.o(i.RCC_HCLKConfig)
    RCC_HSEConfig                            0x080261f9   Thumb Code    48  stm32f10x_rcc.o(i.RCC_HSEConfig)
    RCC_PCLK1Config                          0x0802622d   Thumb Code    14  stm32f10x_rcc.o(i.RCC_PCLK1Config)
    RCC_PCLK2Config                          0x08026241   Thumb Code    16  stm32f10x_rcc.o(i.RCC_PCLK2Config)
    RCC_PLLCmd                               0x08026255   Thumb Code     6  stm32f10x_rcc.o(i.RCC_PLLCmd)
    RCC_PLLConfig                            0x08026261   Thumb Code    16  stm32f10x_rcc.o(i.RCC_PLLConfig)
    RCC_SYSCLKConfig                         0x08026275   Thumb Code    14  stm32f10x_rcc.o(i.RCC_SYSCLKConfig)
    RCC_WaitForHSEStartUp                    0x08026289   Thumb Code    46  stm32f10x_rcc.o(i.RCC_WaitForHSEStartUp)
    SDIO_ClearFlag                           0x080262bd   Thumb Code     6  stm32f10x_sdio.o(i.SDIO_ClearFlag)
    SDIO_ClockCmd                            0x080262c9   Thumb Code     6  stm32f10x_sdio.o(i.SDIO_ClockCmd)
    SDIO_DMACmd                              0x080262d5   Thumb Code     6  stm32f10x_sdio.o(i.SDIO_DMACmd)
    SDIO_DataConfig                          0x080262e1   Thumb Code    38  stm32f10x_sdio.o(i.SDIO_DataConfig)
    SDIO_ITConfig                            0x0802630d   Thumb Code    18  stm32f10x_sdio.o(i.SDIO_ITConfig)
    SDIO_Init                                0x08026325   Thumb Code    40  stm32f10x_sdio.o(i.SDIO_Init)
    SDIO_SendCommand                         0x08026351   Thumb Code    34  stm32f10x_sdio.o(i.SDIO_SendCommand)
    SDIO_SetPowerState                       0x08026379   Thumb Code    18  stm32f10x_sdio.o(i.SDIO_SetPowerState)
    TIM_Cmd                                  0x08026391   Thumb Code    22  stm32f10x_tim.o(i.TIM_Cmd)
    TIM_ITConfig                             0x080263a7   Thumb Code    16  stm32f10x_tim.o(i.TIM_ITConfig)
    TIM_PrescalerConfig                      0x080263b7   Thumb Code     6  stm32f10x_tim.o(i.TIM_PrescalerConfig)
    TIM_TimeBaseInit                         0x080263bd   Thumb Code    50  stm32f10x_tim.o(i.TIM_TimeBaseInit)
    USART_ClockInit                          0x080263f9   Thumb Code    30  stm32f10x_usart.o(i.USART_ClockInit)
    USART_Cmd                                0x08026417   Thumb Code    20  stm32f10x_usart.o(i.USART_Cmd)
    USART_GetFlagStatus                      0x0802642b   Thumb Code    14  stm32f10x_usart.o(i.USART_GetFlagStatus)
    USART_Init                               0x08026439   Thumb Code   134  stm32f10x_usart.o(i.USART_Init)
    USART_ReceiveData                        0x080264c5   Thumb Code     8  stm32f10x_usart.o(i.USART_ReceiveData)
    USART_SendData                           0x080264cd   Thumb Code     8  stm32f10x_usart.o(i.USART_SendData)
    _is_digit                                0x080264d5   Thumb Code    14  __printf_wp.o(i._is_digit)
    clear_bit                                0x080264e3   Thumb Code    12  assoc.o(i.clear_bit)
    lbs_cmd_with_response                    0x080264f1   Thumb Code    36  cmd.o(i.lbs_cmd_with_response)
    set_bit                                  0x08026519   Thumb Code    12  assoc.o(i.set_bit)
    test_bit                                 0x08026525   Thumb Code    30  assoc.o(i.test_bit)
    _get_lc_ctype                            0x08026545   Thumb Code    44  lc_ctype_c.o(locale$$code)
    ip_addr_any                              0x080267a4   Data           4  ip_addr.o(.constdata)
    ip_addr_broadcast                        0x080267a8   Data           4  ip_addr.o(.constdata)
    memp_sizes                               0x080267ac   Data          30  memp.o(.constdata)
    tcp_state_str                            0x080267cc   Data          44  tcp.o(.constdata)
    tcp_backoff                              0x080267f8   Data          13  tcp.o(.constdata)
    tcp_persist_backoff                      0x08026805   Data           7  tcp.o(.constdata)
    tcp_pcb_lists                            0x0802680c   Data          16  tcp.o(.constdata)
    ethbroadcast                             0x08026874   Data           6  etharp.o(.constdata)
    ethzero                                  0x0802687a   Data           6  etharp.o(.constdata)
    if_sdio_ids                              0x08026aa8   Data          18  core.o(.constdata)
    marvel_firmware_array                    0x08026b68   Data       122916  8686.o(.constdata)
    help_firmware_array                      0x08044c87   Data        2516  help.o(.constdata)
    const_chan_parm                          0x080456b4   Data          98  scan.o(.constdata)
    Region$$Table$$Base                      0x08046c68   Number         0  anon$$obj.o(Region$$Table)
    Region$$Table$$Limit                     0x08046c88   Number         0  anon$$obj.o(Region$$Table)
    __ctype                                  0x08046c95   Data           0  lc_ctype_c.o(locale$$data)
    SystemCoreClock                          0x20000000   Data           4  system_stm32f10x.o(.data)
    AHBPrescTable                            0x20000004   Data          16  system_stm32f10x.o(.data)
    Console                                  0x20000d24   Data          68  console.o(.data)
    DeviceManager                            0x20000d68   Data         708  devmgr.o(.data)
    DeviceInputManager                       0x2000102c   Data          24  dim.o(.data)
    IOManager                                0x20001044   Data         568  iomgr.o(.data)
    KernelModule                             0x2000127c   Data           8  kermod.o(.data)
    lpszCriticalMsg                          0x20001504   Data           4  ktmgr.o(.data)
    KernelThreadManager                      0x20001508   Data         236  ktmgr.o(.data)
    AnySizeBuffer                            0x200015f4   Data          96  mem_fbl.o(.data)
    ModuleMgr                                0x20001654   Data          20  modmgr.o(.data)
    ObjectManager                            0x20001728   Data         788  objmgr.o(.data)
    System                                   0x20001a3c   Data         580  system.o(.data)
    DriverEntryArray                         0x20001c98   Data          12  drventry.o(.data)
    SystemMemRegion                          0x20001ca4   Data          16  mem_scat.o(.data)
    pszStartMsg1                             0x20001cb4   Data           4  os_entry.o(.data)
    pszStartMsg2                             0x20001cb8   Data           4  os_entry.o(.data)
    pszWelcome                               0x20001cbc   Data           4  os_entry.o(.data)
    pszHelpInfo                              0x20001cc0   Data           4  os_entry.o(.data)
    ExtCmdArray                              0x20001cc4   Data         128  extcmd.o(.data)
    g_lpShellThread                          0x20001d44   Data           4  shell.o(.data)
    CmdObj                                   0x20001d4c   Data         144  shell.o(.data)
    current_netif                            0x20001e08   Data           4  ip.o(.data)
    current_header                           0x20001e0c   Data           4  ip.o(.data)
    current_iphdr_src                        0x20001e10   Data           4  ip.o(.data)
    current_iphdr_dest                       0x20001e14   Data           4  ip.o(.data)
    netif_list                               0x20001e28   Data           4  netif.o(.data)
    netif_default                            0x20001e2c   Data           4  netif.o(.data)
    tcp_ticks                                0x20001e40   Data           4  tcp.o(.data)
    tcp_bound_pcbs                           0x20001e44   Data           4  tcp.o(.data)
    tcp_listen_pcbs                          0x20001e48   Data           4  tcp.o(.data)
    tcp_active_pcbs                          0x20001e4c   Data           4  tcp.o(.data)
    tcp_tw_pcbs                              0x20001e50   Data           4  tcp.o(.data)
    tcp_tmp_pcb                              0x20001e54   Data           4  tcp.o(.data)
    tcp_input_pcb                            0x20001e78   Data           4  tcp_in.o(.data)
    udp_pcbs                                 0x20001e84   Data           4  udp.o(.data)
    DskTableFAT32                            0x20001ee8   Data          48  fdisk2.o(.data)
    lpStatKernelThread                       0x200021bc   Data           4  stat_s.o(.data)
    g_pWiFiDriverThread                      0x20002464   Data           4  ethif.o(.data)
    wpa_debug_level                          0x2000246c   Data           4  common.o(.data)
    g_random                                 0x20002470   Data           4  common.o(.data)
    ADCConvertedValue                        0x20002478   Data           2  stm32sys.o(.data)
    HSEStartUpStatus                         0x2000247a   Data           1  stm32sys.o(.data)
    sdio_sys_wait                            0x2000247c   Data           1  marvell_ops.o(.data)
    pgmarvel_priv                            0x20002480   Data           4  marvell_ops.o(.data)
    lbs_region_code_to_index                 0x200026dc   Data          12  marvel_main.o(.data)
    lbs_bg_rates                             0x200026e8   Data          14  marvel_main.o(.data)
    TimerIntPr                               0x2000289c   Data          32  system.o(.bss)
    HostName                                 0x200028bc   Data          16  shell.o(.bss)
    dhcp_rx_options_val                      0x20002a2c   Data          40  dhcp.o(.bss)
    dhcp_rx_options_given                    0x20002a54   Data          10  dhcp.o(.bss)
    lwip_stats                               0x2000310c   Data         186  stats.o(.bss)
    ADC_InitStructure                        0x200042d4   Data          20  stm32sys.o(.bss)
    DMA_InitStructure                        0x200042e8   Data          44  stm32sys.o(.bss)
    gmarvel_adhoc_assoc                      0x2000466c   Data         856  assoc.o(.bss)
    confirm_sleep                            0x20005028   Data          18  marvell_ops.o(.bss)
    __libspace_start                         0x20007740   Data          96  libspace.o(.bss)
    __temporary_stack_top$libspace           0x200077a0   Data           0  libspace.o(.bss)



==============================================================================

Memory Map of the image

  Image Entry point : 0x08000131

  Load Region LR_IROM1 (Base: 0x08000000, Size: 0x00049574, Max: 0x00080000, ABSOLUTE, COMPRESSED[0x0004761c])

    Execution Region ER_IROM1 (Base: 0x08000000, Size: 0x00046d98, Max: 0x00080000, ABSOLUTE)

    Base Addr    Size         Type   Attr      Idx    E Section Name        Object

    0x08000000   0x00000130   Data   RO         3054    RESET               startup_stm32f10x_md.o
    0x08000130   0x00000008   Code   RO         6092  * !!!main             c_w.l(__main.o)
    0x08000138   0x00000034   Code   RO         6271    !!!scatter          c_w.l(__scatter.o)
    0x0800016c   0x0000005a   Code   RO         6269    !!dczerorl2         c_w.l(__dczerorl2.o)
    0x080001c6   0x00000002   PAD
    0x080001c8   0x0000001c   Code   RO         6273    !!handler_zi        c_w.l(__scatter_zi.o)
    0x080001e4   0x00000000   Code   RO         6077    .ARM.Collect$$_printf_percent$$00000000  c_w.l(_printf_percent.o)
    0x080001e4   0x00000006   Code   RO         6076    .ARM.Collect$$_printf_percent$$0000000B  c_w.l(_printf_o.o)
    0x080001ea   0x00000004   Code   RO         6105    .ARM.Collect$$_printf_percent$$00000017  c_w.l(_printf_percent_end.o)
    0x080001ee   0x00000002   Code   RO         6145    .ARM.Collect$$libinit$$00000000  c_w.l(libinit.o)
    0x080001f0   0x00000000   Code   RO         6147    .ARM.Collect$$libinit$$00000002  c_w.l(libinit2.o)
    0x080001f0   0x00000000   Code   RO         6150    .ARM.Collect$$libinit$$00000008  c_w.l(libinit2.o)
    0x080001f0   0x00000000   Code   RO         6152    .ARM.Collect$$libinit$$0000000A  c_w.l(libinit2.o)
    0x080001f0   0x00000000   Code   RO         6154    .ARM.Collect$$libinit$$0000000C  c_w.l(libinit2.o)
    0x080001f0   0x00000006   Code   RO         6155    .ARM.Collect$$libinit$$0000000D  c_w.l(libinit2.o)
    0x080001f6   0x00000000   Code   RO         6157    .ARM.Collect$$libinit$$0000000F  c_w.l(libinit2.o)
    0x080001f6   0x0000000c   Code   RO         6158    .ARM.Collect$$libinit$$00000010  c_w.l(libinit2.o)
    0x08000202   0x00000000   Code   RO         6159    .ARM.Collect$$libinit$$00000011  c_w.l(libinit2.o)
    0x08000202   0x00000000   Code   RO         6161    .ARM.Collect$$libinit$$00000013  c_w.l(libinit2.o)
    0x08000202   0x00000000   Code   RO         6163    .ARM.Collect$$libinit$$00000015  c_w.l(libinit2.o)
    0x08000202   0x00000000   Code   RO         6165    .ARM.Collect$$libinit$$00000017  c_w.l(libinit2.o)
    0x08000202   0x00000000   Code   RO         6167    .ARM.Collect$$libinit$$00000019  c_w.l(libinit2.o)
    0x08000202   0x00000000   Code   RO         6169    .ARM.Collect$$libinit$$0000001B  c_w.l(libinit2.o)
    0x08000202   0x00000000   Code   RO         6171    .ARM.Collect$$libinit$$0000001D  c_w.l(libinit2.o)
    0x08000202   0x00000000   Code   RO         6173    .ARM.Collect$$libinit$$0000001F  c_w.l(libinit2.o)
    0x08000202   0x00000000   Code   RO         6175    .ARM.Collect$$libinit$$00000021  c_w.l(libinit2.o)
    0x08000202   0x00000000   Code   RO         6177    .ARM.Collect$$libinit$$00000023  c_w.l(libinit2.o)
    0x08000202   0x00000000   Code   RO         6181    .ARM.Collect$$libinit$$0000002A  c_w.l(libinit2.o)
    0x08000202   0x00000000   Code   RO         6183    .ARM.Collect$$libinit$$0000002C  c_w.l(libinit2.o)
    0x08000202   0x00000000   Code   RO         6185    .ARM.Collect$$libinit$$0000002E  c_w.l(libinit2.o)
    0x08000202   0x00000000   Code   RO         6187    .ARM.Collect$$libinit$$00000030  c_w.l(libinit2.o)
    0x08000202   0x00000002   Code   RO         6188    .ARM.Collect$$libinit$$00000031  c_w.l(libinit2.o)
    0x08000204   0x00000002   Code   RO         6218    .ARM.Collect$$libshutdown$$00000000  c_w.l(libshutdown.o)
    0x08000206   0x00000000   Code   RO         6230    .ARM.Collect$$libshutdown$$00000003  c_w.l(libshutdown2.o)
    0x08000206   0x00000000   Code   RO         6233    .ARM.Collect$$libshutdown$$00000006  c_w.l(libshutdown2.o)
    0x08000206   0x00000000   Code   RO         6236    .ARM.Collect$$libshutdown$$00000009  c_w.l(libshutdown2.o)
    0x08000206   0x00000000   Code   RO         6238    .ARM.Collect$$libshutdown$$0000000B  c_w.l(libshutdown2.o)
    0x08000206   0x00000000   Code   RO         6241    .ARM.Collect$$libshutdown$$0000000E  c_w.l(libshutdown2.o)
    0x08000206   0x00000002   Code   RO         6242    .ARM.Collect$$libshutdown$$0000000F  c_w.l(libshutdown2.o)
    0x08000208   0x00000000   Code   RO         6094    .ARM.Collect$$rtentry$$00000000  c_w.l(rtentry.o)
    0x08000208   0x00000000   Code   RO         6109    .ARM.Collect$$rtentry$$00000002  c_w.l(rtentry2.o)
    0x08000208   0x00000006   Code   RO         6121    .ARM.Collect$$rtentry$$00000004  c_w.l(rtentry4.o)
    0x0800020e   0x00000000   Code   RO         6111    .ARM.Collect$$rtentry$$00000009  c_w.l(rtentry2.o)
    0x0800020e   0x00000004   Code   RO         6112    .ARM.Collect$$rtentry$$0000000A  c_w.l(rtentry2.o)
    0x08000212   0x00000000   Code   RO         6114    .ARM.Collect$$rtentry$$0000000C  c_w.l(rtentry2.o)
    0x08000212   0x00000008   Code   RO         6115    .ARM.Collect$$rtentry$$0000000D  c_w.l(rtentry2.o)
    0x0800021a   0x00000002   Code   RO         6189    .ARM.Collect$$rtexit$$00000000  c_w.l(rtexit.o)
    0x0800021c   0x00000000   Code   RO         6196    .ARM.Collect$$rtexit$$00000002  c_w.l(rtexit2.o)
    0x0800021c   0x00000004   Code   RO         6197    .ARM.Collect$$rtexit$$00000003  c_w.l(rtexit2.o)
    0x08000220   0x00000006   Code   RO         6198    .ARM.Collect$$rtexit$$00000004  c_w.l(rtexit2.o)
    0x08000226   0x00000002   PAD
    0x08000228   0x00000558   Code   RO            3    .text               arch_stm.o
    0x08000780   0x000001ec   Code   RO          137    .text               hellocn.o
    0x0800096c   0x000000a0   Code   RO          153    .text               osadapt.o
    0x08000a0c   0x000001dc   Code   RO          159    .text               system_stm32f10x.o
    0x08000be8   0x000007b4   Code   RO          192    .text               usart.o
    0x0800139c   0x000003d0   Code   RO          421    .text               console.o
    0x0800176c   0x00000570   Code   RO          444    .text               devmgr.o
    0x08001cdc   0x00000114   Code   RO          464    .text               dim.o
    0x08001df0   0x00000bfc   Code   RO          487    .text               iomgr.o
    0x080029ec   0x000006f4   Code   RO          504    .text               iomgr2.o
    0x080030e0   0x000004d0   Code   RO          519    .text               kapi.o
    0x080035b0   0x00000370   Code   RO          593    .text               kmemmgr.o
    0x08003920   0x00000984   Code   RO          607    .text               ktmgr.o
    0x080042a4   0x00000288   Code   RO          645    .text               ktmgr2.o
    0x0800452c   0x000004d0   Code   RO          657    .text               mem_fbl.o
    0x080049fc   0x00000500   Code   RO          681    .text               modmgr.o
    0x08004efc   0x000002b0   Code   RO          710    .text               objmgr.o
    0x080051ac   0x000001a4   Code   RO          772    .text               objqueue.o
    0x08005350   0x00000c1c   Code   RO          831    .text               synobj.o
    0x08005f6c   0x0000065c   Code   RO          843    .text               syscall.o
    0x080065c8   0x000007f4   Code   RO          864    .text               system.o
    0x08006dbc   0x000000fc   Code   RO          887    .text               types.o
    0x08006eb8   0x00000020   Code   RO          905    .text               idle.o
    0x08006ed8   0x000007d0   Code   RO         1011    .text               stdio.o
    0x080076a8   0x000003f0   Code   RO         1029    .text               string.o
    0x08007a98   0x000004b8   Code   RO         1245    .text               os_entry.o
    0x08007f50   0x00000884   Code   RO         1484    .text               shell.o
    0x080087d4   0x00000960   Code   RO         1624    .text               shell1.o
    0x08009134   0x000008dc   Code   RO         1717    .text               synobj2.o
    0x08009a10   0x00000c4c   Code   RO         1729    .text               api_lib.o
    0x0800a65c   0x00001798   Code   RO         1812    .text               api_msg.o
    0x0800bdf4   0x0000038c   Code   RO         1868    .text               netbuf.o
    0x0800c180   0x00001ae8   Code   RO         1936    .text               sockets.o
    0x0800dc68   0x00000314   Code   RO         1981    .text               tcpip.o
    0x0800df7c   0x00000258   Code   RO         2035    .text               sys_arch.o
    0x0800e1d4   0x0000003e   Code   RO         2071    .text               def.o
    0x0800e212   0x00000002   PAD
    0x0800e214   0x0000189c   Code   RO         2083    .text               dhcp.o
    0x0800fab0   0x0000074c   Code   RO         2128    .text               dns.o
    0x080101fc   0x0000046c   Code   RO         2147    .text               icmp.o
    0x08010668   0x0000026c   Code   RO         2177    .text               inet_chksum.o
    0x080108d4   0x0000001c   Code   RO         2189    .text               init.o
    0x080108f0   0x00000528   Code   RO         2237    .text               ip.o
    0x08010e18   0x000002ec   Code   RO         2284    .text               ip_addr.o
    0x08011104   0x000009a4   Code   RO         2307    .text               ip_frag.o
    0x08011aa8   0x000004f8   Code   RO         2364    .text               netif.o
    0x08011fa0   0x00000fc4   Code   RO         2410    .text               pbuf.o
    0x08012f64   0x00000204   Code   RO         2433    .text               raw.o
    0x08013168   0x00000002   Code   RO         2447    .text               stats.o
    0x0801316a   0x00000002   PAD
    0x0801316c   0x00001210   Code   RO         2477    .text               tcp.o
    0x0801437c   0x00001d50   Code   RO         2505    .text               tcp_in.o
    0x080160cc   0x00001280   Code   RO         2531    .text               tcp_out.o
    0x0801734c   0x00000310   Code   RO         2544    .text               timers.o
    0x0801765c   0x00000624   Code   RO         2585    .text               udp.o
    0x08017c80   0x00000bc8   Code   RO         2629    .text               etharp.o
    0x08018848   0x00000044   Code   RO         2664    .text               sysmem.o
    0x0801888c   0x0000013a   Code   RO         2769    .text               atox.o
    0x080189c6   0x00000002   PAD
    0x080189c8   0x0000062c   Code   RO         2781    .text               fdisk2.o
    0x08018ff4   0x00000ac4   Code   RO         2803    .text               fdisk.o
    0x08019ab8   0x000001d4   Code   RO         2820    .text               fibonacci.o
    0x08019c8c   0x00000ce0   Code   RO         2842    .text               fs.o
    0x0801a96c   0x0000024c   Code   RO         2861    .text               hedit.o
    0x0801abb8   0x00000940   Code   RO         2876    .text               hypertrm.o
    0x0801b4f8   0x00000a24   Code   RO         2891    .text               ioctrl_s.o
    0x0801bf1c   0x00000344   Code   RO         2907    .text               network2.o
    0x0801c260   0x00000608   Code   RO         2930    .text               network.o
    0x0801c868   0x000008ec   Code   RO         2981    .text               sysd_s.o
    0x0801d154   0x000004b0   Code   RO         3003    .text               ethif.o
    0x0801d604   0x00000048   Code   RO         3055    .text               startup_stm32f10x_md.o
    0x0801d64c   0x000002cc   Code   RO         3236    .text               common.o
    0x0801d918   0x00000888   Code   RO         3350    .text               core.o
    0x0801e1a0   0x00000a9c   Code   RO         3424    .text               s3cmci.o
    0x0801ec3c   0x00000c86   Code   RO         3558    .text               sdio.o
    0x0801f8c2   0x00000002   PAD
    0x0801f8c4   0x000004d8   Code   RO         3571    .text               sdio_cis.o
    0x0801fd9c   0x000007f4   Code   RO         3586    .text               stm32sys.o
    0x08020590   0x0000015c   Code   RO         3604    .text               sdio_drv.o
    0x080206ec   0x000015d8   Code   RO         3651    .text               assoc.o
    0x08021cc4   0x00000a14   Code   RO         3785    .text               if_sdio.o
    0x080226d8   0x00000284   Code   RO         3855    .text               marvell_ops.o
    0x0802295c   0x000008a8   Code   RO         3904    .text               scan.o
    0x08023204   0x00000550   Code   RO         3949    .text               marvel_main.o
    0x08023754   0x00000148   Code   RO         3999    .text               rx.o
    0x0802389c   0x000011da   Code   RO         4011    .text               cmd.o
    0x08024a76   0x00000002   PAD
    0x08024a78   0x00000724   Code   RO         4063    .text               11d.o
    0x0802519c   0x00000358   Code   RO         4107    .text               marvelif.o
    0x080254f4   0x00000012   Code   RO         6038    .text               c_w.l(isprint.o)
    0x08025506   0x0000001e   Code   RO         6040    .text               c_w.l(toupper.o)
    0x08025524   0x00000038   Code   RO         6042    .text               c_w.l(__2snprintf.o)
    0x0802555c   0x00000052   Code   RO         6048    .text               c_w.l(_printf_pad.o)
    0x080255ae   0x00000002   PAD
    0x080255b0   0x00000058   Code   RO         6052    .text               c_w.l(_printf_oct_int.o)
    0x08025608   0x0000013c   Code   RO         6068    .text               c_w.l(__printf_flags_wp.o)
    0x08025744   0x0000008a   Code   RO         6078    .text               c_w.l(rt_memcpy_v6.o)
    0x080257ce   0x00000084   Code   RO         6080    .text               c_w.l(rt_memmove_v6.o)
    0x08025852   0x00000064   Code   RO         6082    .text               c_w.l(rt_memcpy_w.o)
    0x080258b6   0x00000010   Code   RO         6084    .text               c_w.l(aeabi_memset.o)
    0x080258c6   0x00000044   Code   RO         6086    .text               c_w.l(rt_memclr.o)
    0x0802590a   0x0000004e   Code   RO         6088    .text               c_w.l(rt_memclr_w.o)
    0x08025958   0x00000006   Code   RO         6090    .text               c_w.l(heapauxi.o)
    0x0802595e   0x00000002   PAD
    0x08025960   0x00000010   Code   RO         6095    .text               c_w.l(rt_ctype_table.o)
    0x08025970   0x000000b8   Code   RO         6097    .text               c_w.l(_printf_intcommon.o)
    0x08025a28   0x00000030   Code   RO         6099    .text               c_w.l(_printf_char_common.o)
    0x08025a58   0x0000000a   Code   RO         6101    .text               c_w.l(_sputc.o)
    0x08025a62   0x00000010   Code   RO         6103    .text               c_w.l(_snputc.o)
    0x08025a72   0x0000007a   Code   RO         6106    .text               c_w.l(rt_memmove_w.o)
    0x08025aec   0x00000008   Code   RO         6126    .text               c_w.l(rt_locale_intlibspace.o)
    0x08025af4   0x00000008   Code   RO         6133    .text               c_w.l(libspace.o)
    0x08025afc   0x0000004a   Code   RO         6136    .text               c_w.l(sys_stackheap_outer.o)
    0x08025b46   0x0000000c   Code   RO         6138    .text               c_w.l(exit.o)
    0x08025b52   0x00000002   PAD
    0x08025b54   0x0000000c   Code   RO         6208    .text               c_w.l(sys_exit.o)
    0x08025b60   0x00000002   Code   RO         6219    .text               c_w.l(use_no_semi.o)
    0x08025b62   0x00000000   Code   RO         6221    .text               c_w.l(indicate_semi.o)
    0x08025b62   0x00000014   Code   RO         4141    i.ADC_Cmd           STM32F10xR.LIB(stm32f10x_adc.o)
    0x08025b76   0x00000014   Code   RO         4142    i.ADC_DMACmd        STM32F10xR.LIB(stm32f10x_adc.o)
    0x08025b8a   0x0000000e   Code   RO         4149    i.ADC_GetCalibrationStatus  STM32F10xR.LIB(stm32f10x_adc.o)
    0x08025b98   0x00000006   Code   RO         4150    i.ADC_GetConversionValue  STM32F10xR.LIB(stm32f10x_adc.o)
    0x08025b9e   0x0000000e   Code   RO         4155    i.ADC_GetResetCalibrationStatus  STM32F10xR.LIB(stm32f10x_adc.o)
    0x08025bac   0x00000048   Code   RO         4159    i.ADC_Init          STM32F10xR.LIB(stm32f10x_adc.o)
    0x08025bf4   0x00000074   Code   RO         4163    i.ADC_RegularChannelConfig  STM32F10xR.LIB(stm32f10x_adc.o)
    0x08025c68   0x0000000a   Code   RO         4164    i.ADC_ResetCalibration  STM32F10xR.LIB(stm32f10x_adc.o)
    0x08025c72   0x00000014   Code   RO         4166    i.ADC_SoftwareStartConvCmd  STM32F10xR.LIB(stm32f10x_adc.o)
    0x08025c86   0x0000000a   Code   RO         4168    i.ADC_StartCalibration  STM32F10xR.LIB(stm32f10x_adc.o)
    0x08025c90   0x00000014   Code   RO         4375    i.DMA_ClearFlag     STM32F10xR.LIB(stm32f10x_dma.o)
    0x08025ca4   0x00000014   Code   RO         4377    i.DMA_Cmd           STM32F10xR.LIB(stm32f10x_dma.o)
    0x08025cb8   0x000000e0   Code   RO         4378    i.DMA_DeInit        STM32F10xR.LIB(stm32f10x_dma.o)
    0x08025d98   0x00000020   Code   RO         4380    i.DMA_GetFlagStatus  STM32F10xR.LIB(stm32f10x_dma.o)
    0x08025db8   0x0000003a   Code   RO         4383    i.DMA_Init          STM32F10xR.LIB(stm32f10x_dma.o)
    0x08025df2   0x00000002   PAD
    0x08025df4   0x0000000c   Code   RO         4444    i.FLASH_ClearFlag   STM32F10xR.LIB(stm32f10x_flash.o)
    0x08025e00   0x00000040   Code   RO         4448    i.FLASH_ErasePage   STM32F10xR.LIB(stm32f10x_flash.o)
    0x08025e40   0x00000028   Code   RO         4452    i.FLASH_GetStatus   STM32F10xR.LIB(stm32f10x_flash.o)
    0x08025e68   0x00000010   Code   RO         4457    i.FLASH_Lock        STM32F10xR.LIB(stm32f10x_flash.o)
    0x08025e78   0x00000018   Code   RO         4458    i.FLASH_PrefetchBufferCmd  STM32F10xR.LIB(stm32f10x_flash.o)
    0x08025e90   0x00000038   Code   RO         4459    i.FLASH_ProgramHalfWord  STM32F10xR.LIB(stm32f10x_flash.o)
    0x08025ec8   0x00000018   Code   RO         4463    i.FLASH_SetLatency  STM32F10xR.LIB(stm32f10x_flash.o)
    0x08025ee0   0x00000018   Code   RO         4464    i.FLASH_Unlock      STM32F10xR.LIB(stm32f10x_flash.o)
    0x08025ef8   0x00000028   Code   RO         4466    i.FLASH_WaitForLastOperation  STM32F10xR.LIB(stm32f10x_flash.o)
    0x08025f20   0x0000009a   Code   RO         4596    i.GPIO_Init         STM32F10xR.LIB(stm32f10x_gpio.o)
    0x08025fba   0x00000002   PAD
    0x08025fbc   0x00000010   Code   RO         4704    i.IWDG_ReloadCounter  STM32F10xR.LIB(stm32f10x_iwdg.o)
    0x08025fcc   0x0000000c   Code   RO         4705    i.IWDG_SetPrescaler  STM32F10xR.LIB(stm32f10x_iwdg.o)
    0x08025fd8   0x0000000c   Code   RO         4706    i.IWDG_SetReload    STM32F10xR.LIB(stm32f10x_iwdg.o)
    0x08025fe4   0x0000000c   Code   RO         4707    i.IWDG_WriteAccessCmd  STM32F10xR.LIB(stm32f10x_iwdg.o)
    0x08025ff0   0x00000074   Code   RO         4763    i.NVIC_Init         STM32F10xR.LIB(stm32f10x_nvic.o)
    0x08026064   0x00000014   Code   RO         4772    i.NVIC_SetVectorTable  STM32F10xR.LIB(stm32f10x_nvic.o)
    0x08026078   0x00000014   Code   RO         4936    i.RCC_ADCCLKConfig  STM32F10xR.LIB(stm32f10x_rcc.o)
    0x0802608c   0x00000018   Code   RO         4937    i.RCC_AHBPeriphClockCmd  STM32F10xR.LIB(stm32f10x_rcc.o)
    0x080260a4   0x00000018   Code   RO         4938    i.RCC_APB1PeriphClockCmd  STM32F10xR.LIB(stm32f10x_rcc.o)
    0x080260bc   0x00000018   Code   RO         4940    i.RCC_APB2PeriphClockCmd  STM32F10xR.LIB(stm32f10x_rcc.o)
    0x080260d4   0x0000003c   Code   RO         4947    i.RCC_DeInit        STM32F10xR.LIB(stm32f10x_rcc.o)
    0x08026110   0x00000094   Code   RO         4948    i.RCC_GetClocksFreq  STM32F10xR.LIB(stm32f10x_rcc.o)
    0x080261a4   0x00000030   Code   RO         4949    i.RCC_GetFlagStatus  STM32F10xR.LIB(stm32f10x_rcc.o)
    0x080261d4   0x00000010   Code   RO         4951    i.RCC_GetSYSCLKSource  STM32F10xR.LIB(stm32f10x_rcc.o)
    0x080261e4   0x00000014   Code   RO         4952    i.RCC_HCLKConfig    STM32F10xR.LIB(stm32f10x_rcc.o)
    0x080261f8   0x00000034   Code   RO         4953    i.RCC_HSEConfig     STM32F10xR.LIB(stm32f10x_rcc.o)
    0x0802622c   0x00000014   Code   RO         4959    i.RCC_PCLK1Config   STM32F10xR.LIB(stm32f10x_rcc.o)
    0x08026240   0x00000014   Code   RO         4960    i.RCC_PCLK2Config   STM32F10xR.LIB(stm32f10x_rcc.o)
    0x08026254   0x0000000c   Code   RO         4961    i.RCC_PLLCmd        STM32F10xR.LIB(stm32f10x_rcc.o)
    0x08026260   0x00000014   Code   RO         4962    i.RCC_PLLConfig     STM32F10xR.LIB(stm32f10x_rcc.o)
    0x08026274   0x00000014   Code   RO         4965    i.RCC_SYSCLKConfig  STM32F10xR.LIB(stm32f10x_rcc.o)
    0x08026288   0x00000034   Code   RO         4967    i.RCC_WaitForHSEStartUp  STM32F10xR.LIB(stm32f10x_rcc.o)
    0x080262bc   0x0000000c   Code   RO         5138    i.SDIO_ClearFlag    STM32F10xR.LIB(stm32f10x_sdio.o)
    0x080262c8   0x0000000c   Code   RO         5140    i.SDIO_ClockCmd     STM32F10xR.LIB(stm32f10x_sdio.o)
    0x080262d4   0x0000000c   Code   RO         5143    i.SDIO_DMACmd       STM32F10xR.LIB(stm32f10x_sdio.o)
    0x080262e0   0x0000002c   Code   RO         5144    i.SDIO_DataConfig   STM32F10xR.LIB(stm32f10x_sdio.o)
    0x0802630c   0x00000018   Code   RO         5154    i.SDIO_ITConfig     STM32F10xR.LIB(stm32f10x_sdio.o)
    0x08026324   0x0000002c   Code   RO         5155    i.SDIO_Init         STM32F10xR.LIB(stm32f10x_sdio.o)
    0x08026350   0x00000028   Code   RO         5158    i.SDIO_SendCommand  STM32F10xR.LIB(stm32f10x_sdio.o)
    0x08026378   0x00000018   Code   RO         5160    i.SDIO_SetPowerState  STM32F10xR.LIB(stm32f10x_sdio.o)
    0x08026390   0x00000016   Code   RO         5340    i.TIM_Cmd           STM32F10xR.LIB(stm32f10x_tim.o)
    0x080263a6   0x00000010   Code   RO         5365    i.TIM_ITConfig      STM32F10xR.LIB(stm32f10x_tim.o)
    0x080263b6   0x00000006   Code   RO         5389    i.TIM_PrescalerConfig  STM32F10xR.LIB(stm32f10x_tim.o)
    0x080263bc   0x0000003c   Code   RO         5411    i.TIM_TimeBaseInit  STM32F10xR.LIB(stm32f10x_tim.o)
    0x080263f8   0x0000001e   Code   RO         5864    i.USART_ClockInit   STM32F10xR.LIB(stm32f10x_usart.o)
    0x08026416   0x00000014   Code   RO         5866    i.USART_Cmd         STM32F10xR.LIB(stm32f10x_usart.o)
    0x0802642a   0x0000000e   Code   RO         5869    i.USART_GetFlagStatus  STM32F10xR.LIB(stm32f10x_usart.o)
    0x08026438   0x0000008c   Code   RO         5873    i.USART_Init        STM32F10xR.LIB(stm32f10x_usart.o)
    0x080264c4   0x00000008   Code   RO         5878    i.USART_ReceiveData  STM32F10xR.LIB(stm32f10x_usart.o)
    0x080264cc   0x00000008   Code   RO         5881    i.USART_SendData    STM32F10xR.LIB(stm32f10x_usart.o)
    0x080264d4   0x0000000e   Code   RO         6066    i._is_digit         c_w.l(__printf_wp.o)
    0x080264e2   0x0000000c   Code   RO         3675    i.clear_bit         assoc.o
    0x080264ee   0x00000002   PAD
    0x080264f0   0x00000028   Code   RO         4021    i.lbs_cmd_with_response  cmd.o
    0x08026518   0x0000000c   Code   RO         3670    i.set_bit           assoc.o
    0x08026524   0x0000001e   Code   RO         3664    i.test_bit          assoc.o
    0x08026542   0x00000002   PAD
    0x08026544   0x0000002c   Code   RO         6131    locale$$code        c_w.l(lc_ctype_c.o)
    0x08026570   0x00000042   Data   RO          682    .constdata          modmgr.o
    0x080265b2   0x00000002   PAD
    0x080265b4   0x00000048   Data   RO          866    .constdata          system.o
    0x080265fc   0x00000052   Data   RO         1486    .constdata          shell.o
    0x0802664e   0x00000002   PAD
    0x08026650   0x00000085   Data   RO         1625    .constdata          shell1.o
    0x080266d5   0x00000003   PAD
    0x080266d8   0x00000040   Data   RO         1938    .constdata          sockets.o
    0x08026718   0x00000089   Data   RO         2085    .constdata          dhcp.o
    0x080267a1   0x00000003   PAD
    0x080267a4   0x00000008   Data   RO         2286    .constdata          ip_addr.o
    0x080267ac   0x0000001e   Data   RO         2333    .constdata          memp.o
    0x080267ca   0x00000002   PAD
    0x080267cc   0x00000050   Data   RO         2478    .constdata          tcp.o
    0x0802681c   0x00000055   Data   RO         2532    .constdata          tcp_out.o
    0x08026871   0x00000003   PAD
    0x08026874   0x00000050   Data   RO         2631    .constdata          etharp.o
    0x080268c4   0x000000cf   Data   RO         2782    .constdata          fdisk2.o
    0x08026993   0x00000001   PAD
    0x08026994   0x00000114   Data   RO         2805    .constdata          fdisk.o
    0x08026aa8   0x00000012   Data   RO         3352    .constdata          core.o
    0x08026aba   0x00000002   PAD
    0x08026abc   0x00000055   Data   RO         3559    .constdata          sdio.o
    0x08026b11   0x00000003   PAD
    0x08026b14   0x00000054   Data   RO         3573    .constdata          sdio_cis.o
    0x08026b68   0x0001e024   Data   RO         3626    .constdata          8686.o
    0x08044b8c   0x000000fb   Data   RO         3653    .constdata          assoc.o
    0x08044c87   0x000009d4   Data   RO         3761    .constdata          help.o
    0x0804565b   0x00000001   PAD
    0x0804565c   0x00000058   Data   RO         3787    .constdata          if_sdio.o
    0x080456b4   0x00000072   Data   RO         3905    .constdata          scan.o
    0x08045726   0x00000014   Data   RO         4968    .constdata          STM32F10xR.LIB(stm32f10x_rcc.o)
    0x0804573a   0x00000011   Data   RO         6069    .constdata          c_w.l(__printf_flags_wp.o)
    0x0804574b   0x00000016   Data   RO          193    .conststring        usart.o
    0x08045761   0x00000075   Data   RO          608    .conststring        ktmgr.o
    0x080457d6   0x0000004a   Data   RO         1012    .conststring        stdio.o
    0x08045820   0x000000a6   Data   RO         1246    .conststring        os_entry.o
    0x080458c6   0x00000032   Data   RO         1360    .conststring        extcmd.o
    0x080458f8   0x00000070   Data   RO         1487    .conststring        shell.o
    0x08045968   0x00000068   Data   RO         2479    .conststring        tcp.o
    0x080459d0   0x00000201   Data   RO         2806    .conststring        fdisk.o
    0x08045bd1   0x00000252   Data   RO         2844    .conststring        fs.o
    0x08045e23   0x00000540   Data   RO         2893    .conststring        ioctrl_s.o
    0x08046363   0x00000164   Data   RO         2931    .conststring        network.o
    0x080464c7   0x000007a1   Data   RO         2982    .conststring        sysd_s.o
    0x08046c68   0x00000020   Data   RO         6267    Region$$Table       anon$$obj.o
    0x08046c88   0x00000110   Data   RO         6130    locale$$data        c_w.l(lc_ctype_c.o)


    Execution Region RW_IRAM1 (Base: 0x20000000, Size: 0x00007da0, Max: 0x00010000, ABSOLUTE, COMPRESSED[0x00000884])

    Base Addr    Size         Type   Attr      Idx    E Section Name        Object

    0x20000000   0x00000014   Data   RW          160    .data               system_stm32f10x.o
    0x20000014   0x00000d10   Data   RW          194    .data               usart.o
    0x20000d24   0x00000044   Data   RW          422    .data               console.o
    0x20000d68   0x000002c4   Data   RW          445    .data               devmgr.o
    0x2000102c   0x00000018   Data   RW          465    .data               dim.o
    0x20001044   0x00000238   Data   RW          488    .data               iomgr.o
    0x2000127c   0x00000008   Data   RW          580    .data               kermod.o
    0x20001284   0x00000280   Data   RW          594    .data               kmemmgr.o
    0x20001504   0x000000f0   Data   RW          609    .data               ktmgr.o
    0x200015f4   0x00000060   Data   RW          658    .data               mem_fbl.o
    0x20001654   0x00000014   Data   RW          683    .data               modmgr.o
    0x20001668   0x000003d4   Data   RW          711    .data               objmgr.o
    0x20001a3c   0x0000024c   Data   RW          867    .data               system.o
    0x20001c88   0x00000004   Data   RW          906    .data               idle.o
    0x20001c8c   0x0000000c   Data   RW         1013    .data               stdio.o
    0x20001c98   0x0000000c   Data   RW         1131    .data               drventry.o
    0x20001ca4   0x00000010   Data   RW         1236    .data               mem_scat.o
    0x20001cb4   0x00000010   Data   RW         1247    .data               os_entry.o
    0x20001cc4   0x00000080   Data   RW         1361    .data               extcmd.o
    0x20001d44   0x00000098   Data   RW         1488    .data               shell.o
    0x20001ddc   0x00000008   Data   RW         1939    .data               sockets.o
    0x20001de4   0x0000000c   Data   RW         1982    .data               tcpip.o
    0x20001df0   0x00000004   Data   RW         2086    .data               dhcp.o
    0x20001df4   0x00000014   Data   RW         2130    .data               dns.o
    0x20001e08   0x00000012   Data   RW         2238    .data               ip.o
    0x20001e1a   0x00000002   PAD
    0x20001e1c   0x00000006   Data   RW         2308    .data               ip_frag.o
    0x20001e22   0x00000002   PAD
    0x20001e24   0x0000000c   Data   RW         2366    .data               netif.o
    0x20001e30   0x00000001   Data   RW         2411    .data               pbuf.o
    0x20001e31   0x00000003   PAD
    0x20001e34   0x00000004   Data   RW         2434    .data               raw.o
    0x20001e38   0x00000021   Data   RW         2480    .data               tcp.o
    0x20001e59   0x00000003   PAD
    0x20001e5c   0x00000020   Data   RW         2507    .data               tcp_in.o
    0x20001e7c   0x00000008   Data   RW         2545    .data               timers.o
    0x20001e84   0x00000004   Data   RW         2586    .data               udp.o
    0x20001e88   0x00000001   Data   RW         2632    .data               etharp.o
    0x20001e89   0x00000003   PAD
    0x20001e8c   0x0000008c   Data   RW         2783    .data               fdisk2.o
    0x20001f18   0x00000078   Data   RW         2807    .data               fdisk.o
    0x20001f90   0x000000b4   Data   RW         2845    .data               fs.o
    0x20002044   0x000000fc   Data   RW         2894    .data               ioctrl_s.o
    0x20002140   0x00000010   Data   RW         2908    .data               network2.o
    0x20002150   0x0000006c   Data   RW         2932    .data               network.o
    0x200021bc   0x00000004   Data   RW         2957    .data               stat_s.o
    0x200021c0   0x000002a4   Data   RW         2983    .data               sysd_s.o
    0x20002464   0x00000004   Data   RW         3005    .data               ethif.o
    0x20002468   0x0000000c   Data   RW         3237    .data               common.o
    0x20002474   0x00000004   Data   RW         3427    .data               s3cmci.o
    0x20002478   0x00000003   Data   RW         3588    .data               stm32sys.o
    0x2000247b   0x00000001   PAD
    0x2000247c   0x00000008   Data   RW         3857    .data               marvell_ops.o
    0x20002484   0x00000280   Data   RW         3951    .data               marvel_main.o
    0x20002704   0x000000cc   Data   RW         4064    .data               11d.o
    0x200027d0   0x00000004   Data   RW         4108    .data               marvelif.o
    0x200027d4   0x00000008   Data   RW         4969    .data               STM32F10xR.LIB(stm32f10x_rcc.o)
    0x200027dc   0x000000c0   Zero   RW          844    .bss                syscall.o
    0x2000289c   0x00000020   Zero   RW          865    .bss                system.o
    0x200028bc   0x00000110   Zero   RW         1485    .bss                shell.o
    0x200029cc   0x00000060   Zero   RW         1937    .bss                sockets.o
    0x20002a2c   0x00000032   Zero   RW         2084    .bss                dhcp.o
    0x20002a5e   0x00000002   PAD
    0x20002a60   0x00000660   Zero   RW         2129    .bss                dns.o
    0x200030c0   0x00000010   Zero   RW         2285    .bss                ip_addr.o
    0x200030d0   0x0000003c   Zero   RW         2365    .bss                netif.o
    0x2000310c   0x000000ba   Zero   RW         2448    .bss                stats.o
    0x200031c6   0x00000002   PAD
    0x200031c8   0x00000010   Zero   RW         2506    .bss                tcp_in.o
    0x200031d8   0x000000a0   Zero   RW         2630    .bss                etharp.o
    0x20003278   0x00000374   Zero   RW         2804    .bss                fdisk.o
    0x200035ec   0x000003c8   Zero   RW         2843    .bss                fs.o
    0x200039b4   0x00000100   Zero   RW         2892    .bss                ioctrl_s.o
    0x20003ab4   0x00000090   Zero   RW         3004    .bss                ethif.o
    0x20003b44   0x000001e8   Zero   RW         3351    .bss                core.o
    0x20003d2c   0x0000001c   Zero   RW         3425    .bss                s3cmci.o
    0x20003d48   0x0000058c   Zero   RW         3572    .bss                sdio_cis.o
    0x200042d4   0x00000040   Zero   RW         3587    .bss                stm32sys.o
    0x20004314   0x000006b0   Zero   RW         3652    .bss                assoc.o
    0x200049c4   0x00000664   Zero   RW         3786    .bss                if_sdio.o
    0x20005028   0x00000012   Zero   RW         3856    .bss                marvell_ops.o
    0x2000503a   0x00000002   PAD
    0x2000503c   0x000022e8   Zero   RW         3950    .bss                marvel_main.o
    0x20007324   0x0000041c   Zero   RW         4012    .bss                cmd.o
    0x20007740   0x00000060   Zero   RW         6134    .bss                c_w.l(libspace.o)
    0x200077a0   0x00000200   Zero   RW         3053    HEAP                startup_stm32f10x_md.o
    0x200079a0   0x00000400   Zero   RW         3052    STACK               startup_stm32f10x_md.o


==============================================================================

Image component sizes


      Code (inc. data)   RO Data    RW Data    ZI Data      Debug   Object Name

      1828        136          0        204          0      34399   11d.o
         0          0     122916          0          0       2044   8686.o
      3148        842          0          0          0      27523   api_lib.o
      6040       1176          0          0          0      23811   api_msg.o
      1368        564          0          0          0     247653   arch_stm.o
      5646        444        251          0       1712      65439   assoc.o
       314          0          0          0          0       1741   atox.o
      4610        124          0          0       1052      50476   cmd.o
       716        110          0         12          0      96044   common.o
         0          0          0          0          0      25755   comqueue.o
       976         60          0         68          0       4378   console.o
      2184        276         18          0        488      47234   core.o
        62          0          0          0          0       1002   def.o
      1392         34          0        708          0       6732   devmgr.o
      6300       1048        137          4         50      19044   dhcp.o
       276          4          0         24          0       2977   dim.o
      1868        254          0         20       1632       7332   dns.o
         0          0          0         12          0      22033   drventry.o
      3016        498         80          1        160      14056   etharp.o
      1200        454          0          4        144      16219   ethif.o
         0          0         50        128          0      17056   extcmd.o
      2756        996        789        120        884       7081   fdisk.o
      1580        398        207        140          0       6385   fdisk2.o
       468         98          0          0          0       2068   fibonacci.o
      3296       1422        594        180        968       6578   fs.o
       588        156          0          0          0       1933   hedit.o
       492        172          0          0          0       2535   hellocn.o
         0          0       2516          0          0        426   help.o
      2368        750          0          0          0       5579   hypertrm.o
      1132        322          0          0          0       2354   icmp.o
        32          4          0          4          0       1437   idle.o
      2580        106         88          0       1636      41058   if_sdio.o
       620         46          0          0          0       2709   inet_chksum.o
        28          0          0          0          0      13052   init.o
      2596        844       1344        252        256       7482   ioctrl_s.o
      3068         36          0        568          0      19068   iomgr.o
      1780         22          0          0          0       8195   iomgr2.o
      1320        122          0         18          0      18990   ip.o
       748         50          8          0         16       8731   ip_addr.o
      2468        442          0          6          0       6460   ip_frag.o
      1232         28          0          0          0      35184   kapi.o
         0          0          0          8          0       1383   kermod.o
       880          8          0        640          0       3960   kmemmgr.o
      2436         64        117        240          0      17748   ktmgr.o
       648         28          0          0          0       2766   ktmgr2.o
      1360         84          0        640       8936      38584   marvel_main.o
       856        226          0          4          0       4774   marvelif.o
       644         60          0          8         18      31448   marvell_ops.o
      1232         38          0         96          0       6614   mem_fbl.o
         0          0          0         16          0        394   mem_scat.o
         0          0         30          0          0        933   memp.o
      1280        354         66         20          0       4847   modmgr.o
       908        292          0          0          0       7381   netbuf.o
         0          0          0          0          0       2572   netdb.o
      1272        224          0         12         60      17749   netif.o
      1544        546        356        108          0       6213   network.o
       836        250          0         16          0       3721   network2.o
       688          6          0        980          0       5052   objmgr.o
       420         14          0          0          0       2534   objqueue.o
      1208        810        166         16          0       9284   os_entry.o
       160         34          0          0          0        768   osadapt.o
      4036       1062          0          1          0       9669   pbuf.o
       516         80          0          4          0       2977   raw.o
       328         60          0          0          0       2488   rx.o
      2716        368          0          4         28      37125   s3cmci.o
      2216         46        114          0          0      41763   scan.o
      3206        310         85          0          0      10415   sdio.o
      1240        198         84          0       1420       5142   sdio_cis.o
       348        138          0          0          0       1054   sdio_drv.o
      2180        812        194        152        272      28682   shell.o
      2400       1568        133          0          0       3480   shell1.o
      6888        612         64          8         96      31257   sockets.o
        72         32        304          0       1536        732   startup_stm32f10x_md.o
         0          0          0          4          0        169   stat_s.o
         2          0          0          0        186       3182   stats.o
      2000         30         74         12          0       5478   stdio.o
      2036        202          0          3         64       6271   stm32sys.o
      1008         24          0          0          0       6621   string.o
      3100         96          0          0          0      10712   synobj.o
      2268         90          0          0          0       6262   synobj2.o
       600         14          0          0          0       5430   sys_arch.o
      1628        134          0          0        192       4276   syscall.o
      2284        728       1953        676          0       8163   sysd_s.o
        68          0          0          0          0       1837   sysmem.o
      2036        298         72        588         32      10612   system.o
       476         36          0         20          0       1623   system_stm32f10x.o
      4624        856        184         33          0      20006   tcp.o
      7504        996          0         32         16      15139   tcp_in.o
      4736        768         85          0          0       9435   tcp_out.o
       788        148          0         12          0      16722   tcpip.o
       784        136          0          8          0       3299   timers.o
       252          0          0          0          0       2605   types.o
      1572        154          0          4          0      12916   udp.o
      1972        202         22       3344          0      50231   usart.o

    ----------------------------------------------------------------------
    152366      25274     133155      10196      21860    1474751   Object Totals
         0          0         32          0          0          0   (incl. Generated)
        14          0         22         14          6          0   (incl. Padding)

    ----------------------------------------------------------------------

      Code (inc. data)   RO Data    RW Data    ZI Data      Debug   Library Member Name

       302         10          0          0          0      37426   stm32f10x_adc.o
       354         24          0          0          0      12622   stm32f10x_dma.o
       300         50          0          0          0      10636   stm32f10x_flash.o
       154          0          0          0          0       7892   stm32f10x_gpio.o
        52         24          0          0          0       1596   stm32f10x_iwdg.o
       136          8          0          0          0       9074   stm32f10x_nvic.o
       580        106         20          8          0       9613   stm32f10x_rcc.o
       212         46          0          0          0      13721   stm32f10x_sdio.o
       104         10          0          0          0      27329   stm32f10x_tim.o
       220          6          0          0          0      10474   stm32f10x_usart.o
        56          6          0          0          0         88   __2snprintf.o
        90          0          0          0          0          0   __dczerorl2.o
         8          0          0          0          0         68   __main.o
       316          6         17          0          0         92   __printf_flags_wp.o
        14          0          0          0          0         68   __printf_wp.o
        52          8          0          0          0          0   __scatter.o
        28          0          0          0          0          0   __scatter_zi.o
        48          6          0          0          0         96   _printf_char_common.o
       184          0          0          0          0         88   _printf_intcommon.o
         6          0          0          0          0          0   _printf_o.o
        88          8          0          0          0         88   _printf_oct_int.o
        82          0          0          0          0        108   _printf_pad.o
         0          0          0          0          0          0   _printf_percent.o
         4          0          0          0          0          0   _printf_percent_end.o
        16          0          0          0          0         68   _snputc.o
        10          0          0          0          0         68   _sputc.o
        16          0          0          0          0         68   aeabi_memset.o
        12          0          0          0          0         72   exit.o
         6          0          0          0          0        152   heapauxi.o
         0          0          0          0          0          0   indicate_semi.o
        18          0          0          0          0         76   isprint.o
        44         10        272          0          0         76   lc_ctype_c.o
         2          0          0          0          0          0   libinit.o
        20          0          0          0          0          0   libinit2.o
         2          0          0          0          0          0   libshutdown.o
         2          0          0          0          0          0   libshutdown2.o
         8          4          0          0         96         68   libspace.o
        16          4          0          0          0         76   rt_ctype_table.o
         8          4          0          0          0         68   rt_locale_intlibspace.o
        68          0          0          0          0         68   rt_memclr.o
        78          0          0          0          0         80   rt_memclr_w.o
       138          0          0          0          0         68   rt_memcpy_v6.o
       100          0          0          0          0         80   rt_memcpy_w.o
       132          0          0          0          0         68   rt_memmove_v6.o
       122          0          0          0          0         80   rt_memmove_w.o
         0          0          0          0          0          0   rtentry.o
        12          0          0          0          0          0   rtentry2.o
         6          0          0          0          0          0   rtentry4.o
         2          0          0          0          0          0   rtexit.o
        10          0          0          0          0          0   rtexit2.o
        12          4          0          0          0         68   sys_exit.o
        74          0          0          0          0         80   sys_stackheap_outer.o
        30          0          0          0          0         76   toupper.o
         2          0          0          0          0         68   use_no_semi.o

    ----------------------------------------------------------------------
      4370        344        309          8         96     142607   Library Totals
        14          0          0          0          0          0   (incl. Padding)

    ----------------------------------------------------------------------

      Code (inc. data)   RO Data    RW Data    ZI Data      Debug   Library Name

      2414        284         20          8          0     140383   STM32F10xR.LIB
      1942         60        289          0         96       2224   c_w.l

    ----------------------------------------------------------------------
      4370        344        309          8         96     142607   Library Totals

    ----------------------------------------------------------------------

==============================================================================


      Code (inc. data)   RO Data    RW Data    ZI Data      Debug   

    156736      25618     133464      10204      21956    1606542   Grand Totals
    156736      25618     133464       2180      21956    1606542   ELF Image Totals (compressed)
    156736      25618     133464       2180          0          0   ROM Totals

==============================================================================

    Total RO  Size (Code + RO Data)               290200 ( 283.40kB)
    Total RW  Size (RW Data + ZI Data)             32160 (  31.41kB)
    Total ROM Size (Code + RO Data + RW Data)     292380 ( 285.53kB)

==============================================================================

