ARM Linker, 5.03 [Build 76] [MDK-ARM Standard]

==============================================================================

Section Cross References

    arch_stm.o(.text) refers to usart.o(.text) for SER_PutString
    arch_stm.o(.text) refers to stdio.o(.text) for _hx_sprintf
    arch_stm.o(.text) refers to ktmgr.o(.data) for KernelThreadManager
    hellocn.o(.text) refers to string.o(.text) for PrintLine
    hellocn.o(.text) refers to chardisplay.o(.text) for PrintStr
    hellocn.o(.text) refers to osadapt.o(.text) for Enter_Critical_Section
    osadapt.o(.text) refers to system.o(.text) for GeneralIntHandler
    osadapt.o(.text) refers to ktmgr.o(.text) for UniSchedule
    osadapt.o(.text) refers to system_stm32f10x.o(.text) for SystemInit
    osadapt.o(.text) refers to __main.o(!!!main) for __main
    system_stm32f10x.o(.text) refers to system_stm32f10x.o(.data) for SystemCoreClock
    usart.o(.text) refers to osadapt.o(.text) for Enter_Critical_Section
    usart.o(.text) refers to system.o(.data) for System
    usart.o(.text) refers to iomgr.o(.data) for IOManager
    usart.o(.text) refers to usart.o(.data) for UsartCtrlBlock
    usart.o(.data) refers to usart.o(.conststring) for .conststring
    comqueue.o(.text) refers to osadapt.o(.text) for Enter_Critical_Section
    comqueue.o(.text) refers to kmemmgr.o(.text) for KMemFree
    console.o(.text) refers to string.o(.text) for strlen
    console.o(.text) refers to console.o(.data) for Console
    console.o(.text) refers to dim.o(.data) for DeviceInputManager
    console.o(.text) refers to iomgr.o(.data) for IOManager
    console.o(.text) refers to ktmgr.o(.data) for KernelThreadManager
    console.o(.text) refers to system.o(.data) for System
    console.o(.data) refers to console.o(.text) for ConInitialize
    devmgr.o(.text) refers to kmemmgr.o(.text) for KMemAlloc
    devmgr.o(.text) refers to osadapt.o(.text) for Enter_Critical_Section
    devmgr.o(.text) refers to string.o(.text) for PrintLine
    devmgr.o(.data) refers to devmgr.o(.text) for DevMgrInitialize
    dim.o(.text) refers to osadapt.o(.text) for Enter_Critical_Section
    dim.o(.text) refers to ktmgr.o(.data) for KernelThreadManager
    dim.o(.data) refers to dim.o(.text) for SendDeviceMessage
    iomgr.o(.text) refers to osadapt.o(.text) for Enter_Critical_Section
    iomgr.o(.text) refers to string.o(.text) for strcmp
    iomgr.o(.text) refers to iomgr2.o(.text) for CreateNewFile
    iomgr.o(.text) refers to objmgr.o(.data) for ObjectManager
    iomgr.o(.data) refers to iomgr.o(.text) for IOManagerInitialize
    iomgr.o(.data) refers to iomgr2.o(.text) for _ReadFile
    iomgr2.o(.text) refers to osadapt.o(.text) for Enter_Critical_Section
    iomgr2.o(.text) refers to string.o(.text) for StrLen
    iomgr2.o(.text) refers to kmemmgr.o(.text) for KMemAlloc
    iomgr2.o(.text) refers to rt_memcpy_v6.o(.text) for __aeabi_memcpy
    iomgr2.o(.text) refers to objmgr.o(.data) for ObjectManager
    iomgr2.o(.text) refers to ktmgr.o(.data) for KernelThreadManager
    kapi.o(.text) refers to ktmgr.o(.data) for KernelThreadManager
    kapi.o(.text) refers to system.o(.data) for System
    kapi.o(.text) refers to objmgr.o(.data) for ObjectManager
    kapi.o(.text) refers to iomgr.o(.data) for IOManager
    kmemmgr.o(.text) refers to kmemmgr.o(.data) for g_4kBlockPool
    kmemmgr.o(.text) refers to mem_fbl.o(.data) for AnySizeBuffer
    ktmgr.o(.text) refers to kmemmgr.o(.text) for KMemAlloc
    ktmgr.o(.text) refers to arch_stm.o(.text) for InitKernelThreadContext
    ktmgr.o(.text) refers to osadapt.o(.text) for Enter_Critical_Section
    ktmgr.o(.text) refers to objmgr.o(.data) for ObjectManager
    ktmgr.o(.text) refers to ktmgr2.o(.text) for WaitForKernelThreadObject
    ktmgr.o(.text) refers to ktmgr.o(.data) for KernelThreadManager
    ktmgr.o(.text) refers to hellocn.o(.text) for __BUG
    ktmgr.o(.text) refers to system.o(.data) for System
    ktmgr.o(.data) refers to ktmgr.o(.conststring) for .conststring
    ktmgr.o(.data) refers to ktmgr2.o(.text) for SetThreadHook
    ktmgr.o(.data) refers to ktmgr.o(.text) for KernelThreadMgrInit
    ktmgr.o(.data) refers to osadapt.o(.text) for ScheduleFromProc
    ktmgr2.o(.text) refers to hellocn.o(.text) for __BUG
    ktmgr2.o(.text) refers to osadapt.o(.text) for Enter_Critical_Section
    ktmgr2.o(.text) refers to ktmgr.o(.data) for KernelThreadManager
    mem_fbl.o(.text) refers to osadapt.o(.text) for Enter_Critical_Section
    mem_fbl.o(.text) refers to hellocn.o(.text) for __BUG
    mem_fbl.o(.text) refers to mem_scat.o(.data) for SystemMemRegion
    mem_fbl.o(.data) refers to mem_fbl.o(.text) for GetControlBlockFlag
    modmgr.o(.text) refers to stdio.o(.text) for _hx_sprintf
    modmgr.o(.text) refers to string.o(.text) for PrintLine
    modmgr.o(.text) refers to kapi.o(.text) for CreateFile
    modmgr.o(.text) refers to kmemmgr.o(.text) for KMemAlloc
    modmgr.o(.text) refers to kermod.o(.data) for KernelModule
[...]
    udp_sendto_if                            0x08017835   Thumb Code   428  udp.o(.text)
    udp_sendto                               0x080179e1   Thumb Code    62  udp.o(.text)
    udp_send                                 0x08017a1f   Thumb Code    20  udp.o(.text)
    udp_connect                              0x08017a33   Thumb Code    94  udp.o(.text)
    udp_disconnect                           0x08017a91   Thumb Code    16  udp.o(.text)
    udp_recv                                 0x08017aa1   Thumb Code     6  udp.o(.text)
    udp_remove                               0x08017aa7   Thumb Code    58  udp.o(.text)
    udp_new                                  0x08017ae1   Thumb Code    30  udp.o(.text)
    etharp_tmr                               0x08017b3d   Thumb Code    86  etharp.o(.text)
    etharp_find_addr                         0x08017e61   Thumb Code    98  etharp.o(.text)
    etharp_request                           0x08018265   Thumb Code    36  etharp.o(.text)
    etharp_query                             0x08018289   Thumb Code   596  etharp.o(.text)
    etharp_output                            0x080184dd   Thumb Code   260  etharp.o(.text)
    ethernet_input                           0x080185e1   Thumb Code   190  etharp.o(.text)
    _hx_malloc                               0x080186d5   Thumb Code    14  sysmem.o(.text)
    _hx_free                                 0x080186e3   Thumb Code    16  sysmem.o(.text)
    _hx_calloc                               0x080186f3   Thumb Code    38  sysmem.o(.text)
    atol                                     0x0801874d   Thumb Code    80  atox.o(.text)
    atoi                                     0x0801879d   Thumb Code    12  atox.o(.text)
    itoa                                     0x080187a9   Thumb Code   170  atox.o(.text)
    format                                   0x08018bed   Thumb Code   402  fdisk2.o(.text)
    fdiskEntry                               0x080190c3   Thumb Code    16  fdisk.o(.text)
    CalculateThread                          0x0801988d   Thumb Code    42  fibonacci.o(.text)
    Fibonacci                                0x080198b7   Thumb Code   322  fibonacci.o(.text)
    fsEntry                                  0x08019b21   Thumb Code    16  fs.o(.text)
    heditEntry                               0x0801a781   Thumb Code    92  hedit.o(.text)
    Hypertrm                                 0x0801aa2b   Thumb Code   222  hypertrm.o(.text)
    Hyptrm2                                  0x0801ad35   Thumb Code   784  hypertrm.o(.text)
    IoCtrlStart                              0x0801b27d   Thumb Code    16  ioctrl_s.o(.text)
    ping_Entry                               0x0801bd01   Thumb Code   158  network2.o(.text)
    networkEntry                             0x0801bf59   Thumb Code    16  network.o(.text)
    SysDiagStart                             0x0801c4c5   Thumb Code    16  sysd_s.o(.text)
    InitializeEthernetIf                     0x0801cf31   Thumb Code    92  ethif.o(.text)
    FormParameterObj                         0x0801d1c7   Thumb Code   176  shell_help_smt32.o(.text)
    ReleaseParameterObj                      0x0801d277   Thumb Code    52  shell_help_smt32.o(.text)
    Shell_Msg_Loop                           0x0801d531   Thumb Code   148  shell_help_smt32.o(.text)
    CD_ChangeLine                            0x0801d62d   Thumb Code    16  chardisplay.o(.text)
    CD_PrintString                           0x0801d63d   Thumb Code    24  chardisplay.o(.text)
    PrintStr                                 0x0801d655   Thumb Code    14  chardisplay.o(.text)
    CD_Clear                                 0x0801d663   Thumb Code    10  chardisplay.o(.text)
    ClearScreen                              0x0801d66d   Thumb Code     8  chardisplay.o(.text)
    CD_PrintChar                             0x0801d675   Thumb Code    14  chardisplay.o(.text)
    PrintCh                                  0x0801d683   Thumb Code    12  chardisplay.o(.text)
    CD_GotoHome                              0x0801d68f   Thumb Code    10  chardisplay.o(.text)
    GotoHome                                 0x0801d699   Thumb Code     8  chardisplay.o(.text)
    ChangeLine                               0x0801d6a1   Thumb Code     8  chardisplay.o(.text)
    CD_GotoPrev                              0x0801d6a9   Thumb Code    10  chardisplay.o(.text)
    GotoPrev                                 0x0801d6b3   Thumb Code     8  chardisplay.o(.text)
    CD_InitDisplay                           0x0801d6bb   Thumb Code     2  chardisplay.o(.text)
    CD_SetDisplayMode                        0x0801d6bd   Thumb Code     2  chardisplay.o(.text)
    CD_GetDisPlayRang                        0x0801d6bf   Thumb Code     2  chardisplay.o(.text)
    CD_GetCursorPos                          0x0801d6c1   Thumb Code     2  chardisplay.o(.text)
    CD_SetCursorPos                          0x0801d6c3   Thumb Code     2  chardisplay.o(.text)
    CD_GetString                             0x0801d6c5   Thumb Code     2  chardisplay.o(.text)
    CD_DelString                             0x0801d6c7   Thumb Code     2  chardisplay.o(.text)
    CD_DelChar                               0x0801d6c9   Thumb Code     2  chardisplay.o(.text)
    His_CreateHisObj                         0x0801d6d1   Thumb Code    54  hiscmd .o(.text)
    His_DeleteHisObj                         0x0801d707   Thumb Code    30  hiscmd .o(.text)
    His_SaveCmd                              0x0801d725   Thumb Code   146  hiscmd .o(.text)
    His_LoadHisCmd                           0x0801d7b7   Thumb Code    98  hiscmd .o(.text)
    NMI_Handler                              0x0801d821   Thumb Code     2  startup_stm32f10x_md.o(.text)
    SVC_Handler                              0x0801d82b   Thumb Code     2  startup_stm32f10x_md.o(.text)
    DebugMon_Handler                         0x0801d82d   Thumb Code     2  startup_stm32f10x_md.o(.text)
    ADC1_2_IRQHandler                        0x0801d833   Thumb Code     0  startup_stm32f10x_md.o(.text)
    ADC3_IRQHandler                          0x0801d833   Thumb Code     0  startup_stm32f10x_md.o(.text)
    CAN1_RX1_IRQHandler                      0x0801d833   Thumb Code     0  startup_stm32f10x_md.o(.text)
    CAN1_SCE_IRQHandler                      0x0801d833   Thumb Code     0  startup_stm32f10x_md.o(.text)
    DMA1_Channel1_IRQHandler                 0x0801d833   Thumb Code     0  startup_stm32f10x_md.o(.text)
    DMA1_Channel2_IRQHandler                 0x0801d833   Thumb Code     0  startup_stm32f10x_md.o(.text)
    DMA1_Channel3_IRQHandler                 0x0801d833   Thumb Code     0  startup_stm32f10x_md.o(.text)
    DMA1_Channel4_IRQHandler                 0x0801d833   Thumb Code     0  startup_stm32f10x_md.o(.text)
    DMA1_Channel5_IRQHandler                 0x0801d833   Thumb Code     0  startup_stm32f10x_md.o(.text)
    DMA1_Channel6_IRQHandler                 0x0801d833   Thumb Code     0  startup_stm32f10x_md.o(.text)
    DMA1_Channel7_IRQHandler                 0x0801d833   Thumb Code     0  startup_stm32f10x_md.o(.text)
    DMA2_Channel1_IRQHandler                 0x0801d833   Thumb Code     0  startup_stm32f10x_md.o(.text)
    DMA2_Channel2_IRQHandler                 0x0801d833   Thumb Code     0  startup_stm32f10x_md.o(.text)
    DMA2_Channel3_IRQHandler                 0x0801d833   Thumb Code     0  startup_stm32f10x_md.o(.text)
    DMA2_Channel4_5_IRQHandler               0x0801d833   Thumb Code     0  startup_stm32f10x_md.o(.text)
    EXTI0_IRQHandler                         0x0801d833   Thumb Code     0  startup_stm32f10x_md.o(.text)
    EXTI15_10_IRQHandler                     0x0801d833   Thumb Code     0  startup_stm32f10x_md.o(.text)
    EXTI1_IRQHandler                         0x0801d833   Thumb Code     0  startup_stm32f10x_md.o(.text)
    EXTI2_IRQHandler                         0x0801d833   Thumb Code     0  startup_stm32f10x_md.o(.text)
    EXTI3_IRQHandler                         0x0801d833   Thumb Code     0  startup_stm32f10x_md.o(.text)
    EXTI4_IRQHandler                         0x0801d833   Thumb Code     0  startup_stm32f10x_md.o(.text)
    EXTI9_5_IRQHandler                       0x0801d833   Thumb Code     0  startup_stm32f10x_md.o(.text)
    FLASH_IRQHandler                         0x0801d833   Thumb Code     0  startup_stm32f10x_md.o(.text)
    FSMC_IRQHandler                          0x0801d833   Thumb Code     0  startup_stm32f10x_md.o(.text)
    I2C1_ER_IRQHandler                       0x0801d833   Thumb Code     0  startup_stm32f10x_md.o(.text)
    I2C1_EV_IRQHandler                       0x0801d833   Thumb Code     0  startup_stm32f10x_md.o(.text)
    I2C2_ER_IRQHandler                       0x0801d833   Thumb Code     0  startup_stm32f10x_md.o(.text)
    I2C2_EV_IRQHandler                       0x0801d833   Thumb Code     0  startup_stm32f10x_md.o(.text)
    PVD_IRQHandler                           0x0801d833   Thumb Code     0  startup_stm32f10x_md.o(.text)
    RCC_IRQHandler                           0x0801d833   Thumb Code     0  startup_stm32f10x_md.o(.text)
    RTCAlarm_IRQHandler                      0x0801d833   Thumb Code     0  startup_stm32f10x_md.o(.text)
    RTC_IRQHandler                           0x0801d833   Thumb Code     0  startup_stm32f10x_md.o(.text)
    SDIO_IRQHandler                          0x0801d833   Thumb Code     0  startup_stm32f10x_md.o(.text)
    SPI1_IRQHandler                          0x0801d833   Thumb Code     0  startup_stm32f10x_md.o(.text)
    SPI2_IRQHandler                          0x0801d833   Thumb Code     0  startup_stm32f10x_md.o(.text)
    SPI3_IRQHandler                          0x0801d833   Thumb Code     0  startup_stm32f10x_md.o(.text)
    TAMPER_IRQHandler                        0x0801d833   Thumb Code     0  startup_stm32f10x_md.o(.text)
    TIM1_BRK_IRQHandler                      0x0801d833   Thumb Code     0  startup_stm32f10x_md.o(.text)
    TIM1_CC_IRQHandler                       0x0801d833   Thumb Code     0  startup_stm32f10x_md.o(.text)
    TIM1_TRG_COM_IRQHandler                  0x0801d833   Thumb Code     0  startup_stm32f10x_md.o(.text)
    TIM1_UP_IRQHandler                       0x0801d833   Thumb Code     0  startup_stm32f10x_md.o(.text)
    TIM2_IRQHandler                          0x0801d833   Thumb Code     0  startup_stm32f10x_md.o(.text)
    TIM3_IRQHandler                          0x0801d833   Thumb Code     0  startup_stm32f10x_md.o(.text)
    TIM4_IRQHandler                          0x0801d833   Thumb Code     0  startup_stm32f10x_md.o(.text)
    TIM5_IRQHandler                          0x0801d833   Thumb Code     0  startup_stm32f10x_md.o(.text)
    TIM6_IRQHandler                          0x0801d833   Thumb Code     0  startup_stm32f10x_md.o(.text)
    TIM7_IRQHandler                          0x0801d833   Thumb Code     0  startup_stm32f10x_md.o(.text)
    TIM8_BRK_IRQHandler                      0x0801d833   Thumb Code     0  startup_stm32f10x_md.o(.text)
    TIM8_CC_IRQHandler                       0x0801d833   Thumb Code     0  startup_stm32f10x_md.o(.text)
    TIM8_TRG_COM_IRQHandler                  0x0801d833   Thumb Code     0  startup_stm32f10x_md.o(.text)
    TIM8_UP_IRQHandler                       0x0801d833   Thumb Code     0  startup_stm32f10x_md.o(.text)
    UART4_IRQHandler                         0x0801d833   Thumb Code     0  startup_stm32f10x_md.o(.text)
    UART5_IRQHandler                         0x0801d833   Thumb Code     0  startup_stm32f10x_md.o(.text)
    USART1_IRQHandler                        0x0801d833   Thumb Code     0  startup_stm32f10x_md.o(.text)
    USART2_IRQHandler                        0x0801d833   Thumb Code     0  startup_stm32f10x_md.o(.text)
    USART3_IRQHandler                        0x0801d833   Thumb Code     0  startup_stm32f10x_md.o(.text)
    USBWakeUp_IRQHandler                     0x0801d833   Thumb Code     0  startup_stm32f10x_md.o(.text)
    USB_HP_CAN1_TX_IRQHandler                0x0801d833   Thumb Code     0  startup_stm32f10x_md.o(.text)
    USB_LP_CAN1_RX0_IRQHandler               0x0801d833   Thumb Code     0  startup_stm32f10x_md.o(.text)
    WWDG_IRQHandler                          0x0801d833   Thumb Code     0  startup_stm32f10x_md.o(.text)
    __user_initial_stackheap                 0x0801d839   Thumb Code     0  startup_stm32f10x_md.o(.text)
    wpa_printf                               0x0801d8e9   Thumb Code    30  common.o(.text)
    wpa_hexdump_key                          0x0801d907   Thumb Code    30  common.o(.text)
    wpa_hexdump                              0x0801d925   Thumb Code    28  common.o(.text)
    void_dbg                                 0x0801d941   Thumb Code     2  common.o(.text)
    PTR_ERR                                  0x0801d943   Thumb Code     2  common.o(.text)
    IS_ERR                                   0x0801d945   Thumb Code    16  common.o(.text)
    ERR_PTR                                  0x0801d955   Thumb Code     2  common.o(.text)
    lbs_hex                                  0x0801d957   Thumb Code    66  common.o(.text)
    mmc_delay                                0x0801d999   Thumb Code    26  common.o(.text)
    ms_delay                                 0x0801d9b3   Thumb Code    14  common.o(.text)
    mdelay                                   0x0801d9c1   Thumb Code    20  common.o(.text)
    time_after                               0x0801d9d5   Thumb Code    26  common.o(.text)
    snprintf                                 0x0801d9ef   Thumb Code    36  common.o(.text)
    print_ssid                               0x0801da13   Thumb Code   154  common.o(.text)
    convert_from_bytes_to_power_of_two       0x0801daad   Thumb Code    18  common.o(.text)
    mmc_align_data_size                      0x0801dbf1   Thumb Code    12  core.o(.text)
    mmc_request_done                         0x0801dc11   Thumb Code   104  core.o(.text)
    mmc_set_chip_select                      0x0801dc79   Thumb Code    18  core.o(.text)
    mmc_set_clock                            0x0801dc8b   Thumb Code    24  core.o(.text)
    mmc_set_bus_mode                         0x0801dca3   Thumb Code    18  core.o(.text)
    mmc_set_bus_width                        0x0801dcb5   Thumb Code    18  core.o(.text)
    mmc_set_data_timeout                     0x0801dcc7   Thumb Code   186  core.o(.text)
    mmc_wait_for_req                         0x0801ddd9   Thumb Code    38  core.o(.text)
    mmc_wait_for_cmd                         0x0801ddff   Thumb Code    48  core.o(.text)
    mmc_set_timing                           0x0801de2f   Thumb Code    18  core.o(.text)
    mmc_go_idle                              0x0801dea3   Thumb Code   100  core.o(.text)
    mmc_select_voltage                       0x0801df07   Thumb Code   150  core.o(.text)
    mmc_rescan                               0x0801df9d   Thumb Code    68  core.o(.text)
    mmc_alloc_card                           0x0801dfe1   Thumb Code    22  core.o(.text)
    mmc_add_card                             0x0801dff7   Thumb Code   130  core.o(.text)
    mmc_alloc_host                           0x0801e079   Thumb Code    36  core.o(.text)
    sdio_alloc_func                          0x0801e09d   Thumb Code    20  core.o(.text)
    sdio_add_func                            0x0801e0b1   Thumb Code    14  core.o(.text)
    sdio_enable_func                         0x0801e0bf   Thumb Code   142  core.o(.text)
    sdio_claim_irq                           0x0801e15f   Thumb Code   118  core.o(.text)
    sdio_set_block_size                      0x0801e249   Thumb Code   142  core.o(.text)
    sdio_bus_probe                           0x0801e2d7   Thumb Code    50  core.o(.text)
    EnableIrq                                0x0801e423   Thumb Code    34  s3cmci.o(.text)
    DisableIrq                               0x0801e445   Thumb Code    32  s3cmci.o(.text)
    stm32_irq                                0x0801eabf   Thumb Code   740  s3cmci.o(.text)
    stm32_probe                              0x0801edb9   Thumb Code   116  s3cmci.o(.text)
    mmc_io_rw_direct                         0x0801ee7f   Thumb Code   206  sdio.o(.text)
    sdio_irq_thread                          0x0801efc9   Thumb Code    36  sdio.o(.text)
    mmc_send_io_op_cond                      0x0801f003   Thumb Code   134  sdio.o(.text)
    mmc_send_if_cond                         0x0801f089   Thumb Code    90  sdio.o(.text)
    mmc_send_relative_addr                   0x0801f0e3   Thumb Code    58  sdio.o(.text)
    mmc_select_card                          0x0801f513   Thumb Code    14  sdio.o(.text)
    mmc_attach_sdio                          0x0801f5d5   Thumb Code   174  sdio.o(.text)
    sdio_readb                               0x0801f683   Thumb Code    50  sdio.o(.text)
    sdio_writeb                              0x0801f6b5   Thumb Code    42  sdio.o(.text)
    sdio_align_size                          0x0801f739   Thumb Code   168  sdio.o(.text)
    mmc_io_rw_extended                       0x0801f7e1   Thumb Code   286  sdio.o(.text)
    sdio_io_rw_ext_helper                    0x0801f8ff   Thumb Code   472  sdio.o(.text)
    sdio_read_common_cis                     0x0801feb1   Thumb Code   212  sdio_cis.o(.text)
    sdio_read_func_cis                       0x0801ff85   Thumb Code    44  sdio_cis.o(.text)
    RCC_Configuration                        0x0801ffb1   Thumb Code   150  stm32sys.o(.text)
    EnableSDIOClk                            0x08020047   Thumb Code    48  stm32sys.o(.text)
    watch_dog_config                         0x08020077   Thumb Code    30  stm32sys.o(.text)
    NVIC_Configuration                       0x08020095   Thumb Code    42  stm32sys.o(.text)
    GPIO_Configuration                       0x080200bf   Thumb Code   410  stm32sys.o(.text)
    SDIO_GPIO_Configuration                  0x08020259   Thumb Code   264  stm32sys.o(.text)
    adc_init                                 0x08020361   Thumb Code   232  stm32sys.o(.text)
    get_adcval                               0x08020449   Thumb Code    10  stm32sys.o(.text)
    USART_Configuration                      0x08020453   Thumb Code    88  stm32sys.o(.text)
    enable_timer                             0x080204ab   Thumb Code    12  stm32sys.o(.text)
    disable_timer                            0x080204b7   Thumb Code    14  stm32sys.o(.text)
    timerbase_config                         0x080204c5   Thumb Code    66  stm32sys.o(.text)
    assert_failed                            0x08020507   Thumb Code    30  stm32sys.o(.text)
    send_char                                0x08020525   Thumb Code    28  stm32sys.o(.text)
    get_char                                 0x08020541   Thumb Code    26  stm32sys.o(.text)
    Uart_GetKey                              0x0802055b   Thumb Code    28  stm32sys.o(.text)
    Uart_SendByte                            0x08020577   Thumb Code    28  stm32sys.o(.text)
    Uart_GetString                           0x08020593   Thumb Code    64  stm32sys.o(.text)
    Uart_GetIntNum_GJ                        0x080205d3   Thumb Code    96  stm32sys.o(.text)
    dbg_void                                 0x08020633   Thumb Code     2  stm32sys.o(.text)
    print_void                               0x08020635   Thumb Code     2  stm32sys.o(.text)
    debug_data_stream                        0x08020637   Thumb Code    72  stm32sys.o(.text)
    write_flash                              0x0802067f   Thumb Code    94  stm32sys.o(.text)
    read_flash                               0x080206dd   Thumb Code    38  stm32sys.o(.text)
    SDIODriverEntry                          0x080207b3   Thumb Code   196  sdio_drv.o(.text)
    lbs_adhoc_stop                           0x08021a97   Thumb Code    32  assoc.o(.text)
    lbs_cmd_80211_deauthenticate             0x08021d17   Thumb Code    60  assoc.o(.text)
    print_enckey                             0x08021d53   Thumb Code    36  assoc.o(.text)
    lbs_association_worker                   0x08021d77   Thumb Code   732  assoc.o(.text)
    marvel_assoc_open_network                0x08022053   Thumb Code    40  assoc.o(.text)
    if_sdio_send_data                        0x080224cb   Thumb Code   172  if_sdio.o(.text)
    if_sdio_interrupt                        0x08022577   Thumb Code    86  if_sdio.o(.text)
    if_sdio_probe                            0x080228c5   Thumb Code   472  if_sdio.o(.text)
    poll_sdio_interrupt                      0x08022a9d   Thumb Code    30  if_sdio.o(.text)
    wireless_card_rx                         0x08022abb   Thumb Code    76  if_sdio.o(.text)
    wireless_card_tx                         0x08022b07   Thumb Code    24  if_sdio.o(.text)
    init_marvell_driver                      0x08022b7d   Thumb Code    72  marvell_ops.o(.text)
    marvel_assoc_network                     0x08022bc5   Thumb Code    28  marvell_ops.o(.text)
    lbs_scan_worker                          0x08022be1   Thumb Code    14  marvell_ops.o(.text)
    lbs_rev_pkt                              0x08022bef   Thumb Code    86  marvell_ops.o(.text)
    lbs_hard_start_xmit                      0x08022c45   Thumb Code   160  marvell_ops.o(.text)
    wpa_L2_send_pkt                          0x08022ce5   Thumb Code    24  marvell_ops.o(.text)
    lbs_ps_wakeup                            0x08022cfd   Thumb Code    32  marvell_ops.o(.text)
    lbs_ps_sleep                             0x08022d1d   Thumb Code    26  marvell_ops.o(.text)
    init_sleep_mode                          0x08022d37   Thumb Code    26  marvell_ops.o(.text)
    lbs_send_confirmsleep                    0x08022d51   Thumb Code    48  marvell_ops.o(.text)
    lbs_scan_networks                        0x080236f1   Thumb Code   784  scan.o(.text)
    lbs_ssid_cmp                             0x08023a01   Thumb Code    36  scan.o(.text)
    find_beacon_bss                          0x08023a25   Thumb Code    82  scan.o(.text)
    lbs_send_specific_ssid_scan              0x08023a77   Thumb Code    60  scan.o(.text)
    lbs_fw_index_to_data_rate                0x08023bd7   Thumb Code    14  marvel_main.o(.text)
    lbs_thread                               0x08023be5   Thumb Code   376  marvel_main.o(.text)
    lbs_notify_command_response              0x08023d5d   Thumb Code    34  marvel_main.o(.text)
    lbs_host_to_card_done                    0x08023d7f   Thumb Code    30  marvel_main.o(.text)
    lbs_process_event                        0x08023e71   Thumb Code   120  marvel_main.o(.text)
    lbs_add_card                             0x08023ee9   Thumb Code    78  marvel_main.o(.text)
    lbs_start_card                           0x08023fc7   Thumb Code    38  marvel_main.o(.text)
    lbs_get_region_cfp_table                 0x08023fed   Thumb Code    60  marvel_main.o(.text)
    lbs_set_regiontable                      0x08024029   Thumb Code   116  marvel_main.o(.text)
    lbs_queue_event                          0x0802409d   Thumb Code    48  marvel_main.o(.text)
    lbs_process_rxed_packet                  0x080241bb   Thumb Code   134  rx.o(.text)
    wait_for_data_end                        0x08024241   Thumb Code    66  rx.o(.text)
    lbs_allocate_cmd_buffer                  0x0802441b   Thumb Code   100  cmd.o(.text)
    lbs_cmd_copyback                         0x0802447f   Thumb Code    44  cmd.o(.text)
    __lbs_cmd                                0x08024531   Thumb Code   172  cmd.o(.text)
    lbs_get_tx_power                         0x080245dd   Thumb Code    80  cmd.o(.text)
    lbs_cmd_async                            0x08024633   Thumb Code    72  cmd.o(.text)
    lbs_set_mac_control                      0x0802467b   Thumb Code    38  cmd.o(.text)
    lbs_update_hw_spec                       0x080246a1   Thumb Code   308  cmd.o(.text)
    lbs_complete_command                     0x080247d5   Thumb Code    50  cmd.o(.text)
    lbs_process_command_response             0x080249f3   Thumb Code   324  cmd.o(.text)
    lbs_execute_next_command                 0x08024b37   Thumb Code   232  cmd.o(.text)
    lbs_prepare_and_send_command             0x08024df1   Thumb Code   566  cmd.o(.text)
    lbs_get_channel                          0x08025027   Thumb Code    56  cmd.o(.text)
    lbs_update_channel                       0x0802505f   Thumb Code    26  cmd.o(.text)
    lbs_set_channel                          0x08025079   Thumb Code    66  cmd.o(.text)
    lbs_cmd_802_11_set_wep                   0x080250bb   Thumb Code   248  cmd.o(.text)
    lbs_cmd_802_11_enable_rsn                0x080251b3   Thumb Code    72  cmd.o(.text)
    lbs_cmd_802_11_key_material              0x08025251   Thumb Code   306  cmd.o(.text)
    lbs_set_radio                            0x08025383   Thumb Code   126  cmd.o(.text)
    lbs_set_snmp_mib                         0x08025401   Thumb Code   124  cmd.o(.text)
    lbs_chan_2_freq                          0x080255df   Thumb Code    44  11d.o(.text)
    lbs_get_scan_type_11d                    0x0802592f   Thumb Code    24  11d.o(.text)
    lbs_init_11d                             0x08025947   Thumb Code    24  11d.o(.text)
    lbs_set_universaltable                   0x08025987   Thumb Code    86  11d.o(.text)
    lbs_cmd_802_11d_domain_info              0x080259dd   Thumb Code   136  11d.o(.text)
    lbs_ret_802_11d_domain_info              0x08025a65   Thumb Code    82  11d.o(.text)
    lbs_parse_dnld_countryinfo_11d           0x08025ab7   Thumb Code    88  11d.o(.text)
    lbs_create_dnld_countryinfo_11d          0x08025b0f   Thumb Code   138  11d.o(.text)
    PrepareInit                              0x08025c09   Thumb Code    36  marvelif.o(.text)
    low_level_init                           0x08025c2d   Thumb Code    52  marvelif.o(.text)
    DoPhysicalSend                           0x08025c61   Thumb Code    90  marvelif.o(.text)
    low_level_output                         0x08025cbb   Thumb Code   168  marvelif.o(.text)
    low_level_input                          0x08025d63   Thumb Code    88  marvelif.o(.text)
    DoAssoc                                  0x08025dbb   Thumb Code    46  marvelif.o(.text)
    DoScan                                   0x08025de9   Thumb Code    82  marvelif.o(.text)
    isprint                                  0x08025f21   Thumb Code    18  isprint.o(.text)
    toupper                                  0x08025f33   Thumb Code    30  toupper.o(.text)
    __2snprintf                              0x08025f51   Thumb Code    50  __2snprintf.o(.text)
    _printf_pre_padding                      0x08025f89   Thumb Code    46  _printf_pad.o(.text)
    _printf_post_padding                     0x08025fb7   Thumb Code    36  _printf_pad.o(.text)
    _printf_int_oct                          0x08025fdd   Thumb Code    80  _printf_oct_int.o(.text)
    _printf_longlong_oct                     0x08025fdd   Thumb Code     0  _printf_oct_int.o(.text)
    __printf                                 0x08026035   Thumb Code   310  __printf_flags_wp.o(.text)
    __aeabi_memcpy                           0x08026171   Thumb Code     0  rt_memcpy_v6.o(.text)
    __rt_memcpy                              0x08026171   Thumb Code   138  rt_memcpy_v6.o(.text)
    _memcpy_lastbytes                        0x080261d7   Thumb Code     0  rt_memcpy_v6.o(.text)
    __aeabi_memmove                          0x080261fb   Thumb Code     0  rt_memmove_v6.o(.text)
    __rt_memmove                             0x080261fb   Thumb Code   132  rt_memmove_v6.o(.text)
    __memmove_lastfew                        0x0802625b   Thumb Code     0  rt_memmove_v6.o(.text)
    __aeabi_memcpy4                          0x0802627f   Thumb Code     0  rt_memcpy_w.o(.text)
    __aeabi_memcpy8                          0x0802627f   Thumb Code     0  rt_memcpy_w.o(.text)
    __rt_memcpy_w                            0x0802627f   Thumb Code   100  rt_memcpy_w.o(.text)
    _memcpy_lastbytes_aligned                0x080262c7   Thumb Code     0  rt_memcpy_w.o(.text)
    __aeabi_memset                           0x080262e3   Thumb Code    16  aeabi_memset.o(.text)
    __aeabi_memclr                           0x080262f3   Thumb Code     0  rt_memclr.o(.text)
    __rt_memclr                              0x080262f3   Thumb Code    68  rt_memclr.o(.text)
    _memset                                  0x080262f7   Thumb Code     0  rt_memclr.o(.text)
    __aeabi_memclr4                          0x08026337   Thumb Code     0  rt_memclr_w.o(.text)
    __aeabi_memclr8                          0x08026337   Thumb Code     0  rt_memclr_w.o(.text)
    __rt_memclr_w                            0x08026337   Thumb Code    78  rt_memclr_w.o(.text)
    _memset_w                                0x0802633b   Thumb Code     0  rt_memclr_w.o(.text)
    strncpy                                  0x08026385   Thumb Code    86  strncpy.o(.text)
    __use_two_region_memory                  0x080263db   Thumb Code     2  heapauxi.o(.text)
    __rt_heap_escrow$2region                 0x080263dd   Thumb Code     2  heapauxi.o(.text)
    __rt_heap_expand$2region                 0x080263df   Thumb Code     2  heapauxi.o(.text)
    __rt_ctype_table                         0x080263e1   Thumb Code    16  rt_ctype_table.o(.text)
    _printf_int_common                       0x080263f1   Thumb Code   184  _printf_intcommon.o(.text)
    _printf_char_common                      0x080264b3   Thumb Code    32  _printf_char_common.o(.text)
    _sputc                                   0x080264d9   Thumb Code    10  _sputc.o(.text)
    _snputc                                  0x080264e3   Thumb Code    16  _snputc.o(.text)
    __aeabi_memmove4                         0x080264f3   Thumb Code     0  rt_memmove_w.o(.text)
    __aeabi_memmove8                         0x080264f3   Thumb Code     0  rt_memmove_w.o(.text)
    __rt_memmove_w                           0x080264f3   Thumb Code   122  rt_memmove_w.o(.text)
    __memmove_aligned                        0x08026519   Thumb Code     0  rt_memmove_w.o(.text)
    __memmove_lastfew_aligned                0x08026551   Thumb Code     0  rt_memmove_w.o(.text)
    __rt_locale                              0x0802656d   Thumb Code     8  rt_locale_intlibspace.o(.text)
    __user_libspace                          0x08026575   Thumb Code     8  libspace.o(.text)
    __user_perproc_libspace                  0x08026575   Thumb Code     0  libspace.o(.text)
    __user_perthread_libspace                0x08026575   Thumb Code     0  libspace.o(.text)
    __user_setup_stackheap                   0x0802657d   Thumb Code    74  sys_stackheap_outer.o(.text)
    exit                                     0x080265c7   Thumb Code    12  exit.o(.text)
    _sys_exit                                0x080265d5   Thumb Code     8  sys_exit.o(.text)
    __I$use$semihosting                      0x080265e1   Thumb Code     0  use_no_semi.o(.text)
    __use_no_semihosting_swi                 0x080265e1   Thumb Code     2  use_no_semi.o(.text)
    ADC_Cmd                                  0x080265e3   Thumb Code    20  stm32f10x_adc.o(i.ADC_Cmd)
    __semihosting_library_function           0x080265e3   Thumb Code     0  indicate_semi.o(.text)
    ADC_DMACmd                               0x080265f7   Thumb Code    20  stm32f10x_adc.o(i.ADC_DMACmd)
    ADC_GetCalibrationStatus                 0x0802660b   Thumb Code    14  stm32f10x_adc.o(i.ADC_GetCalibrationStatus)
    ADC_GetConversionValue                   0x08026619   Thumb Code     6  stm32f10x_adc.o(i.ADC_GetConversionValue)
    ADC_GetResetCalibrationStatus            0x0802661f   Thumb Code    14  stm32f10x_adc.o(i.ADC_GetResetCalibrationStatus)
    ADC_Init                                 0x0802662d   Thumb Code    62  stm32f10x_adc.o(i.ADC_Init)
    ADC_RegularChannelConfig                 0x08026675   Thumb Code   116  stm32f10x_adc.o(i.ADC_RegularChannelConfig)
    ADC_ResetCalibration                     0x080266e9   Thumb Code    10  stm32f10x_adc.o(i.ADC_ResetCalibration)
    ADC_SoftwareStartConvCmd                 0x080266f3   Thumb Code    20  stm32f10x_adc.o(i.ADC_SoftwareStartConvCmd)
    ADC_StartCalibration                     0x08026707   Thumb Code    10  stm32f10x_adc.o(i.ADC_StartCalibration)
    DMA_ClearFlag                            0x08026711   Thumb Code    16  stm32f10x_dma.o(i.DMA_ClearFlag)
    DMA_Cmd                                  0x08026725   Thumb Code    20  stm32f10x_dma.o(i.DMA_Cmd)
    DMA_DeInit                               0x08026739   Thumb Code   210  stm32f10x_dma.o(i.DMA_DeInit)
    DMA_GetFlagStatus                        0x08026819   Thumb Code    26  stm32f10x_dma.o(i.DMA_GetFlagStatus)
    DMA_Init                                 0x08026839   Thumb Code    58  stm32f10x_dma.o(i.DMA_Init)
    FLASH_ClearFlag                          0x08026875   Thumb Code     6  stm32f10x_flash.o(i.FLASH_ClearFlag)
    FLASH_ErasePage                          0x08026881   Thumb Code    60  stm32f10x_flash.o(i.FLASH_ErasePage)
    FLASH_GetStatus                          0x080268c1   Thumb Code    34  stm32f10x_flash.o(i.FLASH_GetStatus)
    FLASH_Lock                               0x080268e9   Thumb Code    12  stm32f10x_flash.o(i.FLASH_Lock)
    FLASH_PrefetchBufferCmd                  0x080268f9   Thumb Code    18  stm32f10x_flash.o(i.FLASH_PrefetchBufferCmd)
    FLASH_ProgramHalfWord                    0x08026911   Thumb Code    50  stm32f10x_flash.o(i.FLASH_ProgramHalfWord)
    FLASH_SetLatency                         0x08026949   Thumb Code    18  stm32f10x_flash.o(i.FLASH_SetLatency)
    FLASH_Unlock                             0x08026961   Thumb Code    12  stm32f10x_flash.o(i.FLASH_Unlock)
    FLASH_WaitForLastOperation               0x08026979   Thumb Code    40  stm32f10x_flash.o(i.FLASH_WaitForLastOperation)
    GPIO_Init                                0x080269a1   Thumb Code   154  stm32f10x_gpio.o(i.GPIO_Init)
    IWDG_ReloadCounter                       0x08026a3d   Thumb Code    10  stm32f10x_iwdg.o(i.IWDG_ReloadCounter)
    IWDG_SetPrescaler                        0x08026a4d   Thumb Code     6  stm32f10x_iwdg.o(i.IWDG_SetPrescaler)
    IWDG_SetReload                           0x08026a59   Thumb Code     6  stm32f10x_iwdg.o(i.IWDG_SetReload)
    IWDG_WriteAccessCmd                      0x08026a65   Thumb Code     6  stm32f10x_iwdg.o(i.IWDG_WriteAccessCmd)
    NVIC_Init                                0x08026a71   Thumb Code   116  stm32f10x_nvic.o(i.NVIC_Init)
    NVIC_SetVectorTable                      0x08026ae5   Thumb Code    12  stm32f10x_nvic.o(i.NVIC_SetVectorTable)
    RCC_ADCCLKConfig                         0x08026af9   Thumb Code    14  stm32f10x_rcc.o(i.RCC_ADCCLKConfig)
    RCC_AHBPeriphClockCmd                    0x08026b0d   Thumb Code    18  stm32f10x_rcc.o(i.RCC_AHBPeriphClockCmd)
    RCC_APB1PeriphClockCmd                   0x08026b25   Thumb Code    18  stm32f10x_rcc.o(i.RCC_APB1PeriphClockCmd)
    RCC_APB2PeriphClockCmd                   0x08026b3d   Thumb Code    18  stm32f10x_rcc.o(i.RCC_APB2PeriphClockCmd)
    RCC_DeInit                               0x08026b55   Thumb Code    48  stm32f10x_rcc.o(i.RCC_DeInit)
    RCC_GetClocksFreq                        0x08026b91   Thumb Code   132  stm32f10x_rcc.o(i.RCC_GetClocksFreq)
    RCC_GetFlagStatus                        0x08026c25   Thumb Code    42  stm32f10x_rcc.o(i.RCC_GetFlagStatus)
    RCC_GetSYSCLKSource                      0x08026c55   Thumb Code    10  stm32f10x_rcc.o(i.RCC_GetSYSCLKSource)
    RCC_HCLKConfig                           0x08026c65   Thumb Code    14  stm32f10x_rcc.o(i.RCC_HCLKConfig)
    RCC_HSEConfig                            0x08026c79   Thumb Code    48  stm32f10x_rcc.o(i.RCC_HSEConfig)
    RCC_PCLK1Config                          0x08026cad   Thumb Code    14  stm32f10x_rcc.o(i.RCC_PCLK1Config)
    RCC_PCLK2Config                          0x08026cc1   Thumb Code    16  stm32f10x_rcc.o(i.RCC_PCLK2Config)
    RCC_PLLCmd                               0x08026cd5   Thumb Code     6  stm32f10x_rcc.o(i.RCC_PLLCmd)
    RCC_PLLConfig                            0x08026ce1   Thumb Code    16  stm32f10x_rcc.o(i.RCC_PLLConfig)
    RCC_SYSCLKConfig                         0x08026cf5   Thumb Code    14  stm32f10x_rcc.o(i.RCC_SYSCLKConfig)
    RCC_WaitForHSEStartUp                    0x08026d09   Thumb Code    46  stm32f10x_rcc.o(i.RCC_WaitForHSEStartUp)
    SDIO_ClearFlag                           0x08026d3d   Thumb Code     6  stm32f10x_sdio.o(i.SDIO_ClearFlag)
    SDIO_ClockCmd                            0x08026d49   Thumb Code     6  stm32f10x_sdio.o(i.SDIO_ClockCmd)
    SDIO_DMACmd                              0x08026d55   Thumb Code     6  stm32f10x_sdio.o(i.SDIO_DMACmd)
    SDIO_DataConfig                          0x08026d61   Thumb Code    38  stm32f10x_sdio.o(i.SDIO_DataConfig)
    SDIO_ITConfig                            0x08026d8d   Thumb Code    18  stm32f10x_sdio.o(i.SDIO_ITConfig)
    SDIO_Init                                0x08026da5   Thumb Code    40  stm32f10x_sdio.o(i.SDIO_Init)
    SDIO_SendCommand                         0x08026dd1   Thumb Code    34  stm32f10x_sdio.o(i.SDIO_SendCommand)
    SDIO_SetPowerState                       0x08026df9   Thumb Code    18  stm32f10x_sdio.o(i.SDIO_SetPowerState)
    TIM_Cmd                                  0x08026e11   Thumb Code    22  stm32f10x_tim.o(i.TIM_Cmd)
    TIM_ITConfig                             0x08026e27   Thumb Code    16  stm32f10x_tim.o(i.TIM_ITConfig)
    TIM_PrescalerConfig                      0x08026e37   Thumb Code     6  stm32f10x_tim.o(i.TIM_PrescalerConfig)
    TIM_TimeBaseInit                         0x08026e3d   Thumb Code    50  stm32f10x_tim.o(i.TIM_TimeBaseInit)
    USART_ClockInit                          0x08026e79   Thumb Code    30  stm32f10x_usart.o(i.USART_ClockInit)
    USART_Cmd                                0x08026e97   Thumb Code    20  stm32f10x_usart.o(i.USART_Cmd)
    USART_GetFlagStatus                      0x08026eab   Thumb Code    14  stm32f10x_usart.o(i.USART_GetFlagStatus)
    USART_Init                               0x08026eb9   Thumb Code   134  stm32f10x_usart.o(i.USART_Init)
    USART_ReceiveData                        0x08026f45   Thumb Code     8  stm32f10x_usart.o(i.USART_ReceiveData)
    USART_SendData                           0x08026f4d   Thumb Code     8  stm32f10x_usart.o(i.USART_SendData)
    _is_digit                                0x08026f55   Thumb Code    14  __printf_wp.o(i._is_digit)
    clear_bit                                0x08026f63   Thumb Code    12  assoc.o(i.clear_bit)
    lbs_cmd_with_response                    0x08026f71   Thumb Code    36  cmd.o(i.lbs_cmd_with_response)
    set_bit                                  0x08026f99   Thumb Code    12  assoc.o(i.set_bit)
    test_bit                                 0x08026fa5   Thumb Code    30  assoc.o(i.test_bit)
    _get_lc_ctype                            0x08026fc5   Thumb Code    44  lc_ctype_c.o(locale$$code)
    ip_addr_any                              0x08027268   Data           4  ip_addr.o(.constdata)
    ip_addr_broadcast                        0x0802726c   Data           4  ip_addr.o(.constdata)
    memp_sizes                               0x08027270   Data          30  memp.o(.constdata)
    tcp_state_str                            0x08027290   Data          44  tcp.o(.constdata)
    tcp_backoff                              0x080272bc   Data          13  tcp.o(.constdata)
    tcp_persist_backoff                      0x080272c9   Data           7  tcp.o(.constdata)
    tcp_pcb_lists                            0x080272d0   Data          16  tcp.o(.constdata)
    ethbroadcast                             0x08027338   Data           6  etharp.o(.constdata)
    ethzero                                  0x0802733e   Data           6  etharp.o(.constdata)
    if_sdio_ids                              0x0802756c   Data          18  core.o(.constdata)
    marvel_firmware_array                    0x0802762c   Data       122916  8686.o(.constdata)
    help_firmware_array                      0x080458af   Data        2516  help.o(.constdata)
    const_chan_parm                          0x080462dc   Data          98  scan.o(.constdata)
    Region$$Table$$Base                      0x08047890   Number         0  anon$$obj.o(Region$$Table)
    Region$$Table$$Limit                     0x080478b0   Number         0  anon$$obj.o(Region$$Table)
    __ctype                                  0x080478bd   Data           0  lc_ctype_c.o(locale$$data)
    SystemCoreClock                          0x20000000   Data           4  system_stm32f10x.o(.data)
    AHBPrescTable                            0x20000004   Data          16  system_stm32f10x.o(.data)
    Console                                  0x20000d24   Data          68  console.o(.data)
    DeviceManager                            0x20000d68   Data         708  devmgr.o(.data)
    DeviceInputManager                       0x2000102c   Data          24  dim.o(.data)
    IOManager                                0x20001044   Data         568  iomgr.o(.data)
    KernelModule                             0x2000127c   Data           8  kermod.o(.data)
    lpszCriticalMsg                          0x20001504   Data           4  ktmgr.o(.data)
    KernelThreadManager                      0x20001508   Data         236  ktmgr.o(.data)
    AnySizeBuffer                            0x200015f4   Data          96  mem_fbl.o(.data)
    ModuleMgr                                0x20001654   Data          20  modmgr.o(.data)
    ObjectManager                            0x20001728   Data         788  objmgr.o(.data)
    System                                   0x20001a3c   Data         580  system.o(.data)
    DriverEntryArray                         0x20001c98   Data          12  drventry.o(.data)
    SystemMemRegion                          0x20001ca4   Data          16  mem_scat.o(.data)
    pszStartMsg1                             0x20001cb4   Data           4  os_entry.o(.data)
    pszStartMsg2                             0x20001cb8   Data           4  os_entry.o(.data)
    pszWelcome                               0x20001cbc   Data           4  os_entry.o(.data)
    pszHelpInfo                              0x20001cc0   Data           4  os_entry.o(.data)
    ExtCmdArray                              0x20001cc4   Data         128  extcmd.o(.data)
    g_lpShellThread                          0x20001d44   Data           4  shell.o(.data)
    CmdObj                                   0x20001d48   Data         144  shell.o(.data)
    current_netif                            0x20001e0c   Data           4  ip.o(.data)
    current_header                           0x20001e10   Data           4  ip.o(.data)
    current_iphdr_src                        0x20001e14   Data           4  ip.o(.data)
    current_iphdr_dest                       0x20001e18   Data           4  ip.o(.data)
    netif_list                               0x20001e2c   Data           4  netif.o(.data)
    netif_default                            0x20001e30   Data           4  netif.o(.data)
    tcp_ticks                                0x20001e44   Data           4  tcp.o(.data)
    tcp_bound_pcbs                           0x20001e48   Data           4  tcp.o(.data)
    tcp_listen_pcbs                          0x20001e4c   Data           4  tcp.o(.data)
    tcp_active_pcbs                          0x20001e50   Data           4  tcp.o(.data)
    tcp_tw_pcbs                              0x20001e54   Data           4  tcp.o(.data)
    tcp_tmp_pcb                              0x20001e58   Data           4  tcp.o(.data)
    tcp_input_pcb                            0x20001e7c   Data           4  tcp_in.o(.data)
    udp_pcbs                                 0x20001e88   Data           4  udp.o(.data)
    DskTableFAT32                            0x20001eec   Data          48  fdisk2.o(.data)
    lpStatKernelThread                       0x200021d4   Data           4  stat_s.o(.data)
    g_pWiFiDriverThread                      0x20002480   Data           4  ethif.o(.data)
    wpa_debug_level                          0x2000248c   Data           4  common.o(.data)
    g_random                                 0x20002490   Data           4  common.o(.data)
    ADCConvertedValue                        0x20002498   Data           2  stm32sys.o(.data)
    HSEStartUpStatus                         0x2000249a   Data           1  stm32sys.o(.data)
    sdio_sys_wait                            0x2000249c   Data           1  marvell_ops.o(.data)
    pgmarvel_priv                            0x200024a0   Data           4  marvell_ops.o(.data)
    lbs_region_code_to_index                 0x200026fc   Data          12  marvel_main.o(.data)
    lbs_bg_rates                             0x20002708   Data          14  marvel_main.o(.data)
    TimerIntPr                               0x200028bc   Data          32  system.o(.bss)
    s_szPrompt                               0x200028dc   Data          64  shell.o(.bss)
    dhcp_rx_options_val                      0x2000297c   Data          40  dhcp.o(.bss)
    dhcp_rx_options_given                    0x200029a4   Data          10  dhcp.o(.bss)
    lwip_stats                               0x2000305c   Data         186  stats.o(.bss)
    ADC_InitStructure                        0x20004164   Data          20  stm32sys.o(.bss)
    DMA_InitStructure                        0x20004178   Data          44  stm32sys.o(.bss)
    gmarvel_adhoc_assoc                      0x200044fc   Data         856  assoc.o(.bss)
    confirm_sleep                            0x20004eb8   Data          18  marvell_ops.o(.bss)
    __libspace_start                         0x200075d0   Data          96  libspace.o(.bss)
    __temporary_stack_top$libspace           0x20007630   Data           0  libspace.o(.bss)



==============================================================================

Memory Map of the image

  Image Entry point : 0x08000131

  Load Region LR_IROM1 (Base: 0x08000000, Size: 0x0004a1bc, Max: 0x00080000, ABSOLUTE, COMPRESSED[0x00048250])

    Execution Region ER_IROM1 (Base: 0x08000000, Size: 0x000479c0, Max: 0x00080000, ABSOLUTE)

    Base Addr    Size         Type   Attr      Idx    E Section Name        Object

    0x08000000   0x00000130   Data   RO         3213    RESET               startup_stm32f10x_md.o
    0x08000130   0x00000008   Code   RO         6290  * !!!main             c_w.l(__main.o)
    0x08000138   0x00000034   Code   RO         6469    !!!scatter          c_w.l(__scatter.o)
    0x0800016c   0x0000005a   Code   RO         6467    !!dczerorl2         c_w.l(__dczerorl2.o)
    0x080001c6   0x00000002   PAD
    0x080001c8   0x0000001c   Code   RO         6471    !!handler_zi        c_w.l(__scatter_zi.o)
    0x080001e4   0x00000000   Code   RO         6273    .ARM.Collect$$_printf_percent$$00000000  c_w.l(_printf_percent.o)
    0x080001e4   0x00000006   Code   RO         6272    .ARM.Collect$$_printf_percent$$0000000B  c_w.l(_printf_o.o)
    0x080001ea   0x00000004   Code   RO         6303    .ARM.Collect$$_printf_percent$$00000017  c_w.l(_printf_percent_end.o)
    0x080001ee   0x00000002   Code   RO         6343    .ARM.Collect$$libinit$$00000000  c_w.l(libinit.o)
    0x080001f0   0x00000000   Code   RO         6345    .ARM.Collect$$libinit$$00000002  c_w.l(libinit2.o)
    0x080001f0   0x00000000   Code   RO         6348    .ARM.Collect$$libinit$$00000008  c_w.l(libinit2.o)
    0x080001f0   0x00000000   Code   RO         6350    .ARM.Collect$$libinit$$0000000A  c_w.l(libinit2.o)
    0x080001f0   0x00000000   Code   RO         6352    .ARM.Collect$$libinit$$0000000C  c_w.l(libinit2.o)
    0x080001f0   0x00000006   Code   RO         6353    .ARM.Collect$$libinit$$0000000D  c_w.l(libinit2.o)
    0x080001f6   0x00000000   Code   RO         6355    .ARM.Collect$$libinit$$0000000F  c_w.l(libinit2.o)
    0x080001f6   0x0000000c   Code   RO         6356    .ARM.Collect$$libinit$$00000010  c_w.l(libinit2.o)
    0x08000202   0x00000000   Code   RO         6357    .ARM.Collect$$libinit$$00000011  c_w.l(libinit2.o)
    0x08000202   0x00000000   Code   RO         6359    .ARM.Collect$$libinit$$00000013  c_w.l(libinit2.o)
    0x08000202   0x00000000   Code   RO         6361    .ARM.Collect$$libinit$$00000015  c_w.l(libinit2.o)
    0x08000202   0x00000000   Code   RO         6363    .ARM.Collect$$libinit$$00000017  c_w.l(libinit2.o)
    0x08000202   0x00000000   Code   RO         6365    .ARM.Collect$$libinit$$00000019  c_w.l(libinit2.o)
    0x08000202   0x00000000   Code   RO         6367    .ARM.Collect$$libinit$$0000001B  c_w.l(libinit2.o)
    0x08000202   0x00000000   Code   RO         6369    .ARM.Collect$$libinit$$0000001D  c_w.l(libinit2.o)
    0x08000202   0x00000000   Code   RO         6371    .ARM.Collect$$libinit$$0000001F  c_w.l(libinit2.o)
    0x08000202   0x00000000   Code   RO         6373    .ARM.Collect$$libinit$$00000021  c_w.l(libinit2.o)
    0x08000202   0x00000000   Code   RO         6375    .ARM.Collect$$libinit$$00000023  c_w.l(libinit2.o)
    0x08000202   0x00000000   Code   RO         6379    .ARM.Collect$$libinit$$0000002A  c_w.l(libinit2.o)
    0x08000202   0x00000000   Code   RO         6381    .ARM.Collect$$libinit$$0000002C  c_w.l(libinit2.o)
    0x08000202   0x00000000   Code   RO         6383    .ARM.Collect$$libinit$$0000002E  c_w.l(libinit2.o)
    0x08000202   0x00000000   Code   RO         6385    .ARM.Collect$$libinit$$00000030  c_w.l(libinit2.o)
    0x08000202   0x00000002   Code   RO         6386    .ARM.Collect$$libinit$$00000031  c_w.l(libinit2.o)
    0x08000204   0x00000002   Code   RO         6416    .ARM.Collect$$libshutdown$$00000000  c_w.l(libshutdown.o)
    0x08000206   0x00000000   Code   RO         6428    .ARM.Collect$$libshutdown$$00000003  c_w.l(libshutdown2.o)
    0x08000206   0x00000000   Code   RO         6431    .ARM.Collect$$libshutdown$$00000006  c_w.l(libshutdown2.o)
    0x08000206   0x00000000   Code   RO         6434    .ARM.Collect$$libshutdown$$00000009  c_w.l(libshutdown2.o)
    0x08000206   0x00000000   Code   RO         6436    .ARM.Collect$$libshutdown$$0000000B  c_w.l(libshutdown2.o)
    0x08000206   0x00000000   Code   RO         6439    .ARM.Collect$$libshutdown$$0000000E  c_w.l(libshutdown2.o)
    0x08000206   0x00000002   Code   RO         6440    .ARM.Collect$$libshutdown$$0000000F  c_w.l(libshutdown2.o)
    0x08000208   0x00000000   Code   RO         6292    .ARM.Collect$$rtentry$$00000000  c_w.l(rtentry.o)
    0x08000208   0x00000000   Code   RO         6307    .ARM.Collect$$rtentry$$00000002  c_w.l(rtentry2.o)
    0x08000208   0x00000006   Code   RO         6319    .ARM.Collect$$rtentry$$00000004  c_w.l(rtentry4.o)
    0x0800020e   0x00000000   Code   RO         6309    .ARM.Collect$$rtentry$$00000009  c_w.l(rtentry2.o)
    0x0800020e   0x00000004   Code   RO         6310    .ARM.Collect$$rtentry$$0000000A  c_w.l(rtentry2.o)
    0x08000212   0x00000000   Code   RO         6312    .ARM.Collect$$rtentry$$0000000C  c_w.l(rtentry2.o)
    0x08000212   0x00000008   Code   RO         6313    .ARM.Collect$$rtentry$$0000000D  c_w.l(rtentry2.o)
    0x0800021a   0x00000002   Code   RO         6387    .ARM.Collect$$rtexit$$00000000  c_w.l(rtexit.o)
    0x0800021c   0x00000000   Code   RO         6394    .ARM.Collect$$rtexit$$00000002  c_w.l(rtexit2.o)
    0x0800021c   0x00000004   Code   RO         6395    .ARM.Collect$$rtexit$$00000003  c_w.l(rtexit2.o)
    0x08000220   0x00000006   Code   RO         6396    .ARM.Collect$$rtexit$$00000004  c_w.l(rtexit2.o)
    0x08000226   0x00000002   PAD
    0x08000228   0x00000558   Code   RO            3    .text               arch_stm.o
    0x08000780   0x000001a4   Code   RO          137    .text               hellocn.o
    0x08000924   0x000000a0   Code   RO          153    .text               osadapt.o
    0x080009c4   0x000001dc   Code   RO          159    .text               system_stm32f10x.o
    0x08000ba0   0x000007b4   Code   RO          192    .text               usart.o
    0x08001354   0x000003d0   Code   RO          421    .text               console.o
    0x08001724   0x00000570   Code   RO          444    .text               devmgr.o
    0x08001c94   0x00000114   Code   RO          464    .text               dim.o
    0x08001da8   0x00000bfc   Code   RO          487    .text               iomgr.o
    0x080029a4   0x000006f4   Code   RO          504    .text               iomgr2.o
    0x08003098   0x000004d0   Code   RO          519    .text               kapi.o
    0x08003568   0x00000370   Code   RO          593    .text               kmemmgr.o
    0x080038d8   0x0000097c   Code   RO          607    .text               ktmgr.o
    0x08004254   0x00000288   Code   RO          645    .text               ktmgr2.o
    0x080044dc   0x000004d0   Code   RO          657    .text               mem_fbl.o
    0x080049ac   0x00000500   Code   RO          681    .text               modmgr.o
    0x08004eac   0x000002b0   Code   RO          710    .text               objmgr.o
    0x0800515c   0x000001a4   Code   RO          772    .text               objqueue.o
    0x08005300   0x00000c1c   Code   RO          831    .text               synobj.o
    0x08005f1c   0x0000065c   Code   RO          843    .text               syscall.o
    0x08006578   0x000007f4   Code   RO          864    .text               system.o
    0x08006d6c   0x000000fc   Code   RO          887    .text               types.o
    0x08006e68   0x00000020   Code   RO          905    .text               idle.o
    0x08006e88   0x000007d0   Code   RO         1011    .text               stdio.o
    0x08007658   0x00000468   Code   RO         1029    .text               string.o
    0x08007ac0   0x0000049c   Code   RO         1245    .text               os_entry.o
    0x08007f5c   0x00000778   Code   RO         1484    .text               shell.o
    0x080086d4   0x000008ec   Code   RO         1625    .text               shell1.o
    0x08008fc0   0x000008dc   Code   RO         1718    .text               synobj2.o
    0x0800989c   0x00000c4c   Code   RO         1730    .text               api_lib.o
    0x0800a4e8   0x00001798   Code   RO         1813    .text               api_msg.o
    0x0800bc80   0x0000038c   Code   RO         1869    .text               netbuf.o
    0x0800c00c   0x00001ae8   Code   RO         1937    .text               sockets.o
    0x0800daf4   0x00000314   Code   RO         1982    .text               tcpip.o
    0x0800de08   0x00000258   Code   RO         2036    .text               sys_arch.o
    0x0800e060   0x0000003e   Code   RO         2072    .text               def.o
    0x0800e09e   0x00000002   PAD
    0x0800e0a0   0x0000189c   Code   RO         2084    .text               dhcp.o
    0x0800f93c   0x0000074c   Code   RO         2129    .text               dns.o
    0x08010088   0x0000046c   Code   RO         2148    .text               icmp.o
    0x080104f4   0x0000026c   Code   RO         2178    .text               inet_chksum.o
    0x08010760   0x0000001c   Code   RO         2190    .text               init.o
    0x0801077c   0x00000528   Code   RO         2238    .text               ip.o
    0x08010ca4   0x000002ec   Code   RO         2285    .text               ip_addr.o
    0x08010f90   0x000009a4   Code   RO         2308    .text               ip_frag.o
    0x08011934   0x000004f8   Code   RO         2365    .text               netif.o
    0x08011e2c   0x00000fc4   Code   RO         2411    .text               pbuf.o
    0x08012df0   0x00000204   Code   RO         2434    .text               raw.o
    0x08012ff4   0x00000002   Code   RO         2448    .text               stats.o
    0x08012ff6   0x00000002   PAD
    0x08012ff8   0x00001210   Code   RO         2478    .text               tcp.o
    0x08014208   0x00001d50   Code   RO         2506    .text               tcp_in.o
    0x08015f58   0x00001280   Code   RO         2532    .text               tcp_out.o
    0x080171d8   0x00000310   Code   RO         2545    .text               timers.o
    0x080174e8   0x00000624   Code   RO         2586    .text               udp.o
    0x08017b0c   0x00000bc8   Code   RO         2630    .text               etharp.o
    0x080186d4   0x00000044   Code   RO         2665    .text               sysmem.o
    0x08018718   0x0000013a   Code   RO         2770    .text               atox.o
    0x08018852   0x00000002   PAD
    0x08018854   0x00000620   Code   RO         2782    .text               fdisk2.o
    0x08018e74   0x00000a18   Code   RO         2804    .text               fdisk.o
    0x0801988c   0x000001cc   Code   RO         2821    .text               fibonacci.o
    0x08019a58   0x00000be8   Code   RO         2846    .text               fs.o
    0x0801a640   0x00000238   Code   RO         2865    .text               hedit.o
    0x0801a878   0x00000940   Code   RO         2880    .text               hypertrm.o
    0x0801b1b8   0x0000099c   Code   RO         2895    .text               ioctrl_s.o
    0x0801bb54   0x00000344   Code   RO         2910    .text               network2.o
    0x0801be98   0x00000564   Code   RO         2933    .text               network.o
    0x0801c3fc   0x00000828   Code   RO         2984    .text               sysd_s.o
    0x0801cc24   0x00000594   Code   RO         3006    .text               ethif.o
    0x0801d1b8   0x00000474   Code   RO         3055    .text               shell_help_smt32.o
    0x0801d62c   0x000000a4   Code   RO         3080    .text               chardisplay.o
    0x0801d6d0   0x00000148   Code   RO         3199    .text               hiscmd .o
    0x0801d818   0x00000048   Code   RO         3214    .text               startup_stm32f10x_md.o
    0x0801d860   0x000002cc   Code   RO         3395    .text               common.o
    0x0801db2c   0x00000888   Code   RO         3509    .text               core.o
    0x0801e3b4   0x00000a9c   Code   RO         3583    .text               s3cmci.o
    0x0801ee50   0x00000c86   Code   RO         3717    .text               sdio.o
    0x0801fad6   0x00000002   PAD
    0x0801fad8   0x000004d8   Code   RO         3730    .text               sdio_cis.o
    0x0801ffb0   0x000007f4   Code   RO         3745    .text               stm32sys.o
    0x080207a4   0x0000015c   Code   RO         3763    .text               sdio_drv.o
    0x08020900   0x00001824   Code   RO         3810    .text               assoc.o
    0x08022124   0x00000a14   Code   RO         3944    .text               if_sdio.o
    0x08022b38   0x00000284   Code   RO         4014    .text               marvell_ops.o
    0x08022dbc   0x00000dcc   Code   RO         4063    .text               scan.o
    0x08023b88   0x00000550   Code   RO         4108    .text               marvel_main.o
    0x080240d8   0x000001ec   Code   RO         4158    .text               rx.o
    0x080242c4   0x000011da   Code   RO         4214    .text               cmd.o
    0x0802549e   0x00000002   PAD
    0x080254a0   0x00000724   Code   RO         4266    .text               11d.o
    0x08025bc4   0x0000035c   Code   RO         4310    .text               marvelif.o
    0x08025f20   0x00000012   Code   RO         6234    .text               c_w.l(isprint.o)
    0x08025f32   0x0000001e   Code   RO         6236    .text               c_w.l(toupper.o)
    0x08025f50   0x00000038   Code   RO         6238    .text               c_w.l(__2snprintf.o)
    0x08025f88   0x00000052   Code   RO         6244    .text               c_w.l(_printf_pad.o)
    0x08025fda   0x00000002   PAD
    0x08025fdc   0x00000058   Code   RO         6248    .text               c_w.l(_printf_oct_int.o)
    0x08026034   0x0000013c   Code   RO         6264    .text               c_w.l(__printf_flags_wp.o)
    0x08026170   0x0000008a   Code   RO         6274    .text               c_w.l(rt_memcpy_v6.o)
    0x080261fa   0x00000084   Code   RO         6276    .text               c_w.l(rt_memmove_v6.o)
    0x0802627e   0x00000064   Code   RO         6278    .text               c_w.l(rt_memcpy_w.o)
    0x080262e2   0x00000010   Code   RO         6280    .text               c_w.l(aeabi_memset.o)
    0x080262f2   0x00000044   Code   RO         6282    .text               c_w.l(rt_memclr.o)
    0x08026336   0x0000004e   Code   RO         6284    .text               c_w.l(rt_memclr_w.o)
    0x08026384   0x00000056   Code   RO         6286    .text               c_w.l(strncpy.o)
    0x080263da   0x00000006   Code   RO         6288    .text               c_w.l(heapauxi.o)
    0x080263e0   0x00000010   Code   RO         6293    .text               c_w.l(rt_ctype_table.o)
    0x080263f0   0x000000b8   Code   RO         6295    .text               c_w.l(_printf_intcommon.o)
    0x080264a8   0x00000030   Code   RO         6297    .text               c_w.l(_printf_char_common.o)
    0x080264d8   0x0000000a   Code   RO         6299    .text               c_w.l(_sputc.o)
    0x080264e2   0x00000010   Code   RO         6301    .text               c_w.l(_snputc.o)
    0x080264f2   0x0000007a   Code   RO         6304    .text               c_w.l(rt_memmove_w.o)
    0x0802656c   0x00000008   Code   RO         6324    .text               c_w.l(rt_locale_intlibspace.o)
    0x08026574   0x00000008   Code   RO         6331    .text               c_w.l(libspace.o)
    0x0802657c   0x0000004a   Code   RO         6334    .text               c_w.l(sys_stackheap_outer.o)
    0x080265c6   0x0000000c   Code   RO         6336    .text               c_w.l(exit.o)
    0x080265d2   0x00000002   PAD
    0x080265d4   0x0000000c   Code   RO         6406    .text               c_w.l(sys_exit.o)
    0x080265e0   0x00000002   Code   RO         6417    .text               c_w.l(use_no_semi.o)
    0x080265e2   0x00000000   Code   RO         6419    .text               c_w.l(indicate_semi.o)
    0x080265e2   0x00000014   Code   RO         4337    i.ADC_Cmd           STM32F10xR.LIB(stm32f10x_adc.o)
    0x080265f6   0x00000014   Code   RO         4338    i.ADC_DMACmd        STM32F10xR.LIB(stm32f10x_adc.o)
    0x0802660a   0x0000000e   Code   RO         4345    i.ADC_GetCalibrationStatus  STM32F10xR.LIB(stm32f10x_adc.o)
    0x08026618   0x00000006   Code   RO         4346    i.ADC_GetConversionValue  STM32F10xR.LIB(stm32f10x_adc.o)
    0x0802661e   0x0000000e   Code   RO         4351    i.ADC_GetResetCalibrationStatus  STM32F10xR.LIB(stm32f10x_adc.o)
    0x0802662c   0x00000048   Code   RO         4355    i.ADC_Init          STM32F10xR.LIB(stm32f10x_adc.o)
    0x08026674   0x00000074   Code   RO         4359    i.ADC_RegularChannelConfig  STM32F10xR.LIB(stm32f10x_adc.o)
    0x080266e8   0x0000000a   Code   RO         4360    i.ADC_ResetCalibration  STM32F10xR.LIB(stm32f10x_adc.o)
    0x080266f2   0x00000014   Code   RO         4362    i.ADC_SoftwareStartConvCmd  STM32F10xR.LIB(stm32f10x_adc.o)
    0x08026706   0x0000000a   Code   RO         4364    i.ADC_StartCalibration  STM32F10xR.LIB(stm32f10x_adc.o)
    0x08026710   0x00000014   Code   RO         4571    i.DMA_ClearFlag     STM32F10xR.LIB(stm32f10x_dma.o)
    0x08026724   0x00000014   Code   RO         4573    i.DMA_Cmd           STM32F10xR.LIB(stm32f10x_dma.o)
    0x08026738   0x000000e0   Code   RO         4574    i.DMA_DeInit        STM32F10xR.LIB(stm32f10x_dma.o)
    0x08026818   0x00000020   Code   RO         4576    i.DMA_GetFlagStatus  STM32F10xR.LIB(stm32f10x_dma.o)
    0x08026838   0x0000003a   Code   RO         4579    i.DMA_Init          STM32F10xR.LIB(stm32f10x_dma.o)
    0x08026872   0x00000002   PAD
    0x08026874   0x0000000c   Code   RO         4640    i.FLASH_ClearFlag   STM32F10xR.LIB(stm32f10x_flash.o)
    0x08026880   0x00000040   Code   RO         4644    i.FLASH_ErasePage   STM32F10xR.LIB(stm32f10x_flash.o)
    0x080268c0   0x00000028   Code   RO         4648    i.FLASH_GetStatus   STM32F10xR.LIB(stm32f10x_flash.o)
    0x080268e8   0x00000010   Code   RO         4653    i.FLASH_Lock        STM32F10xR.LIB(stm32f10x_flash.o)
    0x080268f8   0x00000018   Code   RO         4654    i.FLASH_PrefetchBufferCmd  STM32F10xR.LIB(stm32f10x_flash.o)
    0x08026910   0x00000038   Code   RO         4655    i.FLASH_ProgramHalfWord  STM32F10xR.LIB(stm32f10x_flash.o)
    0x08026948   0x00000018   Code   RO         4659    i.FLASH_SetLatency  STM32F10xR.LIB(stm32f10x_flash.o)
    0x08026960   0x00000018   Code   RO         4660    i.FLASH_Unlock      STM32F10xR.LIB(stm32f10x_flash.o)
    0x08026978   0x00000028   Code   RO         4662    i.FLASH_WaitForLastOperation  STM32F10xR.LIB(stm32f10x_flash.o)
    0x080269a0   0x0000009a   Code   RO         4792    i.GPIO_Init         STM32F10xR.LIB(stm32f10x_gpio.o)
    0x08026a3a   0x00000002   PAD
    0x08026a3c   0x00000010   Code   RO         4900    i.IWDG_ReloadCounter  STM32F10xR.LIB(stm32f10x_iwdg.o)
    0x08026a4c   0x0000000c   Code   RO         4901    i.IWDG_SetPrescaler  STM32F10xR.LIB(stm32f10x_iwdg.o)
    0x08026a58   0x0000000c   Code   RO         4902    i.IWDG_SetReload    STM32F10xR.LIB(stm32f10x_iwdg.o)
    0x08026a64   0x0000000c   Code   RO         4903    i.IWDG_WriteAccessCmd  STM32F10xR.LIB(stm32f10x_iwdg.o)
    0x08026a70   0x00000074   Code   RO         4959    i.NVIC_Init         STM32F10xR.LIB(stm32f10x_nvic.o)
    0x08026ae4   0x00000014   Code   RO         4968    i.NVIC_SetVectorTable  STM32F10xR.LIB(stm32f10x_nvic.o)
    0x08026af8   0x00000014   Code   RO         5132    i.RCC_ADCCLKConfig  STM32F10xR.LIB(stm32f10x_rcc.o)
    0x08026b0c   0x00000018   Code   RO         5133    i.RCC_AHBPeriphClockCmd  STM32F10xR.LIB(stm32f10x_rcc.o)
    0x08026b24   0x00000018   Code   RO         5134    i.RCC_APB1PeriphClockCmd  STM32F10xR.LIB(stm32f10x_rcc.o)
    0x08026b3c   0x00000018   Code   RO         5136    i.RCC_APB2PeriphClockCmd  STM32F10xR.LIB(stm32f10x_rcc.o)
    0x08026b54   0x0000003c   Code   RO         5143    i.RCC_DeInit        STM32F10xR.LIB(stm32f10x_rcc.o)
    0x08026b90   0x00000094   Code   RO         5144    i.RCC_GetClocksFreq  STM32F10xR.LIB(stm32f10x_rcc.o)
    0x08026c24   0x00000030   Code   RO         5145    i.RCC_GetFlagStatus  STM32F10xR.LIB(stm32f10x_rcc.o)
    0x08026c54   0x00000010   Code   RO         5147    i.RCC_GetSYSCLKSource  STM32F10xR.LIB(stm32f10x_rcc.o)
    0x08026c64   0x00000014   Code   RO         5148    i.RCC_HCLKConfig    STM32F10xR.LIB(stm32f10x_rcc.o)
    0x08026c78   0x00000034   Code   RO         5149    i.RCC_HSEConfig     STM32F10xR.LIB(stm32f10x_rcc.o)
    0x08026cac   0x00000014   Code   RO         5155    i.RCC_PCLK1Config   STM32F10xR.LIB(stm32f10x_rcc.o)
    0x08026cc0   0x00000014   Code   RO         5156    i.RCC_PCLK2Config   STM32F10xR.LIB(stm32f10x_rcc.o)
    0x08026cd4   0x0000000c   Code   RO         5157    i.RCC_PLLCmd        STM32F10xR.LIB(stm32f10x_rcc.o)
    0x08026ce0   0x00000014   Code   RO         5158    i.RCC_PLLConfig     STM32F10xR.LIB(stm32f10x_rcc.o)
    0x08026cf4   0x00000014   Code   RO         5161    i.RCC_SYSCLKConfig  STM32F10xR.LIB(stm32f10x_rcc.o)
    0x08026d08   0x00000034   Code   RO         5163    i.RCC_WaitForHSEStartUp  STM32F10xR.LIB(stm32f10x_rcc.o)
    0x08026d3c   0x0000000c   Code   RO         5334    i.SDIO_ClearFlag    STM32F10xR.LIB(stm32f10x_sdio.o)
    0x08026d48   0x0000000c   Code   RO         5336    i.SDIO_ClockCmd     STM32F10xR.LIB(stm32f10x_sdio.o)
    0x08026d54   0x0000000c   Code   RO         5339    i.SDIO_DMACmd       STM32F10xR.LIB(stm32f10x_sdio.o)
    0x08026d60   0x0000002c   Code   RO         5340    i.SDIO_DataConfig   STM32F10xR.LIB(stm32f10x_sdio.o)
    0x08026d8c   0x00000018   Code   RO         5350    i.SDIO_ITConfig     STM32F10xR.LIB(stm32f10x_sdio.o)
    0x08026da4   0x0000002c   Code   RO         5351    i.SDIO_Init         STM32F10xR.LIB(stm32f10x_sdio.o)
    0x08026dd0   0x00000028   Code   RO         5354    i.SDIO_SendCommand  STM32F10xR.LIB(stm32f10x_sdio.o)
    0x08026df8   0x00000018   Code   RO         5356    i.SDIO_SetPowerState  STM32F10xR.LIB(stm32f10x_sdio.o)
    0x08026e10   0x00000016   Code   RO         5536    i.TIM_Cmd           STM32F10xR.LIB(stm32f10x_tim.o)
    0x08026e26   0x00000010   Code   RO         5561    i.TIM_ITConfig      STM32F10xR.LIB(stm32f10x_tim.o)
    0x08026e36   0x00000006   Code   RO         5585    i.TIM_PrescalerConfig  STM32F10xR.LIB(stm32f10x_tim.o)
    0x08026e3c   0x0000003c   Code   RO         5607    i.TIM_TimeBaseInit  STM32F10xR.LIB(stm32f10x_tim.o)
    0x08026e78   0x0000001e   Code   RO         6060    i.USART_ClockInit   STM32F10xR.LIB(stm32f10x_usart.o)
    0x08026e96   0x00000014   Code   RO         6062    i.USART_Cmd         STM32F10xR.LIB(stm32f10x_usart.o)
    0x08026eaa   0x0000000e   Code   RO         6065    i.USART_GetFlagStatus  STM32F10xR.LIB(stm32f10x_usart.o)
    0x08026eb8   0x0000008c   Code   RO         6069    i.USART_Init        STM32F10xR.LIB(stm32f10x_usart.o)
    0x08026f44   0x00000008   Code   RO         6074    i.USART_ReceiveData  STM32F10xR.LIB(stm32f10x_usart.o)
    0x08026f4c   0x00000008   Code   RO         6077    i.USART_SendData    STM32F10xR.LIB(stm32f10x_usart.o)
    0x08026f54   0x0000000e   Code   RO         6262    i._is_digit         c_w.l(__printf_wp.o)
    0x08026f62   0x0000000c   Code   RO         3834    i.clear_bit         assoc.o
    0x08026f6e   0x00000002   PAD
    0x08026f70   0x00000028   Code   RO         4224    i.lbs_cmd_with_response  cmd.o
    0x08026f98   0x0000000c   Code   RO         3829    i.set_bit           assoc.o
    0x08026fa4   0x0000001e   Code   RO         3823    i.test_bit          assoc.o
    0x08026fc2   0x00000002   PAD
    0x08026fc4   0x0000002c   Code   RO         6329    locale$$code        c_w.l(lc_ctype_c.o)
    0x08026ff0   0x00000042   Data   RO          682    .constdata          modmgr.o
    0x08027032   0x00000002   PAD
    0x08027034   0x00000048   Data   RO          866    .constdata          system.o
    0x0802707c   0x00000096   Data   RO         1486    .constdata          shell.o
    0x08027112   0x00000002   PAD
    0x08027114   0x00000085   Data   RO         1626    .constdata          shell1.o
    0x08027199   0x00000003   PAD
    0x0802719c   0x00000040   Data   RO         1939    .constdata          sockets.o
    0x080271dc   0x00000089   Data   RO         2086    .constdata          dhcp.o
    0x08027265   0x00000003   PAD
    0x08027268   0x00000008   Data   RO         2287    .constdata          ip_addr.o
    0x08027270   0x0000001e   Data   RO         2334    .constdata          memp.o
    0x0802728e   0x00000002   PAD
    0x08027290   0x00000050   Data   RO         2479    .constdata          tcp.o
    0x080272e0   0x00000055   Data   RO         2533    .constdata          tcp_out.o
    0x08027335   0x00000003   PAD
    0x08027338   0x00000050   Data   RO         2632    .constdata          etharp.o
    0x08027388   0x000000cf   Data   RO         2783    .constdata          fdisk2.o
    0x08027457   0x00000001   PAD
    0x08027458   0x00000114   Data   RO         2806    .constdata          fdisk.o
    0x0802756c   0x00000012   Data   RO         3511    .constdata          core.o
    0x0802757e   0x00000002   PAD
    0x08027580   0x00000055   Data   RO         3718    .constdata          sdio.o
    0x080275d5   0x00000003   PAD
    0x080275d8   0x00000054   Data   RO         3732    .constdata          sdio_cis.o
    0x0802762c   0x0001e024   Data   RO         3785    .constdata          8686.o
    0x08045650   0x0000025f   Data   RO         3812    .constdata          assoc.o
    0x080458af   0x000009d4   Data   RO         3920    .constdata          help.o
    0x08046283   0x00000001   PAD
    0x08046284   0x00000058   Data   RO         3946    .constdata          if_sdio.o
    0x080462dc   0x00000072   Data   RO         4064    .constdata          scan.o
    0x0804634e   0x00000014   Data   RO         5164    .constdata          STM32F10xR.LIB(stm32f10x_rcc.o)
    0x08046362   0x00000011   Data   RO         6265    .constdata          c_w.l(__printf_flags_wp.o)
    0x08046373   0x00000016   Data   RO          193    .conststring        usart.o
    0x08046389   0x00000075   Data   RO          608    .conststring        ktmgr.o
    0x080463fe   0x0000004a   Data   RO         1012    .conststring        stdio.o
    0x08046448   0x000000a6   Data   RO         1246    .conststring        os_entry.o
    0x080464ee   0x00000032   Data   RO         1360    .conststring        extcmd.o
    0x08046520   0x00000070   Data   RO         1487    .conststring        shell.o
    0x08046590   0x00000068   Data   RO         2480    .conststring        tcp.o
    0x080465f8   0x00000201   Data   RO         2807    .conststring        fdisk.o
    0x080467f9   0x00000252   Data   RO         2848    .conststring        fs.o
    0x08046a4b   0x00000540   Data   RO         2896    .conststring        ioctrl_s.o
    0x08046f8b   0x00000164   Data   RO         2934    .conststring        network.o
    0x080470ef   0x000007a1   Data   RO         2985    .conststring        sysd_s.o
    0x08047890   0x00000020   Data   RO         6465    Region$$Table       anon$$obj.o
    0x080478b0   0x00000110   Data   RO         6328    locale$$data        c_w.l(lc_ctype_c.o)


    Execution Region RW_IRAM1 (Base: 0x20000000, Size: 0x00007c30, Max: 0x00010000, ABSOLUTE, COMPRESSED[0x00000890])

    Base Addr    Size         Type   Attr      Idx    E Section Name        Object

    0x20000000   0x00000014   Data   RW          160    .data               system_stm32f10x.o
    0x20000014   0x00000d10   Data   RW          194    .data               usart.o
    0x20000d24   0x00000044   Data   RW          422    .data               console.o
    0x20000d68   0x000002c4   Data   RW          445    .data               devmgr.o
    0x2000102c   0x00000018   Data   RW          465    .data               dim.o
    0x20001044   0x00000238   Data   RW          488    .data               iomgr.o
    0x2000127c   0x00000008   Data   RW          580    .data               kermod.o
    0x20001284   0x00000280   Data   RW          594    .data               kmemmgr.o
    0x20001504   0x000000f0   Data   RW          609    .data               ktmgr.o
    0x200015f4   0x00000060   Data   RW          658    .data               mem_fbl.o
    0x20001654   0x00000014   Data   RW          683    .data               modmgr.o
    0x20001668   0x000003d4   Data   RW          711    .data               objmgr.o
    0x20001a3c   0x0000024c   Data   RW          867    .data               system.o
    0x20001c88   0x00000004   Data   RW          906    .data               idle.o
    0x20001c8c   0x0000000c   Data   RW         1013    .data               stdio.o
    0x20001c98   0x0000000c   Data   RW         1131    .data               drventry.o
    0x20001ca4   0x00000010   Data   RW         1236    .data               mem_scat.o
    0x20001cb4   0x00000010   Data   RW         1247    .data               os_entry.o
    0x20001cc4   0x00000080   Data   RW         1361    .data               extcmd.o
    0x20001d44   0x0000009c   Data   RW         1488    .data               shell.o
    0x20001de0   0x00000008   Data   RW         1940    .data               sockets.o
    0x20001de8   0x0000000c   Data   RW         1983    .data               tcpip.o
    0x20001df4   0x00000004   Data   RW         2087    .data               dhcp.o
    0x20001df8   0x00000014   Data   RW         2131    .data               dns.o
    0x20001e0c   0x00000012   Data   RW         2239    .data               ip.o
    0x20001e1e   0x00000002   PAD
    0x20001e20   0x00000006   Data   RW         2309    .data               ip_frag.o
    0x20001e26   0x00000002   PAD
    0x20001e28   0x0000000c   Data   RW         2367    .data               netif.o
    0x20001e34   0x00000001   Data   RW         2412    .data               pbuf.o
    0x20001e35   0x00000003   PAD
    0x20001e38   0x00000004   Data   RW         2435    .data               raw.o
    0x20001e3c   0x00000021   Data   RW         2481    .data               tcp.o
    0x20001e5d   0x00000003   PAD
    0x20001e60   0x00000020   Data   RW         2508    .data               tcp_in.o
    0x20001e80   0x00000008   Data   RW         2546    .data               timers.o
    0x20001e88   0x00000004   Data   RW         2587    .data               udp.o
    0x20001e8c   0x00000001   Data   RW         2633    .data               etharp.o
    0x20001e8d   0x00000003   PAD
    0x20001e90   0x0000008c   Data   RW         2784    .data               fdisk2.o
    0x20001f1c   0x0000007c   Data   RW         2808    .data               fdisk.o
    0x20001f98   0x000000bc   Data   RW         2849    .data               fs.o
    0x20002054   0x00000100   Data   RW         2897    .data               ioctrl_s.o
    0x20002154   0x00000010   Data   RW         2911    .data               network2.o
    0x20002164   0x00000070   Data   RW         2935    .data               network.o
    0x200021d4   0x00000004   Data   RW         2960    .data               stat_s.o
    0x200021d8   0x000002a8   Data   RW         2986    .data               sysd_s.o
    0x20002480   0x00000004   Data   RW         3008    .data               ethif.o
    0x20002484   0x00000004   Data   RW         3057    .data               shell_help_smt32.o
    0x20002488   0x0000000c   Data   RW         3396    .data               common.o
    0x20002494   0x00000004   Data   RW         3586    .data               s3cmci.o
    0x20002498   0x00000003   Data   RW         3747    .data               stm32sys.o
    0x2000249b   0x00000001   PAD
    0x2000249c   0x00000008   Data   RW         4016    .data               marvell_ops.o
    0x200024a4   0x00000280   Data   RW         4110    .data               marvel_main.o
    0x20002724   0x000000cc   Data   RW         4267    .data               11d.o
    0x200027f0   0x00000004   Data   RW         4311    .data               marvelif.o
    0x200027f4   0x00000008   Data   RW         5165    .data               STM32F10xR.LIB(stm32f10x_rcc.o)
    0x200027fc   0x000000c0   Zero   RW          844    .bss                syscall.o
    0x200028bc   0x00000020   Zero   RW          865    .bss                system.o
    0x200028dc   0x00000040   Zero   RW         1485    .bss                shell.o
    0x2000291c   0x00000060   Zero   RW         1938    .bss                sockets.o
    0x2000297c   0x00000032   Zero   RW         2085    .bss                dhcp.o
    0x200029ae   0x00000002   PAD
    0x200029b0   0x00000660   Zero   RW         2130    .bss                dns.o
    0x20003010   0x00000010   Zero   RW         2286    .bss                ip_addr.o
    0x20003020   0x0000003c   Zero   RW         2366    .bss                netif.o
    0x2000305c   0x000000ba   Zero   RW         2449    .bss                stats.o
    0x20003116   0x00000002   PAD
    0x20003118   0x00000010   Zero   RW         2507    .bss                tcp_in.o
    0x20003128   0x000000a0   Zero   RW         2631    .bss                etharp.o
    0x200031c8   0x00000374   Zero   RW         2805    .bss                fdisk.o
    0x2000353c   0x000003c8   Zero   RW         2847    .bss                fs.o
    0x20003904   0x00000090   Zero   RW         3007    .bss                ethif.o
    0x20003994   0x00000040   Zero   RW         3056    .bss                shell_help_smt32.o
    0x200039d4   0x000001e8   Zero   RW         3510    .bss                core.o
    0x20003bbc   0x0000001c   Zero   RW         3584    .bss                s3cmci.o
    0x20003bd8   0x0000058c   Zero   RW         3731    .bss                sdio_cis.o
    0x20004164   0x00000040   Zero   RW         3746    .bss                stm32sys.o
    0x200041a4   0x000006b0   Zero   RW         3811    .bss                assoc.o
    0x20004854   0x00000664   Zero   RW         3945    .bss                if_sdio.o
    0x20004eb8   0x00000012   Zero   RW         4015    .bss                marvell_ops.o
    0x20004eca   0x00000002   PAD
    0x20004ecc   0x000022e8   Zero   RW         4109    .bss                marvel_main.o
    0x200071b4   0x0000041c   Zero   RW         4215    .bss                cmd.o
    0x200075d0   0x00000060   Zero   RW         6332    .bss                c_w.l(libspace.o)
    0x20007630   0x00000200   Zero   RW         3212    HEAP                startup_stm32f10x_md.o
    0x20007830   0x00000400   Zero   RW         3211    STACK               startup_stm32f10x_md.o


==============================================================================

Image component sizes


      Code (inc. data)   RO Data    RW Data    ZI Data      Debug   Object Name

      1828        136          0        204          0      34399   11d.o
         0          0     122916          0          0       2044   8686.o
      3148        842          0          0          0      27523   api_lib.o
      6040       1176          0          0          0      23811   api_msg.o
      1368        564          0          0          0     247669   arch_stm.o
      6234        744        607          0       1712      65635   assoc.o
       314          0          0          0          0       1741   atox.o
       164          6          0          0          0       4763   chardisplay.o
      4610        124          0          0       1052      50472   cmd.o
       716        110          0         12          0      96044   common.o
         0          0          0          0          0      25767   comqueue.o
       976         60          0         68          0       4378   console.o
      2184        276         18          0        488      47234   core.o
        62          0          0          0          0       1002   def.o
      1392         34          0        708          0       6732   devmgr.o
      6300       1048        137          4         50      19044   dhcp.o
       276          4          0         24          0       2977   dim.o
      1868        254          0         20       1632       7332   dns.o
         0          0          0         12          0      22045   drventry.o
      3016        498         80          1        160      14056   etharp.o
      1428        556          0          4        144      16411   ethif.o
         0          0         50        128          0      17072   extcmd.o
      2584        944        789        124        884       6901   fdisk.o
      1568        398        207        140          0       6373   fdisk2.o
       460         96          0          0          0       3156   fibonacci.o
      3048       1330        594        188        968       6306   fs.o
       568        156          0          0          0       1905   hedit.o
       420        168          0          0          0       1765   hellocn.o
         0          0       2516          0          0        426   help.o
       328          0          0          0          0       2107   hiscmd .o
      2368        750          0          0          0       5579   hypertrm.o
      1132        322          0          0          0       2354   icmp.o
        32          4          0          4          0       1449   idle.o
      2580        106         88          0       1636      41058   if_sdio.o
       620         46          0          0          0       2709   inet_chksum.o
        28          0          0          0          0      13052   init.o
      2460        796       1344        256          0       7734   ioctrl_s.o
      3068         36          0        568          0      19068   iomgr.o
      1780         22          0          0          0       8195   iomgr2.o
      1320        122          0         18          0      18990   ip.o
       748         50          8          0         16       8731   ip_addr.o
      2468        442          0          6          0       6460   ip_frag.o
      1232         28          0          0          0      35184   kapi.o
         0          0          0          8          0       1383   kermod.o
       880          8          0        640          0       3960   kmemmgr.o
      2428         62        117        240          0      17748   ktmgr.o
       648         28          0          0          0       2766   ktmgr2.o
      1360         84          0        640       8936      38584   marvel_main.o
       860        230          0          4          0       3452   marvelif.o
       644         60          0          8         18      31444   marvell_ops.o
      1232         38          0         96          0       6614   mem_fbl.o
         0          0          0         16          0        394   mem_scat.o
         0          0         30          0          0        933   memp.o
      1280        354         66         20          0       4847   modmgr.o
       908        292          0          0          0       7381   netbuf.o
         0          0          0          0          0       2572   netdb.o
      1272        224          0         12         60      17749   netif.o
      1380        424        356        112          0       6837   network.o
       836        250          0         16          0       3721   network2.o
       688          6          0        980          0       5052   objmgr.o
       420         14          0          0          0       2534   objqueue.o
      1180        790        166         16          0       9280   os_entry.o
       160         34          0          0          0        768   osadapt.o
      4036       1062          0          1          0       9669   pbuf.o
       516         80          0          4          0       2977   raw.o
       492         66          0          0          0      31262   rx.o
      2716        368          0          4         28      37125   s3cmci.o
      3532       1036        114          0          0      41923   scan.o
      3206        310         85          0          0      10415   sdio.o
      1240        198         84          0       1420       5142   sdio_cis.o
       348        138          0          0          0       1054   sdio_drv.o
      1912        794        262        156         64      28444   shell.o
      2284       1494        133          0          0       3448   shell1.o
      1140        104          0          4         64       4890   shell_help_smt32.o
      6888        612         64          8         96      31257   sockets.o
        72         32        304          0       1536        732   startup_stm32f10x_md.o
         0          0          0          4          0        169   stat_s.o
         2          0          0          0        186       3182   stats.o
      2000         30         74         12          0       5478   stdio.o
      2036        202          0          3         64       6271   stm32sys.o
      1128         24          0          0          0       7025   string.o
      3100         96          0          0          0      10712   synobj.o
      2268         90          0          0          0       6262   synobj2.o
       600         14          0          0          0       5430   sys_arch.o
      1628        134          0          0        192       4276   syscall.o
      2088        672       1953        680          0       7903   sysd_s.o
        68          0          0          0          0       1853   sysmem.o
      2036        298         72        588         32      10612   system.o
       476         36          0         20          0       1623   system_stm32f10x.o
      4624        856        184         33          0      20006   tcp.o
      7504        996          0         32         16      15139   tcp_in.o
      4736        768         85          0          0       9435   tcp_out.o
       788        148          0         12          0      16722   tcpip.o
       784        136          0          8          0       3299   timers.o
       252          0          0          0          0       2605   types.o
      1572        154          0          4          0      12916   udp.o
      1972        202         22       3344          0      50247   usart.o

    ----------------------------------------------------------------------
    154970      26296     133579      10228      21460    1515175   Object Totals
         0          0         32          0          0          0   (incl. Generated)
        14          0         22         14          6          0   (incl. Padding)

    ----------------------------------------------------------------------

      Code (inc. data)   RO Data    RW Data    ZI Data      Debug   Library Member Name

       302         10          0          0          0      37426   stm32f10x_adc.o
       354         24          0          0          0      12622   stm32f10x_dma.o
       300         50          0          0          0      10636   stm32f10x_flash.o
       154          0          0          0          0       7892   stm32f10x_gpio.o
        52         24          0          0          0       1596   stm32f10x_iwdg.o
       136          8          0          0          0       9074   stm32f10x_nvic.o
       580        106         20          8          0       9613   stm32f10x_rcc.o
       212         46          0          0          0      13721   stm32f10x_sdio.o
       104         10          0          0          0      27329   stm32f10x_tim.o
       220          6          0          0          0      10474   stm32f10x_usart.o
        56          6          0          0          0         88   __2snprintf.o
        90          0          0          0          0          0   __dczerorl2.o
         8          0          0          0          0         68   __main.o
       316          6         17          0          0         92   __printf_flags_wp.o
        14          0          0          0          0         68   __printf_wp.o
        52          8          0          0          0          0   __scatter.o
        28          0          0          0          0          0   __scatter_zi.o
        48          6          0          0          0         96   _printf_char_common.o
       184          0          0          0          0         88   _printf_intcommon.o
         6          0          0          0          0          0   _printf_o.o
        88          8          0          0          0         88   _printf_oct_int.o
        82          0          0          0          0        108   _printf_pad.o
         0          0          0          0          0          0   _printf_percent.o
         4          0          0          0          0          0   _printf_percent_end.o
        16          0          0          0          0         68   _snputc.o
        10          0          0          0          0         68   _sputc.o
        16          0          0          0          0         68   aeabi_memset.o
        12          0          0          0          0         72   exit.o
         6          0          0          0          0        152   heapauxi.o
         0          0          0          0          0          0   indicate_semi.o
        18          0          0          0          0         76   isprint.o
        44         10        272          0          0         76   lc_ctype_c.o
         2          0          0          0          0          0   libinit.o
        20          0          0          0          0          0   libinit2.o
         2          0          0          0          0          0   libshutdown.o
         2          0          0          0          0          0   libshutdown2.o
         8          4          0          0         96         68   libspace.o
        16          4          0          0          0         76   rt_ctype_table.o
         8          4          0          0          0         68   rt_locale_intlibspace.o
        68          0          0          0          0         68   rt_memclr.o
        78          0          0          0          0         80   rt_memclr_w.o
       138          0          0          0          0         68   rt_memcpy_v6.o
       100          0          0          0          0         80   rt_memcpy_w.o
       132          0          0          0          0         68   rt_memmove_v6.o
       122          0          0          0          0         80   rt_memmove_w.o
         0          0          0          0          0          0   rtentry.o
        12          0          0          0          0          0   rtentry2.o
         6          0          0          0          0          0   rtentry4.o
         2          0          0          0          0          0   rtexit.o
        10          0          0          0          0          0   rtexit2.o
        86          0          0          0          0         76   strncpy.o
        12          4          0          0          0         68   sys_exit.o
        74          0          0          0          0         80   sys_stackheap_outer.o
        30          0          0          0          0         76   toupper.o
         2          0          0          0          0         68   use_no_semi.o

    ----------------------------------------------------------------------
      4454        344        309          8         96     142683   Library Totals
        12          0          0          0          0          0   (incl. Padding)

    ----------------------------------------------------------------------

      Code (inc. data)   RO Data    RW Data    ZI Data      Debug   Library Name

      2414        284         20          8          0     140383   STM32F10xR.LIB
      2028         60        289          0         96       2300   c_w.l

    ----------------------------------------------------------------------
      4454        344        309          8         96     142683   Library Totals

    ----------------------------------------------------------------------

==============================================================================


      Code (inc. data)   RO Data    RW Data    ZI Data      Debug   

    159424      26640     133888      10236      21556    1646626   Grand Totals
    159424      26640     133888       2192      21556    1646626   ELF Image Totals (compressed)
    159424      26640     133888       2192          0          0   ROM Totals

==============================================================================

    Total RO  Size (Code + RO Data)               293312 ( 286.44kB)
    Total RW  Size (RW Data + ZI Data)             31792 (  31.05kB)
    Total ROM Size (Code + RO Data + RW Data)     295504 ( 288.58kB)

==============================================================================

